Archive member included to satisfy reference by file (symbol)

/usr/lib/gcc/arm-none-eabi/4.9.3/../../../arm-none-eabi/lib/armv7e-m/fpu/libc_nano.a(lib_a-atexit.o)
                              /usr/lib/gcc/arm-none-eabi/4.9.3/../../../arm-none-eabi/lib/armv7e-m/fpu/crt0.o (atexit)
/usr/lib/gcc/arm-none-eabi/4.9.3/../../../arm-none-eabi/lib/armv7e-m/fpu/libc_nano.a(lib_a-exit.o)
                              /usr/lib/gcc/arm-none-eabi/4.9.3/../../../arm-none-eabi/lib/armv7e-m/fpu/crt0.o (exit)
/usr/lib/gcc/arm-none-eabi/4.9.3/../../../arm-none-eabi/lib/armv7e-m/fpu/libc_nano.a(lib_a-fini.o)
                              /usr/lib/gcc/arm-none-eabi/4.9.3/../../../arm-none-eabi/lib/armv7e-m/fpu/crt0.o (__libc_fini_array)
/usr/lib/gcc/arm-none-eabi/4.9.3/../../../arm-none-eabi/lib/armv7e-m/fpu/libc_nano.a(lib_a-impure.o)
                              /usr/lib/gcc/arm-none-eabi/4.9.3/../../../arm-none-eabi/lib/armv7e-m/fpu/libc_nano.a(lib_a-exit.o) (_global_impure_ptr)
/usr/lib/gcc/arm-none-eabi/4.9.3/../../../arm-none-eabi/lib/armv7e-m/fpu/libc_nano.a(lib_a-init.o)
                              /usr/lib/gcc/arm-none-eabi/4.9.3/../../../arm-none-eabi/lib/armv7e-m/fpu/crt0.o (__libc_init_array)
/usr/lib/gcc/arm-none-eabi/4.9.3/../../../arm-none-eabi/lib/armv7e-m/fpu/libc_nano.a(lib_a-memset.o)
                              /usr/lib/gcc/arm-none-eabi/4.9.3/../../../arm-none-eabi/lib/armv7e-m/fpu/crt0.o (memset)
/usr/lib/gcc/arm-none-eabi/4.9.3/../../../arm-none-eabi/lib/armv7e-m/fpu/libc_nano.a(lib_a-nano-vfprintf_float.o)
                              (_printf_float)
/usr/lib/gcc/arm-none-eabi/4.9.3/../../../arm-none-eabi/lib/armv7e-m/fpu/libc_nano.a(lib_a-nano-vfprintf_i.o)
                              /usr/lib/gcc/arm-none-eabi/4.9.3/../../../arm-none-eabi/lib/armv7e-m/fpu/libc_nano.a(lib_a-nano-vfprintf_float.o) (_printf_common)
/usr/lib/gcc/arm-none-eabi/4.9.3/../../../arm-none-eabi/lib/armv7e-m/fpu/libc_nano.a(lib_a-s_fpclassify.o)
                              /usr/lib/gcc/arm-none-eabi/4.9.3/../../../arm-none-eabi/lib/armv7e-m/fpu/libc_nano.a(lib_a-nano-vfprintf_float.o) (__fpclassifyd)
/usr/lib/gcc/arm-none-eabi/4.9.3/../../../arm-none-eabi/lib/armv7e-m/fpu/libc_nano.a(lib_a-snprintf.o)
                              build/adc.o (snprintf)
/usr/lib/gcc/arm-none-eabi/4.9.3/../../../arm-none-eabi/lib/armv7e-m/fpu/libc_nano.a(lib_a-strlen.o)
                              build/usart.o (strlen)
/usr/lib/gcc/arm-none-eabi/4.9.3/../../../arm-none-eabi/lib/armv7e-m/fpu/libc_nano.a(lib_a-__atexit.o)
                              /usr/lib/gcc/arm-none-eabi/4.9.3/../../../arm-none-eabi/lib/armv7e-m/fpu/libc_nano.a(lib_a-atexit.o) (__register_exitproc)
/usr/lib/gcc/arm-none-eabi/4.9.3/../../../arm-none-eabi/lib/armv7e-m/fpu/libc_nano.a(lib_a-__call_atexit.o)
                              /usr/lib/gcc/arm-none-eabi/4.9.3/../../../arm-none-eabi/lib/armv7e-m/fpu/libc_nano.a(lib_a-__atexit.o) (__call_exitprocs)
/usr/lib/gcc/arm-none-eabi/4.9.3/../../../arm-none-eabi/lib/armv7e-m/fpu/libc_nano.a(lib_a-dtoa.o)
                              /usr/lib/gcc/arm-none-eabi/4.9.3/../../../arm-none-eabi/lib/armv7e-m/fpu/libc_nano.a(lib_a-nano-vfprintf_float.o) (_dtoa_r)
/usr/lib/gcc/arm-none-eabi/4.9.3/../../../arm-none-eabi/lib/armv7e-m/fpu/libc_nano.a(lib_a-locale.o)
                              /usr/lib/gcc/arm-none-eabi/4.9.3/../../../arm-none-eabi/lib/armv7e-m/fpu/libc_nano.a(lib_a-nano-vfprintf_float.o) (_localeconv_r)
/usr/lib/gcc/arm-none-eabi/4.9.3/../../../arm-none-eabi/lib/armv7e-m/fpu/libc_nano.a(lib_a-malloc.o)
                              /usr/lib/gcc/arm-none-eabi/4.9.3/../../../arm-none-eabi/lib/armv7e-m/fpu/libc_nano.a(lib_a-dtoa.o) (malloc)
/usr/lib/gcc/arm-none-eabi/4.9.3/../../../arm-none-eabi/lib/armv7e-m/fpu/libc_nano.a(lib_a-memchr.o)
                              /usr/lib/gcc/arm-none-eabi/4.9.3/../../../arm-none-eabi/lib/armv7e-m/fpu/libc_nano.a(lib_a-nano-vfprintf_i.o) (memchr)
/usr/lib/gcc/arm-none-eabi/4.9.3/../../../arm-none-eabi/lib/armv7e-m/fpu/libc_nano.a(lib_a-memcpy.o)
                              /usr/lib/gcc/arm-none-eabi/4.9.3/../../../arm-none-eabi/lib/armv7e-m/fpu/libc_nano.a(lib_a-dtoa.o) (memcpy)
/usr/lib/gcc/arm-none-eabi/4.9.3/../../../arm-none-eabi/lib/armv7e-m/fpu/libc_nano.a(lib_a-mprec.o)
                              /usr/lib/gcc/arm-none-eabi/4.9.3/../../../arm-none-eabi/lib/armv7e-m/fpu/libc_nano.a(lib_a-dtoa.o) (_Balloc)
/usr/lib/gcc/arm-none-eabi/4.9.3/../../../arm-none-eabi/lib/armv7e-m/fpu/libc_nano.a(lib_a-nano-callocr.o)
                              /usr/lib/gcc/arm-none-eabi/4.9.3/../../../arm-none-eabi/lib/armv7e-m/fpu/libc_nano.a(lib_a-mprec.o) (_calloc_r)
/usr/lib/gcc/arm-none-eabi/4.9.3/../../../arm-none-eabi/lib/armv7e-m/fpu/libc_nano.a(lib_a-nano-freer.o)
                              /usr/lib/gcc/arm-none-eabi/4.9.3/../../../arm-none-eabi/lib/armv7e-m/fpu/libc_nano.a(lib_a-malloc.o) (_free_r)
[...]
Memory Configuration

Name             Origin             Length             Attributes
RAM              0x0000000020000000 0x0000000000010000 xrw
CCMRAM           0x0000000010000000 0x0000000000004000 rw
FLASH            0x0000000008000000 0x0000000000080000 xr
*default*        0x0000000000000000 0xffffffffffffffff

Linker script and memory map

LOAD /usr/lib/gcc/arm-none-eabi/4.9.3/armv7e-m/fpu/crti.o
LOAD /usr/lib/gcc/arm-none-eabi/4.9.3/armv7e-m/fpu/crtbegin.o
LOAD /usr/lib/gcc/arm-none-eabi/4.9.3/../../../arm-none-eabi/lib/armv7e-m/fpu/crt0.o
LOAD build/adc.o
LOAD build/power.o
LOAD build/ds18b20.o
LOAD build/stm32f3xx_hal_msp.o
LOAD build/stm32f3xx_hal_uart.o
LOAD build/stm32f3xx_hal_adc_ex.o
LOAD build/stm32f3xx_hal_adc.o
LOAD build/stm32f3xx_hal_tim.o
LOAD build/stm32f3xx_hal_gpio.o
LOAD build/usart.o
LOAD build/stm32f3xx_hal_rcc_ex.o
LOAD build/gpio.o
LOAD build/stm32f3xx_hal_i2c.o
LOAD build/stm32f3xx_hal_pwr.o
LOAD build/stm32f3xx_hal_flash_ex.o
LOAD build/stm32f3xx_hal_cortex.o
LOAD build/main.o
LOAD build/stm32f3xx_it.o
LOAD build/stm32f3xx_hal_dma.o
LOAD build/system_stm32f3xx.o
LOAD build/dma.o
LOAD build/stm32f3xx_hal_tim_ex.o
LOAD build/tim.o
LOAD build/stm32f3xx_hal_uart_ex.o
LOAD build/stm32f3xx_hal_rcc.o
LOAD build/stm32f3xx_hal_flash.o
LOAD build/stm32f3xx_hal_pwr_ex.o
LOAD build/stm32f3xx_hal.o
LOAD build/stm32f3xx_hal_i2c_ex.o
LOAD build/startup_stm32f303xe.o
LOAD /usr/lib/gcc/arm-none-eabi/4.9.3/../../../arm-none-eabi/lib/armv7e-m/fpu/libc_nano.a
LOAD /usr/lib/gcc/arm-none-eabi/4.9.3/../../../arm-none-eabi/lib/armv7e-m/fpu/libm.a
LOAD /usr/lib/gcc/arm-none-eabi/4.9.3/../../../arm-none-eabi/lib/armv7e-m/fpu/libnosys.a
START GROUP
LOAD /usr/lib/gcc/arm-none-eabi/4.9.3/armv7e-m/fpu/libgcc.a
LOAD /usr/lib/gcc/arm-none-eabi/4.9.3/../../../arm-none-eabi/lib/armv7e-m/fpu/libc_nano.a
END GROUP
START GROUP
LOAD /usr/lib/gcc/arm-none-eabi/4.9.3/armv7e-m/fpu/libgcc.a
LOAD /usr/lib/gcc/arm-none-eabi/4.9.3/../../../arm-none-eabi/lib/armv7e-m/fpu/libc_nano.a
END GROUP
LOAD /usr/lib/gcc/arm-none-eabi/4.9.3/armv7e-m/fpu/crtend.o
LOAD /usr/lib/gcc/arm-none-eabi/4.9.3/armv7e-m/fpu/crtn.o
                0x0000000020010000                _estack = 0x20010000
                0x0000000000000200                _Min_Heap_Size = 0x200
                0x0000000000000400                _Min_Stack_Size = 0x400

.isr_vector     0x0000000008000000      0x194
                0x0000000008000000                . = ALIGN (0x4)
 *(.isr_vector)
 .isr_vector    0x0000000008000000      0x194 build/startup_stm32f303xe.o
                0x0000000008000000                g_pfnVectors
                0x0000000008000194                . = ALIGN (0x4)

.text           0x0000000008000198     0x8404
                0x0000000008000198                . = ALIGN (0x4)
 *(.text)
 .text          0x0000000008000198       0xa4 /usr/lib/gcc/arm-none-eabi/4.9.3/armv7e-m/fpu/crtbegin.o
 .text          0x000000000800023c      0x370 /usr/lib/gcc/arm-none-eabi/4.9.3/armv7e-m/fpu/libgcc.a(_arm_addsubdf3.o)
                0x000000000800023c                __aeabi_drsub
                0x0000000008000244                __aeabi_dsub
                0x0000000008000244                __subdf3
                0x0000000008000248                __adddf3
                0x0000000008000248                __aeabi_dadd
                0x00000000080004c0                __aeabi_ui2d
                0x00000000080004c0                __floatunsidf
                0x00000000080004e0                __floatsidf
                0x00000000080004e0                __aeabi_i2d
                0x0000000008000504                __extendsfdf2
                0x0000000008000504                __aeabi_f2d
                0x0000000008000540                __aeabi_ul2d
                0x0000000008000540                __floatundidf
                0x0000000008000550                __floatdidf
                0x0000000008000550                __aeabi_l2d
 .text          0x00000000080005ac      0x424 /usr/lib/gcc/arm-none-eabi/4.9.3/armv7e-m/fpu/libgcc.a(_arm_muldivdf3.o)
                0x00000000080005ac                __aeabi_dmul
                0x00000000080005ac                __muldf3
                0x0000000008000800                __aeabi_ddiv
                0x0000000008000800                __divdf3
 .text          0x00000000080009d0      0x110 /usr/lib/gcc/arm-none-eabi/4.9.3/armv7e-m/fpu/libgcc.a(_arm_cmpdf2.o)
                0x00000000080009d0                __gtdf2
                0x00000000080009d0                __gedf2
                0x00000000080009d8                __ltdf2
                0x00000000080009d8                __ledf2
                0x00000000080009e0                __cmpdf2
                0x00000000080009e0                __eqdf2
                0x00000000080009e0                __nedf2
                0x0000000008000a5c                __aeabi_cdrcmple
                0x0000000008000a6c                __aeabi_cdcmple
                0x0000000008000a6c                __aeabi_cdcmpeq
                0x0000000008000a7c                __aeabi_dcmpeq
                0x0000000008000a90                __aeabi_dcmplt
                0x0000000008000aa4                __aeabi_dcmple
                0x0000000008000ab8                __aeabi_dcmpge
                0x0000000008000acc                __aeabi_dcmpgt
 .text          0x0000000008000ae0       0x50 /usr/lib/gcc/arm-none-eabi/4.9.3/armv7e-m/fpu/libgcc.a(_arm_fixdfsi.o)
                0x0000000008000ae0                __fixdfsi
                0x0000000008000ae0                __aeabi_d2iz
 .text          0x0000000008000b30       0xa0 /usr/lib/gcc/arm-none-eabi/4.9.3/armv7e-m/fpu/libgcc.a(_arm_truncdfsf2.o)
                0x0000000008000b30                __aeabi_d2f
                0x0000000008000b30                __truncdfsf2
 .text          0x0000000008000bd0       0x38 /usr/lib/gcc/arm-none-eabi/4.9.3/armv7e-m/fpu/libgcc.a(_aeabi_ldivmod.o)
                0x0000000008000bd0                __aeabi_ldivmod
 .text          0x0000000008000c08       0x60 /usr/lib/gcc/arm-none-eabi/4.9.3/armv7e-m/fpu/libgcc.a(bpabi.o)
                0x0000000008000c08                __gnu_ldivmod_helper
                0x0000000008000c38                __gnu_uldivmod_helper
 .text          0x0000000008000c68        0x4 /usr/lib/gcc/arm-none-eabi/4.9.3/armv7e-m/fpu/libgcc.a(_dvmd_tls.o)
                0x0000000008000c68                __aeabi_ldiv0
                0x0000000008000c68                __aeabi_idiv0
 .text          0x0000000008000c6c      0x29c /usr/lib/gcc/arm-none-eabi/4.9.3/armv7e-m/fpu/libgcc.a(_divdi3.o)
                0x0000000008000c6c                __divdi3
 .text          0x0000000008000f08      0x26c /usr/lib/gcc/arm-none-eabi/4.9.3/armv7e-m/fpu/libgcc.a(_udivdi3.o)
                0x0000000008000f08                __udivdi3
 *(.text*)
 .text.MX_ADC1_Init
                0x0000000008001174      0x130 build/adc.o
                0x0000000008001174                MX_ADC1_Init
 .text.MX_ADC2_Init
                0x00000000080012a4      0x134 build/adc.o
                0x00000000080012a4                MX_ADC2_Init
 .text.MX_ADC3_Init
                0x00000000080013d8      0x138 build/adc.o
                0x00000000080013d8                MX_ADC3_Init
 .text.MX_ADC4_Init
                0x0000000008001510      0x12c build/adc.o
                0x0000000008001510                MX_ADC4_Init
 .text.HAL_ADC_MspInit
                0x000000000800163c      0x270 build/adc.o
                0x000000000800163c                HAL_ADC_MspInit
 .text.HAL_ADC_ConvHalfCpltCallback
                0x00000000080018ac       0xf0 build/adc.o
                0x00000000080018ac                HAL_ADC_ConvHalfCpltCallback
 .text.HAL_ADC_ConvCpltCallback
                0x000000000800199c       0xf8 build/adc.o
                0x000000000800199c                HAL_ADC_ConvCpltCallback
 .text.calibrate_ADCs
                0x0000000008001a94       0x34 build/adc.o
                0x0000000008001a94                calibrate_ADCs
 .text.start_ADCs
                0x0000000008001ac8      0x190 build/adc.o
                0x0000000008001ac8                start_ADCs
 .text.get_cpu_temp
                0x0000000008001c58       0x28 build/adc.o
                0x0000000008001c58                get_cpu_temp
 .text.get_vdd  0x0000000008001c80       0x24 build/adc.o
                0x0000000008001c80                get_vdd
 *fill*         0x0000000008001ca4        0x4 
 .text.process_power_channel
                0x0000000008001ca8      0x264 build/power.o
 .text.process_VI_pair
                0x0000000008001f0c      0x1b4 build/power.o
                0x0000000008001f0c                process_VI_pair
 .text.process_power_data
                0x00000000080020c0       0x4c build/power.o
                0x00000000080020c0                process_power_data
 .text.init_power
                0x000000000800210c        0xc build/power.o
                0x000000000800210c                init_power
 .text.crc8     0x0000000008002118       0x20 build/ds18b20.o
 .text.init_ds18b20s
                0x0000000008002138      0x114 build/ds18b20.o
                0x0000000008002138                init_ds18b20s
 .text.process_ds18b20s
                0x000000000800224c      0x1a0 build/ds18b20.o
                0x000000000800224c                process_ds18b20s
 .text.HAL_MspInit
                0x00000000080023ec       0x7c build/stm32f3xx_hal_msp.o
                0x00000000080023ec                HAL_MspInit
 .text.UART_EndTxTransfer
                0x0000000008002468       0x14 build/stm32f3xx_hal_uart.o
 .text.UART_EndRxTransfer
                0x000000000800247c       0x1c build/stm32f3xx_hal_uart.o
 .text.HAL_UART_Transmit_DMA
                0x0000000008002498       0x90 build/stm32f3xx_hal_uart.o
                0x0000000008002498                HAL_UART_Transmit_DMA
 .text.HAL_UART_Receive_DMA
                0x0000000008002528       0x9c build/stm32f3xx_hal_uart.o
                0x0000000008002528                HAL_UART_Receive_DMA
 .text.HAL_UART_DMAStop
                0x00000000080025c4       0x5c build/stm32f3xx_hal_uart.o
                0x00000000080025c4                HAL_UART_DMAStop
 .text.UART_DMATransmitCplt
                0x0000000008002620       0x34 build/stm32f3xx_hal_uart.o
 .text.HAL_UART_TxHalfCpltCallback
                0x0000000008002654        0x4 build/stm32f3xx_hal_uart.o
                0x0000000008002654                HAL_UART_TxHalfCpltCallback
 .text.UART_DMATxHalfCplt
                0x0000000008002658        0xc build/stm32f3xx_hal_uart.o
 .text.HAL_UART_RxCpltCallback
                0x0000000008002664        0x4 build/stm32f3xx_hal_uart.o
                0x0000000008002664                HAL_UART_RxCpltCallback
 .text.UART_DMAReceiveCplt
                0x0000000008002668       0x40 build/stm32f3xx_hal_uart.o
 .text.HAL_UART_RxHalfCpltCallback
                0x00000000080026a8        0x4 build/stm32f3xx_hal_uart.o
                0x00000000080026a8                HAL_UART_RxHalfCpltCallback
 .text.UART_DMARxHalfCplt
                0x00000000080026ac        0xc build/stm32f3xx_hal_uart.o
 .text.HAL_UART_ErrorCallback
                0x00000000080026b8        0x4 build/stm32f3xx_hal_uart.o
                0x00000000080026b8                HAL_UART_ErrorCallback
 .text.UART_DMAError
                0x00000000080026bc       0x54 build/stm32f3xx_hal_uart.o
 .text.UART_DMAAbortOnError
                0x0000000008002710       0x14 build/stm32f3xx_hal_uart.o
 .text.UART_SetConfig
                0x0000000008002724      0x2a0 build/stm32f3xx_hal_uart.o
                0x0000000008002724                UART_SetConfig
 .text.UART_AdvFeatureConfig
                0x00000000080029c4       0xc8 build/stm32f3xx_hal_uart.o
                0x00000000080029c4                UART_AdvFeatureConfig
 .text.UART_WaitOnFlagUntilTimeout
                0x0000000008002a8c       0x68 build/stm32f3xx_hal_uart.o
                0x0000000008002a8c                UART_WaitOnFlagUntilTimeout
 .text.HAL_UART_Transmit
                0x0000000008002af4       0xd0 build/stm32f3xx_hal_uart.o
                0x0000000008002af4                HAL_UART_Transmit
 .text.HAL_UART_Receive
                0x0000000008002bc4      0x10c build/stm32f3xx_hal_uart.o
                0x0000000008002bc4                HAL_UART_Receive
 .text.UART_CheckIdleState
                0x0000000008002cd0       0x6c build/stm32f3xx_hal_uart.o
                0x0000000008002cd0                UART_CheckIdleState
 .text.HAL_UART_Init
                0x0000000008002d3c       0x6c build/stm32f3xx_hal_uart.o
                0x0000000008002d3c                HAL_UART_Init
 .text.HAL_HalfDuplex_Init
                0x0000000008002da8       0x78 build/stm32f3xx_hal_uart.o
                0x0000000008002da8                HAL_HalfDuplex_Init
 .text.UART_Transmit_IT
                0x0000000008002e20       0x6c build/stm32f3xx_hal_uart.o
                0x0000000008002e20                UART_Transmit_IT
 .text.UART_EndTransmit_IT
                0x0000000008002e8c       0x1c build/stm32f3xx_hal_uart.o
                0x0000000008002e8c                UART_EndTransmit_IT
 .text.UART_Receive_IT
                0x0000000008002ea8       0x7c build/stm32f3xx_hal_uart.o
                0x0000000008002ea8                UART_Receive_IT
 .text.HAL_UART_IRQHandler
                0x0000000008002f24      0x158 build/stm32f3xx_hal_uart.o
                0x0000000008002f24                HAL_UART_IRQHandler
 .text.ADC_Disable
                0x000000000800307c       0x8c build/stm32f3xx_hal_adc_ex.o
 .text.ADC_ConversionStop
                0x0000000008003108       0xdc build/stm32f3xx_hal_adc_ex.o
 .text.ADC_Enable
                0x00000000080031e4       0x84 build/stm32f3xx_hal_adc_ex.o
 .text.ADC_DMAError
                0x0000000008003268       0x1c build/stm32f3xx_hal_adc_ex.o
 .text.ADC_DMAHalfConvCplt
                0x0000000008003284        0xc build/stm32f3xx_hal_adc_ex.o
 .text.ADC_DMAConvCplt
                0x0000000008003290       0x4c build/stm32f3xx_hal_adc_ex.o
 .text.HAL_ADC_Init
                0x00000000080032dc      0x2c0 build/stm32f3xx_hal_adc_ex.o
                0x00000000080032dc                HAL_ADC_Init
 .text.HAL_ADC_Start_DMA
                0x000000000800359c      0x18c build/stm32f3xx_hal_adc_ex.o
                0x000000000800359c                HAL_ADC_Start_DMA
 .text.HAL_ADC_Stop_DMA
                0x0000000008003728       0x74 build/stm32f3xx_hal_adc_ex.o
                0x0000000008003728                HAL_ADC_Stop_DMA
 .text.HAL_ADCEx_Calibration_Start
                0x000000000800379c       0x90 build/stm32f3xx_hal_adc_ex.o
                0x000000000800379c                HAL_ADCEx_Calibration_Start
 .text.HAL_ADC_ConfigChannel
                0x000000000800382c      0x39c build/stm32f3xx_hal_adc_ex.o
                0x000000000800382c                HAL_ADC_ConfigChannel
 .text.HAL_ADCEx_MultiModeConfigChannel
                0x0000000008003bc8      0x17c build/stm32f3xx_hal_adc_ex.o
                0x0000000008003bc8                HAL_ADCEx_MultiModeConfigChannel
 .text.HAL_ADC_ErrorCallback
                0x0000000008003d44        0x4 build/stm32f3xx_hal_adc.o
                0x0000000008003d44                HAL_ADC_ErrorCallback
 .text.HAL_TIM_OnePulse_MspInit
                0x0000000008003d48        0x4 build/stm32f3xx_hal_tim.o
                0x0000000008003d48                HAL_TIM_OnePulse_MspInit
 .text.TIM_Base_SetConfig
                0x0000000008003d4c       0xd0 build/stm32f3xx_hal_tim.o
                0x0000000008003d4c                TIM_Base_SetConfig
 .text.HAL_TIM_PWM_Init
                0x0000000008003e1c       0x38 build/stm32f3xx_hal_tim.o
                0x0000000008003e1c                HAL_TIM_PWM_Init
 .text.HAL_TIM_OnePulse_Init
                0x0000000008003e54       0x4c build/stm32f3xx_hal_tim.o
                0x0000000008003e54                HAL_TIM_OnePulse_Init
 .text.TIM_OC1_SetConfig
                0x0000000008003ea0       0xac build/stm32f3xx_hal_tim.o
                0x0000000008003ea0                TIM_OC1_SetConfig
 .text.TIM_OC2_SetConfig
                0x0000000008003f4c       0x9c build/stm32f3xx_hal_tim.o
                0x0000000008003f4c                TIM_OC2_SetConfig
 .text.TIM_OC3_SetConfig
                0x0000000008003fe8       0x9c build/stm32f3xx_hal_tim.o
                0x0000000008003fe8                TIM_OC3_SetConfig
 .text.TIM_OC4_SetConfig
                0x0000000008004084       0x74 build/stm32f3xx_hal_tim.o
                0x0000000008004084                TIM_OC4_SetConfig
 .text.TIM_CCxChannelCmd
                0x00000000080040f8       0x1c build/stm32f3xx_hal_tim.o
                0x00000000080040f8                TIM_CCxChannelCmd
 .text.HAL_TIM_PWM_Start
                0x0000000008004114       0x74 build/stm32f3xx_hal_tim.o
                0x0000000008004114                HAL_TIM_PWM_Start
 .text.HAL_TIM_PWM_Stop
                0x0000000008004188       0xa0 build/stm32f3xx_hal_tim.o
                0x0000000008004188                HAL_TIM_PWM_Stop
 .text.HAL_GPIO_Init
                0x0000000008004228      0x1bc build/stm32f3xx_hal_gpio.o
                0x0000000008004228                HAL_GPIO_Init
 .text.HAL_GPIO_WritePin
                0x00000000080043e4        0xc build/stm32f3xx_hal_gpio.o
                0x00000000080043e4                HAL_GPIO_WritePin
 .text.MX_USART1_UART_Init
                0x00000000080043f0       0x40 build/usart.o
                0x00000000080043f0                MX_USART1_UART_Init
 .text.MX_USART2_UART_Init
                0x0000000008004430       0x40 build/usart.o
                0x0000000008004430                MX_USART2_UART_Init
 .text.MX_USART3_UART_Init
                0x0000000008004470       0x40 build/usart.o
                0x0000000008004470                MX_USART3_UART_Init
 .text.HAL_UART_MspInit
                0x00000000080044b0      0x1c4 build/usart.o
                0x00000000080044b0                HAL_UART_MspInit
 .text.HAL_UART_TxCpltCallback
                0x0000000008004674       0x24 build/usart.o
                0x0000000008004674                HAL_UART_TxCpltCallback
 .text.onewire_tx
                0x0000000008004698       0x80 build/usart.o
                0x0000000008004698                onewire_tx
 .text.onewire_rx1
                0x0000000008004718       0x80 build/usart.o
                0x0000000008004718                onewire_rx1
 .text.onewire_rx2
                0x0000000008004798       0x60 build/usart.o
                0x0000000008004798                onewire_rx2
 .text.onewire_reset
                0x00000000080047f8       0x98 build/usart.o
                0x00000000080047f8                onewire_reset
 .text.debug_printf
                0x0000000008004890       0x1c build/usart.o
                0x0000000008004890                debug_printf
 .text.init_uarts
                0x00000000080048ac       0x24 build/usart.o
                0x00000000080048ac                init_uarts
 .text.HAL_RCCEx_PeriphCLKConfig
                0x00000000080048d0      0x300 build/stm32f3xx_hal_rcc_ex.o
                0x00000000080048d0                HAL_RCCEx_PeriphCLKConfig
 .text.MX_GPIO_Init
                0x0000000008004bd0       0xfc build/gpio.o
                0x0000000008004bd0                MX_GPIO_Init
 .text.HAL_NVIC_SetPriorityGrouping
                0x0000000008004ccc       0x24 build/stm32f3xx_hal_cortex.o
                0x0000000008004ccc                HAL_NVIC_SetPriorityGrouping
 .text.HAL_NVIC_SetPriority
                0x0000000008004cf0       0x64 build/stm32f3xx_hal_cortex.o
                0x0000000008004cf0                HAL_NVIC_SetPriority
 .text.HAL_NVIC_EnableIRQ
                0x0000000008004d54       0x18 build/stm32f3xx_hal_cortex.o
                0x0000000008004d54                HAL_NVIC_EnableIRQ
 .text.HAL_SYSTICK_Config
                0x0000000008004d6c       0x2c build/stm32f3xx_hal_cortex.o
                0x0000000008004d6c                HAL_SYSTICK_Config
 .text.HAL_SYSTICK_CLKSourceConfig
                0x0000000008004d98       0x20 build/stm32f3xx_hal_cortex.o
                0x0000000008004d98                HAL_SYSTICK_CLKSourceConfig
 .text.HAL_SYSTICK_Callback
                0x0000000008004db8        0x4 build/stm32f3xx_hal_cortex.o
                0x0000000008004db8                HAL_SYSTICK_Callback
 .text.HAL_SYSTICK_IRQHandler
                0x0000000008004dbc        0x8 build/stm32f3xx_hal_cortex.o
                0x0000000008004dbc                HAL_SYSTICK_IRQHandler
 .text._Error_Handler
                0x0000000008004dc4        0x4 build/main.o
                0x0000000008004dc4                _Error_Handler
 .text.SystemClock_Config
                0x0000000008004dc8       0xa8 build/main.o
                0x0000000008004dc8                SystemClock_Config
 .text.main     0x0000000008004e70       0xe8 build/main.o
                0x0000000008004e70                main
 .text.SysTick_Handler
                0x0000000008004f58        0xc build/stm32f3xx_it.o
                0x0000000008004f58                SysTick_Handler
 .text.DMA1_Channel1_IRQHandler
                0x0000000008004f64       0x10 build/stm32f3xx_it.o
                0x0000000008004f64                DMA1_Channel1_IRQHandler
 .text.DMA1_Channel2_IRQHandler
                0x0000000008004f74       0x10 build/stm32f3xx_it.o
                0x0000000008004f74                DMA1_Channel2_IRQHandler
 .text.DMA1_Channel3_IRQHandler
                0x0000000008004f84       0x10 build/stm32f3xx_it.o
                0x0000000008004f84                DMA1_Channel3_IRQHandler
 .text.DMA1_Channel4_IRQHandler
                0x0000000008004f94       0x10 build/stm32f3xx_it.o
                0x0000000008004f94                DMA1_Channel4_IRQHandler
 .text.DMA1_Channel5_IRQHandler
                0x0000000008004fa4       0x10 build/stm32f3xx_it.o
                0x0000000008004fa4                DMA1_Channel5_IRQHandler
 .text.USART1_IRQHandler
                0x0000000008004fb4       0x10 build/stm32f3xx_it.o
                0x0000000008004fb4                USART1_IRQHandler
 .text.USART3_IRQHandler
                0x0000000008004fc4       0x10 build/stm32f3xx_it.o
                0x0000000008004fc4                USART3_IRQHandler
 .text.DMA2_Channel1_IRQHandler
                0x0000000008004fd4       0x10 build/stm32f3xx_it.o
                0x0000000008004fd4                DMA2_Channel1_IRQHandler
 .text.DMA2_Channel2_IRQHandler
                0x0000000008004fe4       0x10 build/stm32f3xx_it.o
                0x0000000008004fe4                DMA2_Channel2_IRQHandler
 .text.DMA2_Channel5_IRQHandler
                0x0000000008004ff4       0x10 build/stm32f3xx_it.o
                0x0000000008004ff4                DMA2_Channel5_IRQHandler
 .text.DMA_SetConfig
                0x0000000008005004       0x2c build/stm32f3xx_hal_dma.o
 .text.DMA_CalcBaseAndBitshift
                0x0000000008005030       0x4c build/stm32f3xx_hal_dma.o
 .text.HAL_DMA_Init
                0x000000000800507c       0x58 build/stm32f3xx_hal_dma.o
                0x000000000800507c                HAL_DMA_Init
 .text.HAL_DMA_Start_IT
                0x00000000080050d4       0x74 build/stm32f3xx_hal_dma.o
                0x00000000080050d4                HAL_DMA_Start_IT
 .text.HAL_DMA_Abort
                0x0000000008005148       0x30 build/stm32f3xx_hal_dma.o
                0x0000000008005148                HAL_DMA_Abort
 .text.HAL_DMA_Abort_IT
                0x0000000008005178       0x4c build/stm32f3xx_hal_dma.o
                0x0000000008005178                HAL_DMA_Abort_IT
 .text.HAL_DMA_IRQHandler
                0x00000000080051c4       0xb0 build/stm32f3xx_hal_dma.o
                0x00000000080051c4                HAL_DMA_IRQHandler
 .text.SystemInit
                0x0000000008005274       0x68 build/system_stm32f3xx.o
                0x0000000008005274                SystemInit
 .text.MX_DMA_Init
                0x00000000080052dc       0xb4 build/dma.o
                0x00000000080052dc                MX_DMA_Init
 .text.TIM_OC5_SetConfig
                0x0000000008005390       0x70 build/stm32f3xx_hal_tim_ex.o
 .text.TIM_OC6_SetConfig
                0x0000000008005400       0x74 build/stm32f3xx_hal_tim_ex.o
 .text.HAL_TIM_PWM_ConfigChannel
                0x0000000008005474      0x138 build/stm32f3xx_hal_tim_ex.o
                0x0000000008005474                HAL_TIM_PWM_ConfigChannel
 .text.HAL_TIMEx_MasterConfigSynchronization
                0x00000000080055ac       0x60 build/stm32f3xx_hal_tim_ex.o
                0x00000000080055ac                HAL_TIMEx_MasterConfigSynchronization
 .text.HAL_TIMEx_ConfigBreakDeadTime
                0x000000000800560c       0x98 build/stm32f3xx_hal_tim_ex.o
                0x000000000800560c                HAL_TIMEx_ConfigBreakDeadTime
 .text.HAL_TIM_PWM_MspInit
                0x00000000080056a4       0x28 build/tim.o
                0x00000000080056a4                HAL_TIM_PWM_MspInit
 .text.HAL_TIM_MspPostInit
                0x00000000080056cc       0x38 build/tim.o
                0x00000000080056cc                HAL_TIM_MspPostInit
 .text.MX_TIM8_Init
                0x0000000008005704       0xcc build/tim.o
                0x0000000008005704                MX_TIM8_Init
 .text.pulse_tim8_ch2
                0x00000000080057d0       0x28 build/tim.o
                0x00000000080057d0                pulse_tim8_ch2
 .text.HAL_UARTEx_WakeupCallback
                0x00000000080057f8        0x4 build/stm32f3xx_hal_uart_ex.o
                0x00000000080057f8                HAL_UARTEx_WakeupCallback
 .text.HAL_RCC_OscConfig
                0x00000000080057fc      0x624 build/stm32f3xx_hal_rcc.o
                0x00000000080057fc                HAL_RCC_OscConfig
 .text.HAL_RCC_GetSysClockFreq
                0x0000000008005e20       0x70 build/stm32f3xx_hal_rcc.o
                0x0000000008005e20                HAL_RCC_GetSysClockFreq
 .text.HAL_RCC_ClockConfig
                0x0000000008005e90      0x1e0 build/stm32f3xx_hal_rcc.o
                0x0000000008005e90                HAL_RCC_ClockConfig
 .text.HAL_RCC_GetHCLKFreq
                0x0000000008006070        0xc build/stm32f3xx_hal_rcc.o
                0x0000000008006070                HAL_RCC_GetHCLKFreq
 .text.HAL_RCC_GetPCLK1Freq
                0x000000000800607c       0x2c build/stm32f3xx_hal_rcc.o
                0x000000000800607c                HAL_RCC_GetPCLK1Freq
 .text.HAL_RCC_GetPCLK2Freq
                0x00000000080060a8       0x2c build/stm32f3xx_hal_rcc.o
                0x00000000080060a8                HAL_RCC_GetPCLK2Freq
 .text.HAL_InitTick
                0x00000000080060d4       0x2c build/stm32f3xx_hal.o
                0x00000000080060d4                HAL_InitTick
 .text.HAL_Init
                0x0000000008006100       0x24 build/stm32f3xx_hal.o
                0x0000000008006100                HAL_Init
 .text.HAL_IncTick
                0x0000000008006124       0x10 build/stm32f3xx_hal.o
                0x0000000008006124                HAL_IncTick
 .text.HAL_GetTick
                0x0000000008006134        0xc build/stm32f3xx_hal.o
                0x0000000008006134                HAL_GetTick
 .text.HAL_Delay
                0x0000000008006140       0x24 build/stm32f3xx_hal.o
                0x0000000008006140                HAL_Delay
 .text.Reset_Handler
                0x0000000008006164       0x50 build/startup_stm32f303xe.o
                0x0000000008006164                Reset_Handler
 .text.Default_Handler
                0x00000000080061b4        0x2 build/startup_stm32f303xe.o
                0x00000000080061b4                RTC_Alarm_IRQHandler
                0x00000000080061b4                TIM8_TRG_COM_IRQHandler
                0x00000000080061b4                TIM8_CC_IRQHandler
                0x00000000080061b4                DebugMon_Handler
                0x00000000080061b4                SPI4_IRQHandler
                0x00000000080061b4                TIM1_CC_IRQHandler
                0x00000000080061b4                HardFault_Handler
                0x00000000080061b4                USB_HP_IRQHandler
                0x00000000080061b4                PVD_IRQHandler
                0x00000000080061b4                TAMP_STAMP_IRQHandler
                0x00000000080061b4                PendSV_Handler
                0x00000000080061b4                NMI_Handler
                0x00000000080061b4                EXTI3_IRQHandler
                0x00000000080061b4                I2C3_ER_IRQHandler
                0x00000000080061b4                USB_HP_CAN_TX_IRQHandler
                0x00000000080061b4                EXTI0_IRQHandler
                0x00000000080061b4                I2C2_EV_IRQHandler
                0x00000000080061b4                FPU_IRQHandler
                0x00000000080061b4                TIM1_UP_TIM16_IRQHandler
                0x00000000080061b4                UsageFault_Handler
                0x00000000080061b4                ADC1_2_IRQHandler
                0x00000000080061b4                SPI1_IRQHandler
                0x00000000080061b4                CAN_SCE_IRQHandler
                0x00000000080061b4                TIM6_DAC_IRQHandler
                0x00000000080061b4                TIM8_UP_IRQHandler
                0x00000000080061b4                TIM20_TRG_COM_IRQHandler
                0x00000000080061b4                DMA1_Channel7_IRQHandler
                0x00000000080061b4                UART5_IRQHandler
                0x00000000080061b4                ADC3_IRQHandler
                0x00000000080061b4                TIM4_IRQHandler
                0x00000000080061b4                CAN_RX1_IRQHandler
                0x00000000080061b4                I2C1_EV_IRQHandler
                0x00000000080061b4                DMA1_Channel6_IRQHandler
                0x00000000080061b4                UART4_IRQHandler
                0x00000000080061b4                DMA2_Channel4_IRQHandler
                0x00000000080061b4                TIM3_IRQHandler
                0x00000000080061b4                RCC_IRQHandler
                0x00000000080061b4                TIM20_UP_IRQHandler
                0x00000000080061b4                Default_Handler
                0x00000000080061b4                USBWakeUp_RMP_IRQHandler
                0x00000000080061b4                EXTI15_10_IRQHandler
                0x00000000080061b4                TIM7_IRQHandler
                0x00000000080061b4                I2C3_EV_IRQHandler
                0x00000000080061b4                EXTI9_5_IRQHandler
                0x00000000080061b4                RTC_WKUP_IRQHandler
                0x00000000080061b4                SPI2_IRQHandler
                0x00000000080061b4                USB_LP_CAN_RX0_IRQHandler
                0x00000000080061b4                MemManage_Handler
                0x00000000080061b4                SVC_Handler
                0x00000000080061b4                USB_LP_IRQHandler
                0x00000000080061b4                EXTI4_IRQHandler
                0x00000000080061b4                TIM1_TRG_COM_TIM17_IRQHandler
                0x00000000080061b4                ADC4_IRQHandler
                0x00000000080061b4                WWDG_IRQHandler
                0x00000000080061b4                TIM2_IRQHandler
                0x00000000080061b4                COMP7_IRQHandler
                0x00000000080061b4                COMP1_2_3_IRQHandler
                0x00000000080061b4                EXTI1_IRQHandler
                0x00000000080061b4                USART2_IRQHandler
                0x00000000080061b4                COMP4_5_6_IRQHandler
                0x00000000080061b4                TIM20_BRK_IRQHandler
                0x00000000080061b4                I2C2_ER_IRQHandler
                0x00000000080061b4                TIM8_BRK_IRQHandler
                0x00000000080061b4                FLASH_IRQHandler
                0x00000000080061b4                TIM20_CC_IRQHandler
                0x00000000080061b4                BusFault_Handler
                0x00000000080061b4                SPI3_IRQHandler
                0x00000000080061b4                I2C1_ER_IRQHandler
                0x00000000080061b4                FMC_IRQHandler
                0x00000000080061b4                USBWakeUp_IRQHandler
                0x00000000080061b4                DMA2_Channel3_IRQHandler
                0x00000000080061b4                EXTI2_TSC_IRQHandler
                0x00000000080061b4                TIM1_BRK_TIM15_IRQHandler
 *fill*         0x00000000080061b6        0x2 
 .text.__libc_init_array
                0x00000000080061b8       0x4c /usr/lib/gcc/arm-none-eabi/4.9.3/../../../arm-none-eabi/lib/armv7e-m/fpu/libc_nano.a(lib_a-init.o)
                0x00000000080061b8                __libc_init_array
 .text.memset   0x0000000008006204       0x10 /usr/lib/gcc/arm-none-eabi/4.9.3/../../../arm-none-eabi/lib/armv7e-m/fpu/libc_nano.a(lib_a-memset.o)
                0x0000000008006204                memset
 .text.__cvt    0x0000000008006214       0xc4 /usr/lib/gcc/arm-none-eabi/4.9.3/../../../arm-none-eabi/lib/armv7e-m/fpu/libc_nano.a(lib_a-nano-vfprintf_float.o)
                0x0000000008006214                __cvt
 .text.__exponent
                0x00000000080062d8       0x60 /usr/lib/gcc/arm-none-eabi/4.9.3/../../../arm-none-eabi/lib/armv7e-m/fpu/libc_nano.a(lib_a-nano-vfprintf_float.o)
                0x00000000080062d8                __exponent
 .text._printf_float
                0x0000000008006338      0x47c /usr/lib/gcc/arm-none-eabi/4.9.3/../../../arm-none-eabi/lib/armv7e-m/fpu/libc_nano.a(lib_a-nano-vfprintf_float.o)
                0x0000000008006338                _printf_float
 .text._printf_common
                0x00000000080067b4       0xea /usr/lib/gcc/arm-none-eabi/4.9.3/../../../arm-none-eabi/lib/armv7e-m/fpu/libc_nano.a(lib_a-nano-vfprintf_i.o)
                0x00000000080067b4                _printf_common
 *fill*         0x000000000800689e        0x2 
 .text._printf_i
                0x00000000080068a0      0x240 /usr/lib/gcc/arm-none-eabi/4.9.3/../../../arm-none-eabi/lib/armv7e-m/fpu/libc_nano.a(lib_a-nano-vfprintf_i.o)
                0x00000000080068a0                _printf_i
 .text.__fpclassifyd
                0x0000000008006ae0       0x58 /usr/lib/gcc/arm-none-eabi/4.9.3/../../../arm-none-eabi/lib/armv7e-m/fpu/libc_nano.a(lib_a-s_fpclassify.o)
                0x0000000008006ae0                __fpclassifyd
 .text.snprintf
                0x0000000008006b38       0x64 /usr/lib/gcc/arm-none-eabi/4.9.3/../../../arm-none-eabi/lib/armv7e-m/fpu/libc_nano.a(lib_a-snprintf.o)
                0x0000000008006b38                snprintf
                0x0000000008006b38                sniprintf
 .text.strlen   0x0000000008006b9c       0x10 /usr/lib/gcc/arm-none-eabi/4.9.3/../../../arm-none-eabi/lib/armv7e-m/fpu/libc_nano.a(lib_a-strlen.o)
                0x0000000008006b9c                strlen
 .text.quorem   0x0000000008006bac      0x11a /usr/lib/gcc/arm-none-eabi/4.9.3/../../../arm-none-eabi/lib/armv7e-m/fpu/libc_nano.a(lib_a-dtoa.o)
 *fill*         0x0000000008006cc6        0x2 
 .text._dtoa_r  0x0000000008006cc8      0xb80 /usr/lib/gcc/arm-none-eabi/4.9.3/../../../arm-none-eabi/lib/armv7e-m/fpu/libc_nano.a(lib_a-dtoa.o)
                0x0000000008006cc8                _dtoa_r
 .text._localeconv_r
                0x0000000008007848        0x8 /usr/lib/gcc/arm-none-eabi/4.9.3/../../../arm-none-eabi/lib/armv7e-m/fpu/libc_nano.a(lib_a-locale.o)
                0x0000000008007848                _localeconv_r
 .text.malloc   0x0000000008007850       0x10 /usr/lib/gcc/arm-none-eabi/4.9.3/../../../arm-none-eabi/lib/armv7e-m/fpu/libc_nano.a(lib_a-malloc.o)
                0x0000000008007850                malloc
 .text.memchr   0x0000000008007860       0x1e /usr/lib/gcc/arm-none-eabi/4.9.3/../../../arm-none-eabi/lib/armv7e-m/fpu/libc_nano.a(lib_a-memchr.o)
                0x0000000008007860                memchr
 .text.memcpy   0x000000000800787e       0x16 /usr/lib/gcc/arm-none-eabi/4.9.3/../../../arm-none-eabi/lib/armv7e-m/fpu/libc_nano.a(lib_a-memcpy.o)
                0x000000000800787e                memcpy
 .text._Balloc  0x0000000008007894       0x6a /usr/lib/gcc/arm-none-eabi/4.9.3/../../../arm-none-eabi/lib/armv7e-m/fpu/libc_nano.a(lib_a-mprec.o)
                0x0000000008007894                _Balloc
 .text._Bfree   0x00000000080078fe       0x2e /usr/lib/gcc/arm-none-eabi/4.9.3/../../../arm-none-eabi/lib/armv7e-m/fpu/libc_nano.a(lib_a-mprec.o)
                0x00000000080078fe                _Bfree
 .text.__multadd
                0x000000000800792c       0x7c /usr/lib/gcc/arm-none-eabi/4.9.3/../../../arm-none-eabi/lib/armv7e-m/fpu/libc_nano.a(lib_a-mprec.o)
                0x000000000800792c                __multadd
 .text.__hi0bits
                0x00000000080079a8       0x40 /usr/lib/gcc/arm-none-eabi/4.9.3/../../../arm-none-eabi/lib/armv7e-m/fpu/libc_nano.a(lib_a-mprec.o)
                0x00000000080079a8                __hi0bits
 .text.__lo0bits
                0x00000000080079e8       0x5a /usr/lib/gcc/arm-none-eabi/4.9.3/../../../arm-none-eabi/lib/armv7e-m/fpu/libc_nano.a(lib_a-mprec.o)
                0x00000000080079e8                __lo0bits
 .text.__i2b    0x0000000008007a42       0x12 /usr/lib/gcc/arm-none-eabi/4.9.3/../../../arm-none-eabi/lib/armv7e-m/fpu/libc_nano.a(lib_a-mprec.o)
                0x0000000008007a42                __i2b
 .text.__multiply
                0x0000000008007a54      0x122 /usr/lib/gcc/arm-none-eabi/4.9.3/../../../arm-none-eabi/lib/armv7e-m/fpu/libc_nano.a(lib_a-mprec.o)
                0x0000000008007a54                __multiply
 *fill*         0x0000000008007b76        0x2 
 .text.__pow5mult
                0x0000000008007b78       0x9c /usr/lib/gcc/arm-none-eabi/4.9.3/../../../arm-none-eabi/lib/armv7e-m/fpu/libc_nano.a(lib_a-mprec.o)
                0x0000000008007b78                __pow5mult
 .text.__lshift
                0x0000000008007c14       0xa6 /usr/lib/gcc/arm-none-eabi/4.9.3/../../../arm-none-eabi/lib/armv7e-m/fpu/libc_nano.a(lib_a-mprec.o)
                0x0000000008007c14                __lshift
 .text.__mcmp   0x0000000008007cba       0x38 /usr/lib/gcc/arm-none-eabi/4.9.3/../../../arm-none-eabi/lib/armv7e-m/fpu/libc_nano.a(lib_a-mprec.o)
                0x0000000008007cba                __mcmp
 .text.__mdiff  0x0000000008007cf2       0xbe /usr/lib/gcc/arm-none-eabi/4.9.3/../../../arm-none-eabi/lib/armv7e-m/fpu/libc_nano.a(lib_a-mprec.o)
                0x0000000008007cf2                __mdiff
 .text.__d2b    0x0000000008007db0       0xa4 /usr/lib/gcc/arm-none-eabi/4.9.3/../../../arm-none-eabi/lib/armv7e-m/fpu/libc_nano.a(lib_a-mprec.o)
                0x0000000008007db0                __d2b
 .text._calloc_r
                0x0000000008007e54       0x1c /usr/lib/gcc/arm-none-eabi/4.9.3/../../../arm-none-eabi/lib/armv7e-m/fpu/libc_nano.a(lib_a-nano-callocr.o)
                0x0000000008007e54                _calloc_r
 .text._free_r  0x0000000008007e70       0x88 /usr/lib/gcc/arm-none-eabi/4.9.3/../../../arm-none-eabi/lib/armv7e-m/fpu/libc_nano.a(lib_a-nano-freer.o)
                0x0000000008007e70                _free_r
 .text._malloc_r
                0x0000000008007ef8       0xac /usr/lib/gcc/arm-none-eabi/4.9.3/../../../arm-none-eabi/lib/armv7e-m/fpu/libc_nano.a(lib_a-nano-mallocr.o)
                0x0000000008007ef8                _malloc_r
 .text.__ssputs_r
                0x0000000008007fa4       0xb2 /usr/lib/gcc/arm-none-eabi/4.9.3/../../../arm-none-eabi/lib/armv7e-m/fpu/libc_nano.a(lib_a-nano-svfprintf.o)
                0x0000000008007fa4                __ssputs_r
 *fill*         0x0000000008008056        0x2 
 .text._svfprintf_r
                0x0000000008008058      0x1e4 /usr/lib/gcc/arm-none-eabi/4.9.3/../../../arm-none-eabi/lib/armv7e-m/fpu/libc_nano.a(lib_a-nano-svfprintf.o)
                0x0000000008008058                _svfprintf_r
                0x0000000008008058                _svfiprintf_r
 .text._sbrk_r  0x000000000800823c       0x20 /usr/lib/gcc/arm-none-eabi/4.9.3/../../../arm-none-eabi/lib/armv7e-m/fpu/libc_nano.a(lib_a-sbrkr.o)
                0x000000000800823c                _sbrk_r
 .text.memmove  0x000000000800825c       0x36 /usr/lib/gcc/arm-none-eabi/4.9.3/../../../arm-none-eabi/lib/armv7e-m/fpu/libc_nano.a(lib_a-memmove.o)
                0x000000000800825c                memmove
 .text._realloc_r
                0x0000000008008292       0x4c /usr/lib/gcc/arm-none-eabi/4.9.3/../../../arm-none-eabi/lib/armv7e-m/fpu/libc_nano.a(lib_a-nano-reallocr.o)
                0x0000000008008292                _realloc_r
 .text._malloc_usable_size_r
                0x00000000080082de       0x14 /usr/lib/gcc/arm-none-eabi/4.9.3/../../../arm-none-eabi/lib/armv7e-m/fpu/libc_nano.a(lib_a-nano-msizer.o)
                0x00000000080082de                _malloc_usable_size_r
 *fill*         0x00000000080082f2        0x2 
 .text.sqrt     0x00000000080082f4       0xbc /usr/lib/gcc/arm-none-eabi/4.9.3/../../../arm-none-eabi/lib/armv7e-m/fpu/libm.a(lib_a-w_sqrt.o)
                0x00000000080082f4                sqrt
 .text.__ieee754_sqrt
                0x00000000080083b0      0x1a8 /usr/lib/gcc/arm-none-eabi/4.9.3/../../../arm-none-eabi/lib/armv7e-m/fpu/libm.a(lib_a-e_sqrt.o)
                0x00000000080083b0                __ieee754_sqrt
 .text.matherr  0x0000000008008558        0x4 /usr/lib/gcc/arm-none-eabi/4.9.3/../../../arm-none-eabi/lib/armv7e-m/fpu/libm.a(lib_a-s_matherr.o)
                0x0000000008008558                matherr
 .text._sbrk    0x000000000800855c       0x1c /usr/lib/gcc/arm-none-eabi/4.9.3/../../../arm-none-eabi/lib/armv7e-m/fpu/libnosys.a(sbrk.o)
                0x000000000800855c                _sbrk
 .text.__errno  0x0000000008008578        0xc /usr/lib/gcc/arm-none-eabi/4.9.3/../../../arm-none-eabi/lib/armv7e-m/fpu/libc_nano.a(lib_a-errno.o)
                0x0000000008008578                __errno
 *(.glue_7)
 .glue_7        0x0000000008008584        0x0 linker stubs
 *(.glue_7t)
 .glue_7t       0x0000000008008584        0x0 linker stubs
 *(.eh_frame)
 .eh_frame      0x0000000008008584        0x0 /usr/lib/gcc/arm-none-eabi/4.9.3/armv7e-m/fpu/crtbegin.o
 *(.init)
 .init          0x0000000008008584        0x4 /usr/lib/gcc/arm-none-eabi/4.9.3/armv7e-m/fpu/crti.o
                0x0000000008008584                _init
 .init          0x0000000008008588        0x8 /usr/lib/gcc/arm-none-eabi/4.9.3/armv7e-m/fpu/crtn.o
 *(.fini)
 .fini          0x0000000008008590        0x4 /usr/lib/gcc/arm-none-eabi/4.9.3/armv7e-m/fpu/crti.o
                0x0000000008008590                _fini
 .fini          0x0000000008008594        0x8 /usr/lib/gcc/arm-none-eabi/4.9.3/armv7e-m/fpu/crtn.o
                0x000000000800859c                . = ALIGN (0x4)
                0x000000000800859c                _etext = .

.vfp11_veneer   0x000000000800859c        0x0
 .vfp11_veneer  0x000000000800859c        0x0 linker stubs

.v4_bx          0x000000000800859c        0x0
 .v4_bx         0x000000000800859c        0x0 linker stubs

.iplt           0x000000000800859c        0x0
 .iplt          0x000000000800859c        0x0 /usr/lib/gcc/arm-none-eabi/4.9.3/armv7e-m/fpu/crtbegin.o

.rodata         0x00000000080085a0      0x4f8
                0x00000000080085a0                . = ALIGN (0x4)
 *(.rodata)
 *(.rodata*)
 .rodata.str1.4
                0x00000000080085a0       0x76 build/adc.o
 *fill*         0x0000000008008616        0x2 
 .rodata.ICAL   0x0000000008008618       0x3c build/power.o
                0x0000000008008618                ICAL
 .rodata.VCAL   0x0000000008008654       0x3c build/power.o
                0x0000000008008654                VCAL
 .rodata.str1.4
                0x0000000008008690       0x4f build/power.o
 *fill*         0x00000000080086df        0x1 
 .rodata.str1.4
                0x00000000080086e0       0x80 build/ds18b20.o
 .rodata.dscrc_table
                0x0000000008008760      0x100 build/ds18b20.o
 .rodata.str1.4
                0x0000000008008860       0x27 build/usart.o
 *fill*         0x0000000008008887        0x1 
 .rodata.str1.4
                0x0000000008008888       0x67 build/main.o
 *fill*         0x00000000080088ef        0x1 
 .rodata.AHBPrescTable
                0x00000000080088f0       0x10 build/system_stm32f3xx.o
                0x00000000080088f0                AHBPrescTable
 .rodata.APBPrescTable
                0x0000000008008900        0x8 build/system_stm32f3xx.o
                0x0000000008008900                APBPrescTable
 .rodata.str1.4
                0x0000000008008908        0xa build/tim.o
 *fill*         0x0000000008008912        0x2 
 .rodata.aPredivFactorTable
                0x0000000008008914       0x10 build/stm32f3xx_hal_rcc.o
                0x0000000008008914                aPredivFactorTable
 .rodata.aPLLMULFactorTable
                0x0000000008008924       0x10 build/stm32f3xx_hal_rcc.o
                0x0000000008008924                aPLLMULFactorTable
 .rodata.str1.1
                0x0000000008008934        0x2 /usr/lib/gcc/arm-none-eabi/4.9.3/../../../arm-none-eabi/lib/armv7e-m/fpu/libc_nano.a(lib_a-impure.o)
 .rodata.str1.1
                0x0000000008008936       0x12 /usr/lib/gcc/arm-none-eabi/4.9.3/../../../arm-none-eabi/lib/armv7e-m/fpu/libc_nano.a(lib_a-nano-vfprintf_float.o)
 .rodata.str1.1
                0x0000000008008948       0x22 /usr/lib/gcc/arm-none-eabi/4.9.3/../../../arm-none-eabi/lib/armv7e-m/fpu/libc_nano.a(lib_a-nano-vfprintf_i.o)
 .rodata.str1.1
                0x000000000800896a        0xd /usr/lib/gcc/arm-none-eabi/4.9.3/../../../arm-none-eabi/lib/armv7e-m/fpu/libc_nano.a(lib_a-dtoa.o)
                                          0xf (size before relaxing)
 .rodata.str1.1
                0x0000000008008977        0x8 /usr/lib/gcc/arm-none-eabi/4.9.3/../../../arm-none-eabi/lib/armv7e-m/fpu/libc_nano.a(lib_a-locale.o)
                                          0xb (size before relaxing)
 *fill*         0x000000000800897f        0x1 
 .rodata.__mprec_tens
                0x0000000008008980       0xc8 /usr/lib/gcc/arm-none-eabi/4.9.3/../../../arm-none-eabi/lib/armv7e-m/fpu/libc_nano.a(lib_a-mprec.o)
                0x0000000008008980                __mprec_tens
 .rodata.__mprec_bigtens
                0x0000000008008a48       0x28 /usr/lib/gcc/arm-none-eabi/4.9.3/../../../arm-none-eabi/lib/armv7e-m/fpu/libc_nano.a(lib_a-mprec.o)
                0x0000000008008a48                __mprec_bigtens
 .rodata.p05.5314
                0x0000000008008a70        0xc /usr/lib/gcc/arm-none-eabi/4.9.3/../../../arm-none-eabi/lib/armv7e-m/fpu/libc_nano.a(lib_a-mprec.o)
 .rodata.str1.1
                0x0000000008008a7c       0x11 /usr/lib/gcc/arm-none-eabi/4.9.3/../../../arm-none-eabi/lib/armv7e-m/fpu/libc_nano.a(lib_a-nano-svfprintf.o)
 *fill*         0x0000000008008a8d        0x3 
 .rodata.str1.4
                0x0000000008008a90        0x8 /usr/lib/gcc/arm-none-eabi/4.9.3/../../../arm-none-eabi/lib/armv7e-m/fpu/libm.a(lib_a-w_sqrt.o)
                0x0000000008008a98                . = ALIGN (0x4)

.ARM.extab
 *(.ARM.extab* .gnu.linkonce.armextab.*)

.ARM            0x0000000008008a98        0x8
                0x0000000008008a98                __exidx_start = .
 *(.ARM.exidx*)
 .ARM.exidx     0x0000000008008a98        0x8 /usr/lib/gcc/arm-none-eabi/4.9.3/armv7e-m/fpu/libgcc.a(_divdi3.o)
 .ARM.exidx     0x0000000008008aa0        0x0 /usr/lib/gcc/arm-none-eabi/4.9.3/armv7e-m/fpu/libgcc.a(_udivdi3.o)
                                          0x8 (size before relaxing)
                0x0000000008008aa0                __exidx_end = .

.rel.dyn        0x0000000008008aa0        0x0
 .rel.iplt      0x0000000008008aa0        0x0 /usr/lib/gcc/arm-none-eabi/4.9.3/armv7e-m/fpu/crtbegin.o

.preinit_array  0x0000000008008aa0        0x0
                0x0000000008008aa0                PROVIDE (__preinit_array_start, .)
 *(.preinit_array*)
                0x0000000008008aa0                PROVIDE (__preinit_array_end, .)

.init_array     0x0000000008008aa0        0x4
                0x0000000008008aa0                PROVIDE (__init_array_start, .)
 *(SORT(.init_array.*))
 *(.init_array*)
 .init_array    0x0000000008008aa0        0x4 /usr/lib/gcc/arm-none-eabi/4.9.3/armv7e-m/fpu/crtbegin.o
                0x0000000008008aa4                PROVIDE (__init_array_end, .)

.fini_array     0x0000000008008aa4        0x4
                0x0000000008008aa4                PROVIDE (__fini_array_start, .)
 *(SORT(.fini_array.*))
 *(.fini_array*)
 .fini_array    0x0000000008008aa4        0x4 /usr/lib/gcc/arm-none-eabi/4.9.3/armv7e-m/fpu/crtbegin.o
                0x0000000008008aa8                PROVIDE (__fini_array_end, .)
                0x0000000008008aa8                _sidata = LOADADDR (.data)

.data           0x0000000020000000       0xa4 load address 0x0000000008008aa8
                0x0000000020000000                . = ALIGN (0x4)
                0x0000000020000000                _sdata = .
 *(.data)
 *(.data*)
 .data.SystemCoreClock
                0x0000000020000000        0x4 build/system_stm32f3xx.o
                0x0000000020000000                SystemCoreClock
 .data.impure_data
                0x0000000020000004       0x60 /usr/lib/gcc/arm-none-eabi/4.9.3/../../../arm-none-eabi/lib/armv7e-m/fpu/libc_nano.a(lib_a-impure.o)
 .data._impure_ptr
                0x0000000020000064        0x4 /usr/lib/gcc/arm-none-eabi/4.9.3/../../../arm-none-eabi/lib/armv7e-m/fpu/libc_nano.a(lib_a-impure.o)
                0x0000000020000064                _impure_ptr
 .data.lconv    0x0000000020000068       0x38 /usr/lib/gcc/arm-none-eabi/4.9.3/../../../arm-none-eabi/lib/armv7e-m/fpu/libc_nano.a(lib_a-locale.o)
 .data.__fdlib_version
                0x00000000200000a0        0x1 /usr/lib/gcc/arm-none-eabi/4.9.3/../../../arm-none-eabi/lib/armv7e-m/fpu/libm.a(lib_a-s_lib_ver.o)
                0x00000000200000a0                __fdlib_version
                0x00000000200000a4                . = ALIGN (0x4)
 *fill*         0x00000000200000a1        0x3 
                0x00000000200000a4                _edata = .
                0x0000000008008b4c                _siccmram = LOADADDR (.ccmram)

.jcr            0x00000000200000a4        0x0 load address 0x0000000008008b4c
 .jcr           0x00000000200000a4        0x0 /usr/lib/gcc/arm-none-eabi/4.9.3/armv7e-m/fpu/crtbegin.o

.tm_clone_table
                0x00000000200000a4        0x0 load address 0x0000000008008b4c
 .tm_clone_table
                0x00000000200000a4        0x0 /usr/lib/gcc/arm-none-eabi/4.9.3/armv7e-m/fpu/crtbegin.o
 .tm_clone_table
                0x00000000200000a4        0x0 /usr/lib/gcc/arm-none-eabi/4.9.3/armv7e-m/fpu/crtend.o

.igot.plt       0x00000000200000a4        0x0 load address 0x0000000008008b4c
 .igot.plt      0x00000000200000a4        0x0 /usr/lib/gcc/arm-none-eabi/4.9.3/armv7e-m/fpu/crtbegin.o

.ccmram         0x0000000010000000        0x0 load address 0x0000000008008b4c
                0x0000000010000000                . = ALIGN (0x4)
                0x0000000010000000                _sccmram = .
 *(.ccmram)
 *(.ccmram*)
                0x0000000010000000                . = ALIGN (0x4)
                0x0000000010000000                _eccmram = .
                0x0000000010000000                . = ALIGN (0x4)

.bss            0x00000000200000a8     0x3934
                0x00000000200000a8                _sbss = .
                0x00000000200000a8                __bss_start__ = _sbss
 *(.bss)
 .bss           0x00000000200000a8       0x1c /usr/lib/gcc/arm-none-eabi/4.9.3/armv7e-m/fpu/crtbegin.o
 *(.bss*)
 .bss.HAL_RCC_ADC12_CLK_ENABLED
                0x00000000200000c4        0x4 build/adc.o
 .bss.HAL_RCC_ADC34_CLK_ENABLED
                0x00000000200000c8        0x4 build/adc.o
 .bss.isr_index
                0x00000000200000cc        0x4 build/adc.o
 .bss.adc_dma_buff
                0x00000000200000d0     0x2bc0 build/adc.o
 .bss.power_stats.9088
                0x0000000020002c90      0x2d0 build/power.o
 .bss.intvl_power_stats
                0x0000000020002f60      0x2d0 build/power.o
 .bss.bus_status
                0x0000000020003230        0x2 build/ds18b20.o
 .bss.conversion_in_progress.9079
                0x0000000020003232        0x1 build/ds18b20.o
 *fill*         0x0000000020003233        0x1 
 .bss.rx_buff   0x0000000020003234       0x14 build/ds18b20.o
 .bss.last_readout.9078
                0x0000000020003248        0x4 build/ds18b20.o
 .bss.temp_f    0x000000002000324c        0x8 build/ds18b20.o
 .bss.crc_status
                0x0000000020003254        0x2 build/ds18b20.o
 *fill*         0x0000000020003256        0x2 
 .bss.temp_i    0x0000000020003258        0x4 build/ds18b20.o
 .bss.tx_buff   0x000000002000325c        0xa build/ds18b20.o
 *fill*         0x0000000020003266        0x2 
 .bss.romaddr   0x0000000020003268       0x10 build/ds18b20.o
 .bss.rx_buff   0x0000000020003278       0xc0 build/usart.o
 .bss.tx_buff   0x0000000020003338       0xc0 build/usart.o
 .bss.last_readout
                0x00000000200033f8        0x4 build/main.o
 .bss.__malloc_sbrk_start
                0x00000000200033fc        0x4 /usr/lib/gcc/arm-none-eabi/4.9.3/../../../arm-none-eabi/lib/armv7e-m/fpu/libc_nano.a(lib_a-nano-mallocr.o)
                0x00000000200033fc                __malloc_sbrk_start
 .bss.__malloc_free_list
                0x0000000020003400        0x4 /usr/lib/gcc/arm-none-eabi/4.9.3/../../../arm-none-eabi/lib/armv7e-m/fpu/libc_nano.a(lib_a-nano-mallocr.o)
                0x0000000020003400                __malloc_free_list
 .bss.heap_end.4079
                0x0000000020003404        0x4 /usr/lib/gcc/arm-none-eabi/4.9.3/../../../arm-none-eabi/lib/armv7e-m/fpu/libnosys.a(sbrk.o)
 *(COMMON)
 COMMON         0x0000000020003408      0x260 build/adc.o
                0x0000000020003408                hdma_adc4
                0x000000002000344c                hadc2
                0x00000000200034a0                hdma_adc3
                0x00000000200034e4                hadc1
                0x0000000020003538                hadc3
                0x000000002000358c                hdma_adc1
                0x00000000200035d0                hadc4
                0x0000000020003624                hdma_adc2
 COMMON         0x0000000020003668      0x264 build/usart.o
                0x0000000020003668                hdma_usart3_rx
                0x00000000200036ac                huart3
                0x000000002000371c                hdma_usart3_tx
                0x0000000020003760                tx_busy
                0x0000000020003764                hdma_usart1_tx
                0x00000000200037a8                hdma_usart1_rx
                0x00000000200037ec                huart1
                0x000000002000385c                huart2
 COMMON         0x00000000200038cc       0xc8 build/main.o
                0x00000000200038cc                log_buffer
 COMMON         0x0000000020003994       0x40 build/tim.o
                0x0000000020003994                htim8
 COMMON         0x00000000200039d4        0x4 build/stm32f3xx_hal.o
                0x00000000200039d4                uwTick
 COMMON         0x00000000200039d8        0x4 /usr/lib/gcc/arm-none-eabi/4.9.3/../../../arm-none-eabi/lib/armv7e-m/fpu/libc_nano.a(lib_a-reent.o)
                0x00000000200039d8                errno
                0x00000000200039dc                . = ALIGN (0x4)
                0x00000000200039dc                _ebss = .
                0x00000000200039dc                __bss_end__ = _ebss

._user_heap_stack
                0x00000000200039dc      0x604
                0x00000000200039e0                . = ALIGN (0x8)
 *fill*         0x00000000200039dc        0x4 
                0x00000000200039e0                PROVIDE (end, .)
                [!provide]                        PROVIDE (_end, .)
                0x0000000020003be0                . = (. + _Min_Heap_Size)
 *fill*         0x00000000200039e0      0x200 
                0x0000000020003fe0                . = (. + _Min_Stack_Size)
 *fill*         0x0000000020003be0      0x400 
                0x0000000020003fe0                . = ALIGN (0x8)

/DISCARD/
 libc.a(*)
 libm.a(*)
 libgcc.a(*)

.ARM.attributes
                0x0000000000000000       0x30
 *(.ARM.attributes)
 .ARM.attributes
                0x0000000000000000       0x22 /usr/lib/gcc/arm-none-eabi/4.9.3/armv7e-m/fpu/crti.o
 .ARM.attributes
                0x0000000000000022       0x34 /usr/lib/gcc/arm-none-eabi/4.9.3/armv7e-m/fpu/crtbegin.o
 .ARM.attributes
                0x0000000000000056       0x39 build/adc.o
 .ARM.attributes
                0x000000000000008f       0x39 build/power.o
 .ARM.attributes
                0x00000000000000c8       0x39 build/ds18b20.o
 .ARM.attributes
                0x0000000000000101       0x39 build/stm32f3xx_hal_msp.o
 .ARM.attributes
                0x000000000000013a       0x39 build/stm32f3xx_hal_uart.o
 .ARM.attributes
                0x0000000000000173       0x39 build/stm32f3xx_hal_adc_ex.o
 .ARM.attributes
                0x00000000000001ac       0x39 build/stm32f3xx_hal_adc.o
 .ARM.attributes
                0x00000000000001e5       0x39 build/stm32f3xx_hal_tim.o
 .ARM.attributes
                0x000000000000021e       0x39 build/stm32f3xx_hal_gpio.o
 .ARM.attributes
                0x0000000000000257       0x39 build/usart.o
 .ARM.attributes
                0x0000000000000290       0x39 build/stm32f3xx_hal_rcc_ex.o
 .ARM.attributes
                0x00000000000002c9       0x39 build/gpio.o
 .ARM.attributes
                0x0000000000000302       0x39 build/stm32f3xx_hal_cortex.o
 .ARM.attributes
                0x000000000000033b       0x39 build/main.o
 .ARM.attributes
                0x0000000000000374       0x39 build/stm32f3xx_it.o
 .ARM.attributes
                0x00000000000003ad       0x39 build/stm32f3xx_hal_dma.o
 .ARM.attributes
                0x00000000000003e6       0x39 build/system_stm32f3xx.o
 .ARM.attributes
                0x000000000000041f       0x39 build/dma.o
 .ARM.attributes
                0x0000000000000458       0x39 build/stm32f3xx_hal_tim_ex.o
 .ARM.attributes
                0x0000000000000491       0x39 build/tim.o
 .ARM.attributes
                0x00000000000004ca       0x39 build/stm32f3xx_hal_uart_ex.o
 .ARM.attributes
                0x0000000000000503       0x39 build/stm32f3xx_hal_rcc.o
 .ARM.attributes
                0x000000000000053c       0x39 build/stm32f3xx_hal.o
 .ARM.attributes
                0x0000000000000575       0x21 build/startup_stm32f303xe.o
 .ARM.attributes
                0x0000000000000596       0x34 /usr/lib/gcc/arm-none-eabi/4.9.3/../../../arm-none-eabi/lib/armv7e-m/fpu/libc_nano.a(lib_a-impure.o)
 .ARM.attributes
                0x00000000000005ca       0x34 /usr/lib/gcc/arm-none-eabi/4.9.3/../../../arm-none-eabi/lib/armv7e-m/fpu/libc_nano.a(lib_a-init.o)
 .ARM.attributes
                0x00000000000005fe       0x34 /usr/lib/gcc/arm-none-eabi/4.9.3/../../../arm-none-eabi/lib/armv7e-m/fpu/libc_nano.a(lib_a-memset.o)
 .ARM.attributes
                0x0000000000000632       0x34 /usr/lib/gcc/arm-none-eabi/4.9.3/../../../arm-none-eabi/lib/armv7e-m/fpu/libc_nano.a(lib_a-nano-vfprintf_float.o)
 .ARM.attributes
                0x0000000000000666       0x34 /usr/lib/gcc/arm-none-eabi/4.9.3/../../../arm-none-eabi/lib/armv7e-m/fpu/libc_nano.a(lib_a-nano-vfprintf_i.o)
 .ARM.attributes
                0x000000000000069a       0x34 /usr/lib/gcc/arm-none-eabi/4.9.3/../../../arm-none-eabi/lib/armv7e-m/fpu/libc_nano.a(lib_a-s_fpclassify.o)
 .ARM.attributes
                0x00000000000006ce       0x34 /usr/lib/gcc/arm-none-eabi/4.9.3/../../../arm-none-eabi/lib/armv7e-m/fpu/libc_nano.a(lib_a-snprintf.o)
 .ARM.attributes
                0x0000000000000702       0x34 /usr/lib/gcc/arm-none-eabi/4.9.3/../../../arm-none-eabi/lib/armv7e-m/fpu/libc_nano.a(lib_a-strlen.o)
 .ARM.attributes
                0x0000000000000736       0x34 /usr/lib/gcc/arm-none-eabi/4.9.3/../../../arm-none-eabi/lib/armv7e-m/fpu/libc_nano.a(lib_a-dtoa.o)
 .ARM.attributes
                0x000000000000076a       0x34 /usr/lib/gcc/arm-none-eabi/4.9.3/../../../arm-none-eabi/lib/armv7e-m/fpu/libc_nano.a(lib_a-locale.o)
 .ARM.attributes
                0x000000000000079e       0x34 /usr/lib/gcc/arm-none-eabi/4.9.3/../../../arm-none-eabi/lib/armv7e-m/fpu/libc_nano.a(lib_a-malloc.o)
 .ARM.attributes
                0x00000000000007d2       0x34 /usr/lib/gcc/arm-none-eabi/4.9.3/../../../arm-none-eabi/lib/armv7e-m/fpu/libc_nano.a(lib_a-memchr.o)
 .ARM.attributes
                0x0000000000000806       0x34 /usr/lib/gcc/arm-none-eabi/4.9.3/../../../arm-none-eabi/lib/armv7e-m/fpu/libc_nano.a(lib_a-memcpy.o)
 .ARM.attributes
                0x000000000000083a       0x34 /usr/lib/gcc/arm-none-eabi/4.9.3/../../../arm-none-eabi/lib/armv7e-m/fpu/libc_nano.a(lib_a-mprec.o)
 .ARM.attributes
                0x000000000000086e       0x34 /usr/lib/gcc/arm-none-eabi/4.9.3/../../../arm-none-eabi/lib/armv7e-m/fpu/libc_nano.a(lib_a-nano-callocr.o)
 .ARM.attributes
                0x00000000000008a2       0x34 /usr/lib/gcc/arm-none-eabi/4.9.3/../../../arm-none-eabi/lib/armv7e-m/fpu/libc_nano.a(lib_a-nano-freer.o)
 .ARM.attributes
                0x00000000000008d6       0x34 /usr/lib/gcc/arm-none-eabi/4.9.3/../../../arm-none-eabi/lib/armv7e-m/fpu/libc_nano.a(lib_a-nano-mallocr.o)
 .ARM.attributes
                0x000000000000090a       0x34 /usr/lib/gcc/arm-none-eabi/4.9.3/../../../arm-none-eabi/lib/armv7e-m/fpu/libc_nano.a(lib_a-nano-svfprintf.o)
 .ARM.attributes
                0x000000000000093e       0x34 /usr/lib/gcc/arm-none-eabi/4.9.3/../../../arm-none-eabi/lib/armv7e-m/fpu/libc_nano.a(lib_a-sbrkr.o)
 .ARM.attributes
                0x0000000000000972       0x34 /usr/lib/gcc/arm-none-eabi/4.9.3/../../../arm-none-eabi/lib/armv7e-m/fpu/libc_nano.a(lib_a-memmove.o)
 .ARM.attributes
                0x00000000000009a6       0x34 /usr/lib/gcc/arm-none-eabi/4.9.3/../../../arm-none-eabi/lib/armv7e-m/fpu/libc_nano.a(lib_a-nano-reallocr.o)
 .ARM.attributes
                0x00000000000009da       0x34 /usr/lib/gcc/arm-none-eabi/4.9.3/../../../arm-none-eabi/lib/armv7e-m/fpu/libc_nano.a(lib_a-reent.o)
 .ARM.attributes
                0x0000000000000a0e       0x34 /usr/lib/gcc/arm-none-eabi/4.9.3/../../../arm-none-eabi/lib/armv7e-m/fpu/libc_nano.a(lib_a-nano-msizer.o)
 .ARM.attributes
                0x0000000000000a42       0x34 /usr/lib/gcc/arm-none-eabi/4.9.3/../../../arm-none-eabi/lib/armv7e-m/fpu/libm.a(lib_a-w_sqrt.o)
 .ARM.attributes
                0x0000000000000a76       0x34 /usr/lib/gcc/arm-none-eabi/4.9.3/../../../arm-none-eabi/lib/armv7e-m/fpu/libm.a(lib_a-e_sqrt.o)
 .ARM.attributes
                0x0000000000000aaa       0x34 /usr/lib/gcc/arm-none-eabi/4.9.3/../../../arm-none-eabi/lib/armv7e-m/fpu/libm.a(lib_a-s_lib_ver.o)
 .ARM.attributes
                0x0000000000000ade       0x34 /usr/lib/gcc/arm-none-eabi/4.9.3/../../../arm-none-eabi/lib/armv7e-m/fpu/libm.a(lib_a-s_matherr.o)
 .ARM.attributes
                0x0000000000000b12       0x34 /usr/lib/gcc/arm-none-eabi/4.9.3/../../../arm-none-eabi/lib/armv7e-m/fpu/libnosys.a(sbrk.o)
 .ARM.attributes
                0x0000000000000b46       0x22 /usr/lib/gcc/arm-none-eabi/4.9.3/armv7e-m/fpu/libgcc.a(_arm_addsubdf3.o)
 .ARM.attributes
                0x0000000000000b68       0x22 /usr/lib/gcc/arm-none-eabi/4.9.3/armv7e-m/fpu/libgcc.a(_arm_muldivdf3.o)
 .ARM.attributes
                0x0000000000000b8a       0x22 /usr/lib/gcc/arm-none-eabi/4.9.3/armv7e-m/fpu/libgcc.a(_arm_cmpdf2.o)
 .ARM.attributes
                0x0000000000000bac       0x22 /usr/lib/gcc/arm-none-eabi/4.9.3/armv7e-m/fpu/libgcc.a(_arm_fixdfsi.o)
 .ARM.attributes
                0x0000000000000bce       0x22 /usr/lib/gcc/arm-none-eabi/4.9.3/armv7e-m/fpu/libgcc.a(_arm_truncdfsf2.o)
 .ARM.attributes
                0x0000000000000bf0       0x22 /usr/lib/gcc/arm-none-eabi/4.9.3/armv7e-m/fpu/libgcc.a(_aeabi_ldivmod.o)
 .ARM.attributes
                0x0000000000000c12       0x34 /usr/lib/gcc/arm-none-eabi/4.9.3/armv7e-m/fpu/libgcc.a(bpabi.o)
 .ARM.attributes
                0x0000000000000c46       0x22 /usr/lib/gcc/arm-none-eabi/4.9.3/armv7e-m/fpu/libgcc.a(_dvmd_tls.o)
 .ARM.attributes
                0x0000000000000c68       0x34 /usr/lib/gcc/arm-none-eabi/4.9.3/armv7e-m/fpu/libgcc.a(_divdi3.o)
 .ARM.attributes
                0x0000000000000c9c       0x34 /usr/lib/gcc/arm-none-eabi/4.9.3/armv7e-m/fpu/libgcc.a(_udivdi3.o)
 .ARM.attributes
                0x0000000000000cd0       0x34 /usr/lib/gcc/arm-none-eabi/4.9.3/../../../arm-none-eabi/lib/armv7e-m/fpu/libc_nano.a(lib_a-errno.o)
 .ARM.attributes
                0x0000000000000d04       0x34 /usr/lib/gcc/arm-none-eabi/4.9.3/armv7e-m/fpu/crtend.o
 .ARM.attributes
                0x0000000000000d38       0x22 /usr/lib/gcc/arm-none-eabi/4.9.3/armv7e-m/fpu/crtn.o
OUTPUT(build/emonTxshield.elf elf32-littlearm)

.comment        0x0000000000000000       0x70
 .comment       0x0000000000000000       0x38 /usr/lib/gcc/arm-none-eabi/4.9.3/armv7e-m/fpu/crtbegin.o
                                         0x39 (size before relaxing)
 .comment       0x0000000000000038       0x39 build/adc.o
 .comment       0x0000000000000038       0x39 build/power.o
 .comment       0x0000000000000038       0x39 build/ds18b20.o
 .comment       0x0000000000000038       0x39 build/stm32f3xx_hal_msp.o
 .comment       0x0000000000000038       0x39 build/stm32f3xx_hal_uart.o
 .comment       0x0000000000000038       0x39 build/stm32f3xx_hal_adc_ex.o
 .comment       0x0000000000000038       0x39 build/stm32f3xx_hal_adc.o
 .comment       0x0000000000000038       0x39 build/stm32f3xx_hal_tim.o
 .comment       0x0000000000000038       0x39 build/stm32f3xx_hal_gpio.o
 .comment       0x0000000000000038       0x39 build/usart.o
 .comment       0x0000000000000038       0x39 build/stm32f3xx_hal_rcc_ex.o
 .comment       0x0000000000000038       0x39 build/gpio.o
 .comment       0x0000000000000038       0x39 build/stm32f3xx_hal_cortex.o
 .comment       0x0000000000000038       0x39 build/main.o
 .comment       0x0000000000000038       0x39 build/stm32f3xx_it.o
 .comment       0x0000000000000038       0x39 build/stm32f3xx_hal_dma.o
 .comment       0x0000000000000038       0x39 build/system_stm32f3xx.o
 .comment       0x0000000000000038       0x39 build/dma.o
 .comment       0x0000000000000038       0x39 build/stm32f3xx_hal_tim_ex.o
 .comment       0x0000000000000038       0x39 build/tim.o
 .comment       0x0000000000000038       0x39 build/stm32f3xx_hal_uart_ex.o
 .comment       0x0000000000000038       0x39 build/stm32f3xx_hal_rcc.o
 .comment       0x0000000000000038       0x39 build/stm32f3xx_hal.o
 .comment       0x0000000000000038       0x38 /usr/lib/gcc/arm-none-eabi/4.9.3/../../../arm-none-eabi/lib/armv7e-m/fpu/libc_nano.a(lib_a-impure.o)
                                         0x39 (size before relaxing)
 .comment       0x0000000000000070       0x39 /usr/lib/gcc/arm-none-eabi/4.9.3/../../../arm-none-eabi/lib/armv7e-m/fpu/libc_nano.a(lib_a-init.o)
 .comment       0x0000000000000070       0x39 /usr/lib/gcc/arm-none-eabi/4.9.3/../../../arm-none-eabi/lib/armv7e-m/fpu/libc_nano.a(lib_a-memset.o)
 .comment       0x0000000000000070       0x39 /usr/lib/gcc/arm-none-eabi/4.9.3/../../../arm-none-eabi/lib/armv7e-m/fpu/libc_nano.a(lib_a-nano-vfprintf_float.o)
 .comment       0x0000000000000070       0x39 /usr/lib/gcc/arm-none-eabi/4.9.3/../../../arm-none-eabi/lib/armv7e-m/fpu/libc_nano.a(lib_a-nano-vfprintf_i.o)
 .comment       0x0000000000000070       0x39 /usr/lib/gcc/arm-none-eabi/4.9.3/../../../arm-none-eabi/lib/armv7e-m/fpu/libc_nano.a(lib_a-s_fpclassify.o)
 .comment       0x0000000000000070       0x39 /usr/lib/gcc/arm-none-eabi/4.9.3/../../../arm-none-eabi/lib/armv7e-m/fpu/libc_nano.a(lib_a-snprintf.o)
 .comment       0x0000000000000070       0x39 /usr/lib/gcc/arm-none-eabi/4.9.3/../../../arm-none-eabi/lib/armv7e-m/fpu/libc_nano.a(lib_a-strlen.o)
 .comment       0x0000000000000070       0x39 /usr/lib/gcc/arm-none-eabi/4.9.3/../../../arm-none-eabi/lib/armv7e-m/fpu/libc_nano.a(lib_a-dtoa.o)
 .comment       0x0000000000000070       0x39 /usr/lib/gcc/arm-none-eabi/4.9.3/../../../arm-none-eabi/lib/armv7e-m/fpu/libc_nano.a(lib_a-locale.o)
 .comment       0x0000000000000070       0x39 /usr/lib/gcc/arm-none-eabi/4.9.3/../../../arm-none-eabi/lib/armv7e-m/fpu/libc_nano.a(lib_a-malloc.o)
 .comment       0x0000000000000070       0x39 /usr/lib/gcc/arm-none-eabi/4.9.3/../../../arm-none-eabi/lib/armv7e-m/fpu/libc_nano.a(lib_a-memchr.o)
 .comment       0x0000000000000070       0x39 /usr/lib/gcc/arm-none-eabi/4.9.3/../../../arm-none-eabi/lib/armv7e-m/fpu/libc_nano.a(lib_a-memcpy.o)
 .comment       0x0000000000000070       0x39 /usr/lib/gcc/arm-none-eabi/4.9.3/../../../arm-none-eabi/lib/armv7e-m/fpu/libc_nano.a(lib_a-mprec.o)
 .comment       0x0000000000000070       0x39 /usr/lib/gcc/arm-none-eabi/4.9.3/../../../arm-none-eabi/lib/armv7e-m/fpu/libc_nano.a(lib_a-nano-callocr.o)
 .comment       0x0000000000000070       0x39 /usr/lib/gcc/arm-none-eabi/4.9.3/../../../arm-none-eabi/lib/armv7e-m/fpu/libc_nano.a(lib_a-nano-freer.o)
 .comment       0x0000000000000070       0x39 /usr/lib/gcc/arm-none-eabi/4.9.3/../../../arm-none-eabi/lib/armv7e-m/fpu/libc_nano.a(lib_a-nano-mallocr.o)
 .comment       0x0000000000000070       0x39 /usr/lib/gcc/arm-none-eabi/4.9.3/../../../arm-none-eabi/lib/armv7e-m/fpu/libc_nano.a(lib_a-nano-svfprintf.o)
 .comment       0x0000000000000070       0x39 /usr/lib/gcc/arm-none-eabi/4.9.3/../../../arm-none-eabi/lib/armv7e-m/fpu/libc_nano.a(lib_a-sbrkr.o)
 .comment       0x0000000000000070       0x39 /usr/lib/gcc/arm-none-eabi/4.9.3/../../../arm-none-eabi/lib/armv7e-m/fpu/libc_nano.a(lib_a-memmove.o)
 .comment       0x0000000000000070       0x39 /usr/lib/gcc/arm-none-eabi/4.9.3/../../../arm-none-eabi/lib/armv7e-m/fpu/libc_nano.a(lib_a-nano-reallocr.o)
 .comment       0x0000000000000070       0x39 /usr/lib/gcc/arm-none-eabi/4.9.3/../../../arm-none-eabi/lib/armv7e-m/fpu/libc_nano.a(lib_a-reent.o)
 .comment       0x0000000000000070       0x39 /usr/lib/gcc/arm-none-eabi/4.9.3/../../../arm-none-eabi/lib/armv7e-m/fpu/libc_nano.a(lib_a-nano-msizer.o)
 .comment       0x0000000000000070       0x39 /usr/lib/gcc/arm-none-eabi/4.9.3/../../../arm-none-eabi/lib/armv7e-m/fpu/libm.a(lib_a-w_sqrt.o)
 .comment       0x0000000000000070       0x39 /usr/lib/gcc/arm-none-eabi/4.9.3/../../../arm-none-eabi/lib/armv7e-m/fpu/libm.a(lib_a-e_sqrt.o)
 .comment       0x0000000000000070       0x39 /usr/lib/gcc/arm-none-eabi/4.9.3/../../../arm-none-eabi/lib/armv7e-m/fpu/libm.a(lib_a-s_lib_ver.o)
 .comment       0x0000000000000070       0x39 /usr/lib/gcc/arm-none-eabi/4.9.3/../../../arm-none-eabi/lib/armv7e-m/fpu/libm.a(lib_a-s_matherr.o)
 .comment       0x0000000000000070       0x39 /usr/lib/gcc/arm-none-eabi/4.9.3/../../../arm-none-eabi/lib/armv7e-m/fpu/libnosys.a(sbrk.o)
 .comment       0x0000000000000070       0x39 /usr/lib/gcc/arm-none-eabi/4.9.3/armv7e-m/fpu/libgcc.a(bpabi.o)
 .comment       0x0000000000000070       0x39 /usr/lib/gcc/arm-none-eabi/4.9.3/armv7e-m/fpu/libgcc.a(_divdi3.o)
 .comment       0x0000000000000070       0x39 /usr/lib/gcc/arm-none-eabi/4.9.3/armv7e-m/fpu/libgcc.a(_udivdi3.o)
 .comment       0x0000000000000070       0x39 /usr/lib/gcc/arm-none-eabi/4.9.3/../../../arm-none-eabi/lib/armv7e-m/fpu/libc_nano.a(lib_a-errno.o)
 .comment       0x0000000000000070       0x39 /usr/lib/gcc/arm-none-eabi/4.9.3/armv7e-m/fpu/crtend.o

.debug_info     0x0000000000000000    0x22c43
 .debug_info    0x0000000000000000     0x1fac build/adc.o
 .debug_info    0x0000000000001fac      0x571 build/power.o
 .debug_info    0x000000000000251d      0x6fc build/ds18b20.o
 .debug_info    0x0000000000002c19      0x4f6 build/stm32f3xx_hal_msp.o
 .debug_info    0x000000000000310f     0x1b64 build/stm32f3xx_hal_uart.o
 .debug_info    0x0000000000004c73     0x1c66 build/stm32f3xx_hal_adc_ex.o
 .debug_info    0x00000000000068d9      0xc13 build/stm32f3xx_hal_adc.o
 .debug_info    0x00000000000074ec     0x3285 build/stm32f3xx_hal_tim.o
 .debug_info    0x000000000000a771      0x7af build/stm32f3xx_hal_gpio.o
 .debug_info    0x000000000000af20     0x165d build/usart.o
 .debug_info    0x000000000000c57d      0x82f build/stm32f3xx_hal_rcc_ex.o
 .debug_info    0x000000000000cdac      0x4a5 build/gpio.o
 .debug_info    0x000000000000d251      0xf6f build/stm32f3xx_hal_cortex.o
 .debug_info    0x000000000000e1c0      0xb95 build/main.o
 .debug_info    0x000000000000ed55      0x8d2 build/stm32f3xx_it.o
 .debug_info    0x000000000000f627      0x850 build/stm32f3xx_hal_dma.o
 .debug_info    0x000000000000fe77      0x435 build/system_stm32f3xx.o
 .debug_info    0x00000000000102ac      0x5b3 build/dma.o
 .debug_info    0x000000000001085f     0x1885 build/stm32f3xx_hal_tim_ex.o
 .debug_info    0x00000000000120e4      0xe20 build/tim.o
 .debug_info    0x0000000000012f04      0x9e3 build/stm32f3xx_hal_uart_ex.o
 .debug_info    0x00000000000138e7     0x14ec build/stm32f3xx_hal_rcc.o
 .debug_info    0x0000000000014dd3      0x84e build/stm32f3xx_hal.o
 .debug_info    0x0000000000015621       0x66 build/startup_stm32f303xe.o
 .debug_info    0x0000000000015687      0x7d3 /usr/lib/gcc/arm-none-eabi/4.9.3/../../../arm-none-eabi/lib/armv7e-m/fpu/libc_nano.a(lib_a-impure.o)
 .debug_info    0x0000000000015e5a      0x105 /usr/lib/gcc/arm-none-eabi/4.9.3/../../../arm-none-eabi/lib/armv7e-m/fpu/libc_nano.a(lib_a-init.o)
 .debug_info    0x0000000000015f5f       0xd3 /usr/lib/gcc/arm-none-eabi/4.9.3/../../../arm-none-eabi/lib/armv7e-m/fpu/libc_nano.a(lib_a-memset.o)
 .debug_info    0x0000000000016032     0x10da /usr/lib/gcc/arm-none-eabi/4.9.3/../../../arm-none-eabi/lib/armv7e-m/fpu/libc_nano.a(lib_a-nano-vfprintf_float.o)
 .debug_info    0x000000000001710c      0xb5b /usr/lib/gcc/arm-none-eabi/4.9.3/../../../arm-none-eabi/lib/armv7e-m/fpu/libc_nano.a(lib_a-nano-vfprintf_i.o)
 .debug_info    0x0000000000017c67      0x143 /usr/lib/gcc/arm-none-eabi/4.9.3/../../../arm-none-eabi/lib/armv7e-m/fpu/libc_nano.a(lib_a-s_fpclassify.o)
 .debug_info    0x0000000000017daa      0x8cb /usr/lib/gcc/arm-none-eabi/4.9.3/../../../arm-none-eabi/lib/armv7e-m/fpu/libc_nano.a(lib_a-snprintf.o)
 .debug_info    0x0000000000018675       0xcd /usr/lib/gcc/arm-none-eabi/4.9.3/../../../arm-none-eabi/lib/armv7e-m/fpu/libc_nano.a(lib_a-strlen.o)
 .debug_info    0x0000000000018742     0x11e2 /usr/lib/gcc/arm-none-eabi/4.9.3/../../../arm-none-eabi/lib/armv7e-m/fpu/libc_nano.a(lib_a-dtoa.o)
 .debug_info    0x0000000000019924      0xad2 /usr/lib/gcc/arm-none-eabi/4.9.3/../../../arm-none-eabi/lib/armv7e-m/fpu/libc_nano.a(lib_a-locale.o)
 .debug_info    0x000000000001a3f6      0x7c1 /usr/lib/gcc/arm-none-eabi/4.9.3/../../../arm-none-eabi/lib/armv7e-m/fpu/libc_nano.a(lib_a-malloc.o)
 .debug_info    0x000000000001abb7       0xf8 /usr/lib/gcc/arm-none-eabi/4.9.3/../../../arm-none-eabi/lib/armv7e-m/fpu/libc_nano.a(lib_a-memchr.o)
 .debug_info    0x000000000001acaf      0x104 /usr/lib/gcc/arm-none-eabi/4.9.3/../../../arm-none-eabi/lib/armv7e-m/fpu/libc_nano.a(lib_a-memcpy.o)
 .debug_info    0x000000000001adb3     0x15af /usr/lib/gcc/arm-none-eabi/4.9.3/../../../arm-none-eabi/lib/armv7e-m/fpu/libc_nano.a(lib_a-mprec.o)
 .debug_info    0x000000000001c362      0x7e8 /usr/lib/gcc/arm-none-eabi/4.9.3/../../../arm-none-eabi/lib/armv7e-m/fpu/libc_nano.a(lib_a-nano-callocr.o)
 .debug_info    0x000000000001cb4a      0x81a /usr/lib/gcc/arm-none-eabi/4.9.3/../../../arm-none-eabi/lib/armv7e-m/fpu/libc_nano.a(lib_a-nano-freer.o)
 .debug_info    0x000000000001d364      0x8fb /usr/lib/gcc/arm-none-eabi/4.9.3/../../../arm-none-eabi/lib/armv7e-m/fpu/libc_nano.a(lib_a-nano-mallocr.o)
 .debug_info    0x000000000001dc5f      0xdf4 /usr/lib/gcc/arm-none-eabi/4.9.3/../../../arm-none-eabi/lib/armv7e-m/fpu/libc_nano.a(lib_a-nano-svfprintf.o)
 .debug_info    0x000000000001ea53      0x7a0 /usr/lib/gcc/arm-none-eabi/4.9.3/../../../arm-none-eabi/lib/armv7e-m/fpu/libc_nano.a(lib_a-sbrkr.o)
 .debug_info    0x000000000001f1f3      0x102 /usr/lib/gcc/arm-none-eabi/4.9.3/../../../arm-none-eabi/lib/armv7e-m/fpu/libc_nano.a(lib_a-memmove.o)
 .debug_info    0x000000000001f2f5      0x8b5 /usr/lib/gcc/arm-none-eabi/4.9.3/../../../arm-none-eabi/lib/armv7e-m/fpu/libc_nano.a(lib_a-nano-reallocr.o)
 .debug_info    0x000000000001fbaa      0x8fb /usr/lib/gcc/arm-none-eabi/4.9.3/../../../arm-none-eabi/lib/armv7e-m/fpu/libc_nano.a(lib_a-reent.o)
 .debug_info    0x00000000000204a5      0x7b9 /usr/lib/gcc/arm-none-eabi/4.9.3/../../../arm-none-eabi/lib/armv7e-m/fpu/libc_nano.a(lib_a-nano-msizer.o)
 .debug_info    0x0000000000020c5e      0x21b /usr/lib/gcc/arm-none-eabi/4.9.3/../../../arm-none-eabi/lib/armv7e-m/fpu/libm.a(lib_a-w_sqrt.o)
 .debug_info    0x0000000000020e79      0x231 /usr/lib/gcc/arm-none-eabi/4.9.3/../../../arm-none-eabi/lib/armv7e-m/fpu/libm.a(lib_a-e_sqrt.o)
 .debug_info    0x00000000000210aa       0xbe /usr/lib/gcc/arm-none-eabi/4.9.3/../../../arm-none-eabi/lib/armv7e-m/fpu/libm.a(lib_a-s_lib_ver.o)
 .debug_info    0x0000000000021168      0x129 /usr/lib/gcc/arm-none-eabi/4.9.3/../../../arm-none-eabi/lib/armv7e-m/fpu/libm.a(lib_a-s_matherr.o)
 .debug_info    0x0000000000021291       0x99 /usr/lib/gcc/arm-none-eabi/4.9.3/../../../arm-none-eabi/lib/armv7e-m/fpu/libnosys.a(sbrk.o)
 .debug_info    0x000000000002132a       0xc2 /usr/lib/gcc/arm-none-eabi/4.9.3/armv7e-m/fpu/libgcc.a(_arm_addsubdf3.o)
 .debug_info    0x00000000000213ec       0xc2 /usr/lib/gcc/arm-none-eabi/4.9.3/armv7e-m/fpu/libgcc.a(_arm_muldivdf3.o)
 .debug_info    0x00000000000214ae       0xc2 /usr/lib/gcc/arm-none-eabi/4.9.3/armv7e-m/fpu/libgcc.a(_arm_cmpdf2.o)
 .debug_info    0x0000000000021570       0xc2 /usr/lib/gcc/arm-none-eabi/4.9.3/armv7e-m/fpu/libgcc.a(_arm_fixdfsi.o)
 .debug_info    0x0000000000021632       0xc2 /usr/lib/gcc/arm-none-eabi/4.9.3/armv7e-m/fpu/libgcc.a(_arm_truncdfsf2.o)
 .debug_info    0x00000000000216f4       0xbd /usr/lib/gcc/arm-none-eabi/4.9.3/armv7e-m/fpu/libgcc.a(_aeabi_ldivmod.o)
 .debug_info    0x00000000000217b1      0x164 /usr/lib/gcc/arm-none-eabi/4.9.3/armv7e-m/fpu/libgcc.a(bpabi.o)
 .debug_info    0x0000000000021915       0xc1 /usr/lib/gcc/arm-none-eabi/4.9.3/armv7e-m/fpu/libgcc.a(_dvmd_tls.o)
 .debug_info    0x00000000000219d6      0x5bc /usr/lib/gcc/arm-none-eabi/4.9.3/armv7e-m/fpu/libgcc.a(_divdi3.o)
 .debug_info    0x0000000000021f92      0x57c /usr/lib/gcc/arm-none-eabi/4.9.3/armv7e-m/fpu/libgcc.a(_udivdi3.o)
 .debug_info    0x000000000002250e      0x735 /usr/lib/gcc/arm-none-eabi/4.9.3/../../../arm-none-eabi/lib/armv7e-m/fpu/libc_nano.a(lib_a-errno.o)

.debug_abbrev   0x0000000000000000     0x5d6c
 .debug_abbrev  0x0000000000000000      0x315 build/adc.o
 .debug_abbrev  0x0000000000000315      0x1f9 build/power.o
 .debug_abbrev  0x000000000000050e      0x1be build/ds18b20.o
 .debug_abbrev  0x00000000000006cc      0x122 build/stm32f3xx_hal_msp.o
 .debug_abbrev  0x00000000000007ee      0x278 build/stm32f3xx_hal_uart.o
 .debug_abbrev  0x0000000000000a66      0x2ea build/stm32f3xx_hal_adc_ex.o
 .debug_abbrev  0x0000000000000d50      0x15f build/stm32f3xx_hal_adc.o
 .debug_abbrev  0x0000000000000eaf      0x28c build/stm32f3xx_hal_tim.o
 .debug_abbrev  0x000000000000113b      0x200 build/stm32f3xx_hal_gpio.o
 .debug_abbrev  0x000000000000133b      0x2fc build/usart.o
 .debug_abbrev  0x0000000000001637      0x24a build/stm32f3xx_hal_rcc_ex.o
 .debug_abbrev  0x0000000000001881      0x157 build/gpio.o
 .debug_abbrev  0x00000000000019d8      0x2c8 build/stm32f3xx_hal_cortex.o
 .debug_abbrev  0x0000000000001ca0      0x200 build/main.o
 .debug_abbrev  0x0000000000001ea0      0x144 build/stm32f3xx_it.o
 .debug_abbrev  0x0000000000001fe4      0x234 build/stm32f3xx_hal_dma.o
 .debug_abbrev  0x0000000000002218      0x103 build/system_stm32f3xx.o
 .debug_abbrev  0x000000000000231b      0x122 build/dma.o
 .debug_abbrev  0x000000000000243d      0x274 build/stm32f3xx_hal_tim_ex.o
 .debug_abbrev  0x00000000000026b1      0x253 build/tim.o
 .debug_abbrev  0x0000000000002904      0x229 build/stm32f3xx_hal_uart_ex.o
 .debug_abbrev  0x0000000000002b2d      0x309 build/stm32f3xx_hal_rcc.o
 .debug_abbrev  0x0000000000002e36      0x1f3 build/stm32f3xx_hal.o
 .debug_abbrev  0x0000000000003029       0x12 build/startup_stm32f303xe.o
 .debug_abbrev  0x000000000000303b      0x136 /usr/lib/gcc/arm-none-eabi/4.9.3/../../../arm-none-eabi/lib/armv7e-m/fpu/libc_nano.a(lib_a-impure.o)
 .debug_abbrev  0x0000000000003171       0xba /usr/lib/gcc/arm-none-eabi/4.9.3/../../../arm-none-eabi/lib/armv7e-m/fpu/libc_nano.a(lib_a-init.o)
 .debug_abbrev  0x000000000000322b       0x8e /usr/lib/gcc/arm-none-eabi/4.9.3/../../../arm-none-eabi/lib/armv7e-m/fpu/libc_nano.a(lib_a-memset.o)
 .debug_abbrev  0x00000000000032b9      0x2a2 /usr/lib/gcc/arm-none-eabi/4.9.3/../../../arm-none-eabi/lib/armv7e-m/fpu/libc_nano.a(lib_a-nano-vfprintf_float.o)
 .debug_abbrev  0x000000000000355b      0x1fb /usr/lib/gcc/arm-none-eabi/4.9.3/../../../arm-none-eabi/lib/armv7e-m/fpu/libc_nano.a(lib_a-nano-vfprintf_i.o)
 .debug_abbrev  0x0000000000003756       0xc8 /usr/lib/gcc/arm-none-eabi/4.9.3/../../../arm-none-eabi/lib/armv7e-m/fpu/libc_nano.a(lib_a-s_fpclassify.o)
 .debug_abbrev  0x000000000000381e      0x1bf /usr/lib/gcc/arm-none-eabi/4.9.3/../../../arm-none-eabi/lib/armv7e-m/fpu/libc_nano.a(lib_a-snprintf.o)
 .debug_abbrev  0x00000000000039dd       0x8c /usr/lib/gcc/arm-none-eabi/4.9.3/../../../arm-none-eabi/lib/armv7e-m/fpu/libc_nano.a(lib_a-strlen.o)
 .debug_abbrev  0x0000000000003a69      0x28a /usr/lib/gcc/arm-none-eabi/4.9.3/../../../arm-none-eabi/lib/armv7e-m/fpu/libc_nano.a(lib_a-dtoa.o)
 .debug_abbrev  0x0000000000003cf3      0x25a /usr/lib/gcc/arm-none-eabi/4.9.3/../../../arm-none-eabi/lib/armv7e-m/fpu/libc_nano.a(lib_a-locale.o)
 .debug_abbrev  0x0000000000003f4d      0x19f /usr/lib/gcc/arm-none-eabi/4.9.3/../../../arm-none-eabi/lib/armv7e-m/fpu/libc_nano.a(lib_a-malloc.o)
 .debug_abbrev  0x00000000000040ec       0xab /usr/lib/gcc/arm-none-eabi/4.9.3/../../../arm-none-eabi/lib/armv7e-m/fpu/libc_nano.a(lib_a-memchr.o)
 .debug_abbrev  0x0000000000004197       0xa4 /usr/lib/gcc/arm-none-eabi/4.9.3/../../../arm-none-eabi/lib/armv7e-m/fpu/libc_nano.a(lib_a-memcpy.o)
 .debug_abbrev  0x000000000000423b      0x2c7 /usr/lib/gcc/arm-none-eabi/4.9.3/../../../arm-none-eabi/lib/armv7e-m/fpu/libc_nano.a(lib_a-mprec.o)
 .debug_abbrev  0x0000000000004502      0x19e /usr/lib/gcc/arm-none-eabi/4.9.3/../../../arm-none-eabi/lib/armv7e-m/fpu/libc_nano.a(lib_a-nano-callocr.o)
 .debug_abbrev  0x00000000000046a0      0x1b6 /usr/lib/gcc/arm-none-eabi/4.9.3/../../../arm-none-eabi/lib/armv7e-m/fpu/libc_nano.a(lib_a-nano-freer.o)
 .debug_abbrev  0x0000000000004856      0x250 /usr/lib/gcc/arm-none-eabi/4.9.3/../../../arm-none-eabi/lib/armv7e-m/fpu/libc_nano.a(lib_a-nano-mallocr.o)
 .debug_abbrev  0x0000000000004aa6      0x278 /usr/lib/gcc/arm-none-eabi/4.9.3/../../../arm-none-eabi/lib/armv7e-m/fpu/libc_nano.a(lib_a-nano-svfprintf.o)
 .debug_abbrev  0x0000000000004d1e      0x1a2 /usr/lib/gcc/arm-none-eabi/4.9.3/../../../arm-none-eabi/lib/armv7e-m/fpu/libc_nano.a(lib_a-sbrkr.o)
 .debug_abbrev  0x0000000000004ec0       0x9c /usr/lib/gcc/arm-none-eabi/4.9.3/../../../arm-none-eabi/lib/armv7e-m/fpu/libc_nano.a(lib_a-memmove.o)
 .debug_abbrev  0x0000000000004f5c      0x1cb /usr/lib/gcc/arm-none-eabi/4.9.3/../../../arm-none-eabi/lib/armv7e-m/fpu/libc_nano.a(lib_a-nano-reallocr.o)
 .debug_abbrev  0x0000000000005127      0x1f2 /usr/lib/gcc/arm-none-eabi/4.9.3/../../../arm-none-eabi/lib/armv7e-m/fpu/libc_nano.a(lib_a-reent.o)
 .debug_abbrev  0x0000000000005319      0x161 /usr/lib/gcc/arm-none-eabi/4.9.3/../../../arm-none-eabi/lib/armv7e-m/fpu/libc_nano.a(lib_a-nano-msizer.o)
 .debug_abbrev  0x000000000000547a      0x13a /usr/lib/gcc/arm-none-eabi/4.9.3/../../../arm-none-eabi/lib/armv7e-m/fpu/libm.a(lib_a-w_sqrt.o)
 .debug_abbrev  0x00000000000055b4      0x118 /usr/lib/gcc/arm-none-eabi/4.9.3/../../../arm-none-eabi/lib/armv7e-m/fpu/libm.a(lib_a-e_sqrt.o)
 .debug_abbrev  0x00000000000056cc       0x4f /usr/lib/gcc/arm-none-eabi/4.9.3/../../../arm-none-eabi/lib/armv7e-m/fpu/libm.a(lib_a-s_lib_ver.o)
 .debug_abbrev  0x000000000000571b       0x9a /usr/lib/gcc/arm-none-eabi/4.9.3/../../../arm-none-eabi/lib/armv7e-m/fpu/libm.a(lib_a-s_matherr.o)
 .debug_abbrev  0x00000000000057b5       0x83 /usr/lib/gcc/arm-none-eabi/4.9.3/../../../arm-none-eabi/lib/armv7e-m/fpu/libnosys.a(sbrk.o)
 .debug_abbrev  0x0000000000005838       0x14 /usr/lib/gcc/arm-none-eabi/4.9.3/armv7e-m/fpu/libgcc.a(_arm_addsubdf3.o)
 .debug_abbrev  0x000000000000584c       0x14 /usr/lib/gcc/arm-none-eabi/4.9.3/armv7e-m/fpu/libgcc.a(_arm_muldivdf3.o)
 .debug_abbrev  0x0000000000005860       0x14 /usr/lib/gcc/arm-none-eabi/4.9.3/armv7e-m/fpu/libgcc.a(_arm_cmpdf2.o)
 .debug_abbrev  0x0000000000005874       0x14 /usr/lib/gcc/arm-none-eabi/4.9.3/armv7e-m/fpu/libgcc.a(_arm_fixdfsi.o)
 .debug_abbrev  0x0000000000005888       0x14 /usr/lib/gcc/arm-none-eabi/4.9.3/armv7e-m/fpu/libgcc.a(_arm_truncdfsf2.o)
 .debug_abbrev  0x000000000000589c       0x14 /usr/lib/gcc/arm-none-eabi/4.9.3/armv7e-m/fpu/libgcc.a(_aeabi_ldivmod.o)
 .debug_abbrev  0x00000000000058b0       0xb7 /usr/lib/gcc/arm-none-eabi/4.9.3/armv7e-m/fpu/libgcc.a(bpabi.o)
 .debug_abbrev  0x0000000000005967       0x14 /usr/lib/gcc/arm-none-eabi/4.9.3/armv7e-m/fpu/libgcc.a(_dvmd_tls.o)
 .debug_abbrev  0x000000000000597b      0x169 /usr/lib/gcc/arm-none-eabi/4.9.3/armv7e-m/fpu/libgcc.a(_divdi3.o)
 .debug_abbrev  0x0000000000005ae4      0x154 /usr/lib/gcc/arm-none-eabi/4.9.3/armv7e-m/fpu/libgcc.a(_udivdi3.o)
 .debug_abbrev  0x0000000000005c38      0x134 /usr/lib/gcc/arm-none-eabi/4.9.3/../../../arm-none-eabi/lib/armv7e-m/fpu/libc_nano.a(lib_a-errno.o)

.debug_loc      0x0000000000000000    0x1545e
 .debug_loc     0x0000000000000000      0x587 build/adc.o
 .debug_loc     0x0000000000000587      0x413 build/power.o
 .debug_loc     0x000000000000099a      0x219 build/ds18b20.o
 .debug_loc     0x0000000000000bb3       0x38 build/stm32f3xx_hal_msp.o
 .debug_loc     0x0000000000000beb     0x1a22 build/stm32f3xx_hal_uart.o
 .debug_loc     0x000000000000260d     0x219f build/stm32f3xx_hal_adc_ex.o
 .debug_loc     0x00000000000047ac      0x1ef build/stm32f3xx_hal_adc.o
 .debug_loc     0x000000000000499b     0x3efa build/stm32f3xx_hal_tim.o
 .debug_loc     0x0000000000008895      0x371 build/stm32f3xx_hal_gpio.o
 .debug_loc     0x0000000000008c06      0x5b0 build/usart.o
 .debug_loc     0x00000000000091b6      0xc1f build/stm32f3xx_hal_rcc_ex.o
 .debug_loc     0x0000000000009dd5       0x38 build/gpio.o
 .debug_loc     0x0000000000009e0d      0x566 build/stm32f3xx_hal_cortex.o
 .debug_loc     0x000000000000a373       0x65 build/main.o
 .debug_loc     0x000000000000a3d8      0x160 build/stm32f3xx_it.o
 .debug_loc     0x000000000000a538      0x787 build/stm32f3xx_hal_dma.o
 .debug_loc     0x000000000000acbf      0x103 build/system_stm32f3xx.o
 .debug_loc     0x000000000000adc2       0x38 build/dma.o
 .debug_loc     0x000000000000adfa     0x1c7d build/stm32f3xx_hal_tim_ex.o
 .debug_loc     0x000000000000ca77      0x176 build/tim.o
 .debug_loc     0x000000000000cbed      0x357 build/stm32f3xx_hal_uart_ex.o
 .debug_loc     0x000000000000cf44     0x1000 build/stm32f3xx_hal_rcc.o
 .debug_loc     0x000000000000df44      0x101 build/stm32f3xx_hal.o
 .debug_loc     0x000000000000e045       0x54 /usr/lib/gcc/arm-none-eabi/4.9.3/../../../arm-none-eabi/lib/armv7e-m/fpu/libc_nano.a(lib_a-init.o)
 .debug_loc     0x000000000000e099       0x57 /usr/lib/gcc/arm-none-eabi/4.9.3/../../../arm-none-eabi/lib/armv7e-m/fpu/libc_nano.a(lib_a-memset.o)
 .debug_loc     0x000000000000e0f0      0x65f /usr/lib/gcc/arm-none-eabi/4.9.3/../../../arm-none-eabi/lib/armv7e-m/fpu/libc_nano.a(lib_a-nano-vfprintf_float.o)
 .debug_loc     0x000000000000e74f      0x47b /usr/lib/gcc/arm-none-eabi/4.9.3/../../../arm-none-eabi/lib/armv7e-m/fpu/libc_nano.a(lib_a-nano-vfprintf_i.o)
 .debug_loc     0x000000000000ebca       0x38 /usr/lib/gcc/arm-none-eabi/4.9.3/../../../arm-none-eabi/lib/armv7e-m/fpu/libc_nano.a(lib_a-s_fpclassify.o)
 .debug_loc     0x000000000000ec02      0x153 /usr/lib/gcc/arm-none-eabi/4.9.3/../../../arm-none-eabi/lib/armv7e-m/fpu/libc_nano.a(lib_a-snprintf.o)
 .debug_loc     0x000000000000ed55       0x21 /usr/lib/gcc/arm-none-eabi/4.9.3/../../../arm-none-eabi/lib/armv7e-m/fpu/libc_nano.a(lib_a-strlen.o)
 .debug_loc     0x000000000000ed76     0x1ba9 /usr/lib/gcc/arm-none-eabi/4.9.3/../../../arm-none-eabi/lib/armv7e-m/fpu/libc_nano.a(lib_a-dtoa.o)
 .debug_loc     0x000000000001091f      0x150 /usr/lib/gcc/arm-none-eabi/4.9.3/../../../arm-none-eabi/lib/armv7e-m/fpu/libc_nano.a(lib_a-locale.o)
 .debug_loc     0x0000000000010a6f       0x58 /usr/lib/gcc/arm-none-eabi/4.9.3/../../../arm-none-eabi/lib/armv7e-m/fpu/libc_nano.a(lib_a-malloc.o)
 .debug_loc     0x0000000000010ac7       0xaa /usr/lib/gcc/arm-none-eabi/4.9.3/../../../arm-none-eabi/lib/armv7e-m/fpu/libc_nano.a(lib_a-memchr.o)
 .debug_loc     0x0000000000010b71       0x87 /usr/lib/gcc/arm-none-eabi/4.9.3/../../../arm-none-eabi/lib/armv7e-m/fpu/libc_nano.a(lib_a-memcpy.o)
 .debug_loc     0x0000000000010bf8     0x18b9 /usr/lib/gcc/arm-none-eabi/4.9.3/../../../arm-none-eabi/lib/armv7e-m/fpu/libc_nano.a(lib_a-mprec.o)
 .debug_loc     0x00000000000124b1       0x81 /usr/lib/gcc/arm-none-eabi/4.9.3/../../../arm-none-eabi/lib/armv7e-m/fpu/libc_nano.a(lib_a-nano-callocr.o)
 .debug_loc     0x0000000000012532      0x172 /usr/lib/gcc/arm-none-eabi/4.9.3/../../../arm-none-eabi/lib/armv7e-m/fpu/libc_nano.a(lib_a-nano-freer.o)
 .debug_loc     0x00000000000126a4      0x304 /usr/lib/gcc/arm-none-eabi/4.9.3/../../../arm-none-eabi/lib/armv7e-m/fpu/libc_nano.a(lib_a-nano-mallocr.o)
 .debug_loc     0x00000000000129a8      0x53f /usr/lib/gcc/arm-none-eabi/4.9.3/../../../arm-none-eabi/lib/armv7e-m/fpu/libc_nano.a(lib_a-nano-svfprintf.o)
 .debug_loc     0x0000000000012ee7       0x4d /usr/lib/gcc/arm-none-eabi/4.9.3/../../../arm-none-eabi/lib/armv7e-m/fpu/libc_nano.a(lib_a-sbrkr.o)
 .debug_loc     0x0000000000012f34       0xde /usr/lib/gcc/arm-none-eabi/4.9.3/../../../arm-none-eabi/lib/armv7e-m/fpu/libc_nano.a(lib_a-memmove.o)
 .debug_loc     0x0000000000013012      0x11b /usr/lib/gcc/arm-none-eabi/4.9.3/../../../arm-none-eabi/lib/armv7e-m/fpu/libc_nano.a(lib_a-nano-reallocr.o)
 .debug_loc     0x000000000001312d       0xfa /usr/lib/gcc/arm-none-eabi/4.9.3/../../../arm-none-eabi/lib/armv7e-m/fpu/libc_nano.a(lib_a-reent.o)
 .debug_loc     0x0000000000013227       0xb5 /usr/lib/gcc/arm-none-eabi/4.9.3/../../../arm-none-eabi/lib/armv7e-m/fpu/libc_nano.a(lib_a-nano-msizer.o)
 .debug_loc     0x00000000000132dc       0xd2 /usr/lib/gcc/arm-none-eabi/4.9.3/../../../arm-none-eabi/lib/armv7e-m/fpu/libm.a(lib_a-w_sqrt.o)
 .debug_loc     0x00000000000133ae      0x48f /usr/lib/gcc/arm-none-eabi/4.9.3/../../../arm-none-eabi/lib/armv7e-m/fpu/libm.a(lib_a-e_sqrt.o)
 .debug_loc     0x000000000001383d       0x21 /usr/lib/gcc/arm-none-eabi/4.9.3/../../../arm-none-eabi/lib/armv7e-m/fpu/libm.a(lib_a-s_matherr.o)
 .debug_loc     0x000000000001385e       0x21 /usr/lib/gcc/arm-none-eabi/4.9.3/../../../arm-none-eabi/lib/armv7e-m/fpu/libnosys.a(sbrk.o)
 .debug_loc     0x000000000001387f       0xa0 /usr/lib/gcc/arm-none-eabi/4.9.3/armv7e-m/fpu/libgcc.a(bpabi.o)
 .debug_loc     0x000000000001391f      0xdef /usr/lib/gcc/arm-none-eabi/4.9.3/armv7e-m/fpu/libgcc.a(_divdi3.o)
 .debug_loc     0x000000000001470e      0xd50 /usr/lib/gcc/arm-none-eabi/4.9.3/armv7e-m/fpu/libgcc.a(_udivdi3.o)

.debug_aranges  0x0000000000000000     0x1538
 .debug_aranges
                0x0000000000000000       0x80 build/adc.o
 .debug_aranges
                0x0000000000000080       0x38 build/power.o
 .debug_aranges
                0x00000000000000b8       0x30 build/ds18b20.o
 .debug_aranges
                0x00000000000000e8       0x20 build/stm32f3xx_hal_msp.o
 .debug_aranges
                0x0000000000000108      0x1f0 build/stm32f3xx_hal_uart.o
 .debug_aranges
                0x00000000000002f8      0x168 build/stm32f3xx_hal_adc_ex.o
 .debug_aranges
                0x0000000000000460       0xc8 build/stm32f3xx_hal_adc.o
 .debug_aranges
                0x0000000000000528      0x378 build/stm32f3xx_hal_tim.o
 .debug_aranges
                0x00000000000008a0       0x58 build/stm32f3xx_hal_gpio.o
 .debug_aranges
                0x00000000000008f8       0x78 build/usart.o
 .debug_aranges
                0x0000000000000970       0x38 build/stm32f3xx_hal_rcc_ex.o
 .debug_aranges
                0x00000000000009a8       0x20 build/gpio.o
 .debug_aranges
                0x00000000000009c8       0xa8 build/stm32f3xx_hal_cortex.o
 .debug_aranges
                0x0000000000000a70       0x30 build/main.o
 .debug_aranges
                0x0000000000000aa0       0x70 build/stm32f3xx_it.o
 .debug_aranges
                0x0000000000000b10       0x88 build/stm32f3xx_hal_dma.o
 .debug_aranges
                0x0000000000000b98       0x28 build/system_stm32f3xx.o
 .debug_aranges
                0x0000000000000bc0       0x20 build/dma.o
 .debug_aranges
                0x0000000000000be0      0x178 build/stm32f3xx_hal_tim_ex.o
 .debug_aranges
                0x0000000000000d58       0x40 build/tim.o
 .debug_aranges
                0x0000000000000d98       0x48 build/stm32f3xx_hal_uart_ex.o
 .debug_aranges
                0x0000000000000de0       0x88 build/stm32f3xx_hal_rcc.o
 .debug_aranges
                0x0000000000000e68       0xc8 build/stm32f3xx_hal.o
 .debug_aranges
                0x0000000000000f30       0x28 build/startup_stm32f303xe.o
 .debug_aranges
                0x0000000000000f58       0x18 /usr/lib/gcc/arm-none-eabi/4.9.3/../../../arm-none-eabi/lib/armv7e-m/fpu/libc_nano.a(lib_a-impure.o)
 .debug_aranges
                0x0000000000000f70       0x20 /usr/lib/gcc/arm-none-eabi/4.9.3/../../../arm-none-eabi/lib/armv7e-m/fpu/libc_nano.a(lib_a-init.o)
 .debug_aranges
                0x0000000000000f90       0x20 /usr/lib/gcc/arm-none-eabi/4.9.3/../../../arm-none-eabi/lib/armv7e-m/fpu/libc_nano.a(lib_a-memset.o)
 .debug_aranges