Archive member included to satisfy reference by file (symbol)

/usr/lib/gcc/arm-none-eabi/4.9.3/../../../arm-none-eabi/lib/armv7e-m/fpu/libc_nano.a(lib_a-atexit.o)
                              /usr/lib/gcc/arm-none-eabi/4.9.3/../../../arm-none-eabi/lib/armv7e-m/fpu/crt0.o (atexit)
/usr/lib/gcc/arm-none-eabi/4.9.3/../../../arm-none-eabi/lib/armv7e-m/fpu/libc_nano.a(lib_a-exit.o)
                              /usr/lib/gcc/arm-none-eabi/4.9.3/../../../arm-none-eabi/lib/armv7e-m/fpu/crt0.o (exit)
/usr/lib/gcc/arm-none-eabi/4.9.3/../../../arm-none-eabi/lib/armv7e-m/fpu/libc_nano.a(lib_a-fini.o)
                              /usr/lib/gcc/arm-none-eabi/4.9.3/../../../arm-none-eabi/lib/armv7e-m/fpu/crt0.o (__libc_fini_array)
/usr/lib/gcc/arm-none-eabi/4.9.3/../../../arm-none-eabi/lib/armv7e-m/fpu/libc_nano.a(lib_a-impure.o)
                              /usr/lib/gcc/arm-none-eabi/4.9.3/../../../arm-none-eabi/lib/armv7e-m/fpu/libc_nano.a(lib_a-exit.o) (_global_impure_ptr)
/usr/lib/gcc/arm-none-eabi/4.9.3/../../../arm-none-eabi/lib/armv7e-m/fpu/libc_nano.a(lib_a-init.o)
                              /usr/lib/gcc/arm-none-eabi/4.9.3/../../../arm-none-eabi/lib/armv7e-m/fpu/crt0.o (__libc_init_array)
/usr/lib/gcc/arm-none-eabi/4.9.3/../../../arm-none-eabi/lib/armv7e-m/fpu/libc_nano.a(lib_a-memset.o)
                              /usr/lib/gcc/arm-none-eabi/4.9.3/../../../arm-none-eabi/lib/armv7e-m/fpu/crt0.o (memset)
/usr/lib/gcc/arm-none-eabi/4.9.3/../../../arm-none-eabi/lib/armv7e-m/fpu/libc_nano.a(lib_a-nano-vfprintf_float.o)
                              (_printf_float)
/usr/lib/gcc/arm-none-eabi/4.9.3/../../../arm-none-eabi/lib/armv7e-m/fpu/libc_nano.a(lib_a-nano-vfprintf_i.o)
                              /usr/lib/gcc/arm-none-eabi/4.9.3/../../../arm-none-eabi/lib/armv7e-m/fpu/libc_nano.a(lib_a-nano-vfprintf_float.o) (_printf_common)
/usr/lib/gcc/arm-none-eabi/4.9.3/../../../arm-none-eabi/lib/armv7e-m/fpu/libc_nano.a(lib_a-s_fpclassify.o)
                              /usr/lib/gcc/arm-none-eabi/4.9.3/../../../arm-none-eabi/lib/armv7e-m/fpu/libc_nano.a(lib_a-nano-vfprintf_float.o) (__fpclassifyd)
/usr/lib/gcc/arm-none-eabi/4.9.3/../../../arm-none-eabi/lib/armv7e-m/fpu/libc_nano.a(lib_a-snprintf.o)
                              build/power.o (snprintf)
/usr/lib/gcc/arm-none-eabi/4.9.3/../../../arm-none-eabi/lib/armv7e-m/fpu/libc_nano.a(lib_a-strlen.o)
                              build/usart.o (strlen)
/usr/lib/gcc/arm-none-eabi/4.9.3/../../../arm-none-eabi/lib/armv7e-m/fpu/libc_nano.a(lib_a-__atexit.o)
                              /usr/lib/gcc/arm-none-eabi/4.9.3/../../../arm-none-eabi/lib/armv7e-m/fpu/libc_nano.a(lib_a-atexit.o) (__register_exitproc)
/usr/lib/gcc/arm-none-eabi/4.9.3/../../../arm-none-eabi/lib/armv7e-m/fpu/libc_nano.a(lib_a-__call_atexit.o)
                              /usr/lib/gcc/arm-none-eabi/4.9.3/../../../arm-none-eabi/lib/armv7e-m/fpu/libc_nano.a(lib_a-__atexit.o) (__call_exitprocs)
/usr/lib/gcc/arm-none-eabi/4.9.3/../../../arm-none-eabi/lib/armv7e-m/fpu/libc_nano.a(lib_a-dtoa.o)
                              /usr/lib/gcc/arm-none-eabi/4.9.3/../../../arm-none-eabi/lib/armv7e-m/fpu/libc_nano.a(lib_a-nano-vfprintf_float.o) (_dtoa_r)
/usr/lib/gcc/arm-none-eabi/4.9.3/../../../arm-none-eabi/lib/armv7e-m/fpu/libc_nano.a(lib_a-locale.o)
                              /usr/lib/gcc/arm-none-eabi/4.9.3/../../../arm-none-eabi/lib/armv7e-m/fpu/libc_nano.a(lib_a-nano-vfprintf_float.o) (_localeconv_r)
/usr/lib/gcc/arm-none-eabi/4.9.3/../../../arm-none-eabi/lib/armv7e-m/fpu/libc_nano.a(lib_a-malloc.o)
                              /usr/lib/gcc/arm-none-eabi/4.9.3/../../../arm-none-eabi/lib/armv7e-m/fpu/libc_nano.a(lib_a-dtoa.o) (malloc)
/usr/lib/gcc/arm-none-eabi/4.9.3/../../../arm-none-eabi/lib/armv7e-m/fpu/libc_nano.a(lib_a-memchr.o)
                              /usr/lib/gcc/arm-none-eabi/4.9.3/../../../arm-none-eabi/lib/armv7e-m/fpu/libc_nano.a(lib_a-nano-vfprintf_i.o) (memchr)
/usr/lib/gcc/arm-none-eabi/4.9.3/../../../arm-none-eabi/lib/armv7e-m/fpu/libc_nano.a(lib_a-memcpy.o)
                              /usr/lib/gcc/arm-none-eabi/4.9.3/../../../arm-none-eabi/lib/armv7e-m/fpu/libc_nano.a(lib_a-dtoa.o) (memcpy)
/usr/lib/gcc/arm-none-eabi/4.9.3/../../../arm-none-eabi/lib/armv7e-m/fpu/libc_nano.a(lib_a-mprec.o)
                              /usr/lib/gcc/arm-none-eabi/4.9.3/../../../arm-none-eabi/lib/armv7e-m/fpu/libc_nano.a(lib_a-dtoa.o) (_Balloc)
/usr/lib/gcc/arm-none-eabi/4.9.3/../../../arm-none-eabi/lib/armv7e-m/fpu/libc_nano.a(lib_a-nano-callocr.o)
                              /usr/lib/gcc/arm-none-eabi/4.9.3/../../../arm-none-eabi/lib/armv7e-m/fpu/libc_nano.a(lib_a-mprec.o) (_calloc_r)
/usr/lib/gcc/arm-none-eabi/4.9.3/../../../arm-none-eabi/lib/armv7e-m/fpu/libc_nano.a(lib_a-nano-freer.o)
                              /usr/lib/gcc/arm-none-eabi/4.9.3/../../../arm-none-eabi/lib/armv7e-m/fpu/libc_nano.a(lib_a-malloc.o) (_free_r)
[...]
Memory Configuration

Name             Origin             Length             Attributes
RAM              0x0000000020000000 0x0000000000010000 xrw
CCMRAM           0x0000000010000000 0x0000000000004000 rw
FLASH            0x0000000008000000 0x0000000000080000 xr
*default*        0x0000000000000000 0xffffffffffffffff

Linker script and memory map

LOAD /usr/lib/gcc/arm-none-eabi/4.9.3/armv7e-m/fpu/crti.o
LOAD /usr/lib/gcc/arm-none-eabi/4.9.3/armv7e-m/fpu/crtbegin.o
LOAD /usr/lib/gcc/arm-none-eabi/4.9.3/../../../arm-none-eabi/lib/armv7e-m/fpu/crt0.o
LOAD build/adc.o
LOAD build/power.o
LOAD build/stm32f3xx_hal_msp.o
LOAD build/stm32f3xx_hal_uart.o
LOAD build/stm32f3xx_hal_adc_ex.o
LOAD build/stm32f3xx_hal_adc.o
LOAD build/stm32f3xx_hal_tim.o
LOAD build/stm32f3xx_hal_gpio.o
LOAD build/usart.o
LOAD build/stm32f3xx_hal_rcc_ex.o
LOAD build/gpio.o
LOAD build/stm32f3xx_hal_i2c.o
LOAD build/stm32f3xx_hal_pwr.o
LOAD build/stm32f3xx_hal_flash_ex.o
LOAD build/stm32f3xx_hal_cortex.o
LOAD build/main.o
LOAD build/stm32f3xx_it.o
LOAD build/stm32f3xx_hal_dma.o
LOAD build/system_stm32f3xx.o
LOAD build/dma.o
LOAD build/stm32f3xx_hal_tim_ex.o
LOAD build/tim.o
LOAD build/stm32f3xx_hal_uart_ex.o
LOAD build/stm32f3xx_hal_rcc.o
LOAD build/stm32f3xx_hal_flash.o
LOAD build/stm32f3xx_hal_pwr_ex.o
LOAD build/stm32f3xx_hal.o
LOAD build/stm32f3xx_hal_i2c_ex.o
LOAD build/startup_stm32f303xe.o
LOAD /usr/lib/gcc/arm-none-eabi/4.9.3/../../../arm-none-eabi/lib/armv7e-m/fpu/libc_nano.a
LOAD /usr/lib/gcc/arm-none-eabi/4.9.3/../../../arm-none-eabi/lib/armv7e-m/fpu/libm.a
LOAD /usr/lib/gcc/arm-none-eabi/4.9.3/../../../arm-none-eabi/lib/armv7e-m/fpu/libnosys.a
START GROUP
LOAD /usr/lib/gcc/arm-none-eabi/4.9.3/armv7e-m/fpu/libgcc.a
LOAD /usr/lib/gcc/arm-none-eabi/4.9.3/../../../arm-none-eabi/lib/armv7e-m/fpu/libc_nano.a
END GROUP
START GROUP
LOAD /usr/lib/gcc/arm-none-eabi/4.9.3/armv7e-m/fpu/libgcc.a
LOAD /usr/lib/gcc/arm-none-eabi/4.9.3/../../../arm-none-eabi/lib/armv7e-m/fpu/libc_nano.a
END GROUP
LOAD /usr/lib/gcc/arm-none-eabi/4.9.3/armv7e-m/fpu/crtend.o
LOAD /usr/lib/gcc/arm-none-eabi/4.9.3/armv7e-m/fpu/crtn.o
                0x0000000020010000                _estack = 0x20010000
                0x0000000000000200                _Min_Heap_Size = 0x200
                0x0000000000000400                _Min_Stack_Size = 0x400

.isr_vector     0x0000000008000000      0x194
                0x0000000008000000                . = ALIGN (0x4)
 *(.isr_vector)
 .isr_vector    0x0000000008000000      0x194 build/startup_stm32f303xe.o
                0x0000000008000000                g_pfnVectors
                0x0000000008000194                . = ALIGN (0x4)

.text           0x0000000008000198     0x67dc
                0x0000000008000198                . = ALIGN (0x4)
 *(.text)
 .text          0x0000000008000198       0xa4 /usr/lib/gcc/arm-none-eabi/4.9.3/armv7e-m/fpu/crtbegin.o
 .text          0x000000000800023c      0x370 /usr/lib/gcc/arm-none-eabi/4.9.3/armv7e-m/fpu/libgcc.a(_arm_addsubdf3.o)
                0x000000000800023c                __aeabi_drsub
                0x0000000008000244                __aeabi_dsub
                0x0000000008000244                __subdf3
                0x0000000008000248                __adddf3
                0x0000000008000248                __aeabi_dadd
                0x00000000080004c0                __aeabi_ui2d
                0x00000000080004c0                __floatunsidf
                0x00000000080004e0                __floatsidf
                0x00000000080004e0                __aeabi_i2d
                0x0000000008000504                __extendsfdf2
                0x0000000008000504                __aeabi_f2d
                0x0000000008000540                __aeabi_ul2d
                0x0000000008000540                __floatundidf
                0x0000000008000550                __floatdidf
                0x0000000008000550                __aeabi_l2d
 .text          0x00000000080005ac      0x424 /usr/lib/gcc/arm-none-eabi/4.9.3/armv7e-m/fpu/libgcc.a(_arm_muldivdf3.o)
                0x00000000080005ac                __aeabi_dmul
                0x00000000080005ac                __muldf3
                0x0000000008000800                __aeabi_ddiv
                0x0000000008000800                __divdf3
 .text          0x00000000080009d0      0x110 /usr/lib/gcc/arm-none-eabi/4.9.3/armv7e-m/fpu/libgcc.a(_arm_cmpdf2.o)
                0x00000000080009d0                __gtdf2
                0x00000000080009d0                __gedf2
                0x00000000080009d8                __ltdf2
                0x00000000080009d8                __ledf2
                0x00000000080009e0                __cmpdf2
                0x00000000080009e0                __eqdf2
                0x00000000080009e0                __nedf2
                0x0000000008000a5c                __aeabi_cdrcmple
                0x0000000008000a6c                __aeabi_cdcmple
                0x0000000008000a6c                __aeabi_cdcmpeq
                0x0000000008000a7c                __aeabi_dcmpeq
                0x0000000008000a90                __aeabi_dcmplt
                0x0000000008000aa4                __aeabi_dcmple
                0x0000000008000ab8                __aeabi_dcmpge
                0x0000000008000acc                __aeabi_dcmpgt
 .text          0x0000000008000ae0       0x50 /usr/lib/gcc/arm-none-eabi/4.9.3/armv7e-m/fpu/libgcc.a(_arm_fixdfsi.o)
                0x0000000008000ae0                __fixdfsi
                0x0000000008000ae0                __aeabi_d2iz
 .text          0x0000000008000b30       0xa0 /usr/lib/gcc/arm-none-eabi/4.9.3/armv7e-m/fpu/libgcc.a(_arm_truncdfsf2.o)
                0x0000000008000b30                __aeabi_d2f
                0x0000000008000b30                __truncdfsf2
 *(.text*)
 .text.MX_ADC1_Init
                0x0000000008000bd0       0xb0 build/adc.o
                0x0000000008000bd0                MX_ADC1_Init
 .text.MX_ADC2_Init
                0x0000000008000c80       0x98 build/adc.o
                0x0000000008000c80                MX_ADC2_Init
 .text.MX_ADC3_Init
                0x0000000008000d18       0xb0 build/adc.o
                0x0000000008000d18                MX_ADC3_Init
 .text.MX_ADC4_Init
                0x0000000008000dc8       0x9c build/adc.o
                0x0000000008000dc8                MX_ADC4_Init
 .text.HAL_ADC_MspInit
                0x0000000008000e64      0x24c build/adc.o
                0x0000000008000e64                HAL_ADC_MspInit
 .text.HAL_ADC_ConvHalfCpltCallback
                0x00000000080010b0       0xd0 build/adc.o
                0x00000000080010b0                HAL_ADC_ConvHalfCpltCallback
 .text.HAL_ADC_ConvCpltCallback
                0x0000000008001180       0xd4 build/adc.o
                0x0000000008001180                HAL_ADC_ConvCpltCallback
 .text.calibrate_ADCs
                0x0000000008001254       0x34 build/adc.o
                0x0000000008001254                calibrate_ADCs
 .text.start_ADCs
                0x0000000008001288       0x98 build/adc.o
                0x0000000008001288                start_ADCs
 .text.process_VI_pair
                0x0000000008001320       0xe0 build/power.o
                0x0000000008001320                process_VI_pair
 .text.process_power_data
                0x0000000008001400      0x164 build/power.o
                0x0000000008001400                process_power_data
 .text.HAL_MspInit
                0x0000000008001564       0x7c build/stm32f3xx_hal_msp.o
                0x0000000008001564                HAL_MspInit
 .text.UART_SetConfig
                0x00000000080015e0      0x2a0 build/stm32f3xx_hal_uart.o
                0x00000000080015e0                UART_SetConfig
 .text.UART_AdvFeatureConfig
                0x0000000008001880       0xc8 build/stm32f3xx_hal_uart.o
                0x0000000008001880                UART_AdvFeatureConfig
 .text.UART_WaitOnFlagUntilTimeout
                0x0000000008001948       0x68 build/stm32f3xx_hal_uart.o
                0x0000000008001948                UART_WaitOnFlagUntilTimeout
 .text.HAL_UART_Transmit
                0x00000000080019b0       0xd0 build/stm32f3xx_hal_uart.o
                0x00000000080019b0                HAL_UART_Transmit
 .text.UART_CheckIdleState
                0x0000000008001a80       0x6c build/stm32f3xx_hal_uart.o
                0x0000000008001a80                UART_CheckIdleState
 .text.HAL_UART_Init
                0x0000000008001aec       0x6c build/stm32f3xx_hal_uart.o
                0x0000000008001aec                HAL_UART_Init
 .text.ADC_Disable
                0x0000000008001b58       0x8c build/stm32f3xx_hal_adc_ex.o
 .text.ADC_Enable
                0x0000000008001be4       0x84 build/stm32f3xx_hal_adc_ex.o
 .text.ADC_DMAError
                0x0000000008001c68       0x1c build/stm32f3xx_hal_adc_ex.o
 .text.ADC_DMAHalfConvCplt
                0x0000000008001c84        0xc build/stm32f3xx_hal_adc_ex.o
 .text.ADC_DMAConvCplt
                0x0000000008001c90       0x4c build/stm32f3xx_hal_adc_ex.o
 .text.HAL_ADC_Init
                0x0000000008001cdc      0x2c0 build/stm32f3xx_hal_adc_ex.o
                0x0000000008001cdc                HAL_ADC_Init
 .text.HAL_ADC_Start_DMA
                0x0000000008001f9c      0x18c build/stm32f3xx_hal_adc_ex.o
                0x0000000008001f9c                HAL_ADC_Start_DMA
 .text.HAL_ADCEx_Calibration_Start
                0x0000000008002128       0x90 build/stm32f3xx_hal_adc_ex.o
                0x0000000008002128                HAL_ADCEx_Calibration_Start
 .text.HAL_ADC_ConfigChannel
                0x00000000080021b8      0x39c build/stm32f3xx_hal_adc_ex.o
                0x00000000080021b8                HAL_ADC_ConfigChannel
 .text.HAL_ADCEx_MultiModeConfigChannel
                0x0000000008002554      0x17c build/stm32f3xx_hal_adc_ex.o
                0x0000000008002554                HAL_ADCEx_MultiModeConfigChannel
 .text.HAL_ADC_ErrorCallback
                0x00000000080026d0        0x4 build/stm32f3xx_hal_adc.o
                0x00000000080026d0                HAL_ADC_ErrorCallback
 .text.HAL_TIM_OnePulse_MspInit
                0x00000000080026d4        0x4 build/stm32f3xx_hal_tim.o
                0x00000000080026d4                HAL_TIM_OnePulse_MspInit
 .text.TIM_Base_SetConfig
                0x00000000080026d8       0xd0 build/stm32f3xx_hal_tim.o
                0x00000000080026d8                TIM_Base_SetConfig
 .text.HAL_TIM_PWM_Init
                0x00000000080027a8       0x38 build/stm32f3xx_hal_tim.o
                0x00000000080027a8                HAL_TIM_PWM_Init
 .text.HAL_TIM_OnePulse_Init
                0x00000000080027e0       0x4c build/stm32f3xx_hal_tim.o
                0x00000000080027e0                HAL_TIM_OnePulse_Init
 .text.TIM_OC1_SetConfig
                0x000000000800282c       0xac build/stm32f3xx_hal_tim.o
                0x000000000800282c                TIM_OC1_SetConfig
 .text.TIM_OC2_SetConfig
                0x00000000080028d8       0x9c build/stm32f3xx_hal_tim.o
                0x00000000080028d8                TIM_OC2_SetConfig
 .text.TIM_OC3_SetConfig
                0x0000000008002974       0x9c build/stm32f3xx_hal_tim.o
                0x0000000008002974                TIM_OC3_SetConfig
 .text.TIM_OC4_SetConfig
                0x0000000008002a10       0x74 build/stm32f3xx_hal_tim.o
                0x0000000008002a10                TIM_OC4_SetConfig
 .text.TIM_CCxChannelCmd
                0x0000000008002a84       0x1c build/stm32f3xx_hal_tim.o
                0x0000000008002a84                TIM_CCxChannelCmd
 .text.HAL_TIM_PWM_Start
                0x0000000008002aa0       0x74 build/stm32f3xx_hal_tim.o
                0x0000000008002aa0                HAL_TIM_PWM_Start
 .text.HAL_TIM_PWM_Stop
                0x0000000008002b14       0xa0 build/stm32f3xx_hal_tim.o
                0x0000000008002b14                HAL_TIM_PWM_Stop
 .text.HAL_GPIO_Init
                0x0000000008002bb4      0x1bc build/stm32f3xx_hal_gpio.o
                0x0000000008002bb4                HAL_GPIO_Init
 .text.HAL_GPIO_WritePin
                0x0000000008002d70        0xc build/stm32f3xx_hal_gpio.o
                0x0000000008002d70                HAL_GPIO_WritePin
 .text.MX_USART2_UART_Init
                0x0000000008002d7c       0x40 build/usart.o
                0x0000000008002d7c                MX_USART2_UART_Init
 .text.HAL_UART_MspInit
                0x0000000008002dbc       0x4c build/usart.o
                0x0000000008002dbc                HAL_UART_MspInit
 .text.debug_printf
                0x0000000008002e08       0x1c build/usart.o
                0x0000000008002e08                debug_printf
 .text.HAL_RCCEx_PeriphCLKConfig
                0x0000000008002e24      0x300 build/stm32f3xx_hal_rcc_ex.o
                0x0000000008002e24                HAL_RCCEx_PeriphCLKConfig
 .text.MX_GPIO_Init
                0x0000000008003124       0xfc build/gpio.o
                0x0000000008003124                MX_GPIO_Init
 .text.HAL_NVIC_SetPriorityGrouping
                0x0000000008003220       0x24 build/stm32f3xx_hal_cortex.o
                0x0000000008003220                HAL_NVIC_SetPriorityGrouping
 .text.HAL_NVIC_SetPriority
                0x0000000008003244       0x64 build/stm32f3xx_hal_cortex.o
                0x0000000008003244                HAL_NVIC_SetPriority
 .text.HAL_NVIC_EnableIRQ
                0x00000000080032a8       0x18 build/stm32f3xx_hal_cortex.o
                0x00000000080032a8                HAL_NVIC_EnableIRQ
 .text.HAL_SYSTICK_Config
                0x00000000080032c0       0x2c build/stm32f3xx_hal_cortex.o
                0x00000000080032c0                HAL_SYSTICK_Config
 .text.HAL_SYSTICK_CLKSourceConfig
                0x00000000080032ec       0x20 build/stm32f3xx_hal_cortex.o
                0x00000000080032ec                HAL_SYSTICK_CLKSourceConfig
 .text.HAL_SYSTICK_Callback
                0x000000000800330c        0x4 build/stm32f3xx_hal_cortex.o
                0x000000000800330c                HAL_SYSTICK_Callback
 .text.HAL_SYSTICK_IRQHandler
                0x0000000008003310        0x8 build/stm32f3xx_hal_cortex.o
                0x0000000008003310                HAL_SYSTICK_IRQHandler
 .text._Error_Handler
                0x0000000008003318        0x4 build/main.o
                0x0000000008003318                _Error_Handler
 .text.SystemClock_Config
                0x000000000800331c       0xa4 build/main.o
                0x000000000800331c                SystemClock_Config
 .text.main     0x00000000080033c0       0x90 build/main.o
                0x00000000080033c0                main
 .text.SysTick_Handler
                0x0000000008003450        0xc build/stm32f3xx_it.o
                0x0000000008003450                SysTick_Handler
 .text.DMA1_Channel1_IRQHandler
                0x000000000800345c       0x10 build/stm32f3xx_it.o
                0x000000000800345c                DMA1_Channel1_IRQHandler
 .text.DMA2_Channel1_IRQHandler
                0x000000000800346c       0x10 build/stm32f3xx_it.o
                0x000000000800346c                DMA2_Channel1_IRQHandler
 .text.DMA2_Channel2_IRQHandler
                0x000000000800347c       0x10 build/stm32f3xx_it.o
                0x000000000800347c                DMA2_Channel2_IRQHandler
 .text.DMA2_Channel5_IRQHandler
                0x000000000800348c       0x10 build/stm32f3xx_it.o
                0x000000000800348c                DMA2_Channel5_IRQHandler
 .text.DMA_SetConfig
                0x000000000800349c       0x2c build/stm32f3xx_hal_dma.o
 .text.DMA_CalcBaseAndBitshift
                0x00000000080034c8       0x4c build/stm32f3xx_hal_dma.o
 .text.HAL_DMA_Init
                0x0000000008003514       0x58 build/stm32f3xx_hal_dma.o
                0x0000000008003514                HAL_DMA_Init
 .text.HAL_DMA_Start_IT
                0x000000000800356c       0x74 build/stm32f3xx_hal_dma.o
                0x000000000800356c                HAL_DMA_Start_IT
 .text.HAL_DMA_IRQHandler
                0x00000000080035e0       0xb0 build/stm32f3xx_hal_dma.o
                0x00000000080035e0                HAL_DMA_IRQHandler
 .text.SystemInit
                0x0000000008003690       0x68 build/system_stm32f3xx.o
                0x0000000008003690                SystemInit
 .text.MX_DMA_Init
                0x00000000080036f8       0x74 build/dma.o
                0x00000000080036f8                MX_DMA_Init
 .text.TIM_OC5_SetConfig
                0x000000000800376c       0x70 build/stm32f3xx_hal_tim_ex.o
 .text.TIM_OC6_SetConfig
                0x00000000080037dc       0x74 build/stm32f3xx_hal_tim_ex.o
 .text.HAL_TIM_PWM_ConfigChannel
                0x0000000008003850      0x138 build/stm32f3xx_hal_tim_ex.o
                0x0000000008003850                HAL_TIM_PWM_ConfigChannel
 .text.HAL_TIMEx_MasterConfigSynchronization
                0x0000000008003988       0x60 build/stm32f3xx_hal_tim_ex.o
                0x0000000008003988                HAL_TIMEx_MasterConfigSynchronization
 .text.HAL_TIMEx_ConfigBreakDeadTime
                0x00000000080039e8       0x98 build/stm32f3xx_hal_tim_ex.o
                0x00000000080039e8                HAL_TIMEx_ConfigBreakDeadTime
 .text.HAL_TIM_PWM_MspInit
                0x0000000008003a80       0x28 build/tim.o
                0x0000000008003a80                HAL_TIM_PWM_MspInit
 .text.HAL_TIM_MspPostInit
                0x0000000008003aa8       0x38 build/tim.o
                0x0000000008003aa8                HAL_TIM_MspPostInit
 .text.MX_TIM8_Init
                0x0000000008003ae0       0xcc build/tim.o
                0x0000000008003ae0                MX_TIM8_Init
 .text.pulse_tim8_ch2
                0x0000000008003bac       0x28 build/tim.o
                0x0000000008003bac                pulse_tim8_ch2
 .text.HAL_RCC_OscConfig
                0x0000000008003bd4      0x624 build/stm32f3xx_hal_rcc.o
                0x0000000008003bd4                HAL_RCC_OscConfig
 .text.HAL_RCC_GetSysClockFreq
                0x00000000080041f8       0x70 build/stm32f3xx_hal_rcc.o
                0x00000000080041f8                HAL_RCC_GetSysClockFreq
 .text.HAL_RCC_ClockConfig
                0x0000000008004268      0x1e0 build/stm32f3xx_hal_rcc.o
                0x0000000008004268                HAL_RCC_ClockConfig
 .text.HAL_RCC_GetHCLKFreq
                0x0000000008004448        0xc build/stm32f3xx_hal_rcc.o
                0x0000000008004448                HAL_RCC_GetHCLKFreq
 .text.HAL_RCC_GetPCLK1Freq
                0x0000000008004454       0x2c build/stm32f3xx_hal_rcc.o
                0x0000000008004454                HAL_RCC_GetPCLK1Freq
 .text.HAL_RCC_GetPCLK2Freq
                0x0000000008004480       0x2c build/stm32f3xx_hal_rcc.o
                0x0000000008004480                HAL_RCC_GetPCLK2Freq
 .text.HAL_InitTick
                0x00000000080044ac       0x2c build/stm32f3xx_hal.o
                0x00000000080044ac                HAL_InitTick
 .text.HAL_Init
                0x00000000080044d8       0x24 build/stm32f3xx_hal.o
                0x00000000080044d8                HAL_Init
 .text.HAL_IncTick
                0x00000000080044fc       0x10 build/stm32f3xx_hal.o
                0x00000000080044fc                HAL_IncTick
 .text.HAL_GetTick
                0x000000000800450c        0xc build/stm32f3xx_hal.o
                0x000000000800450c                HAL_GetTick
 .text.HAL_Delay
                0x0000000008004518       0x24 build/stm32f3xx_hal.o
                0x0000000008004518                HAL_Delay
 .text.Reset_Handler
                0x000000000800453c       0x50 build/startup_stm32f303xe.o
                0x000000000800453c                Reset_Handler
 .text.Default_Handler
                0x000000000800458c        0x2 build/startup_stm32f303xe.o
                0x000000000800458c                RTC_Alarm_IRQHandler
                0x000000000800458c                TIM8_TRG_COM_IRQHandler
                0x000000000800458c                TIM8_CC_IRQHandler
                0x000000000800458c                DebugMon_Handler
                0x000000000800458c                SPI4_IRQHandler
                0x000000000800458c                TIM1_CC_IRQHandler
                0x000000000800458c                HardFault_Handler
                0x000000000800458c                USB_HP_IRQHandler
                0x000000000800458c                PVD_IRQHandler
                0x000000000800458c                TAMP_STAMP_IRQHandler
                0x000000000800458c                PendSV_Handler
                0x000000000800458c                NMI_Handler
                0x000000000800458c                EXTI3_IRQHandler
                0x000000000800458c                I2C3_ER_IRQHandler
                0x000000000800458c                USB_HP_CAN_TX_IRQHandler
                0x000000000800458c                EXTI0_IRQHandler
                0x000000000800458c                I2C2_EV_IRQHandler
                0x000000000800458c                FPU_IRQHandler
                0x000000000800458c                TIM1_UP_TIM16_IRQHandler
                0x000000000800458c                UsageFault_Handler
                0x000000000800458c                ADC1_2_IRQHandler
                0x000000000800458c                SPI1_IRQHandler
                0x000000000800458c                CAN_SCE_IRQHandler
                0x000000000800458c                TIM6_DAC_IRQHandler
                0x000000000800458c                TIM8_UP_IRQHandler
                0x000000000800458c                DMA1_Channel4_IRQHandler
                0x000000000800458c                TIM20_TRG_COM_IRQHandler
                0x000000000800458c                USART3_IRQHandler
                0x000000000800458c                DMA1_Channel7_IRQHandler
                0x000000000800458c                UART5_IRQHandler
                0x000000000800458c                ADC3_IRQHandler
                0x000000000800458c                TIM4_IRQHandler
                0x000000000800458c                CAN_RX1_IRQHandler
                0x000000000800458c                I2C1_EV_IRQHandler
                0x000000000800458c                DMA1_Channel6_IRQHandler
                0x000000000800458c                UART4_IRQHandler
                0x000000000800458c                DMA2_Channel4_IRQHandler
                0x000000000800458c                TIM3_IRQHandler
                0x000000000800458c                RCC_IRQHandler
                0x000000000800458c                TIM20_UP_IRQHandler
                0x000000000800458c                Default_Handler
                0x000000000800458c                USBWakeUp_RMP_IRQHandler
                0x000000000800458c                EXTI15_10_IRQHandler
                0x000000000800458c                TIM7_IRQHandler
                0x000000000800458c                I2C3_EV_IRQHandler
                0x000000000800458c                EXTI9_5_IRQHandler
                0x000000000800458c                RTC_WKUP_IRQHandler
                0x000000000800458c                SPI2_IRQHandler
                0x000000000800458c                USB_LP_CAN_RX0_IRQHandler
                0x000000000800458c                MemManage_Handler
                0x000000000800458c                SVC_Handler
                0x000000000800458c                DMA1_Channel5_IRQHandler
                0x000000000800458c                USB_LP_IRQHandler
                0x000000000800458c                EXTI4_IRQHandler
                0x000000000800458c                TIM1_TRG_COM_TIM17_IRQHandler
                0x000000000800458c                DMA1_Channel3_IRQHandler
                0x000000000800458c                ADC4_IRQHandler
                0x000000000800458c                WWDG_IRQHandler
                0x000000000800458c                TIM2_IRQHandler
                0x000000000800458c                COMP7_IRQHandler
                0x000000000800458c                COMP1_2_3_IRQHandler
                0x000000000800458c                EXTI1_IRQHandler
                0x000000000800458c                USART2_IRQHandler
                0x000000000800458c                COMP4_5_6_IRQHandler
                0x000000000800458c                TIM20_BRK_IRQHandler
                0x000000000800458c                I2C2_ER_IRQHandler
                0x000000000800458c                DMA1_Channel2_IRQHandler
                0x000000000800458c                TIM8_BRK_IRQHandler
                0x000000000800458c                FLASH_IRQHandler
                0x000000000800458c                TIM20_CC_IRQHandler
                0x000000000800458c                BusFault_Handler
                0x000000000800458c                USART1_IRQHandler
                0x000000000800458c                SPI3_IRQHandler
                0x000000000800458c                I2C1_ER_IRQHandler
                0x000000000800458c                FMC_IRQHandler
                0x000000000800458c                USBWakeUp_IRQHandler
                0x000000000800458c                DMA2_Channel3_IRQHandler
                0x000000000800458c                EXTI2_TSC_IRQHandler
                0x000000000800458c                TIM1_BRK_TIM15_IRQHandler
 *fill*         0x000000000800458e        0x2 
 .text.__libc_init_array
                0x0000000008004590       0x4c /usr/lib/gcc/arm-none-eabi/4.9.3/../../../arm-none-eabi/lib/armv7e-m/fpu/libc_nano.a(lib_a-init.o)
                0x0000000008004590                __libc_init_array
 .text.memset   0x00000000080045dc       0x10 /usr/lib/gcc/arm-none-eabi/4.9.3/../../../arm-none-eabi/lib/armv7e-m/fpu/libc_nano.a(lib_a-memset.o)
                0x00000000080045dc                memset
 .text.__cvt    0x00000000080045ec       0xc4 /usr/lib/gcc/arm-none-eabi/4.9.3/../../../arm-none-eabi/lib/armv7e-m/fpu/libc_nano.a(lib_a-nano-vfprintf_float.o)
                0x00000000080045ec                __cvt
 .text.__exponent
                0x00000000080046b0       0x60 /usr/lib/gcc/arm-none-eabi/4.9.3/../../../arm-none-eabi/lib/armv7e-m/fpu/libc_nano.a(lib_a-nano-vfprintf_float.o)
                0x00000000080046b0                __exponent
 .text._printf_float
                0x0000000008004710      0x47c /usr/lib/gcc/arm-none-eabi/4.9.3/../../../arm-none-eabi/lib/armv7e-m/fpu/libc_nano.a(lib_a-nano-vfprintf_float.o)
                0x0000000008004710                _printf_float
 .text._printf_common
                0x0000000008004b8c       0xea /usr/lib/gcc/arm-none-eabi/4.9.3/../../../arm-none-eabi/lib/armv7e-m/fpu/libc_nano.a(lib_a-nano-vfprintf_i.o)
                0x0000000008004b8c                _printf_common
 *fill*         0x0000000008004c76        0x2 
 .text._printf_i
                0x0000000008004c78      0x240 /usr/lib/gcc/arm-none-eabi/4.9.3/../../../arm-none-eabi/lib/armv7e-m/fpu/libc_nano.a(lib_a-nano-vfprintf_i.o)
                0x0000000008004c78                _printf_i
 .text.__fpclassifyd
                0x0000000008004eb8       0x58 /usr/lib/gcc/arm-none-eabi/4.9.3/../../../arm-none-eabi/lib/armv7e-m/fpu/libc_nano.a(lib_a-s_fpclassify.o)
                0x0000000008004eb8                __fpclassifyd
 .text.snprintf
                0x0000000008004f10       0x64 /usr/lib/gcc/arm-none-eabi/4.9.3/../../../arm-none-eabi/lib/armv7e-m/fpu/libc_nano.a(lib_a-snprintf.o)
                0x0000000008004f10                snprintf
                0x0000000008004f10                sniprintf
 .text.strlen   0x0000000008004f74       0x10 /usr/lib/gcc/arm-none-eabi/4.9.3/../../../arm-none-eabi/lib/armv7e-m/fpu/libc_nano.a(lib_a-strlen.o)
                0x0000000008004f74                strlen
 .text.quorem   0x0000000008004f84      0x11a /usr/lib/gcc/arm-none-eabi/4.9.3/../../../arm-none-eabi/lib/armv7e-m/fpu/libc_nano.a(lib_a-dtoa.o)
 *fill*         0x000000000800509e        0x2 
 .text._dtoa_r  0x00000000080050a0      0xb80 /usr/lib/gcc/arm-none-eabi/4.9.3/../../../arm-none-eabi/lib/armv7e-m/fpu/libc_nano.a(lib_a-dtoa.o)
                0x00000000080050a0                _dtoa_r
 .text._localeconv_r
                0x0000000008005c20        0x8 /usr/lib/gcc/arm-none-eabi/4.9.3/../../../arm-none-eabi/lib/armv7e-m/fpu/libc_nano.a(lib_a-locale.o)
                0x0000000008005c20                _localeconv_r
 .text.malloc   0x0000000008005c28       0x10 /usr/lib/gcc/arm-none-eabi/4.9.3/../../../arm-none-eabi/lib/armv7e-m/fpu/libc_nano.a(lib_a-malloc.o)
                0x0000000008005c28                malloc
 .text.memchr   0x0000000008005c38       0x1e /usr/lib/gcc/arm-none-eabi/4.9.3/../../../arm-none-eabi/lib/armv7e-m/fpu/libc_nano.a(lib_a-memchr.o)
                0x0000000008005c38                memchr
 .text.memcpy   0x0000000008005c56       0x16 /usr/lib/gcc/arm-none-eabi/4.9.3/../../../arm-none-eabi/lib/armv7e-m/fpu/libc_nano.a(lib_a-memcpy.o)
                0x0000000008005c56                memcpy
 .text._Balloc  0x0000000008005c6c       0x6a /usr/lib/gcc/arm-none-eabi/4.9.3/../../../arm-none-eabi/lib/armv7e-m/fpu/libc_nano.a(lib_a-mprec.o)
                0x0000000008005c6c                _Balloc
 .text._Bfree   0x0000000008005cd6       0x2e /usr/lib/gcc/arm-none-eabi/4.9.3/../../../arm-none-eabi/lib/armv7e-m/fpu/libc_nano.a(lib_a-mprec.o)
                0x0000000008005cd6                _Bfree
 .text.__multadd
                0x0000000008005d04       0x7c /usr/lib/gcc/arm-none-eabi/4.9.3/../../../arm-none-eabi/lib/armv7e-m/fpu/libc_nano.a(lib_a-mprec.o)
                0x0000000008005d04                __multadd
 .text.__hi0bits
                0x0000000008005d80       0x40 /usr/lib/gcc/arm-none-eabi/4.9.3/../../../arm-none-eabi/lib/armv7e-m/fpu/libc_nano.a(lib_a-mprec.o)
                0x0000000008005d80                __hi0bits
 .text.__lo0bits
                0x0000000008005dc0       0x5a /usr/lib/gcc/arm-none-eabi/4.9.3/../../../arm-none-eabi/lib/armv7e-m/fpu/libc_nano.a(lib_a-mprec.o)
                0x0000000008005dc0                __lo0bits
 .text.__i2b    0x0000000008005e1a       0x12 /usr/lib/gcc/arm-none-eabi/4.9.3/../../../arm-none-eabi/lib/armv7e-m/fpu/libc_nano.a(lib_a-mprec.o)
                0x0000000008005e1a                __i2b
 .text.__multiply
                0x0000000008005e2c      0x122 /usr/lib/gcc/arm-none-eabi/4.9.3/../../../arm-none-eabi/lib/armv7e-m/fpu/libc_nano.a(lib_a-mprec.o)
                0x0000000008005e2c                __multiply
 *fill*         0x0000000008005f4e        0x2 
 .text.__pow5mult
                0x0000000008005f50       0x9c /usr/lib/gcc/arm-none-eabi/4.9.3/../../../arm-none-eabi/lib/armv7e-m/fpu/libc_nano.a(lib_a-mprec.o)
                0x0000000008005f50                __pow5mult
 .text.__lshift
                0x0000000008005fec       0xa6 /usr/lib/gcc/arm-none-eabi/4.9.3/../../../arm-none-eabi/lib/armv7e-m/fpu/libc_nano.a(lib_a-mprec.o)
                0x0000000008005fec                __lshift
 .text.__mcmp   0x0000000008006092       0x38 /usr/lib/gcc/arm-none-eabi/4.9.3/../../../arm-none-eabi/lib/armv7e-m/fpu/libc_nano.a(lib_a-mprec.o)
                0x0000000008006092                __mcmp
 .text.__mdiff  0x00000000080060ca       0xbe /usr/lib/gcc/arm-none-eabi/4.9.3/../../../arm-none-eabi/lib/armv7e-m/fpu/libc_nano.a(lib_a-mprec.o)
                0x00000000080060ca                __mdiff
 .text.__d2b    0x0000000008006188       0xa4 /usr/lib/gcc/arm-none-eabi/4.9.3/../../../arm-none-eabi/lib/armv7e-m/fpu/libc_nano.a(lib_a-mprec.o)
                0x0000000008006188                __d2b
 .text._calloc_r
                0x000000000800622c       0x1c /usr/lib/gcc/arm-none-eabi/4.9.3/../../../arm-none-eabi/lib/armv7e-m/fpu/libc_nano.a(lib_a-nano-callocr.o)
                0x000000000800622c                _calloc_r
 .text._free_r  0x0000000008006248       0x88 /usr/lib/gcc/arm-none-eabi/4.9.3/../../../arm-none-eabi/lib/armv7e-m/fpu/libc_nano.a(lib_a-nano-freer.o)
                0x0000000008006248                _free_r
 .text._malloc_r
                0x00000000080062d0       0xac /usr/lib/gcc/arm-none-eabi/4.9.3/../../../arm-none-eabi/lib/armv7e-m/fpu/libc_nano.a(lib_a-nano-mallocr.o)
                0x00000000080062d0                _malloc_r
 .text.__ssputs_r
                0x000000000800637c       0xb2 /usr/lib/gcc/arm-none-eabi/4.9.3/../../../arm-none-eabi/lib/armv7e-m/fpu/libc_nano.a(lib_a-nano-svfprintf.o)
                0x000000000800637c                __ssputs_r
 *fill*         0x000000000800642e        0x2 
 .text._svfprintf_r
                0x0000000008006430      0x1e4 /usr/lib/gcc/arm-none-eabi/4.9.3/../../../arm-none-eabi/lib/armv7e-m/fpu/libc_nano.a(lib_a-nano-svfprintf.o)
                0x0000000008006430                _svfprintf_r
                0x0000000008006430                _svfiprintf_r
 .text._sbrk_r  0x0000000008006614       0x20 /usr/lib/gcc/arm-none-eabi/4.9.3/../../../arm-none-eabi/lib/armv7e-m/fpu/libc_nano.a(lib_a-sbrkr.o)
                0x0000000008006614                _sbrk_r
 .text.memmove  0x0000000008006634       0x36 /usr/lib/gcc/arm-none-eabi/4.9.3/../../../arm-none-eabi/lib/armv7e-m/fpu/libc_nano.a(lib_a-memmove.o)
                0x0000000008006634                memmove
 .text._realloc_r
                0x000000000800666a       0x4c /usr/lib/gcc/arm-none-eabi/4.9.3/../../../arm-none-eabi/lib/armv7e-m/fpu/libc_nano.a(lib_a-nano-reallocr.o)
                0x000000000800666a                _realloc_r
 .text._malloc_usable_size_r
                0x00000000080066b6       0x14 /usr/lib/gcc/arm-none-eabi/4.9.3/../../../arm-none-eabi/lib/armv7e-m/fpu/libc_nano.a(lib_a-nano-msizer.o)
                0x00000000080066b6                _malloc_usable_size_r
 *fill*         0x00000000080066ca        0x2 
 .text.sqrt     0x00000000080066cc       0xbc /usr/lib/gcc/arm-none-eabi/4.9.3/../../../arm-none-eabi/lib/armv7e-m/fpu/libm.a(lib_a-w_sqrt.o)
                0x00000000080066cc                sqrt
 .text.__ieee754_sqrt
                0x0000000008006788      0x1a8 /usr/lib/gcc/arm-none-eabi/4.9.3/../../../arm-none-eabi/lib/armv7e-m/fpu/libm.a(lib_a-e_sqrt.o)
                0x0000000008006788                __ieee754_sqrt
 .text.matherr  0x0000000008006930        0x4 /usr/lib/gcc/arm-none-eabi/4.9.3/../../../arm-none-eabi/lib/armv7e-m/fpu/libm.a(lib_a-s_matherr.o)
                0x0000000008006930                matherr
 .text._sbrk    0x0000000008006934       0x1c /usr/lib/gcc/arm-none-eabi/4.9.3/../../../arm-none-eabi/lib/armv7e-m/fpu/libnosys.a(sbrk.o)
                0x0000000008006934                _sbrk
 .text.__errno  0x0000000008006950        0xc /usr/lib/gcc/arm-none-eabi/4.9.3/../../../arm-none-eabi/lib/armv7e-m/fpu/libc_nano.a(lib_a-errno.o)
                0x0000000008006950                __errno
 *(.glue_7)
 .glue_7        0x000000000800695c        0x0 linker stubs
 *(.glue_7t)
 .glue_7t       0x000000000800695c        0x0 linker stubs
 *(.eh_frame)
 .eh_frame      0x000000000800695c        0x0 /usr/lib/gcc/arm-none-eabi/4.9.3/armv7e-m/fpu/crtbegin.o
 *(.init)
 .init          0x000000000800695c        0x4 /usr/lib/gcc/arm-none-eabi/4.9.3/armv7e-m/fpu/crti.o
                0x000000000800695c                _init
 .init          0x0000000008006960        0x8 /usr/lib/gcc/arm-none-eabi/4.9.3/armv7e-m/fpu/crtn.o
 *(.fini)
 .fini          0x0000000008006968        0x4 /usr/lib/gcc/arm-none-eabi/4.9.3/armv7e-m/fpu/crti.o
                0x0000000008006968                _fini
 .fini          0x000000000800696c        0x8 /usr/lib/gcc/arm-none-eabi/4.9.3/armv7e-m/fpu/crtn.o
                0x0000000008006974                . = ALIGN (0x4)
                0x0000000008006974                _etext = .

.vfp11_veneer   0x0000000008006974        0x0
 .vfp11_veneer  0x0000000008006974        0x0 linker stubs

.v4_bx          0x0000000008006974        0x0
 .v4_bx         0x0000000008006974        0x0 linker stubs

.iplt           0x0000000008006974        0x0
 .iplt          0x0000000008006974        0x0 /usr/lib/gcc/arm-none-eabi/4.9.3/armv7e-m/fpu/crtbegin.o

.rodata         0x0000000008006978      0x248
                0x0000000008006978                . = ALIGN (0x4)
 *(.rodata)
 *(.rodata*)
 .rodata.str1.4
                0x0000000008006978        0xa build/adc.o
 *fill*         0x0000000008006982        0x2 
 .rodata.str1.4
                0x0000000008006984       0x40 build/power.o
 .rodata.str1.4
                0x00000000080069c4        0xc build/usart.o
 .rodata.str1.4
                0x00000000080069d0       0x48 build/main.o
 .rodata.AHBPrescTable
                0x0000000008006a18       0x10 build/system_stm32f3xx.o
                0x0000000008006a18                AHBPrescTable
 .rodata.APBPrescTable
                0x0000000008006a28        0x8 build/system_stm32f3xx.o
                0x0000000008006a28                APBPrescTable
 .rodata.str1.4
                0x0000000008006a30        0xa build/tim.o
 *fill*         0x0000000008006a3a        0x2 
 .rodata.aPredivFactorTable
                0x0000000008006a3c       0x10 build/stm32f3xx_hal_rcc.o
                0x0000000008006a3c                aPredivFactorTable
 .rodata.aPLLMULFactorTable
                0x0000000008006a4c       0x10 build/stm32f3xx_hal_rcc.o
                0x0000000008006a4c                aPLLMULFactorTable
 .rodata.str1.1
                0x0000000008006a5c        0x2 /usr/lib/gcc/arm-none-eabi/4.9.3/../../../arm-none-eabi/lib/armv7e-m/fpu/libc_nano.a(lib_a-impure.o)
 .rodata.str1.1
                0x0000000008006a5e       0x12 /usr/lib/gcc/arm-none-eabi/4.9.3/../../../arm-none-eabi/lib/armv7e-m/fpu/libc_nano.a(lib_a-nano-vfprintf_float.o)
 .rodata.str1.1
                0x0000000008006a70       0x22 /usr/lib/gcc/arm-none-eabi/4.9.3/../../../arm-none-eabi/lib/armv7e-m/fpu/libc_nano.a(lib_a-nano-vfprintf_i.o)
 .rodata.str1.1
                0x0000000008006a92        0xd /usr/lib/gcc/arm-none-eabi/4.9.3/../../../arm-none-eabi/lib/armv7e-m/fpu/libc_nano.a(lib_a-dtoa.o)
                                          0xf (size before relaxing)
 .rodata.str1.1
                0x0000000008006a9f        0x8 /usr/lib/gcc/arm-none-eabi/4.9.3/../../../arm-none-eabi/lib/armv7e-m/fpu/libc_nano.a(lib_a-locale.o)
                                          0xb (size before relaxing)
 *fill*         0x0000000008006aa7        0x1 
 .rodata.__mprec_tens
                0x0000000008006aa8       0xc8 /usr/lib/gcc/arm-none-eabi/4.9.3/../../../arm-none-eabi/lib/armv7e-m/fpu/libc_nano.a(lib_a-mprec.o)
                0x0000000008006aa8                __mprec_tens
 .rodata.__mprec_bigtens
                0x0000000008006b70       0x28 /usr/lib/gcc/arm-none-eabi/4.9.3/../../../arm-none-eabi/lib/armv7e-m/fpu/libc_nano.a(lib_a-mprec.o)
                0x0000000008006b70                __mprec_bigtens
 .rodata.p05.5314
                0x0000000008006b98        0xc /usr/lib/gcc/arm-none-eabi/4.9.3/../../../arm-none-eabi/lib/armv7e-m/fpu/libc_nano.a(lib_a-mprec.o)
 .rodata.str1.1
                0x0000000008006ba4       0x11 /usr/lib/gcc/arm-none-eabi/4.9.3/../../../arm-none-eabi/lib/armv7e-m/fpu/libc_nano.a(lib_a-nano-svfprintf.o)
 *fill*         0x0000000008006bb5        0x3 
 .rodata.str1.4
                0x0000000008006bb8        0x8 /usr/lib/gcc/arm-none-eabi/4.9.3/../../../arm-none-eabi/lib/armv7e-m/fpu/libm.a(lib_a-w_sqrt.o)
                0x0000000008006bc0                . = ALIGN (0x4)

.rel.dyn        0x0000000008006bc0        0x0
 .rel.iplt      0x0000000008006bc0        0x0 /usr/lib/gcc/arm-none-eabi/4.9.3/armv7e-m/fpu/crtbegin.o

.ARM.extab
 *(.ARM.extab* .gnu.linkonce.armextab.*)

.ARM            0x0000000008006bc0        0x0
                0x0000000008006bc0                __exidx_start = .
 *(.ARM.exidx*)
                0x0000000008006bc0                __exidx_end = .

.preinit_array  0x0000000008006bc0        0x0
                0x0000000008006bc0                PROVIDE (__preinit_array_start, .)
 *(.preinit_array*)
                0x0000000008006bc0                PROVIDE (__preinit_array_end, .)

.init_array     0x0000000008006bc0        0x4
                0x0000000008006bc0                PROVIDE (__init_array_start, .)
 *(SORT(.init_array.*))
 *(.init_array*)
 .init_array    0x0000000008006bc0        0x4 /usr/lib/gcc/arm-none-eabi/4.9.3/armv7e-m/fpu/crtbegin.o
                0x0000000008006bc4                PROVIDE (__init_array_end, .)

.fini_array     0x0000000008006bc4        0x4
                0x0000000008006bc4                PROVIDE (__fini_array_start, .)
 *(SORT(.fini_array.*))
 *(.fini_array*)
 .fini_array    0x0000000008006bc4        0x4 /usr/lib/gcc/arm-none-eabi/4.9.3/armv7e-m/fpu/crtbegin.o
                0x0000000008006bc8                PROVIDE (__fini_array_end, .)
                0x0000000008006bc8                _sidata = LOADADDR (.data)

.data           0x0000000020000000       0xa4 load address 0x0000000008006bc8
                0x0000000020000000                . = ALIGN (0x4)
                0x0000000020000000                _sdata = .
 *(.data)
 *(.data*)
 .data.SystemCoreClock
                0x0000000020000000        0x4 build/system_stm32f3xx.o
                0x0000000020000000                SystemCoreClock
 .data.impure_data
                0x0000000020000004       0x60 /usr/lib/gcc/arm-none-eabi/4.9.3/../../../arm-none-eabi/lib/armv7e-m/fpu/libc_nano.a(lib_a-impure.o)
 .data._impure_ptr
                0x0000000020000064        0x4 /usr/lib/gcc/arm-none-eabi/4.9.3/../../../arm-none-eabi/lib/armv7e-m/fpu/libc_nano.a(lib_a-impure.o)
                0x0000000020000064                _impure_ptr
 .data.lconv    0x0000000020000068       0x38 /usr/lib/gcc/arm-none-eabi/4.9.3/../../../arm-none-eabi/lib/armv7e-m/fpu/libc_nano.a(lib_a-locale.o)
 .data.__fdlib_version
                0x00000000200000a0        0x1 /usr/lib/gcc/arm-none-eabi/4.9.3/../../../arm-none-eabi/lib/armv7e-m/fpu/libm.a(lib_a-s_lib_ver.o)
                0x00000000200000a0                __fdlib_version
                0x00000000200000a4                . = ALIGN (0x4)
 *fill*         0x00000000200000a1        0x3 
                0x00000000200000a4                _edata = .
                0x0000000008006c6c                _siccmram = LOADADDR (.ccmram)

.jcr            0x00000000200000a4        0x0 load address 0x0000000008006c6c
 .jcr           0x00000000200000a4        0x0 /usr/lib/gcc/arm-none-eabi/4.9.3/armv7e-m/fpu/crtbegin.o

.tm_clone_table
                0x00000000200000a4        0x0 load address 0x0000000008006c6c
 .tm_clone_table
                0x00000000200000a4        0x0 /usr/lib/gcc/arm-none-eabi/4.9.3/armv7e-m/fpu/crtbegin.o
 .tm_clone_table
                0x00000000200000a4        0x0 /usr/lib/gcc/arm-none-eabi/4.9.3/armv7e-m/fpu/crtend.o

.igot.plt       0x00000000200000a4        0x0 load address 0x0000000008006c6c
 .igot.plt      0x00000000200000a4        0x0 /usr/lib/gcc/arm-none-eabi/4.9.3/armv7e-m/fpu/crtbegin.o

.ccmram         0x0000000010000000        0x0 load address 0x0000000008006c6c
                0x0000000010000000                . = ALIGN (0x4)
                0x0000000010000000                _sccmram = .
 *(.ccmram)
 *(.ccmram*)
                0x0000000010000000                . = ALIGN (0x4)
                0x0000000010000000                _eccmram = .
                0x0000000010000000                . = ALIGN (0x4)

.bss            0x00000000200000a4     0x1110
                0x00000000200000a4                _sbss = .
                0x00000000200000a4                __bss_start__ = _sbss
 *(.bss)
 .bss           0x00000000200000a4       0x1c /usr/lib/gcc/arm-none-eabi/4.9.3/armv7e-m/fpu/crtbegin.o
 *(.bss*)
 .bss.HAL_RCC_ADC12_CLK_ENABLED
                0x00000000200000c0        0x4 build/adc.o
 .bss.HAL_RCC_ADC34_CLK_ENABLED
                0x00000000200000c4        0x4 build/adc.o
 .bss.isr_index
                0x00000000200000c8        0x4 build/adc.o
 .bss.adc_dma_buff
                0x00000000200000cc      0xc80 build/adc.o
 .bss.vol_power_stats
                0x0000000020000d4c       0x70 build/power.o
 .bss.intvl_power_stats
                0x0000000020000dbc       0x70 build/power.o
 .bss.__malloc_sbrk_start
                0x0000000020000e2c        0x4 /usr/lib/gcc/arm-none-eabi/4.9.3/../../../arm-none-eabi/lib/armv7e-m/fpu/libc_nano.a(lib_a-nano-mallocr.o)
                0x0000000020000e2c                __malloc_sbrk_start
 .bss.__malloc_free_list
                0x0000000020000e30        0x4 /usr/lib/gcc/arm-none-eabi/4.9.3/../../../arm-none-eabi/lib/armv7e-m/fpu/libc_nano.a(lib_a-nano-mallocr.o)
                0x0000000020000e30                __malloc_free_list
 .bss.heap_end.4079
                0x0000000020000e34        0x4 /usr/lib/gcc/arm-none-eabi/4.9.3/../../../arm-none-eabi/lib/armv7e-m/fpu/libnosys.a(sbrk.o)
 *(COMMON)
 COMMON         0x0000000020000e38      0x260 build/adc.o
                0x0000000020000e38                hdma_adc4
                0x0000000020000e7c                hadc2
                0x0000000020000ed0                hdma_adc3
                0x0000000020000f14                hadc1
                0x0000000020000f68                hadc3
                0x0000000020000fbc                hdma_adc1
                0x0000000020001000                hadc4
                0x0000000020001054                hdma_adc2
 COMMON         0x0000000020001098       0x70 build/usart.o
                0x0000000020001098                huart2
 COMMON         0x0000000020001108       0x64 build/main.o
                0x0000000020001108                log_buffer
 COMMON         0x000000002000116c       0x40 build/tim.o
                0x000000002000116c                htim8
 COMMON         0x00000000200011ac        0x4 build/stm32f3xx_hal.o
                0x00000000200011ac                uwTick
 COMMON         0x00000000200011b0        0x4 /usr/lib/gcc/arm-none-eabi/4.9.3/../../../arm-none-eabi/lib/armv7e-m/fpu/libc_nano.a(lib_a-reent.o)
                0x00000000200011b0                errno
                0x00000000200011b4                . = ALIGN (0x4)
                0x00000000200011b4                _ebss = .
                0x00000000200011b4                __bss_end__ = _ebss

._user_heap_stack
                0x00000000200011b4      0x604
                0x00000000200011b8                . = ALIGN (0x8)
 *fill*         0x00000000200011b4        0x4 
                0x00000000200011b8                PROVIDE (end, .)
                [!provide]                        PROVIDE (_end, .)
                0x00000000200013b8                . = (. + _Min_Heap_Size)
 *fill*         0x00000000200011b8      0x200 
                0x00000000200017b8                . = (. + _Min_Stack_Size)
 *fill*         0x00000000200013b8      0x400 
                0x00000000200017b8                . = ALIGN (0x8)

/DISCARD/
 libc.a(*)
 libm.a(*)
 libgcc.a(*)

.ARM.attributes
                0x0000000000000000       0x30
 *(.ARM.attributes)
 .ARM.attributes
                0x0000000000000000       0x22 /usr/lib/gcc/arm-none-eabi/4.9.3/armv7e-m/fpu/crti.o
 .ARM.attributes
                0x0000000000000022       0x34 /usr/lib/gcc/arm-none-eabi/4.9.3/armv7e-m/fpu/crtbegin.o
 .ARM.attributes
                0x0000000000000056       0x39 build/adc.o
 .ARM.attributes
                0x000000000000008f       0x39 build/power.o
 .ARM.attributes
                0x00000000000000c8       0x39 build/stm32f3xx_hal_msp.o
 .ARM.attributes
                0x0000000000000101       0x39 build/stm32f3xx_hal_uart.o
 .ARM.attributes
                0x000000000000013a       0x39 build/stm32f3xx_hal_adc_ex.o
 .ARM.attributes
                0x0000000000000173       0x39 build/stm32f3xx_hal_adc.o
 .ARM.attributes
                0x00000000000001ac       0x39 build/stm32f3xx_hal_tim.o
 .ARM.attributes
                0x00000000000001e5       0x39 build/stm32f3xx_hal_gpio.o
 .ARM.attributes
                0x000000000000021e       0x39 build/usart.o
 .ARM.attributes
                0x0000000000000257       0x39 build/stm32f3xx_hal_rcc_ex.o
 .ARM.attributes
                0x0000000000000290       0x39 build/gpio.o
 .ARM.attributes
                0x00000000000002c9       0x39 build/stm32f3xx_hal_cortex.o
 .ARM.attributes
                0x0000000000000302       0x39 build/main.o
 .ARM.attributes
                0x000000000000033b       0x39 build/stm32f3xx_it.o
 .ARM.attributes
                0x0000000000000374       0x39 build/stm32f3xx_hal_dma.o
 .ARM.attributes
                0x00000000000003ad       0x39 build/system_stm32f3xx.o
 .ARM.attributes
                0x00000000000003e6       0x39 build/dma.o
 .ARM.attributes
                0x000000000000041f       0x39 build/stm32f3xx_hal_tim_ex.o
 .ARM.attributes
                0x0000000000000458       0x39 build/tim.o
 .ARM.attributes
                0x0000000000000491       0x39 build/stm32f3xx_hal_rcc.o
 .ARM.attributes
                0x00000000000004ca       0x39 build/stm32f3xx_hal.o
 .ARM.attributes
                0x0000000000000503       0x21 build/startup_stm32f303xe.o
 .ARM.attributes
                0x0000000000000524       0x34 /usr/lib/gcc/arm-none-eabi/4.9.3/../../../arm-none-eabi/lib/armv7e-m/fpu/libc_nano.a(lib_a-impure.o)
 .ARM.attributes
                0x0000000000000558       0x34 /usr/lib/gcc/arm-none-eabi/4.9.3/../../../arm-none-eabi/lib/armv7e-m/fpu/libc_nano.a(lib_a-init.o)
 .ARM.attributes
                0x000000000000058c       0x34 /usr/lib/gcc/arm-none-eabi/4.9.3/../../../arm-none-eabi/lib/armv7e-m/fpu/libc_nano.a(lib_a-memset.o)
 .ARM.attributes
                0x00000000000005c0       0x34 /usr/lib/gcc/arm-none-eabi/4.9.3/../../../arm-none-eabi/lib/armv7e-m/fpu/libc_nano.a(lib_a-nano-vfprintf_float.o)
 .ARM.attributes
                0x00000000000005f4       0x34 /usr/lib/gcc/arm-none-eabi/4.9.3/../../../arm-none-eabi/lib/armv7e-m/fpu/libc_nano.a(lib_a-nano-vfprintf_i.o)
 .ARM.attributes
                0x0000000000000628       0x34 /usr/lib/gcc/arm-none-eabi/4.9.3/../../../arm-none-eabi/lib/armv7e-m/fpu/libc_nano.a(lib_a-s_fpclassify.o)
 .ARM.attributes
                0x000000000000065c       0x34 /usr/lib/gcc/arm-none-eabi/4.9.3/../../../arm-none-eabi/lib/armv7e-m/fpu/libc_nano.a(lib_a-snprintf.o)
 .ARM.attributes
                0x0000000000000690       0x34 /usr/lib/gcc/arm-none-eabi/4.9.3/../../../arm-none-eabi/lib/armv7e-m/fpu/libc_nano.a(lib_a-strlen.o)
 .ARM.attributes
                0x00000000000006c4       0x34 /usr/lib/gcc/arm-none-eabi/4.9.3/../../../arm-none-eabi/lib/armv7e-m/fpu/libc_nano.a(lib_a-dtoa.o)
 .ARM.attributes
                0x00000000000006f8       0x34 /usr/lib/gcc/arm-none-eabi/4.9.3/../../../arm-none-eabi/lib/armv7e-m/fpu/libc_nano.a(lib_a-locale.o)
 .ARM.attributes
                0x000000000000072c       0x34 /usr/lib/gcc/arm-none-eabi/4.9.3/../../../arm-none-eabi/lib/armv7e-m/fpu/libc_nano.a(lib_a-malloc.o)
 .ARM.attributes
                0x0000000000000760       0x34 /usr/lib/gcc/arm-none-eabi/4.9.3/../../../arm-none-eabi/lib/armv7e-m/fpu/libc_nano.a(lib_a-memchr.o)
 .ARM.attributes
                0x0000000000000794       0x34 /usr/lib/gcc/arm-none-eabi/4.9.3/../../../arm-none-eabi/lib/armv7e-m/fpu/libc_nano.a(lib_a-memcpy.o)
 .ARM.attributes
                0x00000000000007c8       0x34 /usr/lib/gcc/arm-none-eabi/4.9.3/../../../arm-none-eabi/lib/armv7e-m/fpu/libc_nano.a(lib_a-mprec.o)
 .ARM.attributes
                0x00000000000007fc       0x34 /usr/lib/gcc/arm-none-eabi/4.9.3/../../../arm-none-eabi/lib/armv7e-m/fpu/libc_nano.a(lib_a-nano-callocr.o)
 .ARM.attributes
                0x0000000000000830       0x34 /usr/lib/gcc/arm-none-eabi/4.9.3/../../../arm-none-eabi/lib/armv7e-m/fpu/libc_nano.a(lib_a-nano-freer.o)
 .ARM.attributes
                0x0000000000000864       0x34 /usr/lib/gcc/arm-none-eabi/4.9.3/../../../arm-none-eabi/lib/armv7e-m/fpu/libc_nano.a(lib_a-nano-mallocr.o)
 .ARM.attributes
                0x0000000000000898       0x34 /usr/lib/gcc/arm-none-eabi/4.9.3/../../../arm-none-eabi/lib/armv7e-m/fpu/libc_nano.a(lib_a-nano-svfprintf.o)
 .ARM.attributes
                0x00000000000008cc       0x34 /usr/lib/gcc/arm-none-eabi/4.9.3/../../../arm-none-eabi/lib/armv7e-m/fpu/libc_nano.a(lib_a-sbrkr.o)
 .ARM.attributes
                0x0000000000000900       0x34 /usr/lib/gcc/arm-none-eabi/4.9.3/../../../arm-none-eabi/lib/armv7e-m/fpu/libc_nano.a(lib_a-memmove.o)
 .ARM.attributes
                0x0000000000000934       0x34 /usr/lib/gcc/arm-none-eabi/4.9.3/../../../arm-none-eabi/lib/armv7e-m/fpu/libc_nano.a(lib_a-nano-reallocr.o)
 .ARM.attributes
                0x0000000000000968       0x34 /usr/lib/gcc/arm-none-eabi/4.9.3/../../../arm-none-eabi/lib/armv7e-m/fpu/libc_nano.a(lib_a-reent.o)
 .ARM.attributes
                0x000000000000099c       0x34 /usr/lib/gcc/arm-none-eabi/4.9.3/../../../arm-none-eabi/lib/armv7e-m/fpu/libc_nano.a(lib_a-nano-msizer.o)
 .ARM.attributes
                0x00000000000009d0       0x34 /usr/lib/gcc/arm-none-eabi/4.9.3/../../../arm-none-eabi/lib/armv7e-m/fpu/libm.a(lib_a-w_sqrt.o)
 .ARM.attributes
                0x0000000000000a04       0x34 /usr/lib/gcc/arm-none-eabi/4.9.3/../../../arm-none-eabi/lib/armv7e-m/fpu/libm.a(lib_a-e_sqrt.o)
 .ARM.attributes
                0x0000000000000a38       0x34 /usr/lib/gcc/arm-none-eabi/4.9.3/../../../arm-none-eabi/lib/armv7e-m/fpu/libm.a(lib_a-s_lib_ver.o)
 .ARM.attributes
                0x0000000000000a6c       0x34 /usr/lib/gcc/arm-none-eabi/4.9.3/../../../arm-none-eabi/lib/armv7e-m/fpu/libm.a(lib_a-s_matherr.o)
 .ARM.attributes
                0x0000000000000aa0       0x34 /usr/lib/gcc/arm-none-eabi/4.9.3/../../../arm-none-eabi/lib/armv7e-m/fpu/libnosys.a(sbrk.o)
 .ARM.attributes
                0x0000000000000ad4       0x22 /usr/lib/gcc/arm-none-eabi/4.9.3/armv7e-m/fpu/libgcc.a(_arm_addsubdf3.o)
 .ARM.attributes
                0x0000000000000af6       0x22 /usr/lib/gcc/arm-none-eabi/4.9.3/armv7e-m/fpu/libgcc.a(_arm_muldivdf3.o)
 .ARM.attributes
                0x0000000000000b18       0x22 /usr/lib/gcc/arm-none-eabi/4.9.3/armv7e-m/fpu/libgcc.a(_arm_cmpdf2.o)
 .ARM.attributes
                0x0000000000000b3a       0x22 /usr/lib/gcc/arm-none-eabi/4.9.3/armv7e-m/fpu/libgcc.a(_arm_fixdfsi.o)
 .ARM.attributes
                0x0000000000000b5c       0x22 /usr/lib/gcc/arm-none-eabi/4.9.3/armv7e-m/fpu/libgcc.a(_arm_truncdfsf2.o)
 .ARM.attributes
                0x0000000000000b7e       0x34 /usr/lib/gcc/arm-none-eabi/4.9.3/../../../arm-none-eabi/lib/armv7e-m/fpu/libc_nano.a(lib_a-errno.o)
 .ARM.attributes
                0x0000000000000bb2       0x34 /usr/lib/gcc/arm-none-eabi/4.9.3/armv7e-m/fpu/crtend.o
 .ARM.attributes
                0x0000000000000be6       0x22 /usr/lib/gcc/arm-none-eabi/4.9.3/armv7e-m/fpu/crtn.o
OUTPUT(build/emonTxshield.elf elf32-littlearm)

.comment        0x0000000000000000       0x70
 .comment       0x0000000000000000       0x38 /usr/lib/gcc/arm-none-eabi/4.9.3/armv7e-m/fpu/crtbegin.o
                                         0x39 (size before relaxing)
 .comment       0x0000000000000038       0x39 build/adc.o
 .comment       0x0000000000000038       0x39 build/power.o
 .comment       0x0000000000000038       0x39 build/stm32f3xx_hal_msp.o
 .comment       0x0000000000000038       0x39 build/stm32f3xx_hal_uart.o
 .comment       0x0000000000000038       0x39 build/stm32f3xx_hal_adc_ex.o
 .comment       0x0000000000000038       0x39 build/stm32f3xx_hal_adc.o
 .comment       0x0000000000000038       0x39 build/stm32f3xx_hal_tim.o
 .comment       0x0000000000000038       0x39 build/stm32f3xx_hal_gpio.o
 .comment       0x0000000000000038       0x39 build/usart.o
 .comment       0x0000000000000038       0x39 build/stm32f3xx_hal_rcc_ex.o
 .comment       0x0000000000000038       0x39 build/gpio.o
 .comment       0x0000000000000038       0x39 build/stm32f3xx_hal_cortex.o
 .comment       0x0000000000000038       0x39 build/main.o
 .comment       0x0000000000000038       0x39 build/stm32f3xx_it.o
 .comment       0x0000000000000038       0x39 build/stm32f3xx_hal_dma.o
 .comment       0x0000000000000038       0x39 build/system_stm32f3xx.o
 .comment       0x0000000000000038       0x39 build/dma.o
 .comment       0x0000000000000038       0x39 build/stm32f3xx_hal_tim_ex.o
 .comment       0x0000000000000038       0x39 build/tim.o
 .comment       0x0000000000000038       0x39 build/stm32f3xx_hal_rcc.o
 .comment       0x0000000000000038       0x39 build/stm32f3xx_hal.o
 .comment       0x0000000000000038       0x38 /usr/lib/gcc/arm-none-eabi/4.9.3/../../../arm-none-eabi/lib/armv7e-m/fpu/libc_nano.a(lib_a-impure.o)
                                         0x39 (size before relaxing)
 .comment       0x0000000000000070       0x39 /usr/lib/gcc/arm-none-eabi/4.9.3/../../../arm-none-eabi/lib/armv7e-m/fpu/libc_nano.a(lib_a-init.o)
 .comment       0x0000000000000070       0x39 /usr/lib/gcc/arm-none-eabi/4.9.3/../../../arm-none-eabi/lib/armv7e-m/fpu/libc_nano.a(lib_a-memset.o)
 .comment       0x0000000000000070       0x39 /usr/lib/gcc/arm-none-eabi/4.9.3/../../../arm-none-eabi/lib/armv7e-m/fpu/libc_nano.a(lib_a-nano-vfprintf_float.o)
 .comment       0x0000000000000070       0x39 /usr/lib/gcc/arm-none-eabi/4.9.3/../../../arm-none-eabi/lib/armv7e-m/fpu/libc_nano.a(lib_a-nano-vfprintf_i.o)
 .comment       0x0000000000000070       0x39 /usr/lib/gcc/arm-none-eabi/4.9.3/../../../arm-none-eabi/lib/armv7e-m/fpu/libc_nano.a(lib_a-s_fpclassify.o)
 .comment       0x0000000000000070       0x39 /usr/lib/gcc/arm-none-eabi/4.9.3/../../../arm-none-eabi/lib/armv7e-m/fpu/libc_nano.a(lib_a-snprintf.o)
 .comment       0x0000000000000070       0x39 /usr/lib/gcc/arm-none-eabi/4.9.3/../../../arm-none-eabi/lib/armv7e-m/fpu/libc_nano.a(lib_a-strlen.o)
 .comment       0x0000000000000070       0x39 /usr/lib/gcc/arm-none-eabi/4.9.3/../../../arm-none-eabi/lib/armv7e-m/fpu/libc_nano.a(lib_a-dtoa.o)
 .comment       0x0000000000000070       0x39 /usr/lib/gcc/arm-none-eabi/4.9.3/../../../arm-none-eabi/lib/armv7e-m/fpu/libc_nano.a(lib_a-locale.o)
 .comment       0x0000000000000070       0x39 /usr/lib/gcc/arm-none-eabi/4.9.3/../../../arm-none-eabi/lib/armv7e-m/fpu/libc_nano.a(lib_a-malloc.o)
 .comment       0x0000000000000070       0x39 /usr/lib/gcc/arm-none-eabi/4.9.3/../../../arm-none-eabi/lib/armv7e-m/fpu/libc_nano.a(lib_a-memchr.o)
 .comment       0x0000000000000070       0x39 /usr/lib/gcc/arm-none-eabi/4.9.3/../../../arm-none-eabi/lib/armv7e-m/fpu/libc_nano.a(lib_a-memcpy.o)
 .comment       0x0000000000000070       0x39 /usr/lib/gcc/arm-none-eabi/4.9.3/../../../arm-none-eabi/lib/armv7e-m/fpu/libc_nano.a(lib_a-mprec.o)
 .comment       0x0000000000000070       0x39 /usr/lib/gcc/arm-none-eabi/4.9.3/../../../arm-none-eabi/lib/armv7e-m/fpu/libc_nano.a(lib_a-nano-callocr.o)
 .comment       0x0000000000000070       0x39 /usr/lib/gcc/arm-none-eabi/4.9.3/../../../arm-none-eabi/lib/armv7e-m/fpu/libc_nano.a(lib_a-nano-freer.o)
 .comment       0x0000000000000070       0x39 /usr/lib/gcc/arm-none-eabi/4.9.3/../../../arm-none-eabi/lib/armv7e-m/fpu/libc_nano.a(lib_a-nano-mallocr.o)
 .comment       0x0000000000000070       0x39 /usr/lib/gcc/arm-none-eabi/4.9.3/../../../arm-none-eabi/lib/armv7e-m/fpu/libc_nano.a(lib_a-nano-svfprintf.o)
 .comment       0x0000000000000070       0x39 /usr/lib/gcc/arm-none-eabi/4.9.3/../../../arm-none-eabi/lib/armv7e-m/fpu/libc_nano.a(lib_a-sbrkr.o)
 .comment       0x0000000000000070       0x39 /usr/lib/gcc/arm-none-eabi/4.9.3/../../../arm-none-eabi/lib/armv7e-m/fpu/libc_nano.a(lib_a-memmove.o)
 .comment       0x0000000000000070       0x39 /usr/lib/gcc/arm-none-eabi/4.9.3/../../../arm-none-eabi/lib/armv7e-m/fpu/libc_nano.a(lib_a-nano-reallocr.o)
 .comment       0x0000000000000070       0x39 /usr/lib/gcc/arm-none-eabi/4.9.3/../../../arm-none-eabi/lib/armv7e-m/fpu/libc_nano.a(lib_a-reent.o)
 .comment       0x0000000000000070       0x39 /usr/lib/gcc/arm-none-eabi/4.9.3/../../../arm-none-eabi/lib/armv7e-m/fpu/libc_nano.a(lib_a-nano-msizer.o)
 .comment       0x0000000000000070       0x39 /usr/lib/gcc/arm-none-eabi/4.9.3/../../../arm-none-eabi/lib/armv7e-m/fpu/libm.a(lib_a-w_sqrt.o)
 .comment       0x0000000000000070       0x39 /usr/lib/gcc/arm-none-eabi/4.9.3/../../../arm-none-eabi/lib/armv7e-m/fpu/libm.a(lib_a-e_sqrt.o)
 .comment       0x0000000000000070       0x39 /usr/lib/gcc/arm-none-eabi/4.9.3/../../../arm-none-eabi/lib/armv7e-m/fpu/libm.a(lib_a-s_lib_ver.o)
 .comment       0x0000000000000070       0x39 /usr/lib/gcc/arm-none-eabi/4.9.3/../../../arm-none-eabi/lib/armv7e-m/fpu/libm.a(lib_a-s_matherr.o)
 .comment       0x0000000000000070       0x39 /usr/lib/gcc/arm-none-eabi/4.9.3/../../../arm-none-eabi/lib/armv7e-m/fpu/libnosys.a(sbrk.o)
 .comment       0x0000000000000070       0x39 /usr/lib/gcc/arm-none-eabi/4.9.3/../../../arm-none-eabi/lib/armv7e-m/fpu/libc_nano.a(lib_a-errno.o)
 .comment       0x0000000000000070       0x39 /usr/lib/gcc/arm-none-eabi/4.9.3/armv7e-m/fpu/crtend.o

.debug_info     0x0000000000000000    0x1f1df
 .debug_info    0x0000000000000000     0x17cf build/adc.o
 .debug_info    0x00000000000017cf      0x407 build/power.o
 .debug_info    0x0000000000001bd6      0x4f6 build/stm32f3xx_hal_msp.o
 .debug_info    0x00000000000020cc     0x1b64 build/stm32f3xx_hal_uart.o
 .debug_info    0x0000000000003c30     0x1c66 build/stm32f3xx_hal_adc_ex.o
 .debug_info    0x0000000000005896      0xc13 build/stm32f3xx_hal_adc.o
 .debug_info    0x00000000000064a9     0x3285 build/stm32f3xx_hal_tim.o
 .debug_info    0x000000000000972e      0x7af build/stm32f3xx_hal_gpio.o
 .debug_info    0x0000000000009edd      0xac8 build/usart.o
 .debug_info    0x000000000000a9a5      0x82f build/stm32f3xx_hal_rcc_ex.o
 .debug_info    0x000000000000b1d4      0x4a5 build/gpio.o
 .debug_info    0x000000000000b679      0xf6f build/stm32f3xx_hal_cortex.o
 .debug_info    0x000000000000c5e8      0xa8a build/main.o
 .debug_info    0x000000000000d072      0x40e build/stm32f3xx_it.o
 .debug_info    0x000000000000d480      0x850 build/stm32f3xx_hal_dma.o
 .debug_info    0x000000000000dcd0      0x435 build/system_stm32f3xx.o
 .debug_info    0x000000000000e105      0x4f3 build/dma.o
 .debug_info    0x000000000000e5f8     0x1885 build/stm32f3xx_hal_tim_ex.o
 .debug_info    0x000000000000fe7d      0xe20 build/tim.o
 .debug_info    0x0000000000010c9d     0x14ec build/stm32f3xx_hal_rcc.o
 .debug_info    0x0000000000012189      0x84e build/stm32f3xx_hal.o
 .debug_info    0x00000000000129d7       0x66 build/startup_stm32f303xe.o
 .debug_info    0x0000000000012a3d      0x7d3 /usr/lib/gcc/arm-none-eabi/4.9.3/../../../arm-none-eabi/lib/armv7e-m/fpu/libc_nano.a(lib_a-impure.o)
 .debug_info    0x0000000000013210      0x105 /usr/lib/gcc/arm-none-eabi/4.9.3/../../../arm-none-eabi/lib/armv7e-m/fpu/libc_nano.a(lib_a-init.o)
 .debug_info    0x0000000000013315       0xd3 /usr/lib/gcc/arm-none-eabi/4.9.3/../../../arm-none-eabi/lib/armv7e-m/fpu/libc_nano.a(lib_a-memset.o)
 .debug_info    0x00000000000133e8     0x10da /usr/lib/gcc/arm-none-eabi/4.9.3/../../../arm-none-eabi/lib/armv7e-m/fpu/libc_nano.a(lib_a-nano-vfprintf_float.o)
 .debug_info    0x00000000000144c2      0xb5b /usr/lib/gcc/arm-none-eabi/4.9.3/../../../arm-none-eabi/lib/armv7e-m/fpu/libc_nano.a(lib_a-nano-vfprintf_i.o)
 .debug_info    0x000000000001501d      0x143 /usr/lib/gcc/arm-none-eabi/4.9.3/../../../arm-none-eabi/lib/armv7e-m/fpu/libc_nano.a(lib_a-s_fpclassify.o)
 .debug_info    0x0000000000015160      0x8cb /usr/lib/gcc/arm-none-eabi/4.9.3/../../../arm-none-eabi/lib/armv7e-m/fpu/libc_nano.a(lib_a-snprintf.o)
 .debug_info    0x0000000000015a2b       0xcd /usr/lib/gcc/arm-none-eabi/4.9.3/../../../arm-none-eabi/lib/armv7e-m/fpu/libc_nano.a(lib_a-strlen.o)
 .debug_info    0x0000000000015af8     0x11e2 /usr/lib/gcc/arm-none-eabi/4.9.3/../../../arm-none-eabi/lib/armv7e-m/fpu/libc_nano.a(lib_a-dtoa.o)
 .debug_info    0x0000000000016cda      0xad2 /usr/lib/gcc/arm-none-eabi/4.9.3/../../../arm-none-eabi/lib/armv7e-m/fpu/libc_nano.a(lib_a-locale.o)
 .debug_info    0x00000000000177ac      0x7c1 /usr/lib/gcc/arm-none-eabi/4.9.3/../../../arm-none-eabi/lib/armv7e-m/fpu/libc_nano.a(lib_a-malloc.o)
 .debug_info    0x0000000000017f6d       0xf8 /usr/lib/gcc/arm-none-eabi/4.9.3/../../../arm-none-eabi/lib/armv7e-m/fpu/libc_nano.a(lib_a-memchr.o)
 .debug_info    0x0000000000018065      0x104 /usr/lib/gcc/arm-none-eabi/4.9.3/../../../arm-none-eabi/lib/armv7e-m/fpu/libc_nano.a(lib_a-memcpy.o)
 .debug_info    0x0000000000018169     0x15af /usr/lib/gcc/arm-none-eabi/4.9.3/../../../arm-none-eabi/lib/armv7e-m/fpu/libc_nano.a(lib_a-mprec.o)
 .debug_info    0x0000000000019718      0x7e8 /usr/lib/gcc/arm-none-eabi/4.9.3/../../../arm-none-eabi/lib/armv7e-m/fpu/libc_nano.a(lib_a-nano-callocr.o)
 .debug_info    0x0000000000019f00      0x81a /usr/lib/gcc/arm-none-eabi/4.9.3/../../../arm-none-eabi/lib/armv7e-m/fpu/libc_nano.a(lib_a-nano-freer.o)
 .debug_info    0x000000000001a71a      0x8fb /usr/lib/gcc/arm-none-eabi/4.9.3/../../../arm-none-eabi/lib/armv7e-m/fpu/libc_nano.a(lib_a-nano-mallocr.o)
 .debug_info    0x000000000001b015      0xdf4 /usr/lib/gcc/arm-none-eabi/4.9.3/../../../arm-none-eabi/lib/armv7e-m/fpu/libc_nano.a(lib_a-nano-svfprintf.o)
 .debug_info    0x000000000001be09      0x7a0 /usr/lib/gcc/arm-none-eabi/4.9.3/../../../arm-none-eabi/lib/armv7e-m/fpu/libc_nano.a(lib_a-sbrkr.o)
 .debug_info    0x000000000001c5a9      0x102 /usr/lib/gcc/arm-none-eabi/4.9.3/../../../arm-none-eabi/lib/armv7e-m/fpu/libc_nano.a(lib_a-memmove.o)
 .debug_info    0x000000000001c6ab      0x8b5 /usr/lib/gcc/arm-none-eabi/4.9.3/../../../arm-none-eabi/lib/armv7e-m/fpu/libc_nano.a(lib_a-nano-reallocr.o)
 .debug_info    0x000000000001cf60      0x8fb /usr/lib/gcc/arm-none-eabi/4.9.3/../../../arm-none-eabi/lib/armv7e-m/fpu/libc_nano.a(lib_a-reent.o)
 .debug_info    0x000000000001d85b      0x7b9 /usr/lib/gcc/arm-none-eabi/4.9.3/../../../arm-none-eabi/lib/armv7e-m/fpu/libc_nano.a(lib_a-nano-msizer.o)
 .debug_info    0x000000000001e014      0x21b /usr/lib/gcc/arm-none-eabi/4.9.3/../../../arm-none-eabi/lib/armv7e-m/fpu/libm.a(lib_a-w_sqrt.o)
 .debug_info    0x000000000001e22f      0x231 /usr/lib/gcc/arm-none-eabi/4.9.3/../../../arm-none-eabi/lib/armv7e-m/fpu/libm.a(lib_a-e_sqrt.o)
 .debug_info    0x000000000001e460       0xbe /usr/lib/gcc/arm-none-eabi/4.9.3/../../../arm-none-eabi/lib/armv7e-m/fpu/libm.a(lib_a-s_lib_ver.o)
 .debug_info    0x000000000001e51e      0x129 /usr/lib/gcc/arm-none-eabi/4.9.3/../../../arm-none-eabi/lib/armv7e-m/fpu/libm.a(lib_a-s_matherr.o)
 .debug_info    0x000000000001e647       0x99 /usr/lib/gcc/arm-none-eabi/4.9.3/../../../arm-none-eabi/lib/armv7e-m/fpu/libnosys.a(sbrk.o)
 .debug_info    0x000000000001e6e0       0xc2 /usr/lib/gcc/arm-none-eabi/4.9.3/armv7e-m/fpu/libgcc.a(_arm_addsubdf3.o)
 .debug_info    0x000000000001e7a2       0xc2 /usr/lib/gcc/arm-none-eabi/4.9.3/armv7e-m/fpu/libgcc.a(_arm_muldivdf3.o)
 .debug_info    0x000000000001e864       0xc2 /usr/lib/gcc/arm-none-eabi/4.9.3/armv7e-m/fpu/libgcc.a(_arm_cmpdf2.o)
 .debug_info    0x000000000001e926       0xc2 /usr/lib/gcc/arm-none-eabi/4.9.3/armv7e-m/fpu/libgcc.a(_arm_fixdfsi.o)
 .debug_info    0x000000000001e9e8       0xc2 /usr/lib/gcc/arm-none-eabi/4.9.3/armv7e-m/fpu/libgcc.a(_arm_truncdfsf2.o)
 .debug_info    0x000000000001eaaa      0x735 /usr/lib/gcc/arm-none-eabi/4.9.3/../../../arm-none-eabi/lib/armv7e-m/fpu/libc_nano.a(lib_a-errno.o)

.debug_abbrev   0x0000000000000000     0x5439
 .debug_abbrev  0x0000000000000000      0x2e7 build/adc.o
 .debug_abbrev  0x00000000000002e7      0x1ab build/power.o
 .debug_abbrev  0x0000000000000492      0x122 build/stm32f3xx_hal_msp.o
 .debug_abbrev  0x00000000000005b4      0x278 build/stm32f3xx_hal_uart.o
 .debug_abbrev  0x000000000000082c      0x2ea build/stm32f3xx_hal_adc_ex.o
 .debug_abbrev  0x0000000000000b16      0x15f build/stm32f3xx_hal_adc.o
 .debug_abbrev  0x0000000000000c75      0x28c build/stm32f3xx_hal_tim.o
 .debug_abbrev  0x0000000000000f01      0x200 build/stm32f3xx_hal_gpio.o
 .debug_abbrev  0x0000000000001101      0x1fc build/usart.o
 .debug_abbrev  0x00000000000012fd      0x24a build/stm32f3xx_hal_rcc_ex.o
 .debug_abbrev  0x0000000000001547      0x157 build/gpio.o
 .debug_abbrev  0x000000000000169e      0x2c8 build/stm32f3xx_hal_cortex.o
 .debug_abbrev  0x0000000000001966      0x1ce build/main.o
 .debug_abbrev  0x0000000000001b34      0x142 build/stm32f3xx_it.o
 .debug_abbrev  0x0000000000001c76      0x234 build/stm32f3xx_hal_dma.o
 .debug_abbrev  0x0000000000001eaa      0x103 build/system_stm32f3xx.o
 .debug_abbrev  0x0000000000001fad      0x122 build/dma.o
 .debug_abbrev  0x00000000000020cf      0x274 build/stm32f3xx_hal_tim_ex.o
 .debug_abbrev  0x0000000000002343      0x253 build/tim.o
 .debug_abbrev  0x0000000000002596      0x309 build/stm32f3xx_hal_rcc.o
 .debug_abbrev  0x000000000000289f      0x1f3 build/stm32f3xx_hal.o
 .debug_abbrev  0x0000000000002a92       0x12 build/startup_stm32f303xe.o
 .debug_abbrev  0x0000000000002aa4      0x136 /usr/lib/gcc/arm-none-eabi/4.9.3/../../../arm-none-eabi/lib/armv7e-m/fpu/libc_nano.a(lib_a-impure.o)
 .debug_abbrev  0x0000000000002bda       0xba /usr/lib/gcc/arm-none-eabi/4.9.3/../../../arm-none-eabi/lib/armv7e-m/fpu/libc_nano.a(lib_a-init.o)
 .debug_abbrev  0x0000000000002c94       0x8e /usr/lib/gcc/arm-none-eabi/4.9.3/../../../arm-none-eabi/lib/armv7e-m/fpu/libc_nano.a(lib_a-memset.o)
 .debug_abbrev  0x0000000000002d22      0x2a2 /usr/lib/gcc/arm-none-eabi/4.9.3/../../../arm-none-eabi/lib/armv7e-m/fpu/libc_nano.a(lib_a-nano-vfprintf_float.o)
 .debug_abbrev  0x0000000000002fc4      0x1fb /usr/lib/gcc/arm-none-eabi/4.9.3/../../../arm-none-eabi/lib/armv7e-m/fpu/libc_nano.a(lib_a-nano-vfprintf_i.o)
 .debug_abbrev  0x00000000000031bf       0xc8 /usr/lib/gcc/arm-none-eabi/4.9.3/../../../arm-none-eabi/lib/armv7e-m/fpu/libc_nano.a(lib_a-s_fpclassify.o)
 .debug_abbrev  0x0000000000003287      0x1bf /usr/lib/gcc/arm-none-eabi/4.9.3/../../../arm-none-eabi/lib/armv7e-m/fpu/libc_nano.a(lib_a-snprintf.o)
 .debug_abbrev  0x0000000000003446       0x8c /usr/lib/gcc/arm-none-eabi/4.9.3/../../../arm-none-eabi/lib/armv7e-m/fpu/libc_nano.a(lib_a-strlen.o)
 .debug_abbrev  0x00000000000034d2      0x28a /usr/lib/gcc/arm-none-eabi/4.9.3/../../../arm-none-eabi/lib/armv7e-m/fpu/libc_nano.a(lib_a-dtoa.o)
 .debug_abbrev  0x000000000000375c      0x25a /usr/lib/gcc/arm-none-eabi/4.9.3/../../../arm-none-eabi/lib/armv7e-m/fpu/libc_nano.a(lib_a-locale.o)
 .debug_abbrev  0x00000000000039b6      0x19f /usr/lib/gcc/arm-none-eabi/4.9.3/../../../arm-none-eabi/lib/armv7e-m/fpu/libc_nano.a(lib_a-malloc.o)
 .debug_abbrev  0x0000000000003b55       0xab /usr/lib/gcc/arm-none-eabi/4.9.3/../../../arm-none-eabi/lib/armv7e-m/fpu/libc_nano.a(lib_a-memchr.o)
 .debug_abbrev  0x0000000000003c00       0xa4 /usr/lib/gcc/arm-none-eabi/4.9.3/../../../arm-none-eabi/lib/armv7e-m/fpu/libc_nano.a(lib_a-memcpy.o)
 .debug_abbrev  0x0000000000003ca4      0x2c7 /usr/lib/gcc/arm-none-eabi/4.9.3/../../../arm-none-eabi/lib/armv7e-m/fpu/libc_nano.a(lib_a-mprec.o)
 .debug_abbrev  0x0000000000003f6b      0x19e /usr/lib/gcc/arm-none-eabi/4.9.3/../../../arm-none-eabi/lib/armv7e-m/fpu/libc_nano.a(lib_a-nano-callocr.o)
 .debug_abbrev  0x0000000000004109      0x1b6 /usr/lib/gcc/arm-none-eabi/4.9.3/../../../arm-none-eabi/lib/armv7e-m/fpu/libc_nano.a(lib_a-nano-freer.o)
 .debug_abbrev  0x00000000000042bf      0x250 /usr/lib/gcc/arm-none-eabi/4.9.3/../../../arm-none-eabi/lib/armv7e-m/fpu/libc_nano.a(lib_a-nano-mallocr.o)
 .debug_abbrev  0x000000000000450f      0x278 /usr/lib/gcc/arm-none-eabi/4.9.3/../../../arm-none-eabi/lib/armv7e-m/fpu/libc_nano.a(lib_a-nano-svfprintf.o)
 .debug_abbrev  0x0000000000004787      0x1a2 /usr/lib/gcc/arm-none-eabi/4.9.3/../../../arm-none-eabi/lib/armv7e-m/fpu/libc_nano.a(lib_a-sbrkr.o)
 .debug_abbrev  0x0000000000004929       0x9c /usr/lib/gcc/arm-none-eabi/4.9.3/../../../arm-none-eabi/lib/armv7e-m/fpu/libc_nano.a(lib_a-memmove.o)
 .debug_abbrev  0x00000000000049c5      0x1cb /usr/lib/gcc/arm-none-eabi/4.9.3/../../../arm-none-eabi/lib/armv7e-m/fpu/libc_nano.a(lib_a-nano-reallocr.o)
 .debug_abbrev  0x0000000000004b90      0x1f2 /usr/lib/gcc/arm-none-eabi/4.9.3/../../../arm-none-eabi/lib/armv7e-m/fpu/libc_nano.a(lib_a-reent.o)
 .debug_abbrev  0x0000000000004d82      0x161 /usr/lib/gcc/arm-none-eabi/4.9.3/../../../arm-none-eabi/lib/armv7e-m/fpu/libc_nano.a(lib_a-nano-msizer.o)
 .debug_abbrev  0x0000000000004ee3      0x13a /usr/lib/gcc/arm-none-eabi/4.9.3/../../../arm-none-eabi/lib/armv7e-m/fpu/libm.a(lib_a-w_sqrt.o)
 .debug_abbrev  0x000000000000501d      0x118 /usr/lib/gcc/arm-none-eabi/4.9.3/../../../arm-none-eabi/lib/armv7e-m/fpu/libm.a(lib_a-e_sqrt.o)
 .debug_abbrev  0x0000000000005135       0x4f /usr/lib/gcc/arm-none-eabi/4.9.3/../../../arm-none-eabi/lib/armv7e-m/fpu/libm.a(lib_a-s_lib_ver.o)
 .debug_abbrev  0x0000000000005184       0x9a /usr/lib/gcc/arm-none-eabi/4.9.3/../../../arm-none-eabi/lib/armv7e-m/fpu/libm.a(lib_a-s_matherr.o)
 .debug_abbrev  0x000000000000521e       0x83 /usr/lib/gcc/arm-none-eabi/4.9.3/../../../arm-none-eabi/lib/armv7e-m/fpu/libnosys.a(sbrk.o)
 .debug_abbrev  0x00000000000052a1       0x14 /usr/lib/gcc/arm-none-eabi/4.9.3/armv7e-m/fpu/libgcc.a(_arm_addsubdf3.o)
 .debug_abbrev  0x00000000000052b5       0x14 /usr/lib/gcc/arm-none-eabi/4.9.3/armv7e-m/fpu/libgcc.a(_arm_muldivdf3.o)
 .debug_abbrev  0x00000000000052c9       0x14 /usr/lib/gcc/arm-none-eabi/4.9.3/armv7e-m/fpu/libgcc.a(_arm_cmpdf2.o)
 .debug_abbrev  0x00000000000052dd       0x14 /usr/lib/gcc/arm-none-eabi/4.9.3/armv7e-m/fpu/libgcc.a(_arm_fixdfsi.o)
 .debug_abbrev  0x00000000000052f1       0x14 /usr/lib/gcc/arm-none-eabi/4.9.3/armv7e-m/fpu/libgcc.a(_arm_truncdfsf2.o)
 .debug_abbrev  0x0000000000005305      0x134 /usr/lib/gcc/arm-none-eabi/4.9.3/../../../arm-none-eabi/lib/armv7e-m/fpu/libc_nano.a(lib_a-errno.o)

.debug_loc      0x0000000000000000    0x12a61
 .debug_loc     0x0000000000000000      0x3e3 build/adc.o
 .debug_loc     0x00000000000003e3      0x268 build/power.o
 .debug_loc     0x000000000000064b       0x38 build/stm32f3xx_hal_msp.o
 .debug_loc     0x0000000000000683     0x1a22 build/stm32f3xx_hal_uart.o
 .debug_loc     0x00000000000020a5     0x219f build/stm32f3xx_hal_adc_ex.o
 .debug_loc     0x0000000000004244      0x1ef build/stm32f3xx_hal_adc.o
 .debug_loc     0x0000000000004433     0x3efa build/stm32f3xx_hal_tim.o
 .debug_loc     0x000000000000832d      0x371 build/stm32f3xx_hal_gpio.o
 .debug_loc     0x000000000000869e      0x11d build/usart.o
 .debug_loc     0x00000000000087bb      0xc1f build/stm32f3xx_hal_rcc_ex.o
 .debug_loc     0x00000000000093da       0x38 build/gpio.o
 .debug_loc     0x0000000000009412      0x566 build/stm32f3xx_hal_cortex.o
 .debug_loc     0x0000000000009978       0x59 build/main.o
 .debug_loc     0x00000000000099d1       0xa0 build/stm32f3xx_it.o
 .debug_loc     0x0000000000009a71      0x787 build/stm32f3xx_hal_dma.o
 .debug_loc     0x000000000000a1f8      0x103 build/system_stm32f3xx.o
 .debug_loc     0x000000000000a2fb       0x38 build/dma.o
 .debug_loc     0x000000000000a333     0x1c7d build/stm32f3xx_hal_tim_ex.o
 .debug_loc     0x000000000000bfb0      0x176 build/tim.o
 .debug_loc     0x000000000000c126     0x1000 build/stm32f3xx_hal_rcc.o
 .debug_loc     0x000000000000d126      0x101 build/stm32f3xx_hal.o
 .debug_loc     0x000000000000d227       0x54 /usr/lib/gcc/arm-none-eabi/4.9.3/../../../arm-none-eabi/lib/armv7e-m/fpu/libc_nano.a(lib_a-init.o)
 .debug_loc     0x000000000000d27b       0x57 /usr/lib/gcc/arm-none-eabi/4.9.3/../../../arm-none-eabi/lib/armv7e-m/fpu/libc_nano.a(lib_a-memset.o)
 .debug_loc     0x000000000000d2d2      0x65f /usr/lib/gcc/arm-none-eabi/4.9.3/../../../arm-none-eabi/lib/armv7e-m/fpu/libc_nano.a(lib_a-nano-vfprintf_float.o)
 .debug_loc     0x000000000000d931      0x47b /usr/lib/gcc/arm-none-eabi/4.9.3/../../../arm-none-eabi/lib/armv7e-m/fpu/libc_nano.a(lib_a-nano-vfprintf_i.o)
 .debug_loc     0x000000000000ddac       0x38 /usr/lib/gcc/arm-none-eabi/4.9.3/../../../arm-none-eabi/lib/armv7e-m/fpu/libc_nano.a(lib_a-s_fpclassify.o)
 .debug_loc     0x000000000000dde4      0x153 /usr/lib/gcc/arm-none-eabi/4.9.3/../../../arm-none-eabi/lib/armv7e-m/fpu/libc_nano.a(lib_a-snprintf.o)
 .debug_loc     0x000000000000df37       0x21 /usr/lib/gcc/arm-none-eabi/4.9.3/../../../arm-none-eabi/lib/armv7e-m/fpu/libc_nano.a(lib_a-strlen.o)
 .debug_loc     0x000000000000df58     0x1ba9 /usr/lib/gcc/arm-none-eabi/4.9.3/../../../arm-none-eabi/lib/armv7e-m/fpu/libc_nano.a(lib_a-dtoa.o)
 .debug_loc     0x000000000000fb01      0x150 /usr/lib/gcc/arm-none-eabi/4.9.3/../../../arm-none-eabi/lib/armv7e-m/fpu/libc_nano.a(lib_a-locale.o)
 .debug_loc     0x000000000000fc51       0x58 /usr/lib/gcc/arm-none-eabi/4.9.3/../../../arm-none-eabi/lib/armv7e-m/fpu/libc_nano.a(lib_a-malloc.o)
 .debug_loc     0x000000000000fca9       0xaa /usr/lib/gcc/arm-none-eabi/4.9.3/../../../arm-none-eabi/lib/armv7e-m/fpu/libc_nano.a(lib_a-memchr.o)
 .debug_loc     0x000000000000fd53       0x87 /usr/lib/gcc/arm-none-eabi/4.9.3/../../../arm-none-eabi/lib/armv7e-m/fpu/libc_nano.a(lib_a-memcpy.o)
 .debug_loc     0x000000000000fdda     0x18b9 /usr/lib/gcc/arm-none-eabi/4.9.3/../../../arm-none-eabi/lib/armv7e-m/fpu/libc_nano.a(lib_a-mprec.o)
 .debug_loc     0x0000000000011693       0x81 /usr/lib/gcc/arm-none-eabi/4.9.3/../../../arm-none-eabi/lib/armv7e-m/fpu/libc_nano.a(lib_a-nano-callocr.o)
 .debug_loc     0x0000000000011714      0x172 /usr/lib/gcc/arm-none-eabi/4.9.3/../../../arm-none-eabi/lib/armv7e-m/fpu/libc_nano.a(lib_a-nano-freer.o)
 .debug_loc     0x0000000000011886      0x304 /usr/lib/gcc/arm-none-eabi/4.9.3/../../../arm-none-eabi/lib/armv7e-m/fpu/libc_nano.a(lib_a-nano-mallocr.o)
 .debug_loc     0x0000000000011b8a      0x53f /usr/lib/gcc/arm-none-eabi/4.9.3/../../../arm-none-eabi/lib/armv7e-m/fpu/libc_nano.a(lib_a-nano-svfprintf.o)
 .debug_loc     0x00000000000120c9       0x4d /usr/lib/gcc/arm-none-eabi/4.9.3/../../../arm-none-eabi/lib/armv7e-m/fpu/libc_nano.a(lib_a-sbrkr.o)
 .debug_loc     0x0000000000012116       0xde /usr/lib/gcc/arm-none-eabi/4.9.3/../../../arm-none-eabi/lib/armv7e-m/fpu/libc_nano.a(lib_a-memmove.o)
 .debug_loc     0x00000000000121f4      0x11b /usr/lib/gcc/arm-none-eabi/4.9.3/../../../arm-none-eabi/lib/armv7e-m/fpu/libc_nano.a(lib_a-nano-reallocr.o)
 .debug_loc     0x000000000001230f       0xfa /usr/lib/gcc/arm-none-eabi/4.9.3/../../../arm-none-eabi/lib/armv7e-m/fpu/libc_nano.a(lib_a-reent.o)
 .debug_loc     0x0000000000012409       0xb5 /usr/lib/gcc/arm-none-eabi/4.9.3/../../../arm-none-eabi/lib/armv7e-m/fpu/libc_nano.a(lib_a-nano-msizer.o)
 .debug_loc     0x00000000000124be       0xd2 /usr/lib/gcc/arm-none-eabi/4.9.3/../../../arm-none-eabi/lib/armv7e-m/fpu/libm.a(lib_a-w_sqrt.o)
 .debug_loc     0x0000000000012590      0x48f /usr/lib/gcc/arm-none-eabi/4.9.3/../../../arm-none-eabi/lib/armv7e-m/fpu/libm.a(lib_a-e_sqrt.o)
 .debug_loc     0x0000000000012a1f       0x21 /usr/lib/gcc/arm-none-eabi/4.9.3/../../../arm-none-eabi/lib/armv7e-m/fpu/libm.a(lib_a-s_matherr.o)
 .debug_loc     0x0000000000012a40       0x21 /usr/lib/gcc/arm-none-eabi/4.9.3/../../../arm-none-eabi/lib/armv7e-m/fpu/libnosys.a(sbrk.o)

.debug_aranges  0x0000000000000000     0x1398
 .debug_aranges
                0x0000000000000000       0x78 build/adc.o
 .debug_aranges
                0x0000000000000078       0x28 build/power.o
 .debug_aranges
                0x00000000000000a0       0x20 build/stm32f3xx_hal_msp.o
 .debug_aranges
                0x00000000000000c0      0x1f0 build/stm32f3xx_hal_uart.o
 .debug_aranges
                0x00000000000002b0      0x168 build/stm32f3xx_hal_adc_ex.o
 .debug_aranges
                0x0000000000000418       0xc8 build/stm32f3xx_hal_adc.o
 .debug_aranges
                0x00000000000004e0      0x378 build/stm32f3xx_hal_tim.o
 .debug_aranges
                0x0000000000000858       0x58 build/stm32f3xx_hal_gpio.o
 .debug_aranges
                0x00000000000008b0       0x38 build/usart.o
 .debug_aranges
                0x00000000000008e8       0x38 build/stm32f3xx_hal_rcc_ex.o
 .debug_aranges
                0x0000000000000920       0x20 build/gpio.o
 .debug_aranges
                0x0000000000000940       0xa8 build/stm32f3xx_hal_cortex.o
 .debug_aranges
                0x00000000000009e8       0x30 build/main.o
 .debug_aranges
                0x0000000000000a18       0x40 build/stm32f3xx_it.o
 .debug_aranges
                0x0000000000000a58       0x88 build/stm32f3xx_hal_dma.o
 .debug_aranges
                0x0000000000000ae0       0x28 build/system_stm32f3xx.o
 .debug_aranges
                0x0000000000000b08       0x20 build/dma.o
 .debug_aranges
                0x0000000000000b28      0x178 build/stm32f3xx_hal_tim_ex.o
 .debug_aranges
                0x0000000000000ca0       0x40 build/tim.o
 .debug_aranges
                0x0000000000000ce0       0x88 build/stm32f3xx_hal_rcc.o
 .debug_aranges
                0x0000000000000d68       0xc8 build/stm32f3xx_hal.o
 .debug_aranges
                0x0000000000000e30       0x28 build/startup_stm32f303xe.o
 .debug_aranges
                0x0000000000000e58       0x18 /usr/lib/gcc/arm-none-eabi/4.9.3/../../../arm-none-eabi/lib/armv7e-m/fpu/libc_nano.a(lib_a-impure.o)
 .debug_aranges
                0x0000000000000e70       0x20 /usr/lib/gcc/arm-none-eabi/4.9.3/../../../arm-none-eabi/lib/armv7e-m/fpu/libc_nano.a(lib_a-init.o)
 .debug_aranges
                0x0000000000000e90       0x20 /usr/lib/gcc/arm-none-eabi/4.9.3/../../../arm-none-eabi/lib/armv7e-m/fpu/libc_nano.a(lib_a-memset.o)
 .debug_aranges
                0x0000000000000eb0       0x30 /usr/lib/gcc/arm-none-eabi/4.9.3/../../../arm-none-eabi/lib/armv7e-m/fpu/libc_nano.a(lib_a-nano-vfprintf_float.o)
 .debug_aranges
                0x0000000000000ee0       0x28 /usr/lib/gcc/arm-none-eabi/4.9.3/../../../arm-none-eabi/lib/armv7e-m/fpu/libc_nano.a(lib_a-nano-vfprintf_i.o)
 .debug_aranges
                0x0000000000000f08       0x20 /usr/lib/gcc/arm-none-eabi/4.9.3/../../../arm-none-eabi/lib/armv7e-m/fpu/libc_nano.a(lib_a-s_fpclassify.o)
 .debug_aranges
                0x0000000000000f28       0x28 /usr/lib/gcc/arm-none-eabi/4.9.3/../../../arm-none-eabi/lib/armv7e-m/fpu/libc_nano.a(lib_a-snprintf.o)
 .debug_aranges
                0x0000000000000f50       0x20 /usr/lib/gcc/arm-none-eabi/4.9.3/../../../arm-none-eabi/lib/armv7e-m/fpu/libc_nano.a(lib_a-strlen.o)
 .debug_aranges
                0x0000000000000f70       0x28 /usr/lib/gcc/arm-none-eabi/4.9.3/../../../arm-none-eabi/lib/armv7e-m/fpu/libc_nano.a(lib_a-dtoa.o)
 .debug_aranges
                0x0000000000000f98       0x58 /usr/lib/gcc/arm-none-eabi/4.9.3/../../../arm-none-eabi/lib/armv7e-m/fpu/libc_nano.a(lib_a-locale.o)
 .debug_aranges
                0x0000000000000ff0       0x28 /usr/lib/gcc/arm-none-eabi/4.9.3/../../../arm-none-eabi/lib/armv7e-m/fpu/libc_nano.a(lib_a-malloc.o)
 .debug_aranges
                0x0000000000001018       0x20 /usr/lib/gcc/arm-none-eabi/4.9.3/../../../arm-none-eabi/lib/armv7e-m/fpu/libc_nano.a(lib_a-memchr.o)
 .debug_aranges
                0x0000000000001038       0x20 /usr/lib/gcc/arm-none-eabi/4.9.3/../../../arm-none-eabi/lib/armv7e-m/fpu/libc_nano.a(lib_a-memcpy.o)
 .debug_aranges
                0x0000000000001058       0xb0 /usr/lib/gcc/arm-none-eabi/4.9.3/../../../arm-none-eabi/lib/armv7e-m/fpu/libc_nano.a(lib_a-mprec.o)
 .debug_aranges
                0x0000000000001108       0x20 /usr/lib/gcc/arm-none-eabi/4.9.3/../../../arm-none-eabi/lib/armv7e-m/fpu/libc_nano.a(lib_a-nano-callocr.o)
 .debug_aranges
                0x0000000000001128       0x20 /usr/lib/gcc/arm-none-eabi/4.9.3/../../../arm-none-eabi/lib/armv7e-m/fpu/libc_nano.a(lib_a-nano-freer.o)
 .debug_aranges
                0x0000000000001148       0x20 /usr/lib/gcc/arm-none-eabi/4.9.3/../../../arm-none-eabi/lib/armv7e-m/fpu/libc_nano.a(lib_a-nano-mallocr.o)
 .debug_aranges
                0x0000000000001168       0x30 /usr/lib/gcc/arm-none-eabi/4.9.3/../../../arm-none-eabi/lib/armv7e-m/fpu/libc_nano.a(lib_a-nano-svfprintf.o)
 .debug_aranges
                0x0000000000001198       0x20 /usr/lib/gcc/arm-none-eabi/4.9.3/../../../arm-none-eabi/lib/armv7e-m/fpu/libc_nano.a(lib_a-sbrkr.o)
 .debug_aranges
                0x00000000000011b8       0x20 /usr/lib/gcc/arm-none-eabi/4.9.3/../../../arm-none-eabi/lib/armv7e-m/fpu/libc_nano.a(lib_a-memmove.o)
 .debug_aranges
                0x00000000000011d8       0x20 /usr/lib/gcc/arm-none-eabi/4.9.3/../../../arm-none-eabi/lib/armv7e-m/fpu/libc_nano.a(lib_a-nano-reallocr.o)
 .debug_aranges
                0x00000000000011f8       0x28 /usr/lib/gcc/arm-none-eabi/4.9.3/../../../arm-none-eabi/lib/armv7e-m/fpu/libc_nano.a(lib_a-reent.o)
 .debug_aranges
                0x0000000000001220       0x20 /usr/lib/gcc/arm-none-eabi/4.9.3/../../../arm-none-eabi/lib/armv7e-m/fpu/libc_nano.a(lib_a-nano-msizer.o)
 .debug_aranges
                0x0000000000001240       0x20 /usr/lib/gcc/arm-none-eabi/4.9.3/../../../arm-none-eabi/lib/armv7e-m/fpu/libm.a(lib_a-w_sqrt.o)
 .debug_aranges
                0x0000000000001260       0x20 /usr/lib/gcc/arm-none-eabi/4.9.3/../../../arm-none-eabi/lib/armv7e-m/fpu/libm.a(lib_a-e_sqrt.o)
 .debug_aranges
                0x0000000000001280       0x18 /usr/lib/gcc/arm-none-eabi/4.9.3/../../../arm-none-eabi/lib/armv7e-m/fpu/libm.a(lib_a-s_lib_ver.o)
 .debug_aranges
                0x0000000000001298       0x20 /usr/lib/gcc/arm-none-eabi/4.9.3/../../../arm-none-eabi/lib/armv7e-m/fpu/libm.a(lib_a-s_matherr.o)
 .debug_aranges
                0x00000000000012b8       0x20 /usr/lib/gcc/arm-none-eabi/4.9.3/../../../arm-none-eabi/lib/armv7e-m/fpu/libnosys.a(sbrk.o)
 .debug_aranges
                0x00000000000012d8       0x20 /usr/lib/gcc/arm-none-eabi/4.9.3/armv7e-m/fpu/libgcc.a(_arm_addsubdf3.o)
 .debug_aranges
                0x00000000000012f8       0x20 /usr/lib/gcc/arm-none-eabi/4.9.3/armv7e-m/fpu/libgcc.a(_arm_muldivdf3.o)
 .debug_aranges
                0x0000000000001318       0x20 /usr/lib/gcc/arm-none-eabi/4.9.3/armv7e-m/fpu/libgcc.a(_arm_cmpdf2.o)
 .debug_aranges
                0x0000000000001338       0x20 /usr/lib/gcc/arm-none-eabi/4.9.3/armv7e-m/fpu/libgcc.a(_arm_fixdfsi.o)
 .debug_aranges
                0x0000000000001358       0x20 /usr/lib/gcc/arm-none-eabi/4.9.3/armv7e-m/fpu/libgcc.a(_arm_truncdfsf2.o)
 .debug_aranges
                0x0000000000001378       0x20 /usr/lib/gcc/arm-none-eabi/4.9.3/../../../arm-none-eabi/lib/armv7e-m/fpu/libc_nano.a(lib_a-errno.o)

.debug_ranges   0x0000000000000000     0x1138
 .debug_ranges  0x0000000000000000       0x68 build/adc.o
 .debug_ranges  0x0000000000000068       0x18 build/power.o
 .debug_ranges  0x0000000000000080       0x10 build/stm32f3xx_hal_msp.o
 .debug_ranges  0x0000000000000090      0x1e0 build/stm32f3xx_hal_uart.o
 .debug_ranges  0x0000000000000270      0x158 build/stm32f3xx_hal_adc_ex.o
 .debug_ranges  0x00000000000003c8       0xb8 build/stm32f3xx_hal_adc.o
 .debug_ranges  0x0000000000000480      0x368 build/stm32f3xx_hal_tim.o
 .debug_ranges  0x00000000000007e8       0x48 build/stm32f3xx_hal_gpio.o
 .debug_ranges  0x0000000000000830       0x28 build/usart.o
 .debug_ranges  0x0000000000000858       0x40 build/stm32f3xx_hal_rcc_ex.o
 .debug_ranges  0x0000000000000898       0x10 build/gpio.o
 .debug_ranges  0x00000000000008a8       0x98 build/stm32f3xx_hal_cortex.o
 .debug_ranges  0x0000000000000940       0x20 build/main.o
 .debug_ranges  0x0000000000000960       0x30 build/stm32f3xx_it.o
 .debug_ranges  0x0000000000000990       0x78 build/stm32f3xx_hal_dma.o
 .debug_ranges  0x0000000000000a08       0x18 build/system_stm32f3xx.o
 .debug_ranges  0x0000000000000a20       0x10 build/dma.o
 .debug_ranges  0x0000000000000a30      0x168 build/stm32f3xx_hal_tim_ex.o
 .debug_ranges  0x0000000000000b98       0x30 build/tim.o
 .debug_ranges  0x0000000000000bc8       0x90 build/stm32f3xx_hal_rcc.o
 .debug_ranges  0x0000000000000c58       0xb8 build/stm32f3xx_hal.o
 .debug_ranges  0x0000000000000d10       0x20 build/startup_stm32f303xe.o
 .debug_ranges  0x0000000000000d30       0x10 /usr/lib/gcc/arm-none-eabi/4.9.3/../../../arm-none-eabi/lib/armv7e-m/fpu/libc_nano.a(lib_a-init.o)
 .debug_ranges  0x0000000000000d40       0x10 /usr/lib/gcc/arm-none-eabi/4.9.3/../../../arm-none-eabi/lib/armv7e-m/fpu/libc_nano.a(lib_a-memset.o)
 .debug_ranges  0x0000000000000d50       0x78 /usr/lib/gcc/arm-none-eabi/4.9.3/../../../arm-none-eabi/lib/armv7e-m/fpu/libc_nano.a(lib_a-nano-vfprintf_float.o)
 .debug_ranges  0x0000000000000dc8       0x60 /usr/lib/gcc/arm-none-eabi/4.9.3/../../../arm-none-eabi/lib/armv7e-m/fpu/libc_nano.a(lib_a-nano-vfprintf_i.o)
 .debug_ranges  0x0000000000000e28       0x10 /usr/lib/gcc/arm-none-eabi/4.9.3/../../../arm-none-eabi/lib/armv7e-m/fpu/libc_nano.a(lib_a-s_fpclassify.o)
 .debug_ranges  0x0000000000000e38       0x18 /usr/lib/gcc/arm-none-eabi/4.9.3/../../../arm-none-eabi/lib/armv7e-m/fpu/libc_nano.a(lib_a-snprintf.o)
 .debug_ranges  0x0000000000000e50       0x10 /usr/lib/gcc/arm-none-eabi/4.9.3/../../../arm-none-eabi/lib/armv7e-m/fpu/libc_nano.a(lib_a-strlen.o)
 .debug_ranges  0x0000000000000e60       0x30 /usr/lib/gcc/arm-none-eabi/4.9.3/../../../arm-none-eabi/lib/armv7e-m/fpu/libc_nano.a(lib_a-dtoa.o)
 .debug_ranges  0x0000000000000e90       0x48 /usr/lib/gcc/arm-none-eabi/4.9.3/../../../arm-none-eabi/lib/armv7e-m/fpu/libc_nano.a(lib_a-locale.o)
 .debug_ranges  0x0000000000000ed8       0x18 /usr/lib/gcc/arm-none-eabi/4.9.3/../../../arm-none-eabi/lib/armv7e-m/fpu/libc_nano.a(lib_a-malloc.o)
 .debug_ranges  0x0000000000000ef0       0x10 /usr/lib/gcc/arm-none-eabi/4.9.3/../../../arm-none-eabi/lib/armv7e-m/fpu/libc_nano.a(lib_a-memchr.o)
 .debug_ranges  0x0000000000000f00       0x10 /usr/lib/gcc/arm-none-eabi/4.9.3/../../../arm-none-eabi/lib/armv7e-m/fpu/libc_nano.a(lib_a-memcpy.o)
 .debug_ranges  0x0000000000000f10       0xd0 /usr/lib/gcc/arm-none-eabi/4.9.3/../../../arm-none-eabi/lib/armv7e-m/fpu/libc_nano.a(lib_a-mprec.o)
 .debug_ranges  0x0000000000000fe0       0x10 /usr/lib/gcc/arm-none-eabi/4.9.3/../../../arm-none-eabi/lib/armv7e-m/fpu/libc_nano.a(lib_a-nano-callocr.o)
 .debug_ranges  0x0000000000000ff0       0x28 /usr/lib/gcc/arm-none-eabi/4.9.3/../../../arm-none-eabi/lib/armv7e-m/fpu/libc_nano.a(lib_a-nano-freer.o)
 .debug_ranges  0x0000000000001018       0x28 /usr/lib/gcc/arm-none-eabi/4.9.3/../../../arm-none-eabi/lib/armv7e-m/fpu/libc_nano.a(lib_a-nano-mallocr.o)
 .debug_ranges  0x0000000000001040       0x50 /usr/lib/gcc/arm-none-eabi/4.9.3/../../../arm-none-eabi/lib/armv7e-m/fpu/libc_nano.a(lib_a-nano-svfprintf.o)
 .debug_ranges  0x0000000000001090       0x10 /usr/lib/gcc/arm-none-eabi/4.9.3/../../../arm-none-eabi/lib/armv7e-m/fpu/libc_nano.a(lib_a-sbrkr.o)
 .debug_ranges  0x00000000000010a0       0x10 /usr/lib/gcc/arm-none-eabi/4.9.3/../../../arm-none-eabi/lib/armv7e-m/fpu/libc_nano.a(lib_a-memmove.o)
 .debug_ranges  0x00000000000010b0       0x10 /usr/lib/gcc/arm-none-eabi/4.9.3/../../../arm-none-eabi/lib/armv7e-m/fpu/libc_nano.a(lib_a-nano-reallocr.o)
 .debug_ranges  0x00000000000010c0       0x18 /usr/lib/gcc/arm-none-eabi/4.9.3/../../../arm-none-eabi/lib/armv7e-m/fpu/libc_nano.a(lib_a-reent.o)
 .debug_ranges  0x00000000000010d8       0x10 /usr/lib/gcc/arm-none-eabi/4.9.3/../../../arm-none-eabi/lib/armv7e-m/fpu/libc_nano.a(lib_a-nano-msizer.o)
 .debug_ranges  0x00000000000010e8       0x10 /usr/lib/gcc/arm-none-eabi/4.9.3/../../../arm-none-eabi/lib/armv7e-m/fpu/libm.a(lib_a-w_sqrt.o)
 .debug_ranges  0x00000000000010f8       0x10 /usr/lib/gcc/arm-none-eabi/4.9.3/../../../arm-none-eabi/lib/armv7e-m/fpu/libm.a(lib_a-e_sqrt.o)
 .debug_ranges  0x0000000000001108       0x10 /usr/lib/gcc/arm-none-eabi/4.9.3/../../../arm-none-eabi/lib/armv7e-m/fpu/libm.a(lib_a-s_matherr.o)
 .debug_ranges  0x0000000000001118       0x10 /usr/lib/gcc/arm-none-eabi/4.9.3/../../../arm-none-eabi/lib/armv7e-m/fpu/libnosys.a(sbrk.o)
 .debug_ranges  0x0000000000001128       0x10 /usr/lib/gcc/arm-none-eabi/4.9.3/../../../arm-none-eabi/lib/armv7e-m/fpu/libc_nano.a(lib_a-errno.o)

.debug_line     0x0000000000000000     0xa098
 .debug_line    0x0000000000000000      0x3a4 build/adc.o
 .debug_line    0x00000000000003a4      0x180 build/power.o
 .debug_line    0x0000000000000524      0x140 build/stm32f3xx_hal_msp.o
 .debug_line    0x0000000000000664      0xbf6 build/stm32f3xx_hal_uart.o
 .debug_line    0x000000000000125a     0x1322 build/stm32f3xx_hal_adc_ex.o
 .debug_line    0x000000000000257c      0x311 build/stm32f3xx_hal_adc.o
 .debug_line    0x000000000000288d     0x1345 build/stm32f3xx_hal_tim.o
 .debug_line    0x0000000000003bd2      0x2c3 build/stm32f3xx_hal_gpio.o
 .debug_line    0x0000000000003e95      0x21e build/usart.o
 .debug_line    0x00000000000040b3      0x4d5 build/stm32f3xx_hal_rcc_ex.o
 .debug_line    0x0000000000004588      0x147 build/gpio.o
 .debug_line    0x00000000000046cf      0x350 build/stm32f3xx_hal_cortex.o
 .debug_line    0x0000000000004a1f      0x237 build/main.o
 .debug_line    0x0000000000004c56      0x1b8 build/stm32f3xx_it.o
 .debug_line    0x0000000000004e0e      0x3b1 build/stm32f3xx_hal_dma.o
 .debug_line    0x00000000000051bf      0x127 build/system_stm32f3xx.o
 .debug_line    0x00000000000052e6      0x133 build/dma.o
 .debug_line    0x0000000000005419      0x8e0 build/stm32f3xx_hal_tim_ex.o
 .debug_line    0x0000000000005cf9      0x22f build/tim.o
 .debug_line    0x0000000000005f28      0x676 build/stm32f3xx_hal_rcc.o
 .debug_line    0x000000000000659e      0x2fb build/stm32f3xx_hal.o
 .debug_line    0x0000000000006899       0x74 build/startup_stm32f303xe.o
 .debug_line    0x000000000000690d       0xf4 /usr/lib/gcc/arm-none-eabi/4.9.3/../../../arm-none-eabi/lib/armv7e-m/fpu/libc_nano.a(lib_a-impure.o)
 .debug_line    0x0000000000006a01       0xb9 /usr/lib/gcc/arm-none-eabi/4.9.3/../../../arm-none-eabi/lib/armv7e-m/fpu/libc_nano.a(lib_a-init.o)
 .debug_line    0x0000000000006aba       0xf1 /usr/lib/gcc/arm-none-eabi/4.9.3/../../../arm-none-eabi/lib/armv7e-m/fpu/libc_nano.a(lib_a-memset.o)
 .debug_line    0x0000000000006bab      0x41f /usr/lib/gcc/arm-none-eabi/4.9.3/../../../arm-none-eabi/lib/armv7e-m/fpu/libc_nano.a(lib_a-nano-vfprintf_float.o)
 .debug_line    0x0000000000006fca      0x300 /usr/lib/gcc/arm-none-eabi/4.9.3/../../../arm-none-eabi/lib/armv7e-m/fpu/libc_nano.a(lib_a-nano-vfprintf_i.o)
 .debug_line    0x00000000000072ca      0x155 /usr/lib/gcc/arm-none-eabi/4.9.3/../../../arm-none-eabi/lib/armv7e-m/fpu/libc_nano.a(lib_a-s_fpclassify.o)
 .debug_line    0x000000000000741f      0x1bc /usr/lib/gcc/arm-none-eabi/4.9.3/../../../arm-none-eabi/lib/armv7e-m/fpu/libc_nano.a(lib_a-snprintf.o)
 .debug_line    0x00000000000075db       0xf8 /usr/lib/gcc/arm-none-eabi/4.9.3/../../../arm-none-eabi/lib/armv7e-m/fpu/libc_nano.a(lib_a-strlen.o)