Archive member included to satisfy reference by file (symbol)

/usr/lib/gcc/arm-none-eabi/4.9.3/../../../arm-none-eabi/lib/armv7e-m/fpu/libc_nano.a(lib_a-atexit.o)
                              /usr/lib/gcc/arm-none-eabi/4.9.3/../../../arm-none-eabi/lib/armv7e-m/fpu/crt0.o (atexit)
/usr/lib/gcc/arm-none-eabi/4.9.3/../../../arm-none-eabi/lib/armv7e-m/fpu/libc_nano.a(lib_a-exit.o)
                              /usr/lib/gcc/arm-none-eabi/4.9.3/../../../arm-none-eabi/lib/armv7e-m/fpu/crt0.o (exit)
/usr/lib/gcc/arm-none-eabi/4.9.3/../../../arm-none-eabi/lib/armv7e-m/fpu/libc_nano.a(lib_a-fini.o)
                              /usr/lib/gcc/arm-none-eabi/4.9.3/../../../arm-none-eabi/lib/armv7e-m/fpu/crt0.o (__libc_fini_array)
/usr/lib/gcc/arm-none-eabi/4.9.3/../../../arm-none-eabi/lib/armv7e-m/fpu/libc_nano.a(lib_a-impure.o)
                              /usr/lib/gcc/arm-none-eabi/4.9.3/../../../arm-none-eabi/lib/armv7e-m/fpu/libc_nano.a(lib_a-exit.o) (_global_impure_ptr)
/usr/lib/gcc/arm-none-eabi/4.9.3/../../../arm-none-eabi/lib/armv7e-m/fpu/libc_nano.a(lib_a-init.o)
                              /usr/lib/gcc/arm-none-eabi/4.9.3/../../../arm-none-eabi/lib/armv7e-m/fpu/crt0.o (__libc_init_array)
/usr/lib/gcc/arm-none-eabi/4.9.3/../../../arm-none-eabi/lib/armv7e-m/fpu/libc_nano.a(lib_a-memset.o)
                              /usr/lib/gcc/arm-none-eabi/4.9.3/../../../arm-none-eabi/lib/armv7e-m/fpu/crt0.o (memset)
/usr/lib/gcc/arm-none-eabi/4.9.3/../../../arm-none-eabi/lib/armv7e-m/fpu/libc_nano.a(lib_a-nano-vfprintf_float.o)
                              (_printf_float)
/usr/lib/gcc/arm-none-eabi/4.9.3/../../../arm-none-eabi/lib/armv7e-m/fpu/libc_nano.a(lib_a-nano-vfprintf_i.o)
                              /usr/lib/gcc/arm-none-eabi/4.9.3/../../../arm-none-eabi/lib/armv7e-m/fpu/libc_nano.a(lib_a-nano-vfprintf_float.o) (_printf_common)
/usr/lib/gcc/arm-none-eabi/4.9.3/../../../arm-none-eabi/lib/armv7e-m/fpu/libc_nano.a(lib_a-s_fpclassify.o)
                              /usr/lib/gcc/arm-none-eabi/4.9.3/../../../arm-none-eabi/lib/armv7e-m/fpu/libc_nano.a(lib_a-nano-vfprintf_float.o) (__fpclassifyd)
/usr/lib/gcc/arm-none-eabi/4.9.3/../../../arm-none-eabi/lib/armv7e-m/fpu/libc_nano.a(lib_a-snprintf.o)
                              build/adc.o (snprintf)
/usr/lib/gcc/arm-none-eabi/4.9.3/../../../arm-none-eabi/lib/armv7e-m/fpu/libc_nano.a(lib_a-strlen.o)
                              build/usart.o (strlen)
/usr/lib/gcc/arm-none-eabi/4.9.3/../../../arm-none-eabi/lib/armv7e-m/fpu/libc_nano.a(lib_a-__atexit.o)
                              /usr/lib/gcc/arm-none-eabi/4.9.3/../../../arm-none-eabi/lib/armv7e-m/fpu/libc_nano.a(lib_a-atexit.o) (__register_exitproc)
/usr/lib/gcc/arm-none-eabi/4.9.3/../../../arm-none-eabi/lib/armv7e-m/fpu/libc_nano.a(lib_a-__call_atexit.o)
                              /usr/lib/gcc/arm-none-eabi/4.9.3/../../../arm-none-eabi/lib/armv7e-m/fpu/libc_nano.a(lib_a-__atexit.o) (__call_exitprocs)
/usr/lib/gcc/arm-none-eabi/4.9.3/../../../arm-none-eabi/lib/armv7e-m/fpu/libc_nano.a(lib_a-dtoa.o)
                              /usr/lib/gcc/arm-none-eabi/4.9.3/../../../arm-none-eabi/lib/armv7e-m/fpu/libc_nano.a(lib_a-nano-vfprintf_float.o) (_dtoa_r)
/usr/lib/gcc/arm-none-eabi/4.9.3/../../../arm-none-eabi/lib/armv7e-m/fpu/libc_nano.a(lib_a-locale.o)
                              /usr/lib/gcc/arm-none-eabi/4.9.3/../../../arm-none-eabi/lib/armv7e-m/fpu/libc_nano.a(lib_a-nano-vfprintf_float.o) (_localeconv_r)
/usr/lib/gcc/arm-none-eabi/4.9.3/../../../arm-none-eabi/lib/armv7e-m/fpu/libc_nano.a(lib_a-malloc.o)
                              /usr/lib/gcc/arm-none-eabi/4.9.3/../../../arm-none-eabi/lib/armv7e-m/fpu/libc_nano.a(lib_a-dtoa.o) (malloc)
/usr/lib/gcc/arm-none-eabi/4.9.3/../../../arm-none-eabi/lib/armv7e-m/fpu/libc_nano.a(lib_a-memchr.o)
                              /usr/lib/gcc/arm-none-eabi/4.9.3/../../../arm-none-eabi/lib/armv7e-m/fpu/libc_nano.a(lib_a-nano-vfprintf_i.o) (memchr)
/usr/lib/gcc/arm-none-eabi/4.9.3/../../../arm-none-eabi/lib/armv7e-m/fpu/libc_nano.a(lib_a-memcpy.o)
                              /usr/lib/gcc/arm-none-eabi/4.9.3/../../../arm-none-eabi/lib/armv7e-m/fpu/libc_nano.a(lib_a-dtoa.o) (memcpy)
/usr/lib/gcc/arm-none-eabi/4.9.3/../../../arm-none-eabi/lib/armv7e-m/fpu/libc_nano.a(lib_a-mprec.o)
                              /usr/lib/gcc/arm-none-eabi/4.9.3/../../../arm-none-eabi/lib/armv7e-m/fpu/libc_nano.a(lib_a-dtoa.o) (_Balloc)
/usr/lib/gcc/arm-none-eabi/4.9.3/../../../arm-none-eabi/lib/armv7e-m/fpu/libc_nano.a(lib_a-nano-callocr.o)
                              /usr/lib/gcc/arm-none-eabi/4.9.3/../../../arm-none-eabi/lib/armv7e-m/fpu/libc_nano.a(lib_a-mprec.o) (_calloc_r)
/usr/lib/gcc/arm-none-eabi/4.9.3/../../../arm-none-eabi/lib/armv7e-m/fpu/libc_nano.a(lib_a-nano-freer.o)
                              /usr/lib/gcc/arm-none-eabi/4.9.3/../../../arm-none-eabi/lib/armv7e-m/fpu/libc_nano.a(lib_a-malloc.o) (_free_r)
[...]
Memory Configuration

Name             Origin             Length             Attributes
RAM              0x0000000020000000 0x0000000000010000 xrw
CCMRAM           0x0000000010000000 0x0000000000004000 rw
FLASH            0x0000000008000000 0x0000000000080000 xr
*default*        0x0000000000000000 0xffffffffffffffff

Linker script and memory map

LOAD /usr/lib/gcc/arm-none-eabi/4.9.3/armv7e-m/fpu/crti.o
LOAD /usr/lib/gcc/arm-none-eabi/4.9.3/armv7e-m/fpu/crtbegin.o
LOAD /usr/lib/gcc/arm-none-eabi/4.9.3/../../../arm-none-eabi/lib/armv7e-m/fpu/crt0.o
LOAD build/adc.o
LOAD build/power.o
LOAD build/stm32f3xx_hal_msp.o
LOAD build/stm32f3xx_hal_uart.o
LOAD build/stm32f3xx_hal_adc_ex.o
LOAD build/stm32f3xx_hal_adc.o
LOAD build/stm32f3xx_hal_tim.o
LOAD build/stm32f3xx_hal_gpio.o
LOAD build/usart.o
LOAD build/stm32f3xx_hal_rcc_ex.o
LOAD build/gpio.o
LOAD build/stm32f3xx_hal_i2c.o
LOAD build/stm32f3xx_hal_pwr.o
LOAD build/stm32f3xx_hal_flash_ex.o
LOAD build/stm32f3xx_hal_cortex.o
LOAD build/main.o
LOAD build/stm32f3xx_it.o
LOAD build/stm32f3xx_hal_dma.o
LOAD build/system_stm32f3xx.o
LOAD build/dma.o
LOAD build/stm32f3xx_hal_tim_ex.o
LOAD build/tim.o
LOAD build/stm32f3xx_hal_uart_ex.o
LOAD build/stm32f3xx_hal_rcc.o
LOAD build/stm32f3xx_hal_flash.o
LOAD build/stm32f3xx_hal_pwr_ex.o
LOAD build/stm32f3xx_hal.o
LOAD build/stm32f3xx_hal_i2c_ex.o
LOAD build/startup_stm32f303xe.o
LOAD /usr/lib/gcc/arm-none-eabi/4.9.3/../../../arm-none-eabi/lib/armv7e-m/fpu/libc_nano.a
LOAD /usr/lib/gcc/arm-none-eabi/4.9.3/../../../arm-none-eabi/lib/armv7e-m/fpu/libm.a
LOAD /usr/lib/gcc/arm-none-eabi/4.9.3/../../../arm-none-eabi/lib/armv7e-m/fpu/libnosys.a
START GROUP
LOAD /usr/lib/gcc/arm-none-eabi/4.9.3/armv7e-m/fpu/libgcc.a
LOAD /usr/lib/gcc/arm-none-eabi/4.9.3/../../../arm-none-eabi/lib/armv7e-m/fpu/libc_nano.a
END GROUP
START GROUP
LOAD /usr/lib/gcc/arm-none-eabi/4.9.3/armv7e-m/fpu/libgcc.a
LOAD /usr/lib/gcc/arm-none-eabi/4.9.3/../../../arm-none-eabi/lib/armv7e-m/fpu/libc_nano.a
END GROUP
LOAD /usr/lib/gcc/arm-none-eabi/4.9.3/armv7e-m/fpu/crtend.o
LOAD /usr/lib/gcc/arm-none-eabi/4.9.3/armv7e-m/fpu/crtn.o
                0x0000000020010000                _estack = 0x20010000
                0x0000000000000200                _Min_Heap_Size = 0x200
                0x0000000000000400                _Min_Stack_Size = 0x400

.isr_vector     0x0000000008000000      0x194
                0x0000000008000000                . = ALIGN (0x4)
 *(.isr_vector)
 .isr_vector    0x0000000008000000      0x194 build/startup_stm32f303xe.o
                0x0000000008000000                g_pfnVectors
                0x0000000008000194                . = ALIGN (0x4)

.text           0x0000000008000198     0x723c
                0x0000000008000198                . = ALIGN (0x4)
 *(.text)
 .text          0x0000000008000198       0xa4 /usr/lib/gcc/arm-none-eabi/4.9.3/armv7e-m/fpu/crtbegin.o
 .text          0x000000000800023c      0x370 /usr/lib/gcc/arm-none-eabi/4.9.3/armv7e-m/fpu/libgcc.a(_arm_addsubdf3.o)
                0x000000000800023c                __aeabi_drsub
                0x0000000008000244                __aeabi_dsub
                0x0000000008000244                __subdf3
                0x0000000008000248                __adddf3
                0x0000000008000248                __aeabi_dadd
                0x00000000080004c0                __aeabi_ui2d
                0x00000000080004c0                __floatunsidf
                0x00000000080004e0                __floatsidf
                0x00000000080004e0                __aeabi_i2d
                0x0000000008000504                __extendsfdf2
                0x0000000008000504                __aeabi_f2d
                0x0000000008000540                __aeabi_ul2d
                0x0000000008000540                __floatundidf
                0x0000000008000550                __floatdidf
                0x0000000008000550                __aeabi_l2d
 .text          0x00000000080005ac      0x424 /usr/lib/gcc/arm-none-eabi/4.9.3/armv7e-m/fpu/libgcc.a(_arm_muldivdf3.o)
                0x00000000080005ac                __aeabi_dmul
                0x00000000080005ac                __muldf3
                0x0000000008000800                __aeabi_ddiv
                0x0000000008000800                __divdf3
 .text          0x00000000080009d0      0x110 /usr/lib/gcc/arm-none-eabi/4.9.3/armv7e-m/fpu/libgcc.a(_arm_cmpdf2.o)
                0x00000000080009d0                __gtdf2
                0x00000000080009d0                __gedf2
                0x00000000080009d8                __ltdf2
                0x00000000080009d8                __ledf2
                0x00000000080009e0                __cmpdf2
                0x00000000080009e0                __eqdf2
                0x00000000080009e0                __nedf2
                0x0000000008000a5c                __aeabi_cdrcmple
                0x0000000008000a6c                __aeabi_cdcmple
                0x0000000008000a6c                __aeabi_cdcmpeq
                0x0000000008000a7c                __aeabi_dcmpeq
                0x0000000008000a90                __aeabi_dcmplt
                0x0000000008000aa4                __aeabi_dcmple
                0x0000000008000ab8                __aeabi_dcmpge
                0x0000000008000acc                __aeabi_dcmpgt
 .text          0x0000000008000ae0       0x50 /usr/lib/gcc/arm-none-eabi/4.9.3/armv7e-m/fpu/libgcc.a(_arm_fixdfsi.o)
                0x0000000008000ae0                __fixdfsi
                0x0000000008000ae0                __aeabi_d2iz
 .text          0x0000000008000b30       0x38 /usr/lib/gcc/arm-none-eabi/4.9.3/armv7e-m/fpu/libgcc.a(_aeabi_ldivmod.o)
                0x0000000008000b30                __aeabi_ldivmod
 .text          0x0000000008000b68       0x60 /usr/lib/gcc/arm-none-eabi/4.9.3/armv7e-m/fpu/libgcc.a(bpabi.o)
                0x0000000008000b68                __gnu_ldivmod_helper
                0x0000000008000b98                __gnu_uldivmod_helper
 .text          0x0000000008000bc8        0x4 /usr/lib/gcc/arm-none-eabi/4.9.3/armv7e-m/fpu/libgcc.a(_dvmd_tls.o)
                0x0000000008000bc8                __aeabi_ldiv0
                0x0000000008000bc8                __aeabi_idiv0
 .text          0x0000000008000bcc      0x29c /usr/lib/gcc/arm-none-eabi/4.9.3/armv7e-m/fpu/libgcc.a(_divdi3.o)
                0x0000000008000bcc                __divdi3
 .text          0x0000000008000e68      0x26c /usr/lib/gcc/arm-none-eabi/4.9.3/armv7e-m/fpu/libgcc.a(_udivdi3.o)
                0x0000000008000e68                __udivdi3
 *(.text*)
 .text.MX_ADC1_Init
                0x00000000080010d4       0xb0 build/adc.o
                0x00000000080010d4                MX_ADC1_Init
 .text.MX_ADC2_Init
                0x0000000008001184       0x98 build/adc.o
                0x0000000008001184                MX_ADC2_Init
 .text.MX_ADC3_Init
                0x000000000800121c       0xb0 build/adc.o
                0x000000000800121c                MX_ADC3_Init
 .text.MX_ADC4_Init
                0x00000000080012cc       0x9c build/adc.o
                0x00000000080012cc                MX_ADC4_Init
 .text.HAL_ADC_MspInit
                0x0000000008001368      0x24c build/adc.o
                0x0000000008001368                HAL_ADC_MspInit
 .text.HAL_ADC_ConvHalfCpltCallback
                0x00000000080015b4       0xd0 build/adc.o
                0x00000000080015b4                HAL_ADC_ConvHalfCpltCallback
 .text.HAL_ADC_ConvCpltCallback
                0x0000000008001684       0xd4 build/adc.o
                0x0000000008001684                HAL_ADC_ConvCpltCallback
 .text.calibrate_ADCs
                0x0000000008001758       0x34 build/adc.o
                0x0000000008001758                calibrate_ADCs
 .text.start_ADCs
                0x000000000800178c      0x18c build/adc.o
                0x000000000800178c                start_ADCs
 .text.get_cpu_temp
                0x0000000008001918       0x28 build/adc.o
                0x0000000008001918                get_cpu_temp
 .text.get_vdd  0x0000000008001940       0x24 build/adc.o
                0x0000000008001940                get_vdd
 .text.process_VI_pair
                0x0000000008001964      0x1c0 build/power.o
                0x0000000008001964                process_VI_pair
 *fill*         0x0000000008001b24        0x4 
 .text.process_power_data
                0x0000000008001b28      0x2cc build/power.o
                0x0000000008001b28                process_power_data
 .text.init_power
                0x0000000008001df4        0xc build/power.o
                0x0000000008001df4                init_power
 .text.HAL_MspInit
                0x0000000008001e00       0x7c build/stm32f3xx_hal_msp.o
                0x0000000008001e00                HAL_MspInit
 .text.UART_SetConfig
                0x0000000008001e7c      0x2a0 build/stm32f3xx_hal_uart.o
                0x0000000008001e7c                UART_SetConfig
 .text.UART_AdvFeatureConfig
                0x000000000800211c       0xc8 build/stm32f3xx_hal_uart.o
                0x000000000800211c                UART_AdvFeatureConfig
 .text.UART_WaitOnFlagUntilTimeout
                0x00000000080021e4       0x68 build/stm32f3xx_hal_uart.o
                0x00000000080021e4                UART_WaitOnFlagUntilTimeout
 .text.HAL_UART_Transmit
                0x000000000800224c       0xd0 build/stm32f3xx_hal_uart.o
                0x000000000800224c                HAL_UART_Transmit
 .text.UART_CheckIdleState
                0x000000000800231c       0x6c build/stm32f3xx_hal_uart.o
                0x000000000800231c                UART_CheckIdleState
 .text.HAL_UART_Init
                0x0000000008002388       0x6c build/stm32f3xx_hal_uart.o
                0x0000000008002388                HAL_UART_Init
 .text.ADC_Disable
                0x00000000080023f4       0x8c build/stm32f3xx_hal_adc_ex.o
 .text.ADC_ConversionStop
                0x0000000008002480       0xdc build/stm32f3xx_hal_adc_ex.o
 .text.ADC_Enable
                0x000000000800255c       0x84 build/stm32f3xx_hal_adc_ex.o
 .text.ADC_DMAError
                0x00000000080025e0       0x1c build/stm32f3xx_hal_adc_ex.o
 .text.ADC_DMAHalfConvCplt
                0x00000000080025fc        0xc build/stm32f3xx_hal_adc_ex.o
 .text.ADC_DMAConvCplt
                0x0000000008002608       0x4c build/stm32f3xx_hal_adc_ex.o
 .text.HAL_ADC_Init
                0x0000000008002654      0x2c0 build/stm32f3xx_hal_adc_ex.o
                0x0000000008002654                HAL_ADC_Init
 .text.HAL_ADC_Start_DMA
                0x0000000008002914      0x18c build/stm32f3xx_hal_adc_ex.o
                0x0000000008002914                HAL_ADC_Start_DMA
 .text.HAL_ADC_Stop_DMA
                0x0000000008002aa0       0x74 build/stm32f3xx_hal_adc_ex.o
                0x0000000008002aa0                HAL_ADC_Stop_DMA
 .text.HAL_ADCEx_Calibration_Start
                0x0000000008002b14       0x90 build/stm32f3xx_hal_adc_ex.o
                0x0000000008002b14                HAL_ADCEx_Calibration_Start
 .text.HAL_ADC_ConfigChannel
                0x0000000008002ba4      0x39c build/stm32f3xx_hal_adc_ex.o
                0x0000000008002ba4                HAL_ADC_ConfigChannel
 .text.HAL_ADCEx_MultiModeConfigChannel
                0x0000000008002f40      0x17c build/stm32f3xx_hal_adc_ex.o
                0x0000000008002f40                HAL_ADCEx_MultiModeConfigChannel
 .text.HAL_ADC_ErrorCallback
                0x00000000080030bc        0x4 build/stm32f3xx_hal_adc.o
                0x00000000080030bc                HAL_ADC_ErrorCallback
 .text.HAL_TIM_OnePulse_MspInit
                0x00000000080030c0        0x4 build/stm32f3xx_hal_tim.o
                0x00000000080030c0                HAL_TIM_OnePulse_MspInit
 .text.TIM_Base_SetConfig
                0x00000000080030c4       0xd0 build/stm32f3xx_hal_tim.o
                0x00000000080030c4                TIM_Base_SetConfig
 .text.HAL_TIM_PWM_Init
                0x0000000008003194       0x38 build/stm32f3xx_hal_tim.o
                0x0000000008003194                HAL_TIM_PWM_Init
 .text.HAL_TIM_OnePulse_Init
                0x00000000080031cc       0x4c build/stm32f3xx_hal_tim.o
                0x00000000080031cc                HAL_TIM_OnePulse_Init
 .text.TIM_OC1_SetConfig
                0x0000000008003218       0xac build/stm32f3xx_hal_tim.o
                0x0000000008003218                TIM_OC1_SetConfig
 .text.TIM_OC2_SetConfig
                0x00000000080032c4       0x9c build/stm32f3xx_hal_tim.o
                0x00000000080032c4                TIM_OC2_SetConfig
 .text.TIM_OC3_SetConfig
                0x0000000008003360       0x9c build/stm32f3xx_hal_tim.o
                0x0000000008003360                TIM_OC3_SetConfig
 .text.TIM_OC4_SetConfig
                0x00000000080033fc       0x74 build/stm32f3xx_hal_tim.o
                0x00000000080033fc                TIM_OC4_SetConfig
 .text.TIM_CCxChannelCmd
                0x0000000008003470       0x1c build/stm32f3xx_hal_tim.o
                0x0000000008003470                TIM_CCxChannelCmd
 .text.HAL_TIM_PWM_Start
                0x000000000800348c       0x74 build/stm32f3xx_hal_tim.o
                0x000000000800348c                HAL_TIM_PWM_Start
 .text.HAL_TIM_PWM_Stop
                0x0000000008003500       0xa0 build/stm32f3xx_hal_tim.o
                0x0000000008003500                HAL_TIM_PWM_Stop
 .text.HAL_GPIO_Init
                0x00000000080035a0      0x1bc build/stm32f3xx_hal_gpio.o
                0x00000000080035a0                HAL_GPIO_Init
 .text.HAL_GPIO_WritePin
                0x000000000800375c        0xc build/stm32f3xx_hal_gpio.o
                0x000000000800375c                HAL_GPIO_WritePin
 .text.MX_USART2_UART_Init
                0x0000000008003768       0x40 build/usart.o
                0x0000000008003768                MX_USART2_UART_Init
 .text.HAL_UART_MspInit
                0x00000000080037a8       0x4c build/usart.o
                0x00000000080037a8                HAL_UART_MspInit
 .text.debug_printf
                0x00000000080037f4       0x1c build/usart.o
                0x00000000080037f4                debug_printf
 .text.HAL_RCCEx_PeriphCLKConfig
                0x0000000008003810      0x300 build/stm32f3xx_hal_rcc_ex.o
                0x0000000008003810                HAL_RCCEx_PeriphCLKConfig
 .text.MX_GPIO_Init
                0x0000000008003b10       0xfc build/gpio.o
                0x0000000008003b10                MX_GPIO_Init
 .text.HAL_NVIC_SetPriorityGrouping
                0x0000000008003c0c       0x24 build/stm32f3xx_hal_cortex.o
                0x0000000008003c0c                HAL_NVIC_SetPriorityGrouping
 .text.HAL_NVIC_SetPriority
                0x0000000008003c30       0x64 build/stm32f3xx_hal_cortex.o
                0x0000000008003c30                HAL_NVIC_SetPriority
 .text.HAL_NVIC_EnableIRQ
                0x0000000008003c94       0x18 build/stm32f3xx_hal_cortex.o
                0x0000000008003c94                HAL_NVIC_EnableIRQ
 .text.HAL_SYSTICK_Config
                0x0000000008003cac       0x2c build/stm32f3xx_hal_cortex.o
                0x0000000008003cac                HAL_SYSTICK_Config
 .text.HAL_SYSTICK_CLKSourceConfig
                0x0000000008003cd8       0x20 build/stm32f3xx_hal_cortex.o
                0x0000000008003cd8                HAL_SYSTICK_CLKSourceConfig
 .text.HAL_SYSTICK_Callback
                0x0000000008003cf8        0x4 build/stm32f3xx_hal_cortex.o
                0x0000000008003cf8                HAL_SYSTICK_Callback
 .text.HAL_SYSTICK_IRQHandler
                0x0000000008003cfc        0x8 build/stm32f3xx_hal_cortex.o
                0x0000000008003cfc                HAL_SYSTICK_IRQHandler
 .text._Error_Handler
                0x0000000008003d04        0x4 build/main.o
                0x0000000008003d04                _Error_Handler
 .text.SystemClock_Config
                0x0000000008003d08       0xa4 build/main.o
                0x0000000008003d08                SystemClock_Config
 .text.main     0x0000000008003dac       0xd4 build/main.o
                0x0000000008003dac                main
 .text.SysTick_Handler
                0x0000000008003e80        0xc build/stm32f3xx_it.o
                0x0000000008003e80                SysTick_Handler
 .text.DMA1_Channel1_IRQHandler
                0x0000000008003e8c       0x10 build/stm32f3xx_it.o
                0x0000000008003e8c                DMA1_Channel1_IRQHandler
 .text.DMA2_Channel1_IRQHandler
                0x0000000008003e9c       0x10 build/stm32f3xx_it.o
                0x0000000008003e9c                DMA2_Channel1_IRQHandler
 .text.DMA2_Channel2_IRQHandler
                0x0000000008003eac       0x10 build/stm32f3xx_it.o
                0x0000000008003eac                DMA2_Channel2_IRQHandler
 .text.DMA2_Channel5_IRQHandler
                0x0000000008003ebc       0x10 build/stm32f3xx_it.o
                0x0000000008003ebc                DMA2_Channel5_IRQHandler
 .text.DMA_SetConfig
                0x0000000008003ecc       0x2c build/stm32f3xx_hal_dma.o
 .text.DMA_CalcBaseAndBitshift
                0x0000000008003ef8       0x4c build/stm32f3xx_hal_dma.o
 .text.HAL_DMA_Init
                0x0000000008003f44       0x58 build/stm32f3xx_hal_dma.o
                0x0000000008003f44                HAL_DMA_Init
 .text.HAL_DMA_Start_IT
                0x0000000008003f9c       0x74 build/stm32f3xx_hal_dma.o
                0x0000000008003f9c                HAL_DMA_Start_IT
 .text.HAL_DMA_Abort
                0x0000000008004010       0x30 build/stm32f3xx_hal_dma.o
                0x0000000008004010                HAL_DMA_Abort
 .text.HAL_DMA_IRQHandler
                0x0000000008004040       0xb0 build/stm32f3xx_hal_dma.o
                0x0000000008004040                HAL_DMA_IRQHandler
 .text.SystemInit
                0x00000000080040f0       0x68 build/system_stm32f3xx.o
                0x00000000080040f0                SystemInit
 .text.MX_DMA_Init
                0x0000000008004158       0x74 build/dma.o
                0x0000000008004158                MX_DMA_Init
 .text.TIM_OC5_SetConfig
                0x00000000080041cc       0x70 build/stm32f3xx_hal_tim_ex.o
 .text.TIM_OC6_SetConfig
                0x000000000800423c       0x74 build/stm32f3xx_hal_tim_ex.o
 .text.HAL_TIM_PWM_ConfigChannel
                0x00000000080042b0      0x138 build/stm32f3xx_hal_tim_ex.o
                0x00000000080042b0                HAL_TIM_PWM_ConfigChannel
 .text.HAL_TIMEx_MasterConfigSynchronization
                0x00000000080043e8       0x60 build/stm32f3xx_hal_tim_ex.o
                0x00000000080043e8                HAL_TIMEx_MasterConfigSynchronization
 .text.HAL_TIMEx_ConfigBreakDeadTime
                0x0000000008004448       0x98 build/stm32f3xx_hal_tim_ex.o
                0x0000000008004448                HAL_TIMEx_ConfigBreakDeadTime
 .text.HAL_TIM_PWM_MspInit
                0x00000000080044e0       0x28 build/tim.o
                0x00000000080044e0                HAL_TIM_PWM_MspInit
 .text.HAL_TIM_MspPostInit
                0x0000000008004508       0x38 build/tim.o
                0x0000000008004508                HAL_TIM_MspPostInit
 .text.MX_TIM8_Init
                0x0000000008004540       0xcc build/tim.o
                0x0000000008004540                MX_TIM8_Init
 .text.pulse_tim8_ch2
                0x000000000800460c       0x28 build/tim.o
                0x000000000800460c                pulse_tim8_ch2
 .text.HAL_RCC_OscConfig
                0x0000000008004634      0x624 build/stm32f3xx_hal_rcc.o
                0x0000000008004634                HAL_RCC_OscConfig
 .text.HAL_RCC_GetSysClockFreq
                0x0000000008004c58       0x70 build/stm32f3xx_hal_rcc.o
                0x0000000008004c58                HAL_RCC_GetSysClockFreq
 .text.HAL_RCC_ClockConfig
                0x0000000008004cc8      0x1e0 build/stm32f3xx_hal_rcc.o
                0x0000000008004cc8                HAL_RCC_ClockConfig
 .text.HAL_RCC_GetHCLKFreq
                0x0000000008004ea8        0xc build/stm32f3xx_hal_rcc.o
                0x0000000008004ea8                HAL_RCC_GetHCLKFreq
 .text.HAL_RCC_GetPCLK1Freq
                0x0000000008004eb4       0x2c build/stm32f3xx_hal_rcc.o
                0x0000000008004eb4                HAL_RCC_GetPCLK1Freq
 .text.HAL_RCC_GetPCLK2Freq
                0x0000000008004ee0       0x2c build/stm32f3xx_hal_rcc.o
                0x0000000008004ee0                HAL_RCC_GetPCLK2Freq
 .text.HAL_InitTick
                0x0000000008004f0c       0x2c build/stm32f3xx_hal.o
                0x0000000008004f0c                HAL_InitTick
 .text.HAL_Init
                0x0000000008004f38       0x24 build/stm32f3xx_hal.o
                0x0000000008004f38                HAL_Init
 .text.HAL_IncTick
                0x0000000008004f5c       0x10 build/stm32f3xx_hal.o
                0x0000000008004f5c                HAL_IncTick
 .text.HAL_GetTick
                0x0000000008004f6c        0xc build/stm32f3xx_hal.o
                0x0000000008004f6c                HAL_GetTick
 .text.HAL_Delay
                0x0000000008004f78       0x24 build/stm32f3xx_hal.o
                0x0000000008004f78                HAL_Delay
 .text.Reset_Handler
                0x0000000008004f9c       0x50 build/startup_stm32f303xe.o
                0x0000000008004f9c                Reset_Handler
 .text.Default_Handler
                0x0000000008004fec        0x2 build/startup_stm32f303xe.o
                0x0000000008004fec                RTC_Alarm_IRQHandler
                0x0000000008004fec                TIM8_TRG_COM_IRQHandler
                0x0000000008004fec                TIM8_CC_IRQHandler
                0x0000000008004fec                DebugMon_Handler
                0x0000000008004fec                SPI4_IRQHandler
                0x0000000008004fec                TIM1_CC_IRQHandler
                0x0000000008004fec                HardFault_Handler
                0x0000000008004fec                USB_HP_IRQHandler
                0x0000000008004fec                PVD_IRQHandler
                0x0000000008004fec                TAMP_STAMP_IRQHandler
                0x0000000008004fec                PendSV_Handler
                0x0000000008004fec                NMI_Handler
                0x0000000008004fec                EXTI3_IRQHandler
                0x0000000008004fec                I2C3_ER_IRQHandler
                0x0000000008004fec                USB_HP_CAN_TX_IRQHandler
                0x0000000008004fec                EXTI0_IRQHandler
                0x0000000008004fec                I2C2_EV_IRQHandler
                0x0000000008004fec                FPU_IRQHandler
                0x0000000008004fec                TIM1_UP_TIM16_IRQHandler
                0x0000000008004fec                UsageFault_Handler
                0x0000000008004fec                ADC1_2_IRQHandler
                0x0000000008004fec                SPI1_IRQHandler
                0x0000000008004fec                CAN_SCE_IRQHandler
                0x0000000008004fec                TIM6_DAC_IRQHandler
                0x0000000008004fec                TIM8_UP_IRQHandler
                0x0000000008004fec                DMA1_Channel4_IRQHandler
                0x0000000008004fec                TIM20_TRG_COM_IRQHandler
                0x0000000008004fec                USART3_IRQHandler
                0x0000000008004fec                DMA1_Channel7_IRQHandler
                0x0000000008004fec                UART5_IRQHandler
                0x0000000008004fec                ADC3_IRQHandler
                0x0000000008004fec                TIM4_IRQHandler
                0x0000000008004fec                CAN_RX1_IRQHandler
                0x0000000008004fec                I2C1_EV_IRQHandler
                0x0000000008004fec                DMA1_Channel6_IRQHandler
                0x0000000008004fec                UART4_IRQHandler
                0x0000000008004fec                DMA2_Channel4_IRQHandler
                0x0000000008004fec                TIM3_IRQHandler
                0x0000000008004fec                RCC_IRQHandler
                0x0000000008004fec                TIM20_UP_IRQHandler
                0x0000000008004fec                Default_Handler
                0x0000000008004fec                USBWakeUp_RMP_IRQHandler
                0x0000000008004fec                EXTI15_10_IRQHandler
                0x0000000008004fec                TIM7_IRQHandler
                0x0000000008004fec                I2C3_EV_IRQHandler
                0x0000000008004fec                EXTI9_5_IRQHandler
                0x0000000008004fec                RTC_WKUP_IRQHandler
                0x0000000008004fec                SPI2_IRQHandler
                0x0000000008004fec                USB_LP_CAN_RX0_IRQHandler
                0x0000000008004fec                MemManage_Handler
                0x0000000008004fec                SVC_Handler
                0x0000000008004fec                DMA1_Channel5_IRQHandler
                0x0000000008004fec                USB_LP_IRQHandler
                0x0000000008004fec                EXTI4_IRQHandler
                0x0000000008004fec                TIM1_TRG_COM_TIM17_IRQHandler
                0x0000000008004fec                DMA1_Channel3_IRQHandler
                0x0000000008004fec                ADC4_IRQHandler
                0x0000000008004fec                WWDG_IRQHandler
                0x0000000008004fec                TIM2_IRQHandler
                0x0000000008004fec                COMP7_IRQHandler
                0x0000000008004fec                COMP1_2_3_IRQHandler
                0x0000000008004fec                EXTI1_IRQHandler
                0x0000000008004fec                USART2_IRQHandler
                0x0000000008004fec                COMP4_5_6_IRQHandler
                0x0000000008004fec                TIM20_BRK_IRQHandler
                0x0000000008004fec                I2C2_ER_IRQHandler
                0x0000000008004fec                DMA1_Channel2_IRQHandler
                0x0000000008004fec                TIM8_BRK_IRQHandler
                0x0000000008004fec                FLASH_IRQHandler
                0x0000000008004fec                TIM20_CC_IRQHandler
                0x0000000008004fec                BusFault_Handler
                0x0000000008004fec                USART1_IRQHandler
                0x0000000008004fec                SPI3_IRQHandler
                0x0000000008004fec                I2C1_ER_IRQHandler
                0x0000000008004fec                FMC_IRQHandler
                0x0000000008004fec                USBWakeUp_IRQHandler
                0x0000000008004fec                DMA2_Channel3_IRQHandler
                0x0000000008004fec                EXTI2_TSC_IRQHandler
                0x0000000008004fec                TIM1_BRK_TIM15_IRQHandler
 *fill*         0x0000000008004fee        0x2 
 .text.__libc_init_array
                0x0000000008004ff0       0x4c /usr/lib/gcc/arm-none-eabi/4.9.3/../../../arm-none-eabi/lib/armv7e-m/fpu/libc_nano.a(lib_a-init.o)
                0x0000000008004ff0                __libc_init_array
 .text.memset   0x000000000800503c       0x10 /usr/lib/gcc/arm-none-eabi/4.9.3/../../../arm-none-eabi/lib/armv7e-m/fpu/libc_nano.a(lib_a-memset.o)
                0x000000000800503c                memset
 .text.__cvt    0x000000000800504c       0xc4 /usr/lib/gcc/arm-none-eabi/4.9.3/../../../arm-none-eabi/lib/armv7e-m/fpu/libc_nano.a(lib_a-nano-vfprintf_float.o)
                0x000000000800504c                __cvt
 .text.__exponent
                0x0000000008005110       0x60 /usr/lib/gcc/arm-none-eabi/4.9.3/../../../arm-none-eabi/lib/armv7e-m/fpu/libc_nano.a(lib_a-nano-vfprintf_float.o)
                0x0000000008005110                __exponent
 .text._printf_float
                0x0000000008005170      0x47c /usr/lib/gcc/arm-none-eabi/4.9.3/../../../arm-none-eabi/lib/armv7e-m/fpu/libc_nano.a(lib_a-nano-vfprintf_float.o)
                0x0000000008005170                _printf_float
 .text._printf_common
                0x00000000080055ec       0xea /usr/lib/gcc/arm-none-eabi/4.9.3/../../../arm-none-eabi/lib/armv7e-m/fpu/libc_nano.a(lib_a-nano-vfprintf_i.o)
                0x00000000080055ec                _printf_common
 *fill*         0x00000000080056d6        0x2 
 .text._printf_i
                0x00000000080056d8      0x240 /usr/lib/gcc/arm-none-eabi/4.9.3/../../../arm-none-eabi/lib/armv7e-m/fpu/libc_nano.a(lib_a-nano-vfprintf_i.o)
                0x00000000080056d8                _printf_i
 .text.__fpclassifyd
                0x0000000008005918       0x58 /usr/lib/gcc/arm-none-eabi/4.9.3/../../../arm-none-eabi/lib/armv7e-m/fpu/libc_nano.a(lib_a-s_fpclassify.o)
                0x0000000008005918                __fpclassifyd
 .text.snprintf
                0x0000000008005970       0x64 /usr/lib/gcc/arm-none-eabi/4.9.3/../../../arm-none-eabi/lib/armv7e-m/fpu/libc_nano.a(lib_a-snprintf.o)
                0x0000000008005970                snprintf
                0x0000000008005970                sniprintf
 .text.strlen   0x00000000080059d4       0x10 /usr/lib/gcc/arm-none-eabi/4.9.3/../../../arm-none-eabi/lib/armv7e-m/fpu/libc_nano.a(lib_a-strlen.o)
                0x00000000080059d4                strlen
 .text.quorem   0x00000000080059e4      0x11a /usr/lib/gcc/arm-none-eabi/4.9.3/../../../arm-none-eabi/lib/armv7e-m/fpu/libc_nano.a(lib_a-dtoa.o)
 *fill*         0x0000000008005afe        0x2 
 .text._dtoa_r  0x0000000008005b00      0xb80 /usr/lib/gcc/arm-none-eabi/4.9.3/../../../arm-none-eabi/lib/armv7e-m/fpu/libc_nano.a(lib_a-dtoa.o)
                0x0000000008005b00                _dtoa_r
 .text._localeconv_r
                0x0000000008006680        0x8 /usr/lib/gcc/arm-none-eabi/4.9.3/../../../arm-none-eabi/lib/armv7e-m/fpu/libc_nano.a(lib_a-locale.o)
                0x0000000008006680                _localeconv_r
 .text.malloc   0x0000000008006688       0x10 /usr/lib/gcc/arm-none-eabi/4.9.3/../../../arm-none-eabi/lib/armv7e-m/fpu/libc_nano.a(lib_a-malloc.o)
                0x0000000008006688                malloc
 .text.memchr   0x0000000008006698       0x1e /usr/lib/gcc/arm-none-eabi/4.9.3/../../../arm-none-eabi/lib/armv7e-m/fpu/libc_nano.a(lib_a-memchr.o)
                0x0000000008006698                memchr
 .text.memcpy   0x00000000080066b6       0x16 /usr/lib/gcc/arm-none-eabi/4.9.3/../../../arm-none-eabi/lib/armv7e-m/fpu/libc_nano.a(lib_a-memcpy.o)
                0x00000000080066b6                memcpy
 .text._Balloc  0x00000000080066cc       0x6a /usr/lib/gcc/arm-none-eabi/4.9.3/../../../arm-none-eabi/lib/armv7e-m/fpu/libc_nano.a(lib_a-mprec.o)
                0x00000000080066cc                _Balloc
 .text._Bfree   0x0000000008006736       0x2e /usr/lib/gcc/arm-none-eabi/4.9.3/../../../arm-none-eabi/lib/armv7e-m/fpu/libc_nano.a(lib_a-mprec.o)
                0x0000000008006736                _Bfree
 .text.__multadd
                0x0000000008006764       0x7c /usr/lib/gcc/arm-none-eabi/4.9.3/../../../arm-none-eabi/lib/armv7e-m/fpu/libc_nano.a(lib_a-mprec.o)
                0x0000000008006764                __multadd
 .text.__hi0bits
                0x00000000080067e0       0x40 /usr/lib/gcc/arm-none-eabi/4.9.3/../../../arm-none-eabi/lib/armv7e-m/fpu/libc_nano.a(lib_a-mprec.o)
                0x00000000080067e0                __hi0bits
 .text.__lo0bits
                0x0000000008006820       0x5a /usr/lib/gcc/arm-none-eabi/4.9.3/../../../arm-none-eabi/lib/armv7e-m/fpu/libc_nano.a(lib_a-mprec.o)
                0x0000000008006820                __lo0bits
 .text.__i2b    0x000000000800687a       0x12 /usr/lib/gcc/arm-none-eabi/4.9.3/../../../arm-none-eabi/lib/armv7e-m/fpu/libc_nano.a(lib_a-mprec.o)
                0x000000000800687a                __i2b
 .text.__multiply
                0x000000000800688c      0x122 /usr/lib/gcc/arm-none-eabi/4.9.3/../../../arm-none-eabi/lib/armv7e-m/fpu/libc_nano.a(lib_a-mprec.o)
                0x000000000800688c                __multiply
 *fill*         0x00000000080069ae        0x2 
 .text.__pow5mult
                0x00000000080069b0       0x9c /usr/lib/gcc/arm-none-eabi/4.9.3/../../../arm-none-eabi/lib/armv7e-m/fpu/libc_nano.a(lib_a-mprec.o)
                0x00000000080069b0                __pow5mult
 .text.__lshift
                0x0000000008006a4c       0xa6 /usr/lib/gcc/arm-none-eabi/4.9.3/../../../arm-none-eabi/lib/armv7e-m/fpu/libc_nano.a(lib_a-mprec.o)
                0x0000000008006a4c                __lshift
 .text.__mcmp   0x0000000008006af2       0x38 /usr/lib/gcc/arm-none-eabi/4.9.3/../../../arm-none-eabi/lib/armv7e-m/fpu/libc_nano.a(lib_a-mprec.o)
                0x0000000008006af2                __mcmp
 .text.__mdiff  0x0000000008006b2a       0xbe /usr/lib/gcc/arm-none-eabi/4.9.3/../../../arm-none-eabi/lib/armv7e-m/fpu/libc_nano.a(lib_a-mprec.o)
                0x0000000008006b2a                __mdiff
 .text.__d2b    0x0000000008006be8       0xa4 /usr/lib/gcc/arm-none-eabi/4.9.3/../../../arm-none-eabi/lib/armv7e-m/fpu/libc_nano.a(lib_a-mprec.o)
                0x0000000008006be8                __d2b
 .text._calloc_r
                0x0000000008006c8c       0x1c /usr/lib/gcc/arm-none-eabi/4.9.3/../../../arm-none-eabi/lib/armv7e-m/fpu/libc_nano.a(lib_a-nano-callocr.o)
                0x0000000008006c8c                _calloc_r
 .text._free_r  0x0000000008006ca8       0x88 /usr/lib/gcc/arm-none-eabi/4.9.3/../../../arm-none-eabi/lib/armv7e-m/fpu/libc_nano.a(lib_a-nano-freer.o)
                0x0000000008006ca8                _free_r
 .text._malloc_r
                0x0000000008006d30       0xac /usr/lib/gcc/arm-none-eabi/4.9.3/../../../arm-none-eabi/lib/armv7e-m/fpu/libc_nano.a(lib_a-nano-mallocr.o)
                0x0000000008006d30                _malloc_r
 .text.__ssputs_r
                0x0000000008006ddc       0xb2 /usr/lib/gcc/arm-none-eabi/4.9.3/../../../arm-none-eabi/lib/armv7e-m/fpu/libc_nano.a(lib_a-nano-svfprintf.o)
                0x0000000008006ddc                __ssputs_r
 *fill*         0x0000000008006e8e        0x2 
 .text._svfprintf_r
                0x0000000008006e90      0x1e4 /usr/lib/gcc/arm-none-eabi/4.9.3/../../../arm-none-eabi/lib/armv7e-m/fpu/libc_nano.a(lib_a-nano-svfprintf.o)
                0x0000000008006e90                _svfprintf_r
                0x0000000008006e90                _svfiprintf_r
 .text._sbrk_r  0x0000000008007074       0x20 /usr/lib/gcc/arm-none-eabi/4.9.3/../../../arm-none-eabi/lib/armv7e-m/fpu/libc_nano.a(lib_a-sbrkr.o)
                0x0000000008007074                _sbrk_r
 .text.memmove  0x0000000008007094       0x36 /usr/lib/gcc/arm-none-eabi/4.9.3/../../../arm-none-eabi/lib/armv7e-m/fpu/libc_nano.a(lib_a-memmove.o)
                0x0000000008007094                memmove
 .text._realloc_r
                0x00000000080070ca       0x4c /usr/lib/gcc/arm-none-eabi/4.9.3/../../../arm-none-eabi/lib/armv7e-m/fpu/libc_nano.a(lib_a-nano-reallocr.o)
                0x00000000080070ca                _realloc_r
 .text._malloc_usable_size_r
                0x0000000008007116       0x14 /usr/lib/gcc/arm-none-eabi/4.9.3/../../../arm-none-eabi/lib/armv7e-m/fpu/libc_nano.a(lib_a-nano-msizer.o)
                0x0000000008007116                _malloc_usable_size_r
 *fill*         0x000000000800712a        0x2 
 .text.sqrt     0x000000000800712c       0xbc /usr/lib/gcc/arm-none-eabi/4.9.3/../../../arm-none-eabi/lib/armv7e-m/fpu/libm.a(lib_a-w_sqrt.o)
                0x000000000800712c                sqrt
 .text.__ieee754_sqrt
                0x00000000080071e8      0x1a8 /usr/lib/gcc/arm-none-eabi/4.9.3/../../../arm-none-eabi/lib/armv7e-m/fpu/libm.a(lib_a-e_sqrt.o)
                0x00000000080071e8                __ieee754_sqrt
 .text.matherr  0x0000000008007390        0x4 /usr/lib/gcc/arm-none-eabi/4.9.3/../../../arm-none-eabi/lib/armv7e-m/fpu/libm.a(lib_a-s_matherr.o)
                0x0000000008007390                matherr
 .text._sbrk    0x0000000008007394       0x1c /usr/lib/gcc/arm-none-eabi/4.9.3/../../../arm-none-eabi/lib/armv7e-m/fpu/libnosys.a(sbrk.o)
                0x0000000008007394                _sbrk
 .text.__errno  0x00000000080073b0        0xc /usr/lib/gcc/arm-none-eabi/4.9.3/../../../arm-none-eabi/lib/armv7e-m/fpu/libc_nano.a(lib_a-errno.o)
                0x00000000080073b0                __errno
 *(.glue_7)
 .glue_7        0x00000000080073bc        0x0 linker stubs
 *(.glue_7t)
 .glue_7t       0x00000000080073bc        0x0 linker stubs
 *(.eh_frame)
 .eh_frame      0x00000000080073bc        0x0 /usr/lib/gcc/arm-none-eabi/4.9.3/armv7e-m/fpu/crtbegin.o
 *(.init)
 .init          0x00000000080073bc        0x4 /usr/lib/gcc/arm-none-eabi/4.9.3/armv7e-m/fpu/crti.o
                0x00000000080073bc                _init
 .init          0x00000000080073c0        0x8 /usr/lib/gcc/arm-none-eabi/4.9.3/armv7e-m/fpu/crtn.o
 *(.fini)
 .fini          0x00000000080073c8        0x4 /usr/lib/gcc/arm-none-eabi/4.9.3/armv7e-m/fpu/crti.o
                0x00000000080073c8                _fini
 .fini          0x00000000080073cc        0x8 /usr/lib/gcc/arm-none-eabi/4.9.3/armv7e-m/fpu/crtn.o
                0x00000000080073d4                . = ALIGN (0x4)
                0x00000000080073d4                _etext = .

.vfp11_veneer   0x00000000080073d4        0x0
 .vfp11_veneer  0x00000000080073d4        0x0 linker stubs

.v4_bx          0x00000000080073d4        0x0
 .v4_bx         0x00000000080073d4        0x0 linker stubs

.iplt           0x00000000080073d4        0x0
 .iplt          0x00000000080073d4        0x0 /usr/lib/gcc/arm-none-eabi/4.9.3/armv7e-m/fpu/crtbegin.o

.rodata         0x00000000080073d8      0x2f0
                0x00000000080073d8                . = ALIGN (0x4)
 *(.rodata)
 *(.rodata*)
 .rodata.str1.4
                0x00000000080073d8       0x72 build/adc.o
 *fill*         0x000000000800744a        0x2 
 .rodata.str1.4
                0x000000000800744c       0x4e build/power.o
 *fill*         0x000000000800749a        0x2 
 .rodata.ICAL   0x000000000800749c       0x10 build/power.o
                0x000000000800749c                ICAL
 .rodata.str1.4
                0x00000000080074ac        0xc build/usart.o
 .rodata.str1.4
                0x00000000080074b8       0x63 build/main.o
 *fill*         0x000000000800751b        0x1 
 .rodata.AHBPrescTable
                0x000000000800751c       0x10 build/system_stm32f3xx.o
                0x000000000800751c                AHBPrescTable
 .rodata.APBPrescTable
                0x000000000800752c        0x8 build/system_stm32f3xx.o
                0x000000000800752c                APBPrescTable
 .rodata.str1.4
                0x0000000008007534        0xa build/tim.o
 *fill*         0x000000000800753e        0x2 
 .rodata.aPredivFactorTable
                0x0000000008007540       0x10 build/stm32f3xx_hal_rcc.o
                0x0000000008007540                aPredivFactorTable
 .rodata.aPLLMULFactorTable
                0x0000000008007550       0x10 build/stm32f3xx_hal_rcc.o
                0x0000000008007550                aPLLMULFactorTable
 .rodata.str1.1
                0x0000000008007560        0x2 /usr/lib/gcc/arm-none-eabi/4.9.3/../../../arm-none-eabi/lib/armv7e-m/fpu/libc_nano.a(lib_a-impure.o)
 .rodata.str1.1
                0x0000000008007562       0x12 /usr/lib/gcc/arm-none-eabi/4.9.3/../../../arm-none-eabi/lib/armv7e-m/fpu/libc_nano.a(lib_a-nano-vfprintf_float.o)
 .rodata.str1.1
                0x0000000008007574       0x22 /usr/lib/gcc/arm-none-eabi/4.9.3/../../../arm-none-eabi/lib/armv7e-m/fpu/libc_nano.a(lib_a-nano-vfprintf_i.o)
 .rodata.str1.1
                0x0000000008007596        0xd /usr/lib/gcc/arm-none-eabi/4.9.3/../../../arm-none-eabi/lib/armv7e-m/fpu/libc_nano.a(lib_a-dtoa.o)
                                          0xf (size before relaxing)
 .rodata.str1.1
                0x00000000080075a3        0x8 /usr/lib/gcc/arm-none-eabi/4.9.3/../../../arm-none-eabi/lib/armv7e-m/fpu/libc_nano.a(lib_a-locale.o)
                                          0xb (size before relaxing)
 *fill*         0x00000000080075ab        0x5 
 .rodata.__mprec_tens
                0x00000000080075b0       0xc8 /usr/lib/gcc/arm-none-eabi/4.9.3/../../../arm-none-eabi/lib/armv7e-m/fpu/libc_nano.a(lib_a-mprec.o)
                0x00000000080075b0                __mprec_tens
 .rodata.__mprec_bigtens
                0x0000000008007678       0x28 /usr/lib/gcc/arm-none-eabi/4.9.3/../../../arm-none-eabi/lib/armv7e-m/fpu/libc_nano.a(lib_a-mprec.o)
                0x0000000008007678                __mprec_bigtens
 .rodata.p05.5314
                0x00000000080076a0        0xc /usr/lib/gcc/arm-none-eabi/4.9.3/../../../arm-none-eabi/lib/armv7e-m/fpu/libc_nano.a(lib_a-mprec.o)
 .rodata.str1.1
                0x00000000080076ac       0x11 /usr/lib/gcc/arm-none-eabi/4.9.3/../../../arm-none-eabi/lib/armv7e-m/fpu/libc_nano.a(lib_a-nano-svfprintf.o)
 *fill*         0x00000000080076bd        0x3 
 .rodata.str1.4
                0x00000000080076c0        0x8 /usr/lib/gcc/arm-none-eabi/4.9.3/../../../arm-none-eabi/lib/armv7e-m/fpu/libm.a(lib_a-w_sqrt.o)
                0x00000000080076c8                . = ALIGN (0x4)

.ARM.extab
 *(.ARM.extab* .gnu.linkonce.armextab.*)

.ARM            0x00000000080076c8        0x8
                0x00000000080076c8                __exidx_start = .
 *(.ARM.exidx*)
 .ARM.exidx     0x00000000080076c8        0x8 /usr/lib/gcc/arm-none-eabi/4.9.3/armv7e-m/fpu/libgcc.a(_divdi3.o)
 .ARM.exidx     0x00000000080076d0        0x0 /usr/lib/gcc/arm-none-eabi/4.9.3/armv7e-m/fpu/libgcc.a(_udivdi3.o)
                                          0x8 (size before relaxing)
                0x00000000080076d0                __exidx_end = .

.rel.dyn        0x00000000080076d0        0x0
 .rel.iplt      0x00000000080076d0        0x0 /usr/lib/gcc/arm-none-eabi/4.9.3/armv7e-m/fpu/crtbegin.o

.preinit_array  0x00000000080076d0        0x0
                0x00000000080076d0                PROVIDE (__preinit_array_start, .)
 *(.preinit_array*)
                0x00000000080076d0                PROVIDE (__preinit_array_end, .)

.init_array     0x00000000080076d0        0x4
                0x00000000080076d0                PROVIDE (__init_array_start, .)
 *(SORT(.init_array.*))
 *(.init_array*)
 .init_array    0x00000000080076d0        0x4 /usr/lib/gcc/arm-none-eabi/4.9.3/armv7e-m/fpu/crtbegin.o
                0x00000000080076d4                PROVIDE (__init_array_end, .)

.fini_array     0x00000000080076d4        0x4
                0x00000000080076d4                PROVIDE (__fini_array_start, .)
 *(SORT(.fini_array.*))
 *(.fini_array*)
 .fini_array    0x00000000080076d4        0x4 /usr/lib/gcc/arm-none-eabi/4.9.3/armv7e-m/fpu/crtbegin.o
                0x00000000080076d8                PROVIDE (__fini_array_end, .)
                0x00000000080076d8                _sidata = LOADADDR (.data)

.data           0x0000000020000000       0xa4 load address 0x00000000080076d8
                0x0000000020000000                . = ALIGN (0x4)
                0x0000000020000000                _sdata = .
 *(.data)
 *(.data*)
 .data.SystemCoreClock
                0x0000000020000000        0x4 build/system_stm32f3xx.o
                0x0000000020000000                SystemCoreClock
 .data.impure_data
                0x0000000020000004       0x60 /usr/lib/gcc/arm-none-eabi/4.9.3/../../../arm-none-eabi/lib/armv7e-m/fpu/libc_nano.a(lib_a-impure.o)
 .data._impure_ptr
                0x0000000020000064        0x4 /usr/lib/gcc/arm-none-eabi/4.9.3/../../../arm-none-eabi/lib/armv7e-m/fpu/libc_nano.a(lib_a-impure.o)
                0x0000000020000064                _impure_ptr
 .data.lconv    0x0000000020000068       0x38 /usr/lib/gcc/arm-none-eabi/4.9.3/../../../arm-none-eabi/lib/armv7e-m/fpu/libc_nano.a(lib_a-locale.o)
 .data.__fdlib_version
                0x00000000200000a0        0x1 /usr/lib/gcc/arm-none-eabi/4.9.3/../../../arm-none-eabi/lib/armv7e-m/fpu/libm.a(lib_a-s_lib_ver.o)
                0x00000000200000a0                __fdlib_version
                0x00000000200000a4                . = ALIGN (0x4)
 *fill*         0x00000000200000a1        0x3 
                0x00000000200000a4                _edata = .
                0x000000000800777c                _siccmram = LOADADDR (.ccmram)

.jcr            0x00000000200000a4        0x0 load address 0x000000000800777c
 .jcr           0x00000000200000a4        0x0 /usr/lib/gcc/arm-none-eabi/4.9.3/armv7e-m/fpu/crtbegin.o

.tm_clone_table
                0x00000000200000a4        0x0 load address 0x000000000800777c
 .tm_clone_table
                0x00000000200000a4        0x0 /usr/lib/gcc/arm-none-eabi/4.9.3/armv7e-m/fpu/crtbegin.o
 .tm_clone_table
                0x00000000200000a4        0x0 /usr/lib/gcc/arm-none-eabi/4.9.3/armv7e-m/fpu/crtend.o

.igot.plt       0x00000000200000a4        0x0 load address 0x000000000800777c
 .igot.plt      0x00000000200000a4        0x0 /usr/lib/gcc/arm-none-eabi/4.9.3/armv7e-m/fpu/crtbegin.o

.ccmram         0x0000000010000000        0x0 load address 0x000000000800777c
                0x0000000010000000                . = ALIGN (0x4)
                0x0000000010000000                _sccmram = .
 *(.ccmram)
 *(.ccmram*)
                0x0000000010000000                . = ALIGN (0x4)
                0x0000000010000000                _eccmram = .
                0x0000000010000000                . = ALIGN (0x4)

.bss            0x00000000200000a8     0x1218
                0x00000000200000a8                _sbss = .
                0x00000000200000a8                __bss_start__ = _sbss
 *(.bss)
 .bss           0x00000000200000a8       0x1c /usr/lib/gcc/arm-none-eabi/4.9.3/armv7e-m/fpu/crtbegin.o
 *(.bss*)
 .bss.HAL_RCC_ADC12_CLK_ENABLED
                0x00000000200000c4        0x4 build/adc.o
 .bss.HAL_RCC_ADC34_CLK_ENABLED
                0x00000000200000c8        0x4 build/adc.o
 .bss.isr_index
                0x00000000200000cc        0x4 build/adc.o
 .bss.adc_dma_buff
                0x00000000200000d0      0xc80 build/adc.o
 .bss.vol_power_stats
                0x0000000020000d50       0xc0 build/power.o
 .bss.intvl_power_stats
                0x0000000020000e10       0xc0 build/power.o
 .bss.last_readout
                0x0000000020000ed0        0x4 build/main.o
 .bss.__malloc_sbrk_start
                0x0000000020000ed4        0x4 /usr/lib/gcc/arm-none-eabi/4.9.3/../../../arm-none-eabi/lib/armv7e-m/fpu/libc_nano.a(lib_a-nano-mallocr.o)
                0x0000000020000ed4                __malloc_sbrk_start
 .bss.__malloc_free_list
                0x0000000020000ed8        0x4 /usr/lib/gcc/arm-none-eabi/4.9.3/../../../arm-none-eabi/lib/armv7e-m/fpu/libc_nano.a(lib_a-nano-mallocr.o)
                0x0000000020000ed8                __malloc_free_list
 .bss.heap_end.4079
                0x0000000020000edc        0x4 /usr/lib/gcc/arm-none-eabi/4.9.3/../../../arm-none-eabi/lib/armv7e-m/fpu/libnosys.a(sbrk.o)
 *(COMMON)
 COMMON         0x0000000020000ee0      0x260 build/adc.o
                0x0000000020000ee0                hdma_adc4
                0x0000000020000f24                hadc2
                0x0000000020000f78                hdma_adc3
                0x0000000020000fbc                hadc1
                0x0000000020001010                hadc3
                0x0000000020001064                hdma_adc1
                0x00000000200010a8                hadc4
                0x00000000200010fc                hdma_adc2
 COMMON         0x0000000020001140       0x70 build/usart.o
                0x0000000020001140                huart2
 COMMON         0x00000000200011b0       0xc8 build/main.o
                0x00000000200011b0                log_buffer
 COMMON         0x0000000020001278       0x40 build/tim.o
                0x0000000020001278                htim8
 COMMON         0x00000000200012b8        0x4 build/stm32f3xx_hal.o
                0x00000000200012b8                uwTick
 COMMON         0x00000000200012bc        0x4 /usr/lib/gcc/arm-none-eabi/4.9.3/../../../arm-none-eabi/lib/armv7e-m/fpu/libc_nano.a(lib_a-reent.o)
                0x00000000200012bc                errno
                0x00000000200012c0                . = ALIGN (0x4)
                0x00000000200012c0                _ebss = .
                0x00000000200012c0                __bss_end__ = _ebss

._user_heap_stack
                0x00000000200012c0      0x600
                0x00000000200012c0                . = ALIGN (0x8)
                0x00000000200012c0                PROVIDE (end, .)
                [!provide]                        PROVIDE (_end, .)
                0x00000000200014c0                . = (. + _Min_Heap_Size)
 *fill*         0x00000000200012c0      0x200 
                0x00000000200018c0                . = (. + _Min_Stack_Size)
 *fill*         0x00000000200014c0      0x400 
                0x00000000200018c0                . = ALIGN (0x8)

/DISCARD/
 libc.a(*)
 libm.a(*)
 libgcc.a(*)

.ARM.attributes
                0x0000000000000000       0x30
 *(.ARM.attributes)
 .ARM.attributes
                0x0000000000000000       0x22 /usr/lib/gcc/arm-none-eabi/4.9.3/armv7e-m/fpu/crti.o
 .ARM.attributes
                0x0000000000000022       0x34 /usr/lib/gcc/arm-none-eabi/4.9.3/armv7e-m/fpu/crtbegin.o
 .ARM.attributes
                0x0000000000000056       0x39 build/adc.o
 .ARM.attributes
                0x000000000000008f       0x39 build/power.o
 .ARM.attributes
                0x00000000000000c8       0x39 build/stm32f3xx_hal_msp.o
 .ARM.attributes
                0x0000000000000101       0x39 build/stm32f3xx_hal_uart.o
 .ARM.attributes
                0x000000000000013a       0x39 build/stm32f3xx_hal_adc_ex.o
 .ARM.attributes
                0x0000000000000173       0x39 build/stm32f3xx_hal_adc.o
 .ARM.attributes
                0x00000000000001ac       0x39 build/stm32f3xx_hal_tim.o
 .ARM.attributes
                0x00000000000001e5       0x39 build/stm32f3xx_hal_gpio.o
 .ARM.attributes
                0x000000000000021e       0x39 build/usart.o
 .ARM.attributes
                0x0000000000000257       0x39 build/stm32f3xx_hal_rcc_ex.o
 .ARM.attributes
                0x0000000000000290       0x39 build/gpio.o
 .ARM.attributes
                0x00000000000002c9       0x39 build/stm32f3xx_hal_cortex.o
 .ARM.attributes
                0x0000000000000302       0x39 build/main.o
 .ARM.attributes
                0x000000000000033b       0x39 build/stm32f3xx_it.o
 .ARM.attributes
                0x0000000000000374       0x39 build/stm32f3xx_hal_dma.o
 .ARM.attributes
                0x00000000000003ad       0x39 build/system_stm32f3xx.o
 .ARM.attributes
                0x00000000000003e6       0x39 build/dma.o
 .ARM.attributes
                0x000000000000041f       0x39 build/stm32f3xx_hal_tim_ex.o
 .ARM.attributes
                0x0000000000000458       0x39 build/tim.o
 .ARM.attributes
                0x0000000000000491       0x39 build/stm32f3xx_hal_rcc.o
 .ARM.attributes
                0x00000000000004ca       0x39 build/stm32f3xx_hal.o
 .ARM.attributes
                0x0000000000000503       0x21 build/startup_stm32f303xe.o
 .ARM.attributes
                0x0000000000000524       0x34 /usr/lib/gcc/arm-none-eabi/4.9.3/../../../arm-none-eabi/lib/armv7e-m/fpu/libc_nano.a(lib_a-impure.o)
 .ARM.attributes
                0x0000000000000558       0x34 /usr/lib/gcc/arm-none-eabi/4.9.3/../../../arm-none-eabi/lib/armv7e-m/fpu/libc_nano.a(lib_a-init.o)
 .ARM.attributes
                0x000000000000058c       0x34 /usr/lib/gcc/arm-none-eabi/4.9.3/../../../arm-none-eabi/lib/armv7e-m/fpu/libc_nano.a(lib_a-memset.o)
 .ARM.attributes
                0x00000000000005c0       0x34 /usr/lib/gcc/arm-none-eabi/4.9.3/../../../arm-none-eabi/lib/armv7e-m/fpu/libc_nano.a(lib_a-nano-vfprintf_float.o)
 .ARM.attributes
                0x00000000000005f4       0x34 /usr/lib/gcc/arm-none-eabi/4.9.3/../../../arm-none-eabi/lib/armv7e-m/fpu/libc_nano.a(lib_a-nano-vfprintf_i.o)
 .ARM.attributes
                0x0000000000000628       0x34 /usr/lib/gcc/arm-none-eabi/4.9.3/../../../arm-none-eabi/lib/armv7e-m/fpu/libc_nano.a(lib_a-s_fpclassify.o)
 .ARM.attributes
                0x000000000000065c       0x34 /usr/lib/gcc/arm-none-eabi/4.9.3/../../../arm-none-eabi/lib/armv7e-m/fpu/libc_nano.a(lib_a-snprintf.o)
 .ARM.attributes
                0x0000000000000690       0x34 /usr/lib/gcc/arm-none-eabi/4.9.3/../../../arm-none-eabi/lib/armv7e-m/fpu/libc_nano.a(lib_a-strlen.o)
 .ARM.attributes
                0x00000000000006c4       0x34 /usr/lib/gcc/arm-none-eabi/4.9.3/../../../arm-none-eabi/lib/armv7e-m/fpu/libc_nano.a(lib_a-dtoa.o)
 .ARM.attributes
                0x00000000000006f8       0x34 /usr/lib/gcc/arm-none-eabi/4.9.3/../../../arm-none-eabi/lib/armv7e-m/fpu/libc_nano.a(lib_a-locale.o)
 .ARM.attributes
                0x000000000000072c       0x34 /usr/lib/gcc/arm-none-eabi/4.9.3/../../../arm-none-eabi/lib/armv7e-m/fpu/libc_nano.a(lib_a-malloc.o)
 .ARM.attributes
                0x0000000000000760       0x34 /usr/lib/gcc/arm-none-eabi/4.9.3/../../../arm-none-eabi/lib/armv7e-m/fpu/libc_nano.a(lib_a-memchr.o)
 .ARM.attributes
                0x0000000000000794       0x34 /usr/lib/gcc/arm-none-eabi/4.9.3/../../../arm-none-eabi/lib/armv7e-m/fpu/libc_nano.a(lib_a-memcpy.o)
 .ARM.attributes
                0x00000000000007c8       0x34 /usr/lib/gcc/arm-none-eabi/4.9.3/../../../arm-none-eabi/lib/armv7e-m/fpu/libc_nano.a(lib_a-mprec.o)
 .ARM.attributes
                0x00000000000007fc       0x34 /usr/lib/gcc/arm-none-eabi/4.9.3/../../../arm-none-eabi/lib/armv7e-m/fpu/libc_nano.a(lib_a-nano-callocr.o)
 .ARM.attributes
                0x0000000000000830       0x34 /usr/lib/gcc/arm-none-eabi/4.9.3/../../../arm-none-eabi/lib/armv7e-m/fpu/libc_nano.a(lib_a-nano-freer.o)
 .ARM.attributes
                0x0000000000000864       0x34 /usr/lib/gcc/arm-none-eabi/4.9.3/../../../arm-none-eabi/lib/armv7e-m/fpu/libc_nano.a(lib_a-nano-mallocr.o)
 .ARM.attributes
                0x0000000000000898       0x34 /usr/lib/gcc/arm-none-eabi/4.9.3/../../../arm-none-eabi/lib/armv7e-m/fpu/libc_nano.a(lib_a-nano-svfprintf.o)
 .ARM.attributes
                0x00000000000008cc       0x34 /usr/lib/gcc/arm-none-eabi/4.9.3/../../../arm-none-eabi/lib/armv7e-m/fpu/libc_nano.a(lib_a-sbrkr.o)
 .ARM.attributes
                0x0000000000000900       0x34 /usr/lib/gcc/arm-none-eabi/4.9.3/../../../arm-none-eabi/lib/armv7e-m/fpu/libc_nano.a(lib_a-memmove.o)
 .ARM.attributes
                0x0000000000000934       0x34 /usr/lib/gcc/arm-none-eabi/4.9.3/../../../arm-none-eabi/lib/armv7e-m/fpu/libc_nano.a(lib_a-nano-reallocr.o)
 .ARM.attributes
                0x0000000000000968       0x34 /usr/lib/gcc/arm-none-eabi/4.9.3/../../../arm-none-eabi/lib/armv7e-m/fpu/libc_nano.a(lib_a-reent.o)
 .ARM.attributes
                0x000000000000099c       0x34 /usr/lib/gcc/arm-none-eabi/4.9.3/../../../arm-none-eabi/lib/armv7e-m/fpu/libc_nano.a(lib_a-nano-msizer.o)
 .ARM.attributes
                0x00000000000009d0       0x34 /usr/lib/gcc/arm-none-eabi/4.9.3/../../../arm-none-eabi/lib/armv7e-m/fpu/libm.a(lib_a-w_sqrt.o)
 .ARM.attributes
                0x0000000000000a04       0x34 /usr/lib/gcc/arm-none-eabi/4.9.3/../../../arm-none-eabi/lib/armv7e-m/fpu/libm.a(lib_a-e_sqrt.o)
 .ARM.attributes
                0x0000000000000a38       0x34 /usr/lib/gcc/arm-none-eabi/4.9.3/../../../arm-none-eabi/lib/armv7e-m/fpu/libm.a(lib_a-s_lib_ver.o)
 .ARM.attributes
                0x0000000000000a6c       0x34 /usr/lib/gcc/arm-none-eabi/4.9.3/../../../arm-none-eabi/lib/armv7e-m/fpu/libm.a(lib_a-s_matherr.o)
 .ARM.attributes
                0x0000000000000aa0       0x34 /usr/lib/gcc/arm-none-eabi/4.9.3/../../../arm-none-eabi/lib/armv7e-m/fpu/libnosys.a(sbrk.o)
 .ARM.attributes
                0x0000000000000ad4       0x22 /usr/lib/gcc/arm-none-eabi/4.9.3/armv7e-m/fpu/libgcc.a(_arm_addsubdf3.o)
 .ARM.attributes
                0x0000000000000af6       0x22 /usr/lib/gcc/arm-none-eabi/4.9.3/armv7e-m/fpu/libgcc.a(_arm_muldivdf3.o)
 .ARM.attributes
                0x0000000000000b18       0x22 /usr/lib/gcc/arm-none-eabi/4.9.3/armv7e-m/fpu/libgcc.a(_arm_cmpdf2.o)
 .ARM.attributes
                0x0000000000000b3a       0x22 /usr/lib/gcc/arm-none-eabi/4.9.3/armv7e-m/fpu/libgcc.a(_arm_fixdfsi.o)
 .ARM.attributes
                0x0000000000000b5c       0x22 /usr/lib/gcc/arm-none-eabi/4.9.3/armv7e-m/fpu/libgcc.a(_aeabi_ldivmod.o)
 .ARM.attributes
                0x0000000000000b7e       0x34 /usr/lib/gcc/arm-none-eabi/4.9.3/armv7e-m/fpu/libgcc.a(bpabi.o)
 .ARM.attributes
                0x0000000000000bb2       0x22 /usr/lib/gcc/arm-none-eabi/4.9.3/armv7e-m/fpu/libgcc.a(_dvmd_tls.o)
 .ARM.attributes
                0x0000000000000bd4       0x34 /usr/lib/gcc/arm-none-eabi/4.9.3/armv7e-m/fpu/libgcc.a(_divdi3.o)
 .ARM.attributes
                0x0000000000000c08       0x34 /usr/lib/gcc/arm-none-eabi/4.9.3/armv7e-m/fpu/libgcc.a(_udivdi3.o)
 .ARM.attributes
                0x0000000000000c3c       0x34 /usr/lib/gcc/arm-none-eabi/4.9.3/../../../arm-none-eabi/lib/armv7e-m/fpu/libc_nano.a(lib_a-errno.o)
 .ARM.attributes
                0x0000000000000c70       0x34 /usr/lib/gcc/arm-none-eabi/4.9.3/armv7e-m/fpu/crtend.o
 .ARM.attributes
                0x0000000000000ca4       0x22 /usr/lib/gcc/arm-none-eabi/4.9.3/armv7e-m/fpu/crtn.o
OUTPUT(build/emonTxshield.elf elf32-littlearm)

.comment        0x0000000000000000       0x70
 .comment       0x0000000000000000       0x38 /usr/lib/gcc/arm-none-eabi/4.9.3/armv7e-m/fpu/crtbegin.o
                                         0x39 (size before relaxing)
 .comment       0x0000000000000038       0x39 build/adc.o
 .comment       0x0000000000000038       0x39 build/power.o
 .comment       0x0000000000000038       0x39 build/stm32f3xx_hal_msp.o
 .comment       0x0000000000000038       0x39 build/stm32f3xx_hal_uart.o
 .comment       0x0000000000000038       0x39 build/stm32f3xx_hal_adc_ex.o
 .comment       0x0000000000000038       0x39 build/stm32f3xx_hal_adc.o
 .comment       0x0000000000000038       0x39 build/stm32f3xx_hal_tim.o
 .comment       0x0000000000000038       0x39 build/stm32f3xx_hal_gpio.o
 .comment       0x0000000000000038       0x39 build/usart.o
 .comment       0x0000000000000038       0x39 build/stm32f3xx_hal_rcc_ex.o
 .comment       0x0000000000000038       0x39 build/gpio.o
 .comment       0x0000000000000038       0x39 build/stm32f3xx_hal_cortex.o
 .comment       0x0000000000000038       0x39 build/main.o
 .comment       0x0000000000000038       0x39 build/stm32f3xx_it.o
 .comment       0x0000000000000038       0x39 build/stm32f3xx_hal_dma.o
 .comment       0x0000000000000038       0x39 build/system_stm32f3xx.o
 .comment       0x0000000000000038       0x39 build/dma.o
 .comment       0x0000000000000038       0x39 build/stm32f3xx_hal_tim_ex.o
 .comment       0x0000000000000038       0x39 build/tim.o
 .comment       0x0000000000000038       0x39 build/stm32f3xx_hal_rcc.o
 .comment       0x0000000000000038       0x39 build/stm32f3xx_hal.o
 .comment       0x0000000000000038       0x38 /usr/lib/gcc/arm-none-eabi/4.9.3/../../../arm-none-eabi/lib/armv7e-m/fpu/libc_nano.a(lib_a-impure.o)
                                         0x39 (size before relaxing)
 .comment       0x0000000000000070       0x39 /usr/lib/gcc/arm-none-eabi/4.9.3/../../../arm-none-eabi/lib/armv7e-m/fpu/libc_nano.a(lib_a-init.o)
 .comment       0x0000000000000070       0x39 /usr/lib/gcc/arm-none-eabi/4.9.3/../../../arm-none-eabi/lib/armv7e-m/fpu/libc_nano.a(lib_a-memset.o)
 .comment       0x0000000000000070       0x39 /usr/lib/gcc/arm-none-eabi/4.9.3/../../../arm-none-eabi/lib/armv7e-m/fpu/libc_nano.a(lib_a-nano-vfprintf_float.o)
 .comment       0x0000000000000070       0x39 /usr/lib/gcc/arm-none-eabi/4.9.3/../../../arm-none-eabi/lib/armv7e-m/fpu/libc_nano.a(lib_a-nano-vfprintf_i.o)
 .comment       0x0000000000000070       0x39 /usr/lib/gcc/arm-none-eabi/4.9.3/../../../arm-none-eabi/lib/armv7e-m/fpu/libc_nano.a(lib_a-s_fpclassify.o)
 .comment       0x0000000000000070       0x39 /usr/lib/gcc/arm-none-eabi/4.9.3/../../../arm-none-eabi/lib/armv7e-m/fpu/libc_nano.a(lib_a-snprintf.o)
 .comment       0x0000000000000070       0x39 /usr/lib/gcc/arm-none-eabi/4.9.3/../../../arm-none-eabi/lib/armv7e-m/fpu/libc_nano.a(lib_a-strlen.o)
 .comment       0x0000000000000070       0x39 /usr/lib/gcc/arm-none-eabi/4.9.3/../../../arm-none-eabi/lib/armv7e-m/fpu/libc_nano.a(lib_a-dtoa.o)
 .comment       0x0000000000000070       0x39 /usr/lib/gcc/arm-none-eabi/4.9.3/../../../arm-none-eabi/lib/armv7e-m/fpu/libc_nano.a(lib_a-locale.o)
 .comment       0x0000000000000070       0x39 /usr/lib/gcc/arm-none-eabi/4.9.3/../../../arm-none-eabi/lib/armv7e-m/fpu/libc_nano.a(lib_a-malloc.o)
 .comment       0x0000000000000070       0x39 /usr/lib/gcc/arm-none-eabi/4.9.3/../../../arm-none-eabi/lib/armv7e-m/fpu/libc_nano.a(lib_a-memchr.o)
 .comment       0x0000000000000070       0x39 /usr/lib/gcc/arm-none-eabi/4.9.3/../../../arm-none-eabi/lib/armv7e-m/fpu/libc_nano.a(lib_a-memcpy.o)
 .comment       0x0000000000000070       0x39 /usr/lib/gcc/arm-none-eabi/4.9.3/../../../arm-none-eabi/lib/armv7e-m/fpu/libc_nano.a(lib_a-mprec.o)
 .comment       0x0000000000000070       0x39 /usr/lib/gcc/arm-none-eabi/4.9.3/../../../arm-none-eabi/lib/armv7e-m/fpu/libc_nano.a(lib_a-nano-callocr.o)
 .comment       0x0000000000000070       0x39 /usr/lib/gcc/arm-none-eabi/4.9.3/../../../arm-none-eabi/lib/armv7e-m/fpu/libc_nano.a(lib_a-nano-freer.o)
 .comment       0x0000000000000070       0x39 /usr/lib/gcc/arm-none-eabi/4.9.3/../../../arm-none-eabi/lib/armv7e-m/fpu/libc_nano.a(lib_a-nano-mallocr.o)
 .comment       0x0000000000000070       0x39 /usr/lib/gcc/arm-none-eabi/4.9.3/../../../arm-none-eabi/lib/armv7e-m/fpu/libc_nano.a(lib_a-nano-svfprintf.o)
 .comment       0x0000000000000070       0x39 /usr/lib/gcc/arm-none-eabi/4.9.3/../../../arm-none-eabi/lib/armv7e-m/fpu/libc_nano.a(lib_a-sbrkr.o)
 .comment       0x0000000000000070       0x39 /usr/lib/gcc/arm-none-eabi/4.9.3/../../../arm-none-eabi/lib/armv7e-m/fpu/libc_nano.a(lib_a-memmove.o)
 .comment       0x0000000000000070       0x39 /usr/lib/gcc/arm-none-eabi/4.9.3/../../../arm-none-eabi/lib/armv7e-m/fpu/libc_nano.a(lib_a-nano-reallocr.o)
 .comment       0x0000000000000070       0x39 /usr/lib/gcc/arm-none-eabi/4.9.3/../../../arm-none-eabi/lib/armv7e-m/fpu/libc_nano.a(lib_a-reent.o)
 .comment       0x0000000000000070       0x39 /usr/lib/gcc/arm-none-eabi/4.9.3/../../../arm-none-eabi/lib/armv7e-m/fpu/libc_nano.a(lib_a-nano-msizer.o)
 .comment       0x0000000000000070       0x39 /usr/lib/gcc/arm-none-eabi/4.9.3/../../../arm-none-eabi/lib/armv7e-m/fpu/libm.a(lib_a-w_sqrt.o)
 .comment       0x0000000000000070       0x39 /usr/lib/gcc/arm-none-eabi/4.9.3/../../../arm-none-eabi/lib/armv7e-m/fpu/libm.a(lib_a-e_sqrt.o)
 .comment       0x0000000000000070       0x39 /usr/lib/gcc/arm-none-eabi/4.9.3/../../../arm-none-eabi/lib/armv7e-m/fpu/libm.a(lib_a-s_lib_ver.o)
 .comment       0x0000000000000070       0x39 /usr/lib/gcc/arm-none-eabi/4.9.3/../../../arm-none-eabi/lib/armv7e-m/fpu/libm.a(lib_a-s_matherr.o)
 .comment       0x0000000000000070       0x39 /usr/lib/gcc/arm-none-eabi/4.9.3/../../../arm-none-eabi/lib/armv7e-m/fpu/libnosys.a(sbrk.o)
 .comment       0x0000000000000070       0x39 /usr/lib/gcc/arm-none-eabi/4.9.3/armv7e-m/fpu/libgcc.a(bpabi.o)
 .comment       0x0000000000000070       0x39 /usr/lib/gcc/arm-none-eabi/4.9.3/armv7e-m/fpu/libgcc.a(_divdi3.o)
 .comment       0x0000000000000070       0x39 /usr/lib/gcc/arm-none-eabi/4.9.3/armv7e-m/fpu/libgcc.a(_udivdi3.o)
 .comment       0x0000000000000070       0x39 /usr/lib/gcc/arm-none-eabi/4.9.3/../../../arm-none-eabi/lib/armv7e-m/fpu/libc_nano.a(lib_a-errno.o)
 .comment       0x0000000000000070       0x39 /usr/lib/gcc/arm-none-eabi/4.9.3/armv7e-m/fpu/crtend.o

.debug_info     0x0000000000000000    0x2030b
 .debug_info    0x0000000000000000     0x19bb build/adc.o
 .debug_info    0x00000000000019bb      0x530 build/power.o
 .debug_info    0x0000000000001eeb      0x4f6 build/stm32f3xx_hal_msp.o
 .debug_info    0x00000000000023e1     0x1b64 build/stm32f3xx_hal_uart.o
 .debug_info    0x0000000000003f45     0x1c66 build/stm32f3xx_hal_adc_ex.o
 .debug_info    0x0000000000005bab      0xc13 build/stm32f3xx_hal_adc.o
 .debug_info    0x00000000000067be     0x3285 build/stm32f3xx_hal_tim.o
 .debug_info    0x0000000000009a43      0x7af build/stm32f3xx_hal_gpio.o
 .debug_info    0x000000000000a1f2      0xac8 build/usart.o
 .debug_info    0x000000000000acba      0x82f build/stm32f3xx_hal_rcc_ex.o
 .debug_info    0x000000000000b4e9      0x4a5 build/gpio.o
 .debug_info    0x000000000000b98e      0xf6f build/stm32f3xx_hal_cortex.o
 .debug_info    0x000000000000c8fd      0xb49 build/main.o
 .debug_info    0x000000000000d446      0x40e build/stm32f3xx_it.o
 .debug_info    0x000000000000d854      0x850 build/stm32f3xx_hal_dma.o
 .debug_info    0x000000000000e0a4      0x435 build/system_stm32f3xx.o
 .debug_info    0x000000000000e4d9      0x4f3 build/dma.o
 .debug_info    0x000000000000e9cc     0x1885 build/stm32f3xx_hal_tim_ex.o
 .debug_info    0x0000000000010251      0xe20 build/tim.o
 .debug_info    0x0000000000011071     0x14ec build/stm32f3xx_hal_rcc.o
 .debug_info    0x000000000001255d      0x84e build/stm32f3xx_hal.o
 .debug_info    0x0000000000012dab       0x66 build/startup_stm32f303xe.o
 .debug_info    0x0000000000012e11      0x7d3 /usr/lib/gcc/arm-none-eabi/4.9.3/../../../arm-none-eabi/lib/armv7e-m/fpu/libc_nano.a(lib_a-impure.o)
 .debug_info    0x00000000000135e4      0x105 /usr/lib/gcc/arm-none-eabi/4.9.3/../../../arm-none-eabi/lib/armv7e-m/fpu/libc_nano.a(lib_a-init.o)
 .debug_info    0x00000000000136e9       0xd3 /usr/lib/gcc/arm-none-eabi/4.9.3/../../../arm-none-eabi/lib/armv7e-m/fpu/libc_nano.a(lib_a-memset.o)
 .debug_info    0x00000000000137bc     0x10da /usr/lib/gcc/arm-none-eabi/4.9.3/../../../arm-none-eabi/lib/armv7e-m/fpu/libc_nano.a(lib_a-nano-vfprintf_float.o)
 .debug_info    0x0000000000014896      0xb5b /usr/lib/gcc/arm-none-eabi/4.9.3/../../../arm-none-eabi/lib/armv7e-m/fpu/libc_nano.a(lib_a-nano-vfprintf_i.o)
 .debug_info    0x00000000000153f1      0x143 /usr/lib/gcc/arm-none-eabi/4.9.3/../../../arm-none-eabi/lib/armv7e-m/fpu/libc_nano.a(lib_a-s_fpclassify.o)
 .debug_info    0x0000000000015534      0x8cb /usr/lib/gcc/arm-none-eabi/4.9.3/../../../arm-none-eabi/lib/armv7e-m/fpu/libc_nano.a(lib_a-snprintf.o)
 .debug_info    0x0000000000015dff       0xcd /usr/lib/gcc/arm-none-eabi/4.9.3/../../../arm-none-eabi/lib/armv7e-m/fpu/libc_nano.a(lib_a-strlen.o)
 .debug_info    0x0000000000015ecc     0x11e2 /usr/lib/gcc/arm-none-eabi/4.9.3/../../../arm-none-eabi/lib/armv7e-m/fpu/libc_nano.a(lib_a-dtoa.o)
 .debug_info    0x00000000000170ae      0xad2 /usr/lib/gcc/arm-none-eabi/4.9.3/../../../arm-none-eabi/lib/armv7e-m/fpu/libc_nano.a(lib_a-locale.o)
 .debug_info    0x0000000000017b80      0x7c1 /usr/lib/gcc/arm-none-eabi/4.9.3/../../../arm-none-eabi/lib/armv7e-m/fpu/libc_nano.a(lib_a-malloc.o)
 .debug_info    0x0000000000018341       0xf8 /usr/lib/gcc/arm-none-eabi/4.9.3/../../../arm-none-eabi/lib/armv7e-m/fpu/libc_nano.a(lib_a-memchr.o)
 .debug_info    0x0000000000018439      0x104 /usr/lib/gcc/arm-none-eabi/4.9.3/../../../arm-none-eabi/lib/armv7e-m/fpu/libc_nano.a(lib_a-memcpy.o)
 .debug_info    0x000000000001853d     0x15af /usr/lib/gcc/arm-none-eabi/4.9.3/../../../arm-none-eabi/lib/armv7e-m/fpu/libc_nano.a(lib_a-mprec.o)
 .debug_info    0x0000000000019aec      0x7e8 /usr/lib/gcc/arm-none-eabi/4.9.3/../../../arm-none-eabi/lib/armv7e-m/fpu/libc_nano.a(lib_a-nano-callocr.o)
 .debug_info    0x000000000001a2d4      0x81a /usr/lib/gcc/arm-none-eabi/4.9.3/../../../arm-none-eabi/lib/armv7e-m/fpu/libc_nano.a(lib_a-nano-freer.o)
 .debug_info    0x000000000001aaee      0x8fb /usr/lib/gcc/arm-none-eabi/4.9.3/../../../arm-none-eabi/lib/armv7e-m/fpu/libc_nano.a(lib_a-nano-mallocr.o)
 .debug_info    0x000000000001b3e9      0xdf4 /usr/lib/gcc/arm-none-eabi/4.9.3/../../../arm-none-eabi/lib/armv7e-m/fpu/libc_nano.a(lib_a-nano-svfprintf.o)
 .debug_info    0x000000000001c1dd      0x7a0 /usr/lib/gcc/arm-none-eabi/4.9.3/../../../arm-none-eabi/lib/armv7e-m/fpu/libc_nano.a(lib_a-sbrkr.o)
 .debug_info    0x000000000001c97d      0x102 /usr/lib/gcc/arm-none-eabi/4.9.3/../../../arm-none-eabi/lib/armv7e-m/fpu/libc_nano.a(lib_a-memmove.o)
 .debug_info    0x000000000001ca7f      0x8b5 /usr/lib/gcc/arm-none-eabi/4.9.3/../../../arm-none-eabi/lib/armv7e-m/fpu/libc_nano.a(lib_a-nano-reallocr.o)
 .debug_info    0x000000000001d334      0x8fb /usr/lib/gcc/arm-none-eabi/4.9.3/../../../arm-none-eabi/lib/armv7e-m/fpu/libc_nano.a(lib_a-reent.o)
 .debug_info    0x000000000001dc2f      0x7b9 /usr/lib/gcc/arm-none-eabi/4.9.3/../../../arm-none-eabi/lib/armv7e-m/fpu/libc_nano.a(lib_a-nano-msizer.o)
 .debug_info    0x000000000001e3e8      0x21b /usr/lib/gcc/arm-none-eabi/4.9.3/../../../arm-none-eabi/lib/armv7e-m/fpu/libm.a(lib_a-w_sqrt.o)
 .debug_info    0x000000000001e603      0x231 /usr/lib/gcc/arm-none-eabi/4.9.3/../../../arm-none-eabi/lib/armv7e-m/fpu/libm.a(lib_a-e_sqrt.o)
 .debug_info    0x000000000001e834       0xbe /usr/lib/gcc/arm-none-eabi/4.9.3/../../../arm-none-eabi/lib/armv7e-m/fpu/libm.a(lib_a-s_lib_ver.o)
 .debug_info    0x000000000001e8f2      0x129 /usr/lib/gcc/arm-none-eabi/4.9.3/../../../arm-none-eabi/lib/armv7e-m/fpu/libm.a(lib_a-s_matherr.o)
 .debug_info    0x000000000001ea1b       0x99 /usr/lib/gcc/arm-none-eabi/4.9.3/../../../arm-none-eabi/lib/armv7e-m/fpu/libnosys.a(sbrk.o)
 .debug_info    0x000000000001eab4       0xc2 /usr/lib/gcc/arm-none-eabi/4.9.3/armv7e-m/fpu/libgcc.a(_arm_addsubdf3.o)
 .debug_info    0x000000000001eb76       0xc2 /usr/lib/gcc/arm-none-eabi/4.9.3/armv7e-m/fpu/libgcc.a(_arm_muldivdf3.o)
 .debug_info    0x000000000001ec38       0xc2 /usr/lib/gcc/arm-none-eabi/4.9.3/armv7e-m/fpu/libgcc.a(_arm_cmpdf2.o)
 .debug_info    0x000000000001ecfa       0xc2 /usr/lib/gcc/arm-none-eabi/4.9.3/armv7e-m/fpu/libgcc.a(_arm_fixdfsi.o)
 .debug_info    0x000000000001edbc       0xbd /usr/lib/gcc/arm-none-eabi/4.9.3/armv7e-m/fpu/libgcc.a(_aeabi_ldivmod.o)
 .debug_info    0x000000000001ee79      0x164 /usr/lib/gcc/arm-none-eabi/4.9.3/armv7e-m/fpu/libgcc.a(bpabi.o)
 .debug_info    0x000000000001efdd       0xc1 /usr/lib/gcc/arm-none-eabi/4.9.3/armv7e-m/fpu/libgcc.a(_dvmd_tls.o)
 .debug_info    0x000000000001f09e      0x5bc /usr/lib/gcc/arm-none-eabi/4.9.3/armv7e-m/fpu/libgcc.a(_divdi3.o)
 .debug_info    0x000000000001f65a      0x57c /usr/lib/gcc/arm-none-eabi/4.9.3/armv7e-m/fpu/libgcc.a(_udivdi3.o)
 .debug_info    0x000000000001fbd6      0x735 /usr/lib/gcc/arm-none-eabi/4.9.3/../../../arm-none-eabi/lib/armv7e-m/fpu/libc_nano.a(lib_a-errno.o)

.debug_abbrev   0x0000000000000000     0x5846
 .debug_abbrev  0x0000000000000000      0x2f5 build/adc.o
 .debug_abbrev  0x00000000000002f5      0x1f0 build/power.o
 .debug_abbrev  0x00000000000004e5      0x122 build/stm32f3xx_hal_msp.o
 .debug_abbrev  0x0000000000000607      0x278 build/stm32f3xx_hal_uart.o
 .debug_abbrev  0x000000000000087f      0x2ea build/stm32f3xx_hal_adc_ex.o
 .debug_abbrev  0x0000000000000b69      0x15f build/stm32f3xx_hal_adc.o
 .debug_abbrev  0x0000000000000cc8      0x28c build/stm32f3xx_hal_tim.o
 .debug_abbrev  0x0000000000000f54      0x200 build/stm32f3xx_hal_gpio.o
 .debug_abbrev  0x0000000000001154      0x1fc build/usart.o
 .debug_abbrev  0x0000000000001350      0x24a build/stm32f3xx_hal_rcc_ex.o
 .debug_abbrev  0x000000000000159a      0x157 build/gpio.o
 .debug_abbrev  0x00000000000016f1      0x2c8 build/stm32f3xx_hal_cortex.o
 .debug_abbrev  0x00000000000019b9      0x200 build/main.o
 .debug_abbrev  0x0000000000001bb9      0x142 build/stm32f3xx_it.o
 .debug_abbrev  0x0000000000001cfb      0x234 build/stm32f3xx_hal_dma.o
 .debug_abbrev  0x0000000000001f2f      0x103 build/system_stm32f3xx.o
 .debug_abbrev  0x0000000000002032      0x122 build/dma.o
 .debug_abbrev  0x0000000000002154      0x274 build/stm32f3xx_hal_tim_ex.o
 .debug_abbrev  0x00000000000023c8      0x253 build/tim.o
 .debug_abbrev  0x000000000000261b      0x309 build/stm32f3xx_hal_rcc.o
 .debug_abbrev  0x0000000000002924      0x1f3 build/stm32f3xx_hal.o
 .debug_abbrev  0x0000000000002b17       0x12 build/startup_stm32f303xe.o
 .debug_abbrev  0x0000000000002b29      0x136 /usr/lib/gcc/arm-none-eabi/4.9.3/../../../arm-none-eabi/lib/armv7e-m/fpu/libc_nano.a(lib_a-impure.o)
 .debug_abbrev  0x0000000000002c5f       0xba /usr/lib/gcc/arm-none-eabi/4.9.3/../../../arm-none-eabi/lib/armv7e-m/fpu/libc_nano.a(lib_a-init.o)
 .debug_abbrev  0x0000000000002d19       0x8e /usr/lib/gcc/arm-none-eabi/4.9.3/../../../arm-none-eabi/lib/armv7e-m/fpu/libc_nano.a(lib_a-memset.o)
 .debug_abbrev  0x0000000000002da7      0x2a2 /usr/lib/gcc/arm-none-eabi/4.9.3/../../../arm-none-eabi/lib/armv7e-m/fpu/libc_nano.a(lib_a-nano-vfprintf_float.o)
 .debug_abbrev  0x0000000000003049      0x1fb /usr/lib/gcc/arm-none-eabi/4.9.3/../../../arm-none-eabi/lib/armv7e-m/fpu/libc_nano.a(lib_a-nano-vfprintf_i.o)
 .debug_abbrev  0x0000000000003244       0xc8 /usr/lib/gcc/arm-none-eabi/4.9.3/../../../arm-none-eabi/lib/armv7e-m/fpu/libc_nano.a(lib_a-s_fpclassify.o)
 .debug_abbrev  0x000000000000330c      0x1bf /usr/lib/gcc/arm-none-eabi/4.9.3/../../../arm-none-eabi/lib/armv7e-m/fpu/libc_nano.a(lib_a-snprintf.o)
 .debug_abbrev  0x00000000000034cb       0x8c /usr/lib/gcc/arm-none-eabi/4.9.3/../../../arm-none-eabi/lib/armv7e-m/fpu/libc_nano.a(lib_a-strlen.o)
 .debug_abbrev  0x0000000000003557      0x28a /usr/lib/gcc/arm-none-eabi/4.9.3/../../../arm-none-eabi/lib/armv7e-m/fpu/libc_nano.a(lib_a-dtoa.o)
 .debug_abbrev  0x00000000000037e1      0x25a /usr/lib/gcc/arm-none-eabi/4.9.3/../../../arm-none-eabi/lib/armv7e-m/fpu/libc_nano.a(lib_a-locale.o)
 .debug_abbrev  0x0000000000003a3b      0x19f /usr/lib/gcc/arm-none-eabi/4.9.3/../../../arm-none-eabi/lib/armv7e-m/fpu/libc_nano.a(lib_a-malloc.o)
 .debug_abbrev  0x0000000000003bda       0xab /usr/lib/gcc/arm-none-eabi/4.9.3/../../../arm-none-eabi/lib/armv7e-m/fpu/libc_nano.a(lib_a-memchr.o)
 .debug_abbrev  0x0000000000003c85       0xa4 /usr/lib/gcc/arm-none-eabi/4.9.3/../../../arm-none-eabi/lib/armv7e-m/fpu/libc_nano.a(lib_a-memcpy.o)
 .debug_abbrev  0x0000000000003d29      0x2c7 /usr/lib/gcc/arm-none-eabi/4.9.3/../../../arm-none-eabi/lib/armv7e-m/fpu/libc_nano.a(lib_a-mprec.o)
 .debug_abbrev  0x0000000000003ff0      0x19e /usr/lib/gcc/arm-none-eabi/4.9.3/../../../arm-none-eabi/lib/armv7e-m/fpu/libc_nano.a(lib_a-nano-callocr.o)
 .debug_abbrev  0x000000000000418e      0x1b6 /usr/lib/gcc/arm-none-eabi/4.9.3/../../../arm-none-eabi/lib/armv7e-m/fpu/libc_nano.a(lib_a-nano-freer.o)
 .debug_abbrev  0x0000000000004344      0x250 /usr/lib/gcc/arm-none-eabi/4.9.3/../../../arm-none-eabi/lib/armv7e-m/fpu/libc_nano.a(lib_a-nano-mallocr.o)
 .debug_abbrev  0x0000000000004594      0x278 /usr/lib/gcc/arm-none-eabi/4.9.3/../../../arm-none-eabi/lib/armv7e-m/fpu/libc_nano.a(lib_a-nano-svfprintf.o)
 .debug_abbrev  0x000000000000480c      0x1a2 /usr/lib/gcc/arm-none-eabi/4.9.3/../../../arm-none-eabi/lib/armv7e-m/fpu/libc_nano.a(lib_a-sbrkr.o)
 .debug_abbrev  0x00000000000049ae       0x9c /usr/lib/gcc/arm-none-eabi/4.9.3/../../../arm-none-eabi/lib/armv7e-m/fpu/libc_nano.a(lib_a-memmove.o)
 .debug_abbrev  0x0000000000004a4a      0x1cb /usr/lib/gcc/arm-none-eabi/4.9.3/../../../arm-none-eabi/lib/armv7e-m/fpu/libc_nano.a(lib_a-nano-reallocr.o)
 .debug_abbrev  0x0000000000004c15      0x1f2 /usr/lib/gcc/arm-none-eabi/4.9.3/../../../arm-none-eabi/lib/armv7e-m/fpu/libc_nano.a(lib_a-reent.o)
 .debug_abbrev  0x0000000000004e07      0x161 /usr/lib/gcc/arm-none-eabi/4.9.3/../../../arm-none-eabi/lib/armv7e-m/fpu/libc_nano.a(lib_a-nano-msizer.o)
 .debug_abbrev  0x0000000000004f68      0x13a /usr/lib/gcc/arm-none-eabi/4.9.3/../../../arm-none-eabi/lib/armv7e-m/fpu/libm.a(lib_a-w_sqrt.o)
 .debug_abbrev  0x00000000000050a2      0x118 /usr/lib/gcc/arm-none-eabi/4.9.3/../../../arm-none-eabi/lib/armv7e-m/fpu/libm.a(lib_a-e_sqrt.o)
 .debug_abbrev  0x00000000000051ba       0x4f /usr/lib/gcc/arm-none-eabi/4.9.3/../../../arm-none-eabi/lib/armv7e-m/fpu/libm.a(lib_a-s_lib_ver.o)
 .debug_abbrev  0x0000000000005209       0x9a /usr/lib/gcc/arm-none-eabi/4.9.3/../../../arm-none-eabi/lib/armv7e-m/fpu/libm.a(lib_a-s_matherr.o)
 .debug_abbrev  0x00000000000052a3       0x83 /usr/lib/gcc/arm-none-eabi/4.9.3/../../../arm-none-eabi/lib/armv7e-m/fpu/libnosys.a(sbrk.o)
 .debug_abbrev  0x0000000000005326       0x14 /usr/lib/gcc/arm-none-eabi/4.9.3/armv7e-m/fpu/libgcc.a(_arm_addsubdf3.o)
 .debug_abbrev  0x000000000000533a       0x14 /usr/lib/gcc/arm-none-eabi/4.9.3/armv7e-m/fpu/libgcc.a(_arm_muldivdf3.o)
 .debug_abbrev  0x000000000000534e       0x14 /usr/lib/gcc/arm-none-eabi/4.9.3/armv7e-m/fpu/libgcc.a(_arm_cmpdf2.o)
 .debug_abbrev  0x0000000000005362       0x14 /usr/lib/gcc/arm-none-eabi/4.9.3/armv7e-m/fpu/libgcc.a(_arm_fixdfsi.o)
 .debug_abbrev  0x0000000000005376       0x14 /usr/lib/gcc/arm-none-eabi/4.9.3/armv7e-m/fpu/libgcc.a(_aeabi_ldivmod.o)
 .debug_abbrev  0x000000000000538a       0xb7 /usr/lib/gcc/arm-none-eabi/4.9.3/armv7e-m/fpu/libgcc.a(bpabi.o)
 .debug_abbrev  0x0000000000005441       0x14 /usr/lib/gcc/arm-none-eabi/4.9.3/armv7e-m/fpu/libgcc.a(_dvmd_tls.o)
 .debug_abbrev  0x0000000000005455      0x169 /usr/lib/gcc/arm-none-eabi/4.9.3/armv7e-m/fpu/libgcc.a(_divdi3.o)
 .debug_abbrev  0x00000000000055be      0x154 /usr/lib/gcc/arm-none-eabi/4.9.3/armv7e-m/fpu/libgcc.a(_udivdi3.o)
 .debug_abbrev  0x0000000000005712      0x134 /usr/lib/gcc/arm-none-eabi/4.9.3/../../../arm-none-eabi/lib/armv7e-m/fpu/libc_nano.a(lib_a-errno.o)

.debug_loc      0x0000000000000000    0x1476c
 .debug_loc     0x0000000000000000      0x41a build/adc.o
 .debug_loc     0x000000000000041a      0x351 build/power.o
 .debug_loc     0x000000000000076b       0x38 build/stm32f3xx_hal_msp.o
 .debug_loc     0x00000000000007a3     0x1a22 build/stm32f3xx_hal_uart.o
 .debug_loc     0x00000000000021c5     0x219f build/stm32f3xx_hal_adc_ex.o
 .debug_loc     0x0000000000004364      0x1ef build/stm32f3xx_hal_adc.o
 .debug_loc     0x0000000000004553     0x3efa build/stm32f3xx_hal_tim.o
 .debug_loc     0x000000000000844d      0x371 build/stm32f3xx_hal_gpio.o
 .debug_loc     0x00000000000087be      0x11d build/usart.o
 .debug_loc     0x00000000000088db      0xc1f build/stm32f3xx_hal_rcc_ex.o
 .debug_loc     0x00000000000094fa       0x38 build/gpio.o
 .debug_loc     0x0000000000009532      0x566 build/stm32f3xx_hal_cortex.o
 .debug_loc     0x0000000000009a98       0x65 build/main.o
 .debug_loc     0x0000000000009afd       0xa0 build/stm32f3xx_it.o
 .debug_loc     0x0000000000009b9d      0x787 build/stm32f3xx_hal_dma.o
 .debug_loc     0x000000000000a324      0x103 build/system_stm32f3xx.o
 .debug_loc     0x000000000000a427       0x38 build/dma.o
 .debug_loc     0x000000000000a45f     0x1c7d build/stm32f3xx_hal_tim_ex.o
 .debug_loc     0x000000000000c0dc      0x176 build/tim.o
 .debug_loc     0x000000000000c252     0x1000 build/stm32f3xx_hal_rcc.o
 .debug_loc     0x000000000000d252      0x101 build/stm32f3xx_hal.o
 .debug_loc     0x000000000000d353       0x54 /usr/lib/gcc/arm-none-eabi/4.9.3/../../../arm-none-eabi/lib/armv7e-m/fpu/libc_nano.a(lib_a-init.o)
 .debug_loc     0x000000000000d3a7       0x57 /usr/lib/gcc/arm-none-eabi/4.9.3/../../../arm-none-eabi/lib/armv7e-m/fpu/libc_nano.a(lib_a-memset.o)
 .debug_loc     0x000000000000d3fe      0x65f /usr/lib/gcc/arm-none-eabi/4.9.3/../../../arm-none-eabi/lib/armv7e-m/fpu/libc_nano.a(lib_a-nano-vfprintf_float.o)
 .debug_loc     0x000000000000da5d      0x47b /usr/lib/gcc/arm-none-eabi/4.9.3/../../../arm-none-eabi/lib/armv7e-m/fpu/libc_nano.a(lib_a-nano-vfprintf_i.o)
 .debug_loc     0x000000000000ded8       0x38 /usr/lib/gcc/arm-none-eabi/4.9.3/../../../arm-none-eabi/lib/armv7e-m/fpu/libc_nano.a(lib_a-s_fpclassify.o)
 .debug_loc     0x000000000000df10      0x153 /usr/lib/gcc/arm-none-eabi/4.9.3/../../../arm-none-eabi/lib/armv7e-m/fpu/libc_nano.a(lib_a-snprintf.o)
 .debug_loc     0x000000000000e063       0x21 /usr/lib/gcc/arm-none-eabi/4.9.3/../../../arm-none-eabi/lib/armv7e-m/fpu/libc_nano.a(lib_a-strlen.o)
 .debug_loc     0x000000000000e084     0x1ba9 /usr/lib/gcc/arm-none-eabi/4.9.3/../../../arm-none-eabi/lib/armv7e-m/fpu/libc_nano.a(lib_a-dtoa.o)
 .debug_loc     0x000000000000fc2d      0x150 /usr/lib/gcc/arm-none-eabi/4.9.3/../../../arm-none-eabi/lib/armv7e-m/fpu/libc_nano.a(lib_a-locale.o)
 .debug_loc     0x000000000000fd7d       0x58 /usr/lib/gcc/arm-none-eabi/4.9.3/../../../arm-none-eabi/lib/armv7e-m/fpu/libc_nano.a(lib_a-malloc.o)
 .debug_loc     0x000000000000fdd5       0xaa /usr/lib/gcc/arm-none-eabi/4.9.3/../../../arm-none-eabi/lib/armv7e-m/fpu/libc_nano.a(lib_a-memchr.o)
 .debug_loc     0x000000000000fe7f       0x87 /usr/lib/gcc/arm-none-eabi/4.9.3/../../../arm-none-eabi/lib/armv7e-m/fpu/libc_nano.a(lib_a-memcpy.o)
 .debug_loc     0x000000000000ff06     0x18b9 /usr/lib/gcc/arm-none-eabi/4.9.3/../../../arm-none-eabi/lib/armv7e-m/fpu/libc_nano.a(lib_a-mprec.o)
 .debug_loc     0x00000000000117bf       0x81 /usr/lib/gcc/arm-none-eabi/4.9.3/../../../arm-none-eabi/lib/armv7e-m/fpu/libc_nano.a(lib_a-nano-callocr.o)
 .debug_loc     0x0000000000011840      0x172 /usr/lib/gcc/arm-none-eabi/4.9.3/../../../arm-none-eabi/lib/armv7e-m/fpu/libc_nano.a(lib_a-nano-freer.o)
 .debug_loc     0x00000000000119b2      0x304 /usr/lib/gcc/arm-none-eabi/4.9.3/../../../arm-none-eabi/lib/armv7e-m/fpu/libc_nano.a(lib_a-nano-mallocr.o)
 .debug_loc     0x0000000000011cb6      0x53f /usr/lib/gcc/arm-none-eabi/4.9.3/../../../arm-none-eabi/lib/armv7e-m/fpu/libc_nano.a(lib_a-nano-svfprintf.o)
 .debug_loc     0x00000000000121f5       0x4d /usr/lib/gcc/arm-none-eabi/4.9.3/../../../arm-none-eabi/lib/armv7e-m/fpu/libc_nano.a(lib_a-sbrkr.o)
 .debug_loc     0x0000000000012242       0xde /usr/lib/gcc/arm-none-eabi/4.9.3/../../../arm-none-eabi/lib/armv7e-m/fpu/libc_nano.a(lib_a-memmove.o)
 .debug_loc     0x0000000000012320      0x11b /usr/lib/gcc/arm-none-eabi/4.9.3/../../../arm-none-eabi/lib/armv7e-m/fpu/libc_nano.a(lib_a-nano-reallocr.o)
 .debug_loc     0x000000000001243b       0xfa /usr/lib/gcc/arm-none-eabi/4.9.3/../../../arm-none-eabi/lib/armv7e-m/fpu/libc_nano.a(lib_a-reent.o)
 .debug_loc     0x0000000000012535       0xb5 /usr/lib/gcc/arm-none-eabi/4.9.3/../../../arm-none-eabi/lib/armv7e-m/fpu/libc_nano.a(lib_a-nano-msizer.o)
 .debug_loc     0x00000000000125ea       0xd2 /usr/lib/gcc/arm-none-eabi/4.9.3/../../../arm-none-eabi/lib/armv7e-m/fpu/libm.a(lib_a-w_sqrt.o)
 .debug_loc     0x00000000000126bc      0x48f /usr/lib/gcc/arm-none-eabi/4.9.3/../../../arm-none-eabi/lib/armv7e-m/fpu/libm.a(lib_a-e_sqrt.o)
 .debug_loc     0x0000000000012b4b       0x21 /usr/lib/gcc/arm-none-eabi/4.9.3/../../../arm-none-eabi/lib/armv7e-m/fpu/libm.a(lib_a-s_matherr.o)
 .debug_loc     0x0000000000012b6c       0x21 /usr/lib/gcc/arm-none-eabi/4.9.3/../../../arm-none-eabi/lib/armv7e-m/fpu/libnosys.a(sbrk.o)
 .debug_loc     0x0000000000012b8d       0xa0 /usr/lib/gcc/arm-none-eabi/4.9.3/armv7e-m/fpu/libgcc.a(bpabi.o)
 .debug_loc     0x0000000000012c2d      0xdef /usr/lib/gcc/arm-none-eabi/4.9.3/armv7e-m/fpu/libgcc.a(_divdi3.o)
 .debug_loc     0x0000000000013a1c      0xd50 /usr/lib/gcc/arm-none-eabi/4.9.3/armv7e-m/fpu/libgcc.a(_udivdi3.o)

.debug_aranges  0x0000000000000000     0x1428
 .debug_aranges
                0x0000000000000000       0x80 build/adc.o
 .debug_aranges
                0x0000000000000080       0x30 build/power.o
 .debug_aranges
                0x00000000000000b0       0x20 build/stm32f3xx_hal_msp.o
 .debug_aranges
                0x00000000000000d0      0x1f0 build/stm32f3xx_hal_uart.o
 .debug_aranges
                0x00000000000002c0      0x168 build/stm32f3xx_hal_adc_ex.o
 .debug_aranges
                0x0000000000000428       0xc8 build/stm32f3xx_hal_adc.o
 .debug_aranges
                0x00000000000004f0      0x378 build/stm32f3xx_hal_tim.o
 .debug_aranges
                0x0000000000000868       0x58 build/stm32f3xx_hal_gpio.o
 .debug_aranges
                0x00000000000008c0       0x38 build/usart.o
 .debug_aranges
                0x00000000000008f8       0x38 build/stm32f3xx_hal_rcc_ex.o
 .debug_aranges
                0x0000000000000930       0x20 build/gpio.o
 .debug_aranges
                0x0000000000000950       0xa8 build/stm32f3xx_hal_cortex.o
 .debug_aranges
                0x00000000000009f8       0x30 build/main.o
 .debug_aranges
                0x0000000000000a28       0x40 build/stm32f3xx_it.o
 .debug_aranges
                0x0000000000000a68       0x88 build/stm32f3xx_hal_dma.o
 .debug_aranges
                0x0000000000000af0       0x28 build/system_stm32f3xx.o
 .debug_aranges
                0x0000000000000b18       0x20 build/dma.o
 .debug_aranges
                0x0000000000000b38      0x178 build/stm32f3xx_hal_tim_ex.o
 .debug_aranges
                0x0000000000000cb0       0x40 build/tim.o
 .debug_aranges
                0x0000000000000cf0       0x88 build/stm32f3xx_hal_rcc.o
 .debug_aranges
                0x0000000000000d78       0xc8 build/stm32f3xx_hal.o
 .debug_aranges
                0x0000000000000e40       0x28 build/startup_stm32f303xe.o
 .debug_aranges
                0x0000000000000e68       0x18 /usr/lib/gcc/arm-none-eabi/4.9.3/../../../arm-none-eabi/lib/armv7e-m/fpu/libc_nano.a(lib_a-impure.o)
 .debug_aranges
                0x0000000000000e80       0x20 /usr/lib/gcc/arm-none-eabi/4.9.3/../../../arm-none-eabi/lib/armv7e-m/fpu/libc_nano.a(lib_a-init.o)
 .debug_aranges
                0x0000000000000ea0       0x20 /usr/lib/gcc/arm-none-eabi/4.9.3/../../../arm-none-eabi/lib/armv7e-m/fpu/libc_nano.a(lib_a-memset.o)
 .debug_aranges
                0x0000000000000ec0       0x30 /usr/lib/gcc/arm-none-eabi/4.9.3/../../../arm-none-eabi/lib/armv7e-m/fpu/libc_nano.a(lib_a-nano-vfprintf_float.o)
 .debug_aranges
                0x0000000000000ef0       0x28 /usr/lib/gcc/arm-none-eabi/4.9.3/../../../arm-none-eabi/lib/armv7e-m/fpu/libc_nano.a(lib_a-nano-vfprintf_i.o)
 .debug_aranges
                0x0000000000000f18       0x20 /usr/lib/gcc/arm-none-eabi/4.9.3/../../../arm-none-eabi/lib/armv7e-m/fpu/libc_nano.a(lib_a-s_fpclassify.o)
 .debug_aranges
                0x0000000000000f38       0x28 /usr/lib/gcc/arm-none-eabi/4.9.3/../../../arm-none-eabi/lib/armv7e-m/fpu/libc_nano.a(lib_a-snprintf.o)
 .debug_aranges
                0x0000000000000f60       0x20 /usr/lib/gcc/arm-none-eabi/4.9.3/../../../arm-none-eabi/lib/armv7e-m/fpu/libc_nano.a(lib_a-strlen.o)
 .debug_aranges
                0x0000000000000f80       0x28 /usr/lib/gcc/arm-none-eabi/4.9.3/../../../arm-none-eabi/lib/armv7e-m/fpu/libc_nano.a(lib_a-dtoa.o)
 .debug_aranges
                0x0000000000000fa8       0x58 /usr/lib/gcc/arm-none-eabi/4.9.3/../../../arm-none-eabi/lib/armv7e-m/fpu/libc_nano.a(lib_a-locale.o)
 .debug_aranges
                0x0000000000001000       0x28 /usr/lib/gcc/arm-none-eabi/4.9.3/../../../arm-none-eabi/lib/armv7e-m/fpu/libc_nano.a(lib_a-malloc.o)
 .debug_aranges
                0x0000000000001028       0x20 /usr/lib/gcc/arm-none-eabi/4.9.3/../../../arm-none-eabi/lib/armv7e-m/fpu/libc_nano.a(lib_a-memchr.o)
 .debug_aranges
                0x0000000000001048       0x20 /usr/lib/gcc/arm-none-eabi/4.9.3/../../../arm-none-eabi/lib/armv7e-m/fpu/libc_nano.a(lib_a-memcpy.o)
 .debug_aranges
                0x0000000000001068       0xb0 /usr/lib/gcc/arm-none-eabi/4.9.3/../../../arm-none-eabi/lib/armv7e-m/fpu/libc_nano.a(lib_a-mprec.o)
 .debug_aranges
                0x0000000000001118       0x20 /usr/lib/gcc/arm-none-eabi/4.9.3/../../../arm-none-eabi/lib/armv7e-m/fpu/libc_nano.a(lib_a-nano-callocr.o)
 .debug_aranges
                0x0000000000001138       0x20 /usr/lib/gcc/arm-none-eabi/4.9.3/../../../arm-none-eabi/lib/armv7e-m/fpu/libc_nano.a(lib_a-nano-freer.o)
 .debug_aranges
                0x0000000000001158       0x20 /usr/lib/gcc/arm-none-eabi/4.9.3/../../../arm-none-eabi/lib/armv7e-m/fpu/libc_nano.a(lib_a-nano-mallocr.o)
 .debug_aranges
                0x0000000000001178       0x30 /usr/lib/gcc/arm-none-eabi/4.9.3/../../../arm-none-eabi/lib/armv7e-m/fpu/libc_nano.a(lib_a-nano-svfprintf.o)
 .debug_aranges
                0x00000000000011a8       0x20 /usr/lib/gcc/arm-none-eabi/4.9.3/../../../arm-none-eabi/lib/armv7e-m/fpu/libc_nano.a(lib_a-sbrkr.o)
 .debug_aranges
                0x00000000000011c8       0x20 /usr/lib/gcc/arm-none-eabi/4.9.3/../../../arm-none-eabi/lib/armv7e-m/fpu/libc_nano.a(lib_a-memmove.o)
 .debug_aranges
                0x00000000000011e8       0x20 /usr/lib/gcc/arm-none-eabi/4.9.3/../../../arm-none-eabi/lib/armv7e-m/fpu/libc_nano.a(lib_a-nano-reallocr.o)
 .debug_aranges
                0x0000000000001208       0x28 /usr/lib/gcc/arm-none-eabi/4.9.3/../../../arm-none-eabi/lib/armv7e-m/fpu/libc_nano.a(lib_a-reent.o)
 .debug_aranges
                0x0000000000001230       0x20 /usr/lib/gcc/arm-none-eabi/4.9.3/../../../arm-none-eabi/lib/armv7e-m/fpu/libc_nano.a(lib_a-nano-msizer.o)
 .debug_aranges
                0x0000000000001250       0x20 /usr/lib/gcc/arm-none-eabi/4.9.3/../../../arm-none-eabi/lib/armv7e-m/fpu/libm.a(lib_a-w_sqrt.o)
 .debug_aranges
                0x0000000000001270       0x20 /usr/lib/gcc/arm-none-eabi/4.9.3/../../../arm-none-eabi/lib/armv7e-m/fpu/libm.a(lib_a-e_sqrt.o)
 .debug_aranges
                0x0000000000001290       0x18 /usr/lib/gcc/arm-none-eabi/4.9.3/../../../arm-none-eabi/lib/armv7e-m/fpu/libm.a(lib_a-s_lib_ver.o)
 .debug_aranges
                0x00000000000012a8       0x20 /usr/lib/gcc/arm-none-eabi/4.9.3/../../../arm-none-eabi/lib/armv7e-m/fpu/libm.a(lib_a-s_matherr.o)
 .debug_aranges
                0x00000000000012c8       0x20 /usr/lib/gcc/arm-none-eabi/4.9.3/../../../arm-none-eabi/lib/armv7e-m/fpu/libnosys.a(sbrk.o)
 .debug_aranges
                0x00000000000012e8       0x20 /usr/lib/gcc/arm-none-eabi/4.9.3/armv7e-m/fpu/libgcc.a(_arm_addsubdf3.o)
 .debug_aranges
                0x0000000000001308       0x20 /usr/lib/gcc/arm-none-eabi/4.9.3/armv7e-m/fpu/libgcc.a(_arm_muldivdf3.o)
 .debug_aranges
                0x0000000000001328       0x20 /usr/lib/gcc/arm-none-eabi/4.9.3/armv7e-m/fpu/libgcc.a(_arm_cmpdf2.o)
 .debug_aranges
                0x0000000000001348       0x20 /usr/lib/gcc/arm-none-eabi/4.9.3/armv7e-m/fpu/libgcc.a(_arm_fixdfsi.o)
 .debug_aranges
                0x0000000000001368       0x20 /usr/lib/gcc/arm-none-eabi/4.9.3/armv7e-m/fpu/libgcc.a(_aeabi_ldivmod.o)
 .debug_aranges
                0x0000000000001388       0x20 /usr/lib/gcc/arm-none-eabi/4.9.3/armv7e-m/fpu/libgcc.a(bpabi.o)
 .debug_aranges
                0x00000000000013a8       0x20 /usr/lib/gcc/arm-none-eabi/4.9.3/armv7e-m/fpu/libgcc.a(_dvmd_tls.o)
 .debug_aranges
                0x00000000000013c8       0x20 /usr/lib/gcc/arm-none-eabi/4.9.3/armv7e-m/fpu/libgcc.a(_divdi3.o)
 .debug_aranges
                0x00000000000013e8       0x20 /usr/lib/gcc/arm-none-eabi/4.9.3/armv7e-m/fpu/libgcc.a(_udivdi3.o)
 .debug_aranges
                0x0000000000001408       0x20 /usr/lib/gcc/arm-none-eabi/4.9.3/../../../arm-none-eabi/lib/armv7e-m/fpu/libc_nano.a(lib_a-errno.o)

.debug_ranges   0x0000000000000000     0x1308
 .debug_ranges  0x0000000000000000       0x70 build/adc.o
 .debug_ranges  0x0000000000000070       0x38 build/power.o
 .debug_ranges  0x00000000000000a8       0x10 build/stm32f3xx_hal_msp.o
 .debug_ranges  0x00000000000000b8      0x1e0 build/stm32f3xx_hal_uart.o
 .debug_ranges  0x0000000000000298      0x158 build/stm32f3xx_hal_adc_ex.o
 .debug_ranges  0x00000000000003f0       0xb8 build/stm32f3xx_hal_adc.o
 .debug_ranges  0x00000000000004a8      0x368 build/stm32f3xx_hal_tim.o
 .debug_ranges  0x0000000000000810       0x48 build/stm32f3xx_hal_gpio.o
 .debug_ranges  0x0000000000000858       0x28 build/usart.o
 .debug_ranges  0x0000000000000880       0x40 build/stm32f3xx_hal_rcc_ex.o
 .debug_ranges  0x00000000000008c0       0x10 build/gpio.o
 .debug_ranges  0x00000000000008d0       0x98 build/stm32f3xx_hal_cortex.o
 .debug_ranges  0x0000000000000968       0x20 build/main.o
 .debug_ranges  0x0000000000000988       0x30 build/stm32f3xx_it.o
 .debug_ranges  0x00000000000009b8       0x78 build/stm32f3xx_hal_dma.o
 .debug_ranges  0x0000000000000a30       0x18 build/system_stm32f3xx.o
 .debug_ranges  0x0000000000000a48       0x10 build/dma.o
 .debug_ranges  0x0000000000000a58      0x168 build/stm32f3xx_hal_tim_ex.o
 .debug_ranges  0x0000000000000bc0       0x30 build/tim.o
 .debug_ranges  0x0000000000000bf0       0x90 build/stm32f3xx_hal_rcc.o
 .debug_ranges  0x0000000000000c80       0xb8 build/stm32f3xx_hal.o
 .debug_ranges  0x0000000000000d38       0x20 build/startup_stm32f303xe.o
 .debug_ranges  0x0000000000000d58       0x10 /usr/lib/gcc/arm-none-eabi/4.9.3/../../../arm-none-eabi/lib/armv7e-m/fpu/libc_nano.a(lib_a-init.o)
 .debug_ranges  0x0000000000000d68       0x10 /usr/lib/gcc/arm-none-eabi/4.9.3/../../../arm-none-eabi/lib/armv7e-m/fpu/libc_nano.a(lib_a-memset.o)
 .debug_ranges  0x0000000000000d78       0x78 /usr/lib/gcc/arm-none-eabi/4.9.3/../../../arm-none-eabi/lib/armv7e-m/fpu/libc_nano.a(lib_a-nano-vfprintf_float.o)
 .debug_ranges  0x0000000000000df0       0x60 /usr/lib/gcc/arm-none-eabi/4.9.3/../../../arm-none-eabi/lib/armv7e-m/fpu/libc_nano.a(lib_a-nano-vfprintf_i.o)
 .debug_ranges  0x0000000000000e50       0x10 /usr/lib/gcc/arm-none-eabi/4.9.3/../../../arm-none-eabi/lib/armv7e-m/fpu/libc_nano.a(lib_a-s_fpclassify.o)
 .debug_ranges  0x0000000000000e60       0x18 /usr/lib/gcc/arm-none-eabi/4.9.3/../../../arm-none-eabi/lib/armv7e-m/fpu/libc_nano.a(lib_a-snprintf.o)
 .debug_ranges  0x0000000000000e78       0x10 /usr/lib/gcc/arm-none-eabi/4.9.3/../../../arm-none-eabi/lib/armv7e-m/fpu/libc_nano.a(lib_a-strlen.o)
 .debug_ranges  0x0000000000000e88       0x30 /usr/lib/gcc/arm-none-eabi/4.9.3/../../../arm-none-eabi/lib/armv7e-m/fpu/libc_nano.a(lib_a-dtoa.o)
 .debug_ranges  0x0000000000000eb8       0x48 /usr/lib/gcc/arm-none-eabi/4.9.3/../../../arm-none-eabi/lib/armv7e-m/fpu/libc_nano.a(lib_a-locale.o)
 .debug_ranges  0x0000000000000f00       0x18 /usr/lib/gcc/arm-none-eabi/4.9.3/../../../arm-none-eabi/lib/armv7e-m/fpu/libc_nano.a(lib_a-malloc.o)
 .debug_ranges  0x0000000000000f18       0x10 /usr/lib/gcc/arm-none-eabi/4.9.3/../../../arm-none-eabi/lib/armv7e-m/fpu/libc_nano.a(lib_a-memchr.o)
 .debug_ranges  0x0000000000000f28       0x10 /usr/lib/gcc/arm-none-eabi/4.9.3/../../../arm-none-eabi/lib/armv7e-m/fpu/libc_nano.a(lib_a-memcpy.o)
 .debug_ranges  0x0000000000000f38       0xd0 /usr/lib/gcc/arm-none-eabi/4.9.3/../../../arm-none-eabi/lib/armv7e-m/fpu/libc_nano.a(lib_a-mprec.o)