Archive member included to satisfy reference by file (symbol)

/usr/lib/gcc/arm-none-eabi/4.9.3/../../../arm-none-eabi/lib/armv7e-m/fpu/libc_nano.a(lib_a-atexit.o)
                              /usr/lib/gcc/arm-none-eabi/4.9.3/../../../arm-none-eabi/lib/armv7e-m/fpu/crt0.o (atexit)
/usr/lib/gcc/arm-none-eabi/4.9.3/../../../arm-none-eabi/lib/armv7e-m/fpu/libc_nano.a(lib_a-exit.o)
                              /usr/lib/gcc/arm-none-eabi/4.9.3/../../../arm-none-eabi/lib/armv7e-m/fpu/crt0.o (exit)
/usr/lib/gcc/arm-none-eabi/4.9.3/../../../arm-none-eabi/lib/armv7e-m/fpu/libc_nano.a(lib_a-fini.o)
                              /usr/lib/gcc/arm-none-eabi/4.9.3/../../../arm-none-eabi/lib/armv7e-m/fpu/crt0.o (__libc_fini_array)
/usr/lib/gcc/arm-none-eabi/4.9.3/../../../arm-none-eabi/lib/armv7e-m/fpu/libc_nano.a(lib_a-impure.o)
                              /usr/lib/gcc/arm-none-eabi/4.9.3/../../../arm-none-eabi/lib/armv7e-m/fpu/libc_nano.a(lib_a-exit.o) (_global_impure_ptr)
/usr/lib/gcc/arm-none-eabi/4.9.3/../../../arm-none-eabi/lib/armv7e-m/fpu/libc_nano.a(lib_a-init.o)
                              /usr/lib/gcc/arm-none-eabi/4.9.3/../../../arm-none-eabi/lib/armv7e-m/fpu/crt0.o (__libc_init_array)
/usr/lib/gcc/arm-none-eabi/4.9.3/../../../arm-none-eabi/lib/armv7e-m/fpu/libc_nano.a(lib_a-memset.o)
                              /usr/lib/gcc/arm-none-eabi/4.9.3/../../../arm-none-eabi/lib/armv7e-m/fpu/crt0.o (memset)
/usr/lib/gcc/arm-none-eabi/4.9.3/../../../arm-none-eabi/lib/armv7e-m/fpu/libc_nano.a(lib_a-nano-vfprintf_float.o)
                              (_printf_float)
/usr/lib/gcc/arm-none-eabi/4.9.3/../../../arm-none-eabi/lib/armv7e-m/fpu/libc_nano.a(lib_a-nano-vfprintf_i.o)
                              /usr/lib/gcc/arm-none-eabi/4.9.3/../../../arm-none-eabi/lib/armv7e-m/fpu/libc_nano.a(lib_a-nano-vfprintf_float.o) (_printf_common)
/usr/lib/gcc/arm-none-eabi/4.9.3/../../../arm-none-eabi/lib/armv7e-m/fpu/libc_nano.a(lib_a-s_fpclassify.o)
                              /usr/lib/gcc/arm-none-eabi/4.9.3/../../../arm-none-eabi/lib/armv7e-m/fpu/libc_nano.a(lib_a-nano-vfprintf_float.o) (__fpclassifyd)
/usr/lib/gcc/arm-none-eabi/4.9.3/../../../arm-none-eabi/lib/armv7e-m/fpu/libc_nano.a(lib_a-snprintf.o)
                              build/adc.o (snprintf)
/usr/lib/gcc/arm-none-eabi/4.9.3/../../../arm-none-eabi/lib/armv7e-m/fpu/libc_nano.a(lib_a-strlen.o)
                              build/usart.o (strlen)
/usr/lib/gcc/arm-none-eabi/4.9.3/../../../arm-none-eabi/lib/armv7e-m/fpu/libc_nano.a(lib_a-__atexit.o)
                              /usr/lib/gcc/arm-none-eabi/4.9.3/../../../arm-none-eabi/lib/armv7e-m/fpu/libc_nano.a(lib_a-atexit.o) (__register_exitproc)
/usr/lib/gcc/arm-none-eabi/4.9.3/../../../arm-none-eabi/lib/armv7e-m/fpu/libc_nano.a(lib_a-__call_atexit.o)
                              /usr/lib/gcc/arm-none-eabi/4.9.3/../../../arm-none-eabi/lib/armv7e-m/fpu/libc_nano.a(lib_a-__atexit.o) (__call_exitprocs)
/usr/lib/gcc/arm-none-eabi/4.9.3/../../../arm-none-eabi/lib/armv7e-m/fpu/libc_nano.a(lib_a-dtoa.o)
                              /usr/lib/gcc/arm-none-eabi/4.9.3/../../../arm-none-eabi/lib/armv7e-m/fpu/libc_nano.a(lib_a-nano-vfprintf_float.o) (_dtoa_r)
/usr/lib/gcc/arm-none-eabi/4.9.3/../../../arm-none-eabi/lib/armv7e-m/fpu/libc_nano.a(lib_a-locale.o)
                              /usr/lib/gcc/arm-none-eabi/4.9.3/../../../arm-none-eabi/lib/armv7e-m/fpu/libc_nano.a(lib_a-nano-vfprintf_float.o) (_localeconv_r)
/usr/lib/gcc/arm-none-eabi/4.9.3/../../../arm-none-eabi/lib/armv7e-m/fpu/libc_nano.a(lib_a-malloc.o)
                              /usr/lib/gcc/arm-none-eabi/4.9.3/../../../arm-none-eabi/lib/armv7e-m/fpu/libc_nano.a(lib_a-dtoa.o) (malloc)
/usr/lib/gcc/arm-none-eabi/4.9.3/../../../arm-none-eabi/lib/armv7e-m/fpu/libc_nano.a(lib_a-memchr.o)
                              /usr/lib/gcc/arm-none-eabi/4.9.3/../../../arm-none-eabi/lib/armv7e-m/fpu/libc_nano.a(lib_a-nano-vfprintf_i.o) (memchr)
/usr/lib/gcc/arm-none-eabi/4.9.3/../../../arm-none-eabi/lib/armv7e-m/fpu/libc_nano.a(lib_a-memcpy.o)
                              /usr/lib/gcc/arm-none-eabi/4.9.3/../../../arm-none-eabi/lib/armv7e-m/fpu/libc_nano.a(lib_a-dtoa.o) (memcpy)
/usr/lib/gcc/arm-none-eabi/4.9.3/../../../arm-none-eabi/lib/armv7e-m/fpu/libc_nano.a(lib_a-mprec.o)
                              /usr/lib/gcc/arm-none-eabi/4.9.3/../../../arm-none-eabi/lib/armv7e-m/fpu/libc_nano.a(lib_a-dtoa.o) (_Balloc)
/usr/lib/gcc/arm-none-eabi/4.9.3/../../../arm-none-eabi/lib/armv7e-m/fpu/libc_nano.a(lib_a-nano-callocr.o)
                              /usr/lib/gcc/arm-none-eabi/4.9.3/../../../arm-none-eabi/lib/armv7e-m/fpu/libc_nano.a(lib_a-mprec.o) (_calloc_r)
/usr/lib/gcc/arm-none-eabi/4.9.3/../../../arm-none-eabi/lib/armv7e-m/fpu/libc_nano.a(lib_a-nano-freer.o)
                              /usr/lib/gcc/arm-none-eabi/4.9.3/../../../arm-none-eabi/lib/armv7e-m/fpu/libc_nano.a(lib_a-malloc.o) (_free_r)
[...]
Memory Configuration

Name             Origin             Length             Attributes
RAM              0x0000000020000000 0x0000000000010000 xrw
CCMRAM           0x0000000010000000 0x0000000000004000 rw
FLASH            0x0000000008000000 0x0000000000080000 xr
*default*        0x0000000000000000 0xffffffffffffffff

Linker script and memory map

LOAD /usr/lib/gcc/arm-none-eabi/4.9.3/armv7e-m/fpu/crti.o
LOAD /usr/lib/gcc/arm-none-eabi/4.9.3/armv7e-m/fpu/crtbegin.o
LOAD /usr/lib/gcc/arm-none-eabi/4.9.3/../../../arm-none-eabi/lib/armv7e-m/fpu/crt0.o
LOAD build/adc.o
LOAD build/power.o
LOAD build/stm32f3xx_hal_msp.o
LOAD build/stm32f3xx_hal_uart.o
LOAD build/stm32f3xx_hal_adc_ex.o
LOAD build/stm32f3xx_hal_adc.o
LOAD build/stm32f3xx_hal_tim.o
LOAD build/stm32f3xx_hal_gpio.o
LOAD build/usart.o
LOAD build/stm32f3xx_hal_rcc_ex.o
LOAD build/gpio.o
LOAD build/stm32f3xx_hal_i2c.o
LOAD build/stm32f3xx_hal_pwr.o
LOAD build/stm32f3xx_hal_flash_ex.o
LOAD build/stm32f3xx_hal_cortex.o
LOAD build/main.o
LOAD build/stm32f3xx_it.o
LOAD build/stm32f3xx_hal_dma.o
LOAD build/system_stm32f3xx.o
LOAD build/dma.o
LOAD build/stm32f3xx_hal_tim_ex.o
LOAD build/tim.o
LOAD build/stm32f3xx_hal_uart_ex.o
LOAD build/stm32f3xx_hal_rcc.o
LOAD build/stm32f3xx_hal_flash.o
LOAD build/stm32f3xx_hal_pwr_ex.o
LOAD build/stm32f3xx_hal.o
LOAD build/stm32f3xx_hal_i2c_ex.o
LOAD build/startup_stm32f303xe.o
LOAD /usr/lib/gcc/arm-none-eabi/4.9.3/../../../arm-none-eabi/lib/armv7e-m/fpu/libc_nano.a
LOAD /usr/lib/gcc/arm-none-eabi/4.9.3/../../../arm-none-eabi/lib/armv7e-m/fpu/libm.a
LOAD /usr/lib/gcc/arm-none-eabi/4.9.3/../../../arm-none-eabi/lib/armv7e-m/fpu/libnosys.a
START GROUP
LOAD /usr/lib/gcc/arm-none-eabi/4.9.3/armv7e-m/fpu/libgcc.a
LOAD /usr/lib/gcc/arm-none-eabi/4.9.3/../../../arm-none-eabi/lib/armv7e-m/fpu/libc_nano.a
END GROUP
START GROUP
LOAD /usr/lib/gcc/arm-none-eabi/4.9.3/armv7e-m/fpu/libgcc.a
LOAD /usr/lib/gcc/arm-none-eabi/4.9.3/../../../arm-none-eabi/lib/armv7e-m/fpu/libc_nano.a
END GROUP
LOAD /usr/lib/gcc/arm-none-eabi/4.9.3/armv7e-m/fpu/crtend.o
LOAD /usr/lib/gcc/arm-none-eabi/4.9.3/armv7e-m/fpu/crtn.o
                0x0000000020010000                _estack = 0x20010000
                0x0000000000000200                _Min_Heap_Size = 0x200
                0x0000000000000400                _Min_Stack_Size = 0x400

.isr_vector     0x0000000008000000      0x194
                0x0000000008000000                . = ALIGN (0x4)
 *(.isr_vector)
 .isr_vector    0x0000000008000000      0x194 build/startup_stm32f303xe.o
                0x0000000008000000                g_pfnVectors
                0x0000000008000194                . = ALIGN (0x4)

.text           0x0000000008000198     0x74a4
                0x0000000008000198                . = ALIGN (0x4)
 *(.text)
 .text          0x0000000008000198       0xa4 /usr/lib/gcc/arm-none-eabi/4.9.3/armv7e-m/fpu/crtbegin.o
 .text          0x000000000800023c      0x370 /usr/lib/gcc/arm-none-eabi/4.9.3/armv7e-m/fpu/libgcc.a(_arm_addsubdf3.o)
                0x000000000800023c                __aeabi_drsub
                0x0000000008000244                __aeabi_dsub
                0x0000000008000244                __subdf3
                0x0000000008000248                __adddf3
                0x0000000008000248                __aeabi_dadd
                0x00000000080004c0                __aeabi_ui2d
                0x00000000080004c0                __floatunsidf
                0x00000000080004e0                __floatsidf
                0x00000000080004e0                __aeabi_i2d
                0x0000000008000504                __extendsfdf2
                0x0000000008000504                __aeabi_f2d
                0x0000000008000540                __aeabi_ul2d
                0x0000000008000540                __floatundidf
                0x0000000008000550                __floatdidf
                0x0000000008000550                __aeabi_l2d
 .text          0x00000000080005ac      0x424 /usr/lib/gcc/arm-none-eabi/4.9.3/armv7e-m/fpu/libgcc.a(_arm_muldivdf3.o)
                0x00000000080005ac                __aeabi_dmul
                0x00000000080005ac                __muldf3
                0x0000000008000800                __aeabi_ddiv
                0x0000000008000800                __divdf3
 .text          0x00000000080009d0      0x110 /usr/lib/gcc/arm-none-eabi/4.9.3/armv7e-m/fpu/libgcc.a(_arm_cmpdf2.o)
                0x00000000080009d0                __gtdf2
                0x00000000080009d0                __gedf2
                0x00000000080009d8                __ltdf2
                0x00000000080009d8                __ledf2
                0x00000000080009e0                __cmpdf2
                0x00000000080009e0                __eqdf2
                0x00000000080009e0                __nedf2
                0x0000000008000a5c                __aeabi_cdrcmple
                0x0000000008000a6c                __aeabi_cdcmple
                0x0000000008000a6c                __aeabi_cdcmpeq
                0x0000000008000a7c                __aeabi_dcmpeq
                0x0000000008000a90                __aeabi_dcmplt
                0x0000000008000aa4                __aeabi_dcmple
                0x0000000008000ab8                __aeabi_dcmpge
                0x0000000008000acc                __aeabi_dcmpgt
 .text          0x0000000008000ae0       0x50 /usr/lib/gcc/arm-none-eabi/4.9.3/armv7e-m/fpu/libgcc.a(_arm_fixdfsi.o)
                0x0000000008000ae0                __fixdfsi
                0x0000000008000ae0                __aeabi_d2iz
 .text          0x0000000008000b30       0x38 /usr/lib/gcc/arm-none-eabi/4.9.3/armv7e-m/fpu/libgcc.a(_aeabi_ldivmod.o)
                0x0000000008000b30                __aeabi_ldivmod
 .text          0x0000000008000b68       0x60 /usr/lib/gcc/arm-none-eabi/4.9.3/armv7e-m/fpu/libgcc.a(bpabi.o)
                0x0000000008000b68                __gnu_ldivmod_helper
                0x0000000008000b98                __gnu_uldivmod_helper
 .text          0x0000000008000bc8        0x4 /usr/lib/gcc/arm-none-eabi/4.9.3/armv7e-m/fpu/libgcc.a(_dvmd_tls.o)
                0x0000000008000bc8                __aeabi_ldiv0
                0x0000000008000bc8                __aeabi_idiv0
 .text          0x0000000008000bcc      0x29c /usr/lib/gcc/arm-none-eabi/4.9.3/armv7e-m/fpu/libgcc.a(_divdi3.o)
                0x0000000008000bcc                __divdi3
 .text          0x0000000008000e68      0x26c /usr/lib/gcc/arm-none-eabi/4.9.3/armv7e-m/fpu/libgcc.a(_udivdi3.o)
                0x0000000008000e68                __udivdi3
 *(.text*)
 .text.MX_ADC1_Init
                0x00000000080010d4      0x130 build/adc.o
                0x00000000080010d4                MX_ADC1_Init
 .text.MX_ADC2_Init
                0x0000000008001204      0x11c build/adc.o
                0x0000000008001204                MX_ADC2_Init
 .text.MX_ADC3_Init
                0x0000000008001320      0x138 build/adc.o
                0x0000000008001320                MX_ADC3_Init
 .text.MX_ADC4_Init
                0x0000000008001458      0x12c build/adc.o
                0x0000000008001458                MX_ADC4_Init
 .text.HAL_ADC_MspInit
                0x0000000008001584      0x270 build/adc.o
                0x0000000008001584                HAL_ADC_MspInit
 .text.HAL_ADC_ConvHalfCpltCallback
                0x00000000080017f4       0xf0 build/adc.o
                0x00000000080017f4                HAL_ADC_ConvHalfCpltCallback
 .text.HAL_ADC_ConvCpltCallback
                0x00000000080018e4       0xf8 build/adc.o
                0x00000000080018e4                HAL_ADC_ConvCpltCallback
 .text.calibrate_ADCs
                0x00000000080019dc       0x34 build/adc.o
                0x00000000080019dc                calibrate_ADCs
 .text.start_ADCs
                0x0000000008001a10      0x190 build/adc.o
                0x0000000008001a10                start_ADCs
 .text.get_cpu_temp
                0x0000000008001ba0       0x28 build/adc.o
                0x0000000008001ba0                get_cpu_temp
 .text.get_vdd  0x0000000008001bc8       0x24 build/adc.o
                0x0000000008001bc8                get_vdd
 *fill*         0x0000000008001bec        0x4 
 .text.process_power_channel
                0x0000000008001bf0      0x264 build/power.o
 .text.process_VI_pair
                0x0000000008001e54      0x1b4 build/power.o
                0x0000000008001e54                process_VI_pair
 .text.process_power_data
                0x0000000008002008       0x4c build/power.o
                0x0000000008002008                process_power_data
 .text.init_power
                0x0000000008002054        0xc build/power.o
                0x0000000008002054                init_power
 .text.HAL_MspInit
                0x0000000008002060       0x7c build/stm32f3xx_hal_msp.o
                0x0000000008002060                HAL_MspInit
 .text.UART_SetConfig
                0x00000000080020dc      0x2a0 build/stm32f3xx_hal_uart.o
                0x00000000080020dc                UART_SetConfig
 .text.UART_AdvFeatureConfig
                0x000000000800237c       0xc8 build/stm32f3xx_hal_uart.o
                0x000000000800237c                UART_AdvFeatureConfig
 .text.UART_WaitOnFlagUntilTimeout
                0x0000000008002444       0x68 build/stm32f3xx_hal_uart.o
                0x0000000008002444                UART_WaitOnFlagUntilTimeout
 .text.HAL_UART_Transmit
                0x00000000080024ac       0xd0 build/stm32f3xx_hal_uart.o
                0x00000000080024ac                HAL_UART_Transmit
 .text.UART_CheckIdleState
                0x000000000800257c       0x6c build/stm32f3xx_hal_uart.o
                0x000000000800257c                UART_CheckIdleState
 .text.HAL_UART_Init
                0x00000000080025e8       0x6c build/stm32f3xx_hal_uart.o
                0x00000000080025e8                HAL_UART_Init
 .text.ADC_Disable
                0x0000000008002654       0x8c build/stm32f3xx_hal_adc_ex.o
 .text.ADC_ConversionStop
                0x00000000080026e0       0xdc build/stm32f3xx_hal_adc_ex.o
 .text.ADC_Enable
                0x00000000080027bc       0x84 build/stm32f3xx_hal_adc_ex.o
 .text.ADC_DMAError
                0x0000000008002840       0x1c build/stm32f3xx_hal_adc_ex.o
 .text.ADC_DMAHalfConvCplt
                0x000000000800285c        0xc build/stm32f3xx_hal_adc_ex.o
 .text.ADC_DMAConvCplt
                0x0000000008002868       0x4c build/stm32f3xx_hal_adc_ex.o
 .text.HAL_ADC_Init
                0x00000000080028b4      0x2c0 build/stm32f3xx_hal_adc_ex.o
                0x00000000080028b4                HAL_ADC_Init
 .text.HAL_ADC_Start_DMA
                0x0000000008002b74      0x18c build/stm32f3xx_hal_adc_ex.o
                0x0000000008002b74                HAL_ADC_Start_DMA
 .text.HAL_ADC_Stop_DMA
                0x0000000008002d00       0x74 build/stm32f3xx_hal_adc_ex.o
                0x0000000008002d00                HAL_ADC_Stop_DMA
 .text.HAL_ADCEx_Calibration_Start
                0x0000000008002d74       0x90 build/stm32f3xx_hal_adc_ex.o
                0x0000000008002d74                HAL_ADCEx_Calibration_Start
 .text.HAL_ADC_ConfigChannel
                0x0000000008002e04      0x39c build/stm32f3xx_hal_adc_ex.o
                0x0000000008002e04                HAL_ADC_ConfigChannel
 .text.HAL_ADCEx_MultiModeConfigChannel
                0x00000000080031a0      0x17c build/stm32f3xx_hal_adc_ex.o
                0x00000000080031a0                HAL_ADCEx_MultiModeConfigChannel
 .text.HAL_ADC_ErrorCallback
                0x000000000800331c        0x4 build/stm32f3xx_hal_adc.o
                0x000000000800331c                HAL_ADC_ErrorCallback
 .text.HAL_TIM_OnePulse_MspInit
                0x0000000008003320        0x4 build/stm32f3xx_hal_tim.o
                0x0000000008003320                HAL_TIM_OnePulse_MspInit
 .text.TIM_Base_SetConfig
                0x0000000008003324       0xd0 build/stm32f3xx_hal_tim.o
                0x0000000008003324                TIM_Base_SetConfig
 .text.HAL_TIM_PWM_Init
                0x00000000080033f4       0x38 build/stm32f3xx_hal_tim.o
                0x00000000080033f4                HAL_TIM_PWM_Init
 .text.HAL_TIM_OnePulse_Init
                0x000000000800342c       0x4c build/stm32f3xx_hal_tim.o
                0x000000000800342c                HAL_TIM_OnePulse_Init
 .text.TIM_OC1_SetConfig
                0x0000000008003478       0xac build/stm32f3xx_hal_tim.o
                0x0000000008003478                TIM_OC1_SetConfig
 .text.TIM_OC2_SetConfig
                0x0000000008003524       0x9c build/stm32f3xx_hal_tim.o
                0x0000000008003524                TIM_OC2_SetConfig
 .text.TIM_OC3_SetConfig
                0x00000000080035c0       0x9c build/stm32f3xx_hal_tim.o
                0x00000000080035c0                TIM_OC3_SetConfig
 .text.TIM_OC4_SetConfig
                0x000000000800365c       0x74 build/stm32f3xx_hal_tim.o
                0x000000000800365c                TIM_OC4_SetConfig
 .text.TIM_CCxChannelCmd
                0x00000000080036d0       0x1c build/stm32f3xx_hal_tim.o
                0x00000000080036d0                TIM_CCxChannelCmd
 .text.HAL_TIM_PWM_Start
                0x00000000080036ec       0x74 build/stm32f3xx_hal_tim.o
                0x00000000080036ec                HAL_TIM_PWM_Start
 .text.HAL_TIM_PWM_Stop
                0x0000000008003760       0xa0 build/stm32f3xx_hal_tim.o
                0x0000000008003760                HAL_TIM_PWM_Stop
 .text.HAL_GPIO_Init
                0x0000000008003800      0x1bc build/stm32f3xx_hal_gpio.o
                0x0000000008003800                HAL_GPIO_Init
 .text.HAL_GPIO_WritePin
                0x00000000080039bc        0xc build/stm32f3xx_hal_gpio.o
                0x00000000080039bc                HAL_GPIO_WritePin
 .text.MX_USART2_UART_Init
                0x00000000080039c8       0x40 build/usart.o
                0x00000000080039c8                MX_USART2_UART_Init
 .text.HAL_UART_MspInit
                0x0000000008003a08       0x4c build/usart.o
                0x0000000008003a08                HAL_UART_MspInit
 .text.debug_printf
                0x0000000008003a54       0x1c build/usart.o
                0x0000000008003a54                debug_printf
 .text.HAL_RCCEx_PeriphCLKConfig
                0x0000000008003a70      0x300 build/stm32f3xx_hal_rcc_ex.o
                0x0000000008003a70                HAL_RCCEx_PeriphCLKConfig
 .text.MX_GPIO_Init
                0x0000000008003d70       0xfc build/gpio.o
                0x0000000008003d70                MX_GPIO_Init
 .text.HAL_NVIC_SetPriorityGrouping
                0x0000000008003e6c       0x24 build/stm32f3xx_hal_cortex.o
                0x0000000008003e6c                HAL_NVIC_SetPriorityGrouping
 .text.HAL_NVIC_SetPriority
                0x0000000008003e90       0x64 build/stm32f3xx_hal_cortex.o
                0x0000000008003e90                HAL_NVIC_SetPriority
 .text.HAL_NVIC_EnableIRQ
                0x0000000008003ef4       0x18 build/stm32f3xx_hal_cortex.o
                0x0000000008003ef4                HAL_NVIC_EnableIRQ
 .text.HAL_SYSTICK_Config
                0x0000000008003f0c       0x2c build/stm32f3xx_hal_cortex.o
                0x0000000008003f0c                HAL_SYSTICK_Config
 .text.HAL_SYSTICK_CLKSourceConfig
                0x0000000008003f38       0x20 build/stm32f3xx_hal_cortex.o
                0x0000000008003f38                HAL_SYSTICK_CLKSourceConfig
 .text.HAL_SYSTICK_Callback
                0x0000000008003f58        0x4 build/stm32f3xx_hal_cortex.o
                0x0000000008003f58                HAL_SYSTICK_Callback
 .text.HAL_SYSTICK_IRQHandler
                0x0000000008003f5c        0x8 build/stm32f3xx_hal_cortex.o
                0x0000000008003f5c                HAL_SYSTICK_IRQHandler
 .text._Error_Handler
                0x0000000008003f64        0x4 build/main.o
                0x0000000008003f64                _Error_Handler
 .text.SystemClock_Config
                0x0000000008003f68       0xa4 build/main.o
                0x0000000008003f68                SystemClock_Config
 .text.main     0x000000000800400c       0xd8 build/main.o
                0x000000000800400c                main
 .text.SysTick_Handler
                0x00000000080040e4        0xc build/stm32f3xx_it.o
                0x00000000080040e4                SysTick_Handler
 .text.DMA1_Channel1_IRQHandler
                0x00000000080040f0       0x10 build/stm32f3xx_it.o
                0x00000000080040f0                DMA1_Channel1_IRQHandler
 .text.DMA2_Channel1_IRQHandler
                0x0000000008004100       0x10 build/stm32f3xx_it.o
                0x0000000008004100                DMA2_Channel1_IRQHandler
 .text.DMA2_Channel2_IRQHandler
                0x0000000008004110       0x10 build/stm32f3xx_it.o
                0x0000000008004110                DMA2_Channel2_IRQHandler
 .text.DMA2_Channel5_IRQHandler
                0x0000000008004120       0x10 build/stm32f3xx_it.o
                0x0000000008004120                DMA2_Channel5_IRQHandler
 .text.DMA_SetConfig
                0x0000000008004130       0x2c build/stm32f3xx_hal_dma.o
 .text.DMA_CalcBaseAndBitshift
                0x000000000800415c       0x4c build/stm32f3xx_hal_dma.o
 .text.HAL_DMA_Init
                0x00000000080041a8       0x58 build/stm32f3xx_hal_dma.o
                0x00000000080041a8                HAL_DMA_Init
 .text.HAL_DMA_Start_IT
                0x0000000008004200       0x74 build/stm32f3xx_hal_dma.o
                0x0000000008004200                HAL_DMA_Start_IT
 .text.HAL_DMA_Abort
                0x0000000008004274       0x30 build/stm32f3xx_hal_dma.o
                0x0000000008004274                HAL_DMA_Abort
 .text.HAL_DMA_IRQHandler
                0x00000000080042a4       0xb0 build/stm32f3xx_hal_dma.o
                0x00000000080042a4                HAL_DMA_IRQHandler
 .text.SystemInit
                0x0000000008004354       0x68 build/system_stm32f3xx.o
                0x0000000008004354                SystemInit
 .text.MX_DMA_Init
                0x00000000080043bc       0x74 build/dma.o
                0x00000000080043bc                MX_DMA_Init
 .text.TIM_OC5_SetConfig
                0x0000000008004430       0x70 build/stm32f3xx_hal_tim_ex.o
 .text.TIM_OC6_SetConfig
                0x00000000080044a0       0x74 build/stm32f3xx_hal_tim_ex.o
 .text.HAL_TIM_PWM_ConfigChannel
                0x0000000008004514      0x138 build/stm32f3xx_hal_tim_ex.o
                0x0000000008004514                HAL_TIM_PWM_ConfigChannel
 .text.HAL_TIMEx_MasterConfigSynchronization
                0x000000000800464c       0x60 build/stm32f3xx_hal_tim_ex.o
                0x000000000800464c                HAL_TIMEx_MasterConfigSynchronization
 .text.HAL_TIMEx_ConfigBreakDeadTime
                0x00000000080046ac       0x98 build/stm32f3xx_hal_tim_ex.o
                0x00000000080046ac                HAL_TIMEx_ConfigBreakDeadTime
 .text.HAL_TIM_PWM_MspInit
                0x0000000008004744       0x28 build/tim.o
                0x0000000008004744                HAL_TIM_PWM_MspInit
 .text.HAL_TIM_MspPostInit
                0x000000000800476c       0x38 build/tim.o
                0x000000000800476c                HAL_TIM_MspPostInit
 .text.MX_TIM8_Init
                0x00000000080047a4       0xcc build/tim.o
                0x00000000080047a4                MX_TIM8_Init
 .text.pulse_tim8_ch2
                0x0000000008004870       0x28 build/tim.o
                0x0000000008004870                pulse_tim8_ch2
 .text.HAL_RCC_OscConfig
                0x0000000008004898      0x624 build/stm32f3xx_hal_rcc.o
                0x0000000008004898                HAL_RCC_OscConfig
 .text.HAL_RCC_GetSysClockFreq
                0x0000000008004ebc       0x70 build/stm32f3xx_hal_rcc.o
                0x0000000008004ebc                HAL_RCC_GetSysClockFreq
 .text.HAL_RCC_ClockConfig
                0x0000000008004f2c      0x1e0 build/stm32f3xx_hal_rcc.o
                0x0000000008004f2c                HAL_RCC_ClockConfig
 .text.HAL_RCC_GetHCLKFreq
                0x000000000800510c        0xc build/stm32f3xx_hal_rcc.o
                0x000000000800510c                HAL_RCC_GetHCLKFreq
 .text.HAL_RCC_GetPCLK1Freq
                0x0000000008005118       0x2c build/stm32f3xx_hal_rcc.o
                0x0000000008005118                HAL_RCC_GetPCLK1Freq
 .text.HAL_RCC_GetPCLK2Freq
                0x0000000008005144       0x2c build/stm32f3xx_hal_rcc.o
                0x0000000008005144                HAL_RCC_GetPCLK2Freq
 .text.HAL_InitTick
                0x0000000008005170       0x2c build/stm32f3xx_hal.o
                0x0000000008005170                HAL_InitTick
 .text.HAL_Init
                0x000000000800519c       0x24 build/stm32f3xx_hal.o
                0x000000000800519c                HAL_Init
 .text.HAL_IncTick
                0x00000000080051c0       0x10 build/stm32f3xx_hal.o
                0x00000000080051c0                HAL_IncTick
 .text.HAL_GetTick
                0x00000000080051d0        0xc build/stm32f3xx_hal.o
                0x00000000080051d0                HAL_GetTick
 .text.HAL_Delay
                0x00000000080051dc       0x24 build/stm32f3xx_hal.o
                0x00000000080051dc                HAL_Delay
 .text.Reset_Handler
                0x0000000008005200       0x50 build/startup_stm32f303xe.o
                0x0000000008005200                Reset_Handler
 .text.Default_Handler
                0x0000000008005250        0x2 build/startup_stm32f303xe.o
                0x0000000008005250                RTC_Alarm_IRQHandler
                0x0000000008005250                TIM8_TRG_COM_IRQHandler
                0x0000000008005250                TIM8_CC_IRQHandler
                0x0000000008005250                DebugMon_Handler
                0x0000000008005250                SPI4_IRQHandler
                0x0000000008005250                TIM1_CC_IRQHandler
                0x0000000008005250                HardFault_Handler
                0x0000000008005250                USB_HP_IRQHandler
                0x0000000008005250                PVD_IRQHandler
                0x0000000008005250                TAMP_STAMP_IRQHandler
                0x0000000008005250                PendSV_Handler
                0x0000000008005250                NMI_Handler
                0x0000000008005250                EXTI3_IRQHandler
                0x0000000008005250                I2C3_ER_IRQHandler
                0x0000000008005250                USB_HP_CAN_TX_IRQHandler
                0x0000000008005250                EXTI0_IRQHandler
                0x0000000008005250                I2C2_EV_IRQHandler
                0x0000000008005250                FPU_IRQHandler
                0x0000000008005250                TIM1_UP_TIM16_IRQHandler
                0x0000000008005250                UsageFault_Handler
                0x0000000008005250                ADC1_2_IRQHandler
                0x0000000008005250                SPI1_IRQHandler
                0x0000000008005250                CAN_SCE_IRQHandler
                0x0000000008005250                TIM6_DAC_IRQHandler
                0x0000000008005250                TIM8_UP_IRQHandler
                0x0000000008005250                DMA1_Channel4_IRQHandler
                0x0000000008005250                TIM20_TRG_COM_IRQHandler
                0x0000000008005250                USART3_IRQHandler
                0x0000000008005250                DMA1_Channel7_IRQHandler
                0x0000000008005250                UART5_IRQHandler
                0x0000000008005250                ADC3_IRQHandler
                0x0000000008005250                TIM4_IRQHandler
                0x0000000008005250                CAN_RX1_IRQHandler
                0x0000000008005250                I2C1_EV_IRQHandler
                0x0000000008005250                DMA1_Channel6_IRQHandler
                0x0000000008005250                UART4_IRQHandler
                0x0000000008005250                DMA2_Channel4_IRQHandler
                0x0000000008005250                TIM3_IRQHandler
                0x0000000008005250                RCC_IRQHandler
                0x0000000008005250                TIM20_UP_IRQHandler
                0x0000000008005250                Default_Handler
                0x0000000008005250                USBWakeUp_RMP_IRQHandler
                0x0000000008005250                EXTI15_10_IRQHandler
                0x0000000008005250                TIM7_IRQHandler
                0x0000000008005250                I2C3_EV_IRQHandler
                0x0000000008005250                EXTI9_5_IRQHandler
                0x0000000008005250                RTC_WKUP_IRQHandler
                0x0000000008005250                SPI2_IRQHandler
                0x0000000008005250                USB_LP_CAN_RX0_IRQHandler
                0x0000000008005250                MemManage_Handler
                0x0000000008005250                SVC_Handler
                0x0000000008005250                DMA1_Channel5_IRQHandler
                0x0000000008005250                USB_LP_IRQHandler
                0x0000000008005250                EXTI4_IRQHandler
                0x0000000008005250                TIM1_TRG_COM_TIM17_IRQHandler
                0x0000000008005250                DMA1_Channel3_IRQHandler
                0x0000000008005250                ADC4_IRQHandler
                0x0000000008005250                WWDG_IRQHandler
                0x0000000008005250                TIM2_IRQHandler
                0x0000000008005250                COMP7_IRQHandler
                0x0000000008005250                COMP1_2_3_IRQHandler
                0x0000000008005250                EXTI1_IRQHandler
                0x0000000008005250                USART2_IRQHandler
                0x0000000008005250                COMP4_5_6_IRQHandler
                0x0000000008005250                TIM20_BRK_IRQHandler
                0x0000000008005250                I2C2_ER_IRQHandler
                0x0000000008005250                DMA1_Channel2_IRQHandler
                0x0000000008005250                TIM8_BRK_IRQHandler
                0x0000000008005250                FLASH_IRQHandler
                0x0000000008005250                TIM20_CC_IRQHandler
                0x0000000008005250                BusFault_Handler
                0x0000000008005250                USART1_IRQHandler
                0x0000000008005250                SPI3_IRQHandler
                0x0000000008005250                I2C1_ER_IRQHandler
                0x0000000008005250                FMC_IRQHandler
                0x0000000008005250                USBWakeUp_IRQHandler
                0x0000000008005250                DMA2_Channel3_IRQHandler
                0x0000000008005250                EXTI2_TSC_IRQHandler
                0x0000000008005250                TIM1_BRK_TIM15_IRQHandler
 *fill*         0x0000000008005252        0x2 
 .text.__libc_init_array
                0x0000000008005254       0x4c /usr/lib/gcc/arm-none-eabi/4.9.3/../../../arm-none-eabi/lib/armv7e-m/fpu/libc_nano.a(lib_a-init.o)
                0x0000000008005254                __libc_init_array
 .text.memset   0x00000000080052a0       0x10 /usr/lib/gcc/arm-none-eabi/4.9.3/../../../arm-none-eabi/lib/armv7e-m/fpu/libc_nano.a(lib_a-memset.o)
                0x00000000080052a0                memset
 .text.__cvt    0x00000000080052b0       0xc4 /usr/lib/gcc/arm-none-eabi/4.9.3/../../../arm-none-eabi/lib/armv7e-m/fpu/libc_nano.a(lib_a-nano-vfprintf_float.o)
                0x00000000080052b0                __cvt
 .text.__exponent
                0x0000000008005374       0x60 /usr/lib/gcc/arm-none-eabi/4.9.3/../../../arm-none-eabi/lib/armv7e-m/fpu/libc_nano.a(lib_a-nano-vfprintf_float.o)
                0x0000000008005374                __exponent
 .text._printf_float
                0x00000000080053d4      0x47c /usr/lib/gcc/arm-none-eabi/4.9.3/../../../arm-none-eabi/lib/armv7e-m/fpu/libc_nano.a(lib_a-nano-vfprintf_float.o)
                0x00000000080053d4                _printf_float
 .text._printf_common
                0x0000000008005850       0xea /usr/lib/gcc/arm-none-eabi/4.9.3/../../../arm-none-eabi/lib/armv7e-m/fpu/libc_nano.a(lib_a-nano-vfprintf_i.o)
                0x0000000008005850                _printf_common
 *fill*         0x000000000800593a        0x2 
 .text._printf_i
                0x000000000800593c      0x240 /usr/lib/gcc/arm-none-eabi/4.9.3/../../../arm-none-eabi/lib/armv7e-m/fpu/libc_nano.a(lib_a-nano-vfprintf_i.o)
                0x000000000800593c                _printf_i
 .text.__fpclassifyd
                0x0000000008005b7c       0x58 /usr/lib/gcc/arm-none-eabi/4.9.3/../../../arm-none-eabi/lib/armv7e-m/fpu/libc_nano.a(lib_a-s_fpclassify.o)
                0x0000000008005b7c                __fpclassifyd
 .text.snprintf
                0x0000000008005bd4       0x64 /usr/lib/gcc/arm-none-eabi/4.9.3/../../../arm-none-eabi/lib/armv7e-m/fpu/libc_nano.a(lib_a-snprintf.o)
                0x0000000008005bd4                snprintf
                0x0000000008005bd4                sniprintf
 .text.strlen   0x0000000008005c38       0x10 /usr/lib/gcc/arm-none-eabi/4.9.3/../../../arm-none-eabi/lib/armv7e-m/fpu/libc_nano.a(lib_a-strlen.o)
                0x0000000008005c38                strlen
 .text.quorem   0x0000000008005c48      0x11a /usr/lib/gcc/arm-none-eabi/4.9.3/../../../arm-none-eabi/lib/armv7e-m/fpu/libc_nano.a(lib_a-dtoa.o)
 *fill*         0x0000000008005d62        0x6 
 .text._dtoa_r  0x0000000008005d68      0xb80 /usr/lib/gcc/arm-none-eabi/4.9.3/../../../arm-none-eabi/lib/armv7e-m/fpu/libc_nano.a(lib_a-dtoa.o)
                0x0000000008005d68                _dtoa_r
 .text._localeconv_r
                0x00000000080068e8        0x8 /usr/lib/gcc/arm-none-eabi/4.9.3/../../../arm-none-eabi/lib/armv7e-m/fpu/libc_nano.a(lib_a-locale.o)
                0x00000000080068e8                _localeconv_r
 .text.malloc   0x00000000080068f0       0x10 /usr/lib/gcc/arm-none-eabi/4.9.3/../../../arm-none-eabi/lib/armv7e-m/fpu/libc_nano.a(lib_a-malloc.o)
                0x00000000080068f0                malloc
 .text.memchr   0x0000000008006900       0x1e /usr/lib/gcc/arm-none-eabi/4.9.3/../../../arm-none-eabi/lib/armv7e-m/fpu/libc_nano.a(lib_a-memchr.o)
                0x0000000008006900                memchr
 .text.memcpy   0x000000000800691e       0x16 /usr/lib/gcc/arm-none-eabi/4.9.3/../../../arm-none-eabi/lib/armv7e-m/fpu/libc_nano.a(lib_a-memcpy.o)
                0x000000000800691e                memcpy
 .text._Balloc  0x0000000008006934       0x6a /usr/lib/gcc/arm-none-eabi/4.9.3/../../../arm-none-eabi/lib/armv7e-m/fpu/libc_nano.a(lib_a-mprec.o)
                0x0000000008006934                _Balloc
 .text._Bfree   0x000000000800699e       0x2e /usr/lib/gcc/arm-none-eabi/4.9.3/../../../arm-none-eabi/lib/armv7e-m/fpu/libc_nano.a(lib_a-mprec.o)
                0x000000000800699e                _Bfree
 .text.__multadd
                0x00000000080069cc       0x7c /usr/lib/gcc/arm-none-eabi/4.9.3/../../../arm-none-eabi/lib/armv7e-m/fpu/libc_nano.a(lib_a-mprec.o)
                0x00000000080069cc                __multadd
 .text.__hi0bits
                0x0000000008006a48       0x40 /usr/lib/gcc/arm-none-eabi/4.9.3/../../../arm-none-eabi/lib/armv7e-m/fpu/libc_nano.a(lib_a-mprec.o)
                0x0000000008006a48                __hi0bits
 .text.__lo0bits
                0x0000000008006a88       0x5a /usr/lib/gcc/arm-none-eabi/4.9.3/../../../arm-none-eabi/lib/armv7e-m/fpu/libc_nano.a(lib_a-mprec.o)
                0x0000000008006a88                __lo0bits
 .text.__i2b    0x0000000008006ae2       0x12 /usr/lib/gcc/arm-none-eabi/4.9.3/../../../arm-none-eabi/lib/armv7e-m/fpu/libc_nano.a(lib_a-mprec.o)
                0x0000000008006ae2                __i2b
 .text.__multiply
                0x0000000008006af4      0x122 /usr/lib/gcc/arm-none-eabi/4.9.3/../../../arm-none-eabi/lib/armv7e-m/fpu/libc_nano.a(lib_a-mprec.o)
                0x0000000008006af4                __multiply
 *fill*         0x0000000008006c16        0x2 
 .text.__pow5mult
                0x0000000008006c18       0x9c /usr/lib/gcc/arm-none-eabi/4.9.3/../../../arm-none-eabi/lib/armv7e-m/fpu/libc_nano.a(lib_a-mprec.o)
                0x0000000008006c18                __pow5mult
 .text.__lshift
                0x0000000008006cb4       0xa6 /usr/lib/gcc/arm-none-eabi/4.9.3/../../../arm-none-eabi/lib/armv7e-m/fpu/libc_nano.a(lib_a-mprec.o)
                0x0000000008006cb4                __lshift
 .text.__mcmp   0x0000000008006d5a       0x38 /usr/lib/gcc/arm-none-eabi/4.9.3/../../../arm-none-eabi/lib/armv7e-m/fpu/libc_nano.a(lib_a-mprec.o)
                0x0000000008006d5a                __mcmp
 .text.__mdiff  0x0000000008006d92       0xbe /usr/lib/gcc/arm-none-eabi/4.9.3/../../../arm-none-eabi/lib/armv7e-m/fpu/libc_nano.a(lib_a-mprec.o)
                0x0000000008006d92                __mdiff
 .text.__d2b    0x0000000008006e50       0xa4 /usr/lib/gcc/arm-none-eabi/4.9.3/../../../arm-none-eabi/lib/armv7e-m/fpu/libc_nano.a(lib_a-mprec.o)
                0x0000000008006e50                __d2b
 .text._calloc_r
                0x0000000008006ef4       0x1c /usr/lib/gcc/arm-none-eabi/4.9.3/../../../arm-none-eabi/lib/armv7e-m/fpu/libc_nano.a(lib_a-nano-callocr.o)
                0x0000000008006ef4                _calloc_r
 .text._free_r  0x0000000008006f10       0x88 /usr/lib/gcc/arm-none-eabi/4.9.3/../../../arm-none-eabi/lib/armv7e-m/fpu/libc_nano.a(lib_a-nano-freer.o)
                0x0000000008006f10                _free_r
 .text._malloc_r
                0x0000000008006f98       0xac /usr/lib/gcc/arm-none-eabi/4.9.3/../../../arm-none-eabi/lib/armv7e-m/fpu/libc_nano.a(lib_a-nano-mallocr.o)
                0x0000000008006f98                _malloc_r
 .text.__ssputs_r
                0x0000000008007044       0xb2 /usr/lib/gcc/arm-none-eabi/4.9.3/../../../arm-none-eabi/lib/armv7e-m/fpu/libc_nano.a(lib_a-nano-svfprintf.o)
                0x0000000008007044                __ssputs_r
 *fill*         0x00000000080070f6        0x2 
 .text._svfprintf_r
                0x00000000080070f8      0x1e4 /usr/lib/gcc/arm-none-eabi/4.9.3/../../../arm-none-eabi/lib/armv7e-m/fpu/libc_nano.a(lib_a-nano-svfprintf.o)
                0x00000000080070f8                _svfprintf_r
                0x00000000080070f8                _svfiprintf_r
 .text._sbrk_r  0x00000000080072dc       0x20 /usr/lib/gcc/arm-none-eabi/4.9.3/../../../arm-none-eabi/lib/armv7e-m/fpu/libc_nano.a(lib_a-sbrkr.o)
                0x00000000080072dc                _sbrk_r
 .text.memmove  0x00000000080072fc       0x36 /usr/lib/gcc/arm-none-eabi/4.9.3/../../../arm-none-eabi/lib/armv7e-m/fpu/libc_nano.a(lib_a-memmove.o)
                0x00000000080072fc                memmove
 .text._realloc_r
                0x0000000008007332       0x4c /usr/lib/gcc/arm-none-eabi/4.9.3/../../../arm-none-eabi/lib/armv7e-m/fpu/libc_nano.a(lib_a-nano-reallocr.o)
                0x0000000008007332                _realloc_r
 .text._malloc_usable_size_r
                0x000000000800737e       0x14 /usr/lib/gcc/arm-none-eabi/4.9.3/../../../arm-none-eabi/lib/armv7e-m/fpu/libc_nano.a(lib_a-nano-msizer.o)
                0x000000000800737e                _malloc_usable_size_r
 *fill*         0x0000000008007392        0x2 
 .text.sqrt     0x0000000008007394       0xbc /usr/lib/gcc/arm-none-eabi/4.9.3/../../../arm-none-eabi/lib/armv7e-m/fpu/libm.a(lib_a-w_sqrt.o)
                0x0000000008007394                sqrt
 .text.__ieee754_sqrt
                0x0000000008007450      0x1a8 /usr/lib/gcc/arm-none-eabi/4.9.3/../../../arm-none-eabi/lib/armv7e-m/fpu/libm.a(lib_a-e_sqrt.o)
                0x0000000008007450                __ieee754_sqrt
 .text.matherr  0x00000000080075f8        0x4 /usr/lib/gcc/arm-none-eabi/4.9.3/../../../arm-none-eabi/lib/armv7e-m/fpu/libm.a(lib_a-s_matherr.o)
                0x00000000080075f8                matherr
 .text._sbrk    0x00000000080075fc       0x1c /usr/lib/gcc/arm-none-eabi/4.9.3/../../../arm-none-eabi/lib/armv7e-m/fpu/libnosys.a(sbrk.o)
                0x00000000080075fc                _sbrk
 .text.__errno  0x0000000008007618        0xc /usr/lib/gcc/arm-none-eabi/4.9.3/../../../arm-none-eabi/lib/armv7e-m/fpu/libc_nano.a(lib_a-errno.o)
                0x0000000008007618                __errno
 *(.glue_7)
 .glue_7        0x0000000008007624        0x0 linker stubs
 *(.glue_7t)
 .glue_7t       0x0000000008007624        0x0 linker stubs
 *(.eh_frame)
 .eh_frame      0x0000000008007624        0x0 /usr/lib/gcc/arm-none-eabi/4.9.3/armv7e-m/fpu/crtbegin.o
 *(.init)
 .init          0x0000000008007624        0x4 /usr/lib/gcc/arm-none-eabi/4.9.3/armv7e-m/fpu/crti.o
                0x0000000008007624                _init
 .init          0x0000000008007628        0x8 /usr/lib/gcc/arm-none-eabi/4.9.3/armv7e-m/fpu/crtn.o
 *(.fini)
 .fini          0x0000000008007630        0x4 /usr/lib/gcc/arm-none-eabi/4.9.3/armv7e-m/fpu/crti.o
                0x0000000008007630                _fini
 .fini          0x0000000008007634        0x8 /usr/lib/gcc/arm-none-eabi/4.9.3/armv7e-m/fpu/crtn.o
                0x000000000800763c                . = ALIGN (0x4)
                0x000000000800763c                _etext = .

.vfp11_veneer   0x000000000800763c        0x0
 .vfp11_veneer  0x000000000800763c        0x0 linker stubs

.v4_bx          0x000000000800763c        0x0
 .v4_bx         0x000000000800763c        0x0 linker stubs

.iplt           0x000000000800763c        0x0
 .iplt          0x000000000800763c        0x0 /usr/lib/gcc/arm-none-eabi/4.9.3/armv7e-m/fpu/crtbegin.o

.rodata         0x0000000008007640      0x358
                0x0000000008007640                . = ALIGN (0x4)
 *(.rodata)
 *(.rodata*)
 .rodata.str1.4
                0x0000000008007640       0x72 build/adc.o
 *fill*         0x00000000080076b2        0x2 
 .rodata.ICAL   0x00000000080076b4       0x3c build/power.o
                0x00000000080076b4                ICAL
 .rodata.VCAL   0x00000000080076f0       0x3c build/power.o
                0x00000000080076f0                VCAL
 .rodata.str1.4
                0x000000000800772c       0x4f build/power.o
 *fill*         0x000000000800777b        0x1 
 .rodata.str1.4
                0x000000000800777c        0xc build/usart.o
 .rodata.str1.4
                0x0000000008007788       0x67 build/main.o
 *fill*         0x00000000080077ef        0x1 
 .rodata.AHBPrescTable
                0x00000000080077f0       0x10 build/system_stm32f3xx.o
                0x00000000080077f0                AHBPrescTable
 .rodata.APBPrescTable
                0x0000000008007800        0x8 build/system_stm32f3xx.o
                0x0000000008007800                APBPrescTable
 .rodata.str1.4
                0x0000000008007808        0xa build/tim.o
 *fill*         0x0000000008007812        0x2 
 .rodata.aPredivFactorTable
                0x0000000008007814       0x10 build/stm32f3xx_hal_rcc.o
                0x0000000008007814                aPredivFactorTable
 .rodata.aPLLMULFactorTable
                0x0000000008007824       0x10 build/stm32f3xx_hal_rcc.o
                0x0000000008007824                aPLLMULFactorTable
 .rodata.str1.1
                0x0000000008007834        0x2 /usr/lib/gcc/arm-none-eabi/4.9.3/../../../arm-none-eabi/lib/armv7e-m/fpu/libc_nano.a(lib_a-impure.o)
 .rodata.str1.1
                0x0000000008007836       0x12 /usr/lib/gcc/arm-none-eabi/4.9.3/../../../arm-none-eabi/lib/armv7e-m/fpu/libc_nano.a(lib_a-nano-vfprintf_float.o)
 .rodata.str1.1
                0x0000000008007848       0x22 /usr/lib/gcc/arm-none-eabi/4.9.3/../../../arm-none-eabi/lib/armv7e-m/fpu/libc_nano.a(lib_a-nano-vfprintf_i.o)
 .rodata.str1.1
                0x000000000800786a        0xd /usr/lib/gcc/arm-none-eabi/4.9.3/../../../arm-none-eabi/lib/armv7e-m/fpu/libc_nano.a(lib_a-dtoa.o)
                                          0xf (size before relaxing)
 .rodata.str1.1
                0x0000000008007877        0x8 /usr/lib/gcc/arm-none-eabi/4.9.3/../../../arm-none-eabi/lib/armv7e-m/fpu/libc_nano.a(lib_a-locale.o)
                                          0xb (size before relaxing)
 *fill*         0x000000000800787f        0x1 
 .rodata.__mprec_tens
                0x0000000008007880       0xc8 /usr/lib/gcc/arm-none-eabi/4.9.3/../../../arm-none-eabi/lib/armv7e-m/fpu/libc_nano.a(lib_a-mprec.o)
                0x0000000008007880                __mprec_tens
 .rodata.__mprec_bigtens
                0x0000000008007948       0x28 /usr/lib/gcc/arm-none-eabi/4.9.3/../../../arm-none-eabi/lib/armv7e-m/fpu/libc_nano.a(lib_a-mprec.o)
                0x0000000008007948                __mprec_bigtens
 .rodata.p05.5314
                0x0000000008007970        0xc /usr/lib/gcc/arm-none-eabi/4.9.3/../../../arm-none-eabi/lib/armv7e-m/fpu/libc_nano.a(lib_a-mprec.o)
 .rodata.str1.1
                0x000000000800797c       0x11 /usr/lib/gcc/arm-none-eabi/4.9.3/../../../arm-none-eabi/lib/armv7e-m/fpu/libc_nano.a(lib_a-nano-svfprintf.o)
 *fill*         0x000000000800798d        0x3 
 .rodata.str1.4
                0x0000000008007990        0x8 /usr/lib/gcc/arm-none-eabi/4.9.3/../../../arm-none-eabi/lib/armv7e-m/fpu/libm.a(lib_a-w_sqrt.o)
                0x0000000008007998                . = ALIGN (0x4)

.ARM.extab
 *(.ARM.extab* .gnu.linkonce.armextab.*)

.ARM            0x0000000008007998        0x8
                0x0000000008007998                __exidx_start = .
 *(.ARM.exidx*)
 .ARM.exidx     0x0000000008007998        0x8 /usr/lib/gcc/arm-none-eabi/4.9.3/armv7e-m/fpu/libgcc.a(_divdi3.o)
 .ARM.exidx     0x00000000080079a0        0x0 /usr/lib/gcc/arm-none-eabi/4.9.3/armv7e-m/fpu/libgcc.a(_udivdi3.o)
                                          0x8 (size before relaxing)
                0x00000000080079a0                __exidx_end = .

.rel.dyn        0x00000000080079a0        0x0
 .rel.iplt      0x00000000080079a0        0x0 /usr/lib/gcc/arm-none-eabi/4.9.3/armv7e-m/fpu/crtbegin.o

.preinit_array  0x00000000080079a0        0x0
                0x00000000080079a0                PROVIDE (__preinit_array_start, .)
 *(.preinit_array*)
                0x00000000080079a0                PROVIDE (__preinit_array_end, .)

.init_array     0x00000000080079a0        0x4
                0x00000000080079a0                PROVIDE (__init_array_start, .)
 *(SORT(.init_array.*))
 *(.init_array*)
 .init_array    0x00000000080079a0        0x4 /usr/lib/gcc/arm-none-eabi/4.9.3/armv7e-m/fpu/crtbegin.o
                0x00000000080079a4                PROVIDE (__init_array_end, .)

.fini_array     0x00000000080079a4        0x4
                0x00000000080079a4                PROVIDE (__fini_array_start, .)
 *(SORT(.fini_array.*))
 *(.fini_array*)
 .fini_array    0x00000000080079a4        0x4 /usr/lib/gcc/arm-none-eabi/4.9.3/armv7e-m/fpu/crtbegin.o
                0x00000000080079a8                PROVIDE (__fini_array_end, .)
                0x00000000080079a8                _sidata = LOADADDR (.data)

.data           0x0000000020000000       0xa4 load address 0x00000000080079a8
                0x0000000020000000                . = ALIGN (0x4)
                0x0000000020000000                _sdata = .
 *(.data)
 *(.data*)
 .data.SystemCoreClock
                0x0000000020000000        0x4 build/system_stm32f3xx.o
                0x0000000020000000                SystemCoreClock
 .data.impure_data
                0x0000000020000004       0x60 /usr/lib/gcc/arm-none-eabi/4.9.3/../../../arm-none-eabi/lib/armv7e-m/fpu/libc_nano.a(lib_a-impure.o)
 .data._impure_ptr
                0x0000000020000064        0x4 /usr/lib/gcc/arm-none-eabi/4.9.3/../../../arm-none-eabi/lib/armv7e-m/fpu/libc_nano.a(lib_a-impure.o)
                0x0000000020000064                _impure_ptr
 .data.lconv    0x0000000020000068       0x38 /usr/lib/gcc/arm-none-eabi/4.9.3/../../../arm-none-eabi/lib/armv7e-m/fpu/libc_nano.a(lib_a-locale.o)
 .data.__fdlib_version
                0x00000000200000a0        0x1 /usr/lib/gcc/arm-none-eabi/4.9.3/../../../arm-none-eabi/lib/armv7e-m/fpu/libm.a(lib_a-s_lib_ver.o)
                0x00000000200000a0                __fdlib_version
                0x00000000200000a4                . = ALIGN (0x4)
 *fill*         0x00000000200000a1        0x3 
                0x00000000200000a4                _edata = .
                0x0000000008007a4c                _siccmram = LOADADDR (.ccmram)

.jcr            0x00000000200000a4        0x0 load address 0x0000000008007a4c
 .jcr           0x00000000200000a4        0x0 /usr/lib/gcc/arm-none-eabi/4.9.3/armv7e-m/fpu/crtbegin.o

.tm_clone_table
                0x00000000200000a4        0x0 load address 0x0000000008007a4c
 .tm_clone_table
                0x00000000200000a4        0x0 /usr/lib/gcc/arm-none-eabi/4.9.3/armv7e-m/fpu/crtbegin.o
 .tm_clone_table
                0x00000000200000a4        0x0 /usr/lib/gcc/arm-none-eabi/4.9.3/armv7e-m/fpu/crtend.o

.igot.plt       0x00000000200000a4        0x0 load address 0x0000000008007a4c
 .igot.plt      0x00000000200000a4        0x0 /usr/lib/gcc/arm-none-eabi/4.9.3/armv7e-m/fpu/crtbegin.o

.ccmram         0x0000000010000000        0x0 load address 0x0000000008007a4c
                0x0000000010000000                . = ALIGN (0x4)
                0x0000000010000000                _sccmram = .
 *(.ccmram)
 *(.ccmram*)
                0x0000000010000000                . = ALIGN (0x4)
                0x0000000010000000                _eccmram = .
                0x0000000010000000                . = ALIGN (0x4)

.bss            0x00000000200000a8     0x3578
                0x00000000200000a8                _sbss = .
                0x00000000200000a8                __bss_start__ = _sbss
 *(.bss)
 .bss           0x00000000200000a8       0x1c /usr/lib/gcc/arm-none-eabi/4.9.3/armv7e-m/fpu/crtbegin.o
 *(.bss*)
 .bss.HAL_RCC_ADC12_CLK_ENABLED
                0x00000000200000c4        0x4 build/adc.o
 .bss.HAL_RCC_ADC34_CLK_ENABLED
                0x00000000200000c8        0x4 build/adc.o
 .bss.isr_index
                0x00000000200000cc        0x4 build/adc.o
 .bss.adc_dma_buff
                0x00000000200000d0     0x2bc0 build/adc.o
 .bss.intvl_power_stats
                0x0000000020002c90      0x2d0 build/power.o
 .bss.power_stats.9066
                0x0000000020002f60      0x2d0 build/power.o
 .bss.last_readout
                0x0000000020003230        0x4 build/main.o
 .bss.__malloc_sbrk_start
                0x0000000020003234        0x4 /usr/lib/gcc/arm-none-eabi/4.9.3/../../../arm-none-eabi/lib/armv7e-m/fpu/libc_nano.a(lib_a-nano-mallocr.o)
                0x0000000020003234                __malloc_sbrk_start
 .bss.__malloc_free_list
                0x0000000020003238        0x4 /usr/lib/gcc/arm-none-eabi/4.9.3/../../../arm-none-eabi/lib/armv7e-m/fpu/libc_nano.a(lib_a-nano-mallocr.o)
                0x0000000020003238                __malloc_free_list
 .bss.heap_end.4079
                0x000000002000323c        0x4 /usr/lib/gcc/arm-none-eabi/4.9.3/../../../arm-none-eabi/lib/armv7e-m/fpu/libnosys.a(sbrk.o)
 *(COMMON)
 COMMON         0x0000000020003240      0x260 build/adc.o
                0x0000000020003240                hdma_adc4
                0x0000000020003284                hadc2
                0x00000000200032d8                hdma_adc3
                0x000000002000331c                hadc1
                0x0000000020003370                hadc3
                0x00000000200033c4                hdma_adc1
                0x0000000020003408                hadc4
                0x000000002000345c                hdma_adc2
 COMMON         0x00000000200034a0       0x70 build/usart.o
                0x00000000200034a0                huart2
 COMMON         0x0000000020003510       0xc8 build/main.o
                0x0000000020003510                log_buffer
 COMMON         0x00000000200035d8       0x40 build/tim.o
                0x00000000200035d8                htim8
 COMMON         0x0000000020003618        0x4 build/stm32f3xx_hal.o
                0x0000000020003618                uwTick
 COMMON         0x000000002000361c        0x4 /usr/lib/gcc/arm-none-eabi/4.9.3/../../../arm-none-eabi/lib/armv7e-m/fpu/libc_nano.a(lib_a-reent.o)
                0x000000002000361c                errno
                0x0000000020003620                . = ALIGN (0x4)
                0x0000000020003620                _ebss = .
                0x0000000020003620                __bss_end__ = _ebss

._user_heap_stack
                0x0000000020003620      0x600
                0x0000000020003620                . = ALIGN (0x8)
                0x0000000020003620                PROVIDE (end, .)
                [!provide]                        PROVIDE (_end, .)
                0x0000000020003820                . = (. + _Min_Heap_Size)
 *fill*         0x0000000020003620      0x200 
                0x0000000020003c20                . = (. + _Min_Stack_Size)
 *fill*         0x0000000020003820      0x400 
                0x0000000020003c20                . = ALIGN (0x8)

/DISCARD/
 libc.a(*)
 libm.a(*)
 libgcc.a(*)

.ARM.attributes
                0x0000000000000000       0x30
 *(.ARM.attributes)
 .ARM.attributes
                0x0000000000000000       0x22 /usr/lib/gcc/arm-none-eabi/4.9.3/armv7e-m/fpu/crti.o
 .ARM.attributes
                0x0000000000000022       0x34 /usr/lib/gcc/arm-none-eabi/4.9.3/armv7e-m/fpu/crtbegin.o
 .ARM.attributes
                0x0000000000000056       0x39 build/adc.o
 .ARM.attributes
                0x000000000000008f       0x39 build/power.o
 .ARM.attributes
                0x00000000000000c8       0x39 build/stm32f3xx_hal_msp.o
 .ARM.attributes
                0x0000000000000101       0x39 build/stm32f3xx_hal_uart.o
 .ARM.attributes
                0x000000000000013a       0x39 build/stm32f3xx_hal_adc_ex.o
 .ARM.attributes
                0x0000000000000173       0x39 build/stm32f3xx_hal_adc.o
 .ARM.attributes
                0x00000000000001ac       0x39 build/stm32f3xx_hal_tim.o
 .ARM.attributes
                0x00000000000001e5       0x39 build/stm32f3xx_hal_gpio.o
 .ARM.attributes
                0x000000000000021e       0x39 build/usart.o
 .ARM.attributes
                0x0000000000000257       0x39 build/stm32f3xx_hal_rcc_ex.o
 .ARM.attributes
                0x0000000000000290       0x39 build/gpio.o
 .ARM.attributes
                0x00000000000002c9       0x39 build/stm32f3xx_hal_cortex.o
 .ARM.attributes
                0x0000000000000302       0x39 build/main.o
 .ARM.attributes
                0x000000000000033b       0x39 build/stm32f3xx_it.o
 .ARM.attributes
                0x0000000000000374       0x39 build/stm32f3xx_hal_dma.o
 .ARM.attributes
                0x00000000000003ad       0x39 build/system_stm32f3xx.o
 .ARM.attributes
                0x00000000000003e6       0x39 build/dma.o
 .ARM.attributes
                0x000000000000041f       0x39 build/stm32f3xx_hal_tim_ex.o
 .ARM.attributes
                0x0000000000000458       0x39 build/tim.o
 .ARM.attributes
                0x0000000000000491       0x39 build/stm32f3xx_hal_rcc.o
 .ARM.attributes
                0x00000000000004ca       0x39 build/stm32f3xx_hal.o
 .ARM.attributes
                0x0000000000000503       0x21 build/startup_stm32f303xe.o
 .ARM.attributes
                0x0000000000000524       0x34 /usr/lib/gcc/arm-none-eabi/4.9.3/../../../arm-none-eabi/lib/armv7e-m/fpu/libc_nano.a(lib_a-impure.o)
 .ARM.attributes
                0x0000000000000558       0x34 /usr/lib/gcc/arm-none-eabi/4.9.3/../../../arm-none-eabi/lib/armv7e-m/fpu/libc_nano.a(lib_a-init.o)
 .ARM.attributes
                0x000000000000058c       0x34 /usr/lib/gcc/arm-none-eabi/4.9.3/../../../arm-none-eabi/lib/armv7e-m/fpu/libc_nano.a(lib_a-memset.o)
 .ARM.attributes
                0x00000000000005c0       0x34 /usr/lib/gcc/arm-none-eabi/4.9.3/../../../arm-none-eabi/lib/armv7e-m/fpu/libc_nano.a(lib_a-nano-vfprintf_float.o)
 .ARM.attributes
                0x00000000000005f4       0x34 /usr/lib/gcc/arm-none-eabi/4.9.3/../../../arm-none-eabi/lib/armv7e-m/fpu/libc_nano.a(lib_a-nano-vfprintf_i.o)
 .ARM.attributes
                0x0000000000000628       0x34 /usr/lib/gcc/arm-none-eabi/4.9.3/../../../arm-none-eabi/lib/armv7e-m/fpu/libc_nano.a(lib_a-s_fpclassify.o)
 .ARM.attributes
                0x000000000000065c       0x34 /usr/lib/gcc/arm-none-eabi/4.9.3/../../../arm-none-eabi/lib/armv7e-m/fpu/libc_nano.a(lib_a-snprintf.o)
 .ARM.attributes
                0x0000000000000690       0x34 /usr/lib/gcc/arm-none-eabi/4.9.3/../../../arm-none-eabi/lib/armv7e-m/fpu/libc_nano.a(lib_a-strlen.o)
 .ARM.attributes
                0x00000000000006c4       0x34 /usr/lib/gcc/arm-none-eabi/4.9.3/../../../arm-none-eabi/lib/armv7e-m/fpu/libc_nano.a(lib_a-dtoa.o)
 .ARM.attributes
                0x00000000000006f8       0x34 /usr/lib/gcc/arm-none-eabi/4.9.3/../../../arm-none-eabi/lib/armv7e-m/fpu/libc_nano.a(lib_a-locale.o)
 .ARM.attributes
                0x000000000000072c       0x34 /usr/lib/gcc/arm-none-eabi/4.9.3/../../../arm-none-eabi/lib/armv7e-m/fpu/libc_nano.a(lib_a-malloc.o)
 .ARM.attributes
                0x0000000000000760       0x34 /usr/lib/gcc/arm-none-eabi/4.9.3/../../../arm-none-eabi/lib/armv7e-m/fpu/libc_nano.a(lib_a-memchr.o)
 .ARM.attributes
                0x0000000000000794       0x34 /usr/lib/gcc/arm-none-eabi/4.9.3/../../../arm-none-eabi/lib/armv7e-m/fpu/libc_nano.a(lib_a-memcpy.o)
 .ARM.attributes
                0x00000000000007c8       0x34 /usr/lib/gcc/arm-none-eabi/4.9.3/../../../arm-none-eabi/lib/armv7e-m/fpu/libc_nano.a(lib_a-mprec.o)
 .ARM.attributes
                0x00000000000007fc       0x34 /usr/lib/gcc/arm-none-eabi/4.9.3/../../../arm-none-eabi/lib/armv7e-m/fpu/libc_nano.a(lib_a-nano-callocr.o)
 .ARM.attributes
                0x0000000000000830       0x34 /usr/lib/gcc/arm-none-eabi/4.9.3/../../../arm-none-eabi/lib/armv7e-m/fpu/libc_nano.a(lib_a-nano-freer.o)
 .ARM.attributes
                0x0000000000000864       0x34 /usr/lib/gcc/arm-none-eabi/4.9.3/../../../arm-none-eabi/lib/armv7e-m/fpu/libc_nano.a(lib_a-nano-mallocr.o)
 .ARM.attributes
                0x0000000000000898       0x34 /usr/lib/gcc/arm-none-eabi/4.9.3/../../../arm-none-eabi/lib/armv7e-m/fpu/libc_nano.a(lib_a-nano-svfprintf.o)
 .ARM.attributes
                0x00000000000008cc       0x34 /usr/lib/gcc/arm-none-eabi/4.9.3/../../../arm-none-eabi/lib/armv7e-m/fpu/libc_nano.a(lib_a-sbrkr.o)
 .ARM.attributes
                0x0000000000000900       0x34 /usr/lib/gcc/arm-none-eabi/4.9.3/../../../arm-none-eabi/lib/armv7e-m/fpu/libc_nano.a(lib_a-memmove.o)
 .ARM.attributes
                0x0000000000000934       0x34 /usr/lib/gcc/arm-none-eabi/4.9.3/../../../arm-none-eabi/lib/armv7e-m/fpu/libc_nano.a(lib_a-nano-reallocr.o)
 .ARM.attributes
                0x0000000000000968       0x34 /usr/lib/gcc/arm-none-eabi/4.9.3/../../../arm-none-eabi/lib/armv7e-m/fpu/libc_nano.a(lib_a-reent.o)
 .ARM.attributes
                0x000000000000099c       0x34 /usr/lib/gcc/arm-none-eabi/4.9.3/../../../arm-none-eabi/lib/armv7e-m/fpu/libc_nano.a(lib_a-nano-msizer.o)
 .ARM.attributes
                0x00000000000009d0       0x34 /usr/lib/gcc/arm-none-eabi/4.9.3/../../../arm-none-eabi/lib/armv7e-m/fpu/libm.a(lib_a-w_sqrt.o)
 .ARM.attributes
                0x0000000000000a04       0x34 /usr/lib/gcc/arm-none-eabi/4.9.3/../../../arm-none-eabi/lib/armv7e-m/fpu/libm.a(lib_a-e_sqrt.o)
 .ARM.attributes
                0x0000000000000a38       0x34 /usr/lib/gcc/arm-none-eabi/4.9.3/../../../arm-none-eabi/lib/armv7e-m/fpu/libm.a(lib_a-s_lib_ver.o)
 .ARM.attributes
                0x0000000000000a6c       0x34 /usr/lib/gcc/arm-none-eabi/4.9.3/../../../arm-none-eabi/lib/armv7e-m/fpu/libm.a(lib_a-s_matherr.o)
 .ARM.attributes
                0x0000000000000aa0       0x34 /usr/lib/gcc/arm-none-eabi/4.9.3/../../../arm-none-eabi/lib/armv7e-m/fpu/libnosys.a(sbrk.o)
 .ARM.attributes
                0x0000000000000ad4       0x22 /usr/lib/gcc/arm-none-eabi/4.9.3/armv7e-m/fpu/libgcc.a(_arm_addsubdf3.o)
 .ARM.attributes
                0x0000000000000af6       0x22 /usr/lib/gcc/arm-none-eabi/4.9.3/armv7e-m/fpu/libgcc.a(_arm_muldivdf3.o)
 .ARM.attributes
                0x0000000000000b18       0x22 /usr/lib/gcc/arm-none-eabi/4.9.3/armv7e-m/fpu/libgcc.a(_arm_cmpdf2.o)
 .ARM.attributes
                0x0000000000000b3a       0x22 /usr/lib/gcc/arm-none-eabi/4.9.3/armv7e-m/fpu/libgcc.a(_arm_fixdfsi.o)
 .ARM.attributes
                0x0000000000000b5c       0x22 /usr/lib/gcc/arm-none-eabi/4.9.3/armv7e-m/fpu/libgcc.a(_aeabi_ldivmod.o)
 .ARM.attributes
                0x0000000000000b7e       0x34 /usr/lib/gcc/arm-none-eabi/4.9.3/armv7e-m/fpu/libgcc.a(bpabi.o)
 .ARM.attributes
                0x0000000000000bb2       0x22 /usr/lib/gcc/arm-none-eabi/4.9.3/armv7e-m/fpu/libgcc.a(_dvmd_tls.o)
 .ARM.attributes
                0x0000000000000bd4       0x34 /usr/lib/gcc/arm-none-eabi/4.9.3/armv7e-m/fpu/libgcc.a(_divdi3.o)
 .ARM.attributes
                0x0000000000000c08       0x34 /usr/lib/gcc/arm-none-eabi/4.9.3/armv7e-m/fpu/libgcc.a(_udivdi3.o)
 .ARM.attributes
                0x0000000000000c3c       0x34 /usr/lib/gcc/arm-none-eabi/4.9.3/../../../arm-none-eabi/lib/armv7e-m/fpu/libc_nano.a(lib_a-errno.o)
 .ARM.attributes
                0x0000000000000c70       0x34 /usr/lib/gcc/arm-none-eabi/4.9.3/armv7e-m/fpu/crtend.o
 .ARM.attributes
                0x0000000000000ca4       0x22 /usr/lib/gcc/arm-none-eabi/4.9.3/armv7e-m/fpu/crtn.o
OUTPUT(build/emonTxshield.elf elf32-littlearm)

.comment        0x0000000000000000       0x70
 .comment       0x0000000000000000       0x38 /usr/lib/gcc/arm-none-eabi/4.9.3/armv7e-m/fpu/crtbegin.o
                                         0x39 (size before relaxing)
 .comment       0x0000000000000038       0x39 build/adc.o
 .comment       0x0000000000000038       0x39 build/power.o
 .comment       0x0000000000000038       0x39 build/stm32f3xx_hal_msp.o
 .comment       0x0000000000000038       0x39 build/stm32f3xx_hal_uart.o
 .comment       0x0000000000000038       0x39 build/stm32f3xx_hal_adc_ex.o
 .comment       0x0000000000000038       0x39 build/stm32f3xx_hal_adc.o
 .comment       0x0000000000000038       0x39 build/stm32f3xx_hal_tim.o
 .comment       0x0000000000000038       0x39 build/stm32f3xx_hal_gpio.o
 .comment       0x0000000000000038       0x39 build/usart.o
 .comment       0x0000000000000038       0x39 build/stm32f3xx_hal_rcc_ex.o
 .comment       0x0000000000000038       0x39 build/gpio.o
 .comment       0x0000000000000038       0x39 build/stm32f3xx_hal_cortex.o
 .comment       0x0000000000000038       0x39 build/main.o
 .comment       0x0000000000000038       0x39 build/stm32f3xx_it.o
 .comment       0x0000000000000038       0x39 build/stm32f3xx_hal_dma.o
 .comment       0x0000000000000038       0x39 build/system_stm32f3xx.o
 .comment       0x0000000000000038       0x39 build/dma.o
 .comment       0x0000000000000038       0x39 build/stm32f3xx_hal_tim_ex.o
 .comment       0x0000000000000038       0x39 build/tim.o
 .comment       0x0000000000000038       0x39 build/stm32f3xx_hal_rcc.o
 .comment       0x0000000000000038       0x39 build/stm32f3xx_hal.o
 .comment       0x0000000000000038       0x38 /usr/lib/gcc/arm-none-eabi/4.9.3/../../../arm-none-eabi/lib/armv7e-m/fpu/libc_nano.a(lib_a-impure.o)
                                         0x39 (size before relaxing)
 .comment       0x0000000000000070       0x39 /usr/lib/gcc/arm-none-eabi/4.9.3/../../../arm-none-eabi/lib/armv7e-m/fpu/libc_nano.a(lib_a-init.o)
 .comment       0x0000000000000070       0x39 /usr/lib/gcc/arm-none-eabi/4.9.3/../../../arm-none-eabi/lib/armv7e-m/fpu/libc_nano.a(lib_a-memset.o)
 .comment       0x0000000000000070       0x39 /usr/lib/gcc/arm-none-eabi/4.9.3/../../../arm-none-eabi/lib/armv7e-m/fpu/libc_nano.a(lib_a-nano-vfprintf_float.o)
 .comment       0x0000000000000070       0x39 /usr/lib/gcc/arm-none-eabi/4.9.3/../../../arm-none-eabi/lib/armv7e-m/fpu/libc_nano.a(lib_a-nano-vfprintf_i.o)
 .comment       0x0000000000000070       0x39 /usr/lib/gcc/arm-none-eabi/4.9.3/../../../arm-none-eabi/lib/armv7e-m/fpu/libc_nano.a(lib_a-s_fpclassify.o)
 .comment       0x0000000000000070       0x39 /usr/lib/gcc/arm-none-eabi/4.9.3/../../../arm-none-eabi/lib/armv7e-m/fpu/libc_nano.a(lib_a-snprintf.o)
 .comment       0x0000000000000070       0x39 /usr/lib/gcc/arm-none-eabi/4.9.3/../../../arm-none-eabi/lib/armv7e-m/fpu/libc_nano.a(lib_a-strlen.o)
 .comment       0x0000000000000070       0x39 /usr/lib/gcc/arm-none-eabi/4.9.3/../../../arm-none-eabi/lib/armv7e-m/fpu/libc_nano.a(lib_a-dtoa.o)
 .comment       0x0000000000000070       0x39 /usr/lib/gcc/arm-none-eabi/4.9.3/../../../arm-none-eabi/lib/armv7e-m/fpu/libc_nano.a(lib_a-locale.o)
 .comment       0x0000000000000070       0x39 /usr/lib/gcc/arm-none-eabi/4.9.3/../../../arm-none-eabi/lib/armv7e-m/fpu/libc_nano.a(lib_a-malloc.o)
 .comment       0x0000000000000070       0x39 /usr/lib/gcc/arm-none-eabi/4.9.3/../../../arm-none-eabi/lib/armv7e-m/fpu/libc_nano.a(lib_a-memchr.o)
 .comment       0x0000000000000070       0x39 /usr/lib/gcc/arm-none-eabi/4.9.3/../../../arm-none-eabi/lib/armv7e-m/fpu/libc_nano.a(lib_a-memcpy.o)
 .comment       0x0000000000000070       0x39 /usr/lib/gcc/arm-none-eabi/4.9.3/../../../arm-none-eabi/lib/armv7e-m/fpu/libc_nano.a(lib_a-mprec.o)
 .comment       0x0000000000000070       0x39 /usr/lib/gcc/arm-none-eabi/4.9.3/../../../arm-none-eabi/lib/armv7e-m/fpu/libc_nano.a(lib_a-nano-callocr.o)
 .comment       0x0000000000000070       0x39 /usr/lib/gcc/arm-none-eabi/4.9.3/../../../arm-none-eabi/lib/armv7e-m/fpu/libc_nano.a(lib_a-nano-freer.o)
 .comment       0x0000000000000070       0x39 /usr/lib/gcc/arm-none-eabi/4.9.3/../../../arm-none-eabi/lib/armv7e-m/fpu/libc_nano.a(lib_a-nano-mallocr.o)
 .comment       0x0000000000000070       0x39 /usr/lib/gcc/arm-none-eabi/4.9.3/../../../arm-none-eabi/lib/armv7e-m/fpu/libc_nano.a(lib_a-nano-svfprintf.o)
 .comment       0x0000000000000070       0x39 /usr/lib/gcc/arm-none-eabi/4.9.3/../../../arm-none-eabi/lib/armv7e-m/fpu/libc_nano.a(lib_a-sbrkr.o)
 .comment       0x0000000000000070       0x39 /usr/lib/gcc/arm-none-eabi/4.9.3/../../../arm-none-eabi/lib/armv7e-m/fpu/libc_nano.a(lib_a-memmove.o)
 .comment       0x0000000000000070       0x39 /usr/lib/gcc/arm-none-eabi/4.9.3/../../../arm-none-eabi/lib/armv7e-m/fpu/libc_nano.a(lib_a-nano-reallocr.o)
 .comment       0x0000000000000070       0x39 /usr/lib/gcc/arm-none-eabi/4.9.3/../../../arm-none-eabi/lib/armv7e-m/fpu/libc_nano.a(lib_a-reent.o)
 .comment       0x0000000000000070       0x39 /usr/lib/gcc/arm-none-eabi/4.9.3/../../../arm-none-eabi/lib/armv7e-m/fpu/libc_nano.a(lib_a-nano-msizer.o)
 .comment       0x0000000000000070       0x39 /usr/lib/gcc/arm-none-eabi/4.9.3/../../../arm-none-eabi/lib/armv7e-m/fpu/libm.a(lib_a-w_sqrt.o)
 .comment       0x0000000000000070       0x39 /usr/lib/gcc/arm-none-eabi/4.9.3/../../../arm-none-eabi/lib/armv7e-m/fpu/libm.a(lib_a-e_sqrt.o)
 .comment       0x0000000000000070       0x39 /usr/lib/gcc/arm-none-eabi/4.9.3/../../../arm-none-eabi/lib/armv7e-m/fpu/libm.a(lib_a-s_lib_ver.o)
 .comment       0x0000000000000070       0x39 /usr/lib/gcc/arm-none-eabi/4.9.3/../../../arm-none-eabi/lib/armv7e-m/fpu/libm.a(lib_a-s_matherr.o)
 .comment       0x0000000000000070       0x39 /usr/lib/gcc/arm-none-eabi/4.9.3/../../../arm-none-eabi/lib/armv7e-m/fpu/libnosys.a(sbrk.o)
 .comment       0x0000000000000070       0x39 /usr/lib/gcc/arm-none-eabi/4.9.3/armv7e-m/fpu/libgcc.a(bpabi.o)
 .comment       0x0000000000000070       0x39 /usr/lib/gcc/arm-none-eabi/4.9.3/armv7e-m/fpu/libgcc.a(_divdi3.o)
 .comment       0x0000000000000070       0x39 /usr/lib/gcc/arm-none-eabi/4.9.3/armv7e-m/fpu/libgcc.a(_udivdi3.o)
 .comment       0x0000000000000070       0x39 /usr/lib/gcc/arm-none-eabi/4.9.3/../../../arm-none-eabi/lib/armv7e-m/fpu/libc_nano.a(lib_a-errno.o)
 .comment       0x0000000000000070       0x39 /usr/lib/gcc/arm-none-eabi/4.9.3/armv7e-m/fpu/crtend.o

.debug_info     0x0000000000000000    0x20902
 .debug_info    0x0000000000000000     0x1f71 build/adc.o
 .debug_info    0x0000000000001f71      0x571 build/power.o
 .debug_info    0x00000000000024e2      0x4f6 build/stm32f3xx_hal_msp.o
 .debug_info    0x00000000000029d8     0x1b64 build/stm32f3xx_hal_uart.o
 .debug_info    0x000000000000453c     0x1c66 build/stm32f3xx_hal_adc_ex.o
 .debug_info    0x00000000000061a2      0xc13 build/stm32f3xx_hal_adc.o
 .debug_info    0x0000000000006db5     0x3285 build/stm32f3xx_hal_tim.o
 .debug_info    0x000000000000a03a      0x7af build/stm32f3xx_hal_gpio.o
 .debug_info    0x000000000000a7e9      0xac8 build/usart.o
 .debug_info    0x000000000000b2b1      0x82f build/stm32f3xx_hal_rcc_ex.o
 .debug_info    0x000000000000bae0      0x4a5 build/gpio.o
 .debug_info    0x000000000000bf85      0xf6f build/stm32f3xx_hal_cortex.o
 .debug_info    0x000000000000cef4      0xb49 build/main.o
 .debug_info    0x000000000000da3d      0x40e build/stm32f3xx_it.o
 .debug_info    0x000000000000de4b      0x850 build/stm32f3xx_hal_dma.o
 .debug_info    0x000000000000e69b      0x435 build/system_stm32f3xx.o
 .debug_info    0x000000000000ead0      0x4f3 build/dma.o
 .debug_info    0x000000000000efc3     0x1885 build/stm32f3xx_hal_tim_ex.o
 .debug_info    0x0000000000010848      0xe20 build/tim.o
 .debug_info    0x0000000000011668     0x14ec build/stm32f3xx_hal_rcc.o
 .debug_info    0x0000000000012b54      0x84e build/stm32f3xx_hal.o
 .debug_info    0x00000000000133a2       0x66 build/startup_stm32f303xe.o
 .debug_info    0x0000000000013408      0x7d3 /usr/lib/gcc/arm-none-eabi/4.9.3/../../../arm-none-eabi/lib/armv7e-m/fpu/libc_nano.a(lib_a-impure.o)
 .debug_info    0x0000000000013bdb      0x105 /usr/lib/gcc/arm-none-eabi/4.9.3/../../../arm-none-eabi/lib/armv7e-m/fpu/libc_nano.a(lib_a-init.o)
 .debug_info    0x0000000000013ce0       0xd3 /usr/lib/gcc/arm-none-eabi/4.9.3/../../../arm-none-eabi/lib/armv7e-m/fpu/libc_nano.a(lib_a-memset.o)
 .debug_info    0x0000000000013db3     0x10da /usr/lib/gcc/arm-none-eabi/4.9.3/../../../arm-none-eabi/lib/armv7e-m/fpu/libc_nano.a(lib_a-nano-vfprintf_float.o)
 .debug_info    0x0000000000014e8d      0xb5b /usr/lib/gcc/arm-none-eabi/4.9.3/../../../arm-none-eabi/lib/armv7e-m/fpu/libc_nano.a(lib_a-nano-vfprintf_i.o)
 .debug_info    0x00000000000159e8      0x143 /usr/lib/gcc/arm-none-eabi/4.9.3/../../../arm-none-eabi/lib/armv7e-m/fpu/libc_nano.a(lib_a-s_fpclassify.o)
 .debug_info    0x0000000000015b2b      0x8cb /usr/lib/gcc/arm-none-eabi/4.9.3/../../../arm-none-eabi/lib/armv7e-m/fpu/libc_nano.a(lib_a-snprintf.o)
 .debug_info    0x00000000000163f6       0xcd /usr/lib/gcc/arm-none-eabi/4.9.3/../../../arm-none-eabi/lib/armv7e-m/fpu/libc_nano.a(lib_a-strlen.o)
 .debug_info    0x00000000000164c3     0x11e2 /usr/lib/gcc/arm-none-eabi/4.9.3/../../../arm-none-eabi/lib/armv7e-m/fpu/libc_nano.a(lib_a-dtoa.o)
 .debug_info    0x00000000000176a5      0xad2 /usr/lib/gcc/arm-none-eabi/4.9.3/../../../arm-none-eabi/lib/armv7e-m/fpu/libc_nano.a(lib_a-locale.o)
 .debug_info    0x0000000000018177      0x7c1 /usr/lib/gcc/arm-none-eabi/4.9.3/../../../arm-none-eabi/lib/armv7e-m/fpu/libc_nano.a(lib_a-malloc.o)
 .debug_info    0x0000000000018938       0xf8 /usr/lib/gcc/arm-none-eabi/4.9.3/../../../arm-none-eabi/lib/armv7e-m/fpu/libc_nano.a(lib_a-memchr.o)
 .debug_info    0x0000000000018a30      0x104 /usr/lib/gcc/arm-none-eabi/4.9.3/../../../arm-none-eabi/lib/armv7e-m/fpu/libc_nano.a(lib_a-memcpy.o)
 .debug_info    0x0000000000018b34     0x15af /usr/lib/gcc/arm-none-eabi/4.9.3/../../../arm-none-eabi/lib/armv7e-m/fpu/libc_nano.a(lib_a-mprec.o)
 .debug_info    0x000000000001a0e3      0x7e8 /usr/lib/gcc/arm-none-eabi/4.9.3/../../../arm-none-eabi/lib/armv7e-m/fpu/libc_nano.a(lib_a-nano-callocr.o)
 .debug_info    0x000000000001a8cb      0x81a /usr/lib/gcc/arm-none-eabi/4.9.3/../../../arm-none-eabi/lib/armv7e-m/fpu/libc_nano.a(lib_a-nano-freer.o)
 .debug_info    0x000000000001b0e5      0x8fb /usr/lib/gcc/arm-none-eabi/4.9.3/../../../arm-none-eabi/lib/armv7e-m/fpu/libc_nano.a(lib_a-nano-mallocr.o)
 .debug_info    0x000000000001b9e0      0xdf4 /usr/lib/gcc/arm-none-eabi/4.9.3/../../../arm-none-eabi/lib/armv7e-m/fpu/libc_nano.a(lib_a-nano-svfprintf.o)
 .debug_info    0x000000000001c7d4      0x7a0 /usr/lib/gcc/arm-none-eabi/4.9.3/../../../arm-none-eabi/lib/armv7e-m/fpu/libc_nano.a(lib_a-sbrkr.o)
 .debug_info    0x000000000001cf74      0x102 /usr/lib/gcc/arm-none-eabi/4.9.3/../../../arm-none-eabi/lib/armv7e-m/fpu/libc_nano.a(lib_a-memmove.o)
 .debug_info    0x000000000001d076      0x8b5 /usr/lib/gcc/arm-none-eabi/4.9.3/../../../arm-none-eabi/lib/armv7e-m/fpu/libc_nano.a(lib_a-nano-reallocr.o)
 .debug_info    0x000000000001d92b      0x8fb /usr/lib/gcc/arm-none-eabi/4.9.3/../../../arm-none-eabi/lib/armv7e-m/fpu/libc_nano.a(lib_a-reent.o)
 .debug_info    0x000000000001e226      0x7b9 /usr/lib/gcc/arm-none-eabi/4.9.3/../../../arm-none-eabi/lib/armv7e-m/fpu/libc_nano.a(lib_a-nano-msizer.o)
 .debug_info    0x000000000001e9df      0x21b /usr/lib/gcc/arm-none-eabi/4.9.3/../../../arm-none-eabi/lib/armv7e-m/fpu/libm.a(lib_a-w_sqrt.o)
 .debug_info    0x000000000001ebfa      0x231 /usr/lib/gcc/arm-none-eabi/4.9.3/../../../arm-none-eabi/lib/armv7e-m/fpu/libm.a(lib_a-e_sqrt.o)
 .debug_info    0x000000000001ee2b       0xbe /usr/lib/gcc/arm-none-eabi/4.9.3/../../../arm-none-eabi/lib/armv7e-m/fpu/libm.a(lib_a-s_lib_ver.o)
 .debug_info    0x000000000001eee9      0x129 /usr/lib/gcc/arm-none-eabi/4.9.3/../../../arm-none-eabi/lib/armv7e-m/fpu/libm.a(lib_a-s_matherr.o)
 .debug_info    0x000000000001f012       0x99 /usr/lib/gcc/arm-none-eabi/4.9.3/../../../arm-none-eabi/lib/armv7e-m/fpu/libnosys.a(sbrk.o)
 .debug_info    0x000000000001f0ab       0xc2 /usr/lib/gcc/arm-none-eabi/4.9.3/armv7e-m/fpu/libgcc.a(_arm_addsubdf3.o)
 .debug_info    0x000000000001f16d       0xc2 /usr/lib/gcc/arm-none-eabi/4.9.3/armv7e-m/fpu/libgcc.a(_arm_muldivdf3.o)
 .debug_info    0x000000000001f22f       0xc2 /usr/lib/gcc/arm-none-eabi/4.9.3/armv7e-m/fpu/libgcc.a(_arm_cmpdf2.o)
 .debug_info    0x000000000001f2f1       0xc2 /usr/lib/gcc/arm-none-eabi/4.9.3/armv7e-m/fpu/libgcc.a(_arm_fixdfsi.o)
 .debug_info    0x000000000001f3b3       0xbd /usr/lib/gcc/arm-none-eabi/4.9.3/armv7e-m/fpu/libgcc.a(_aeabi_ldivmod.o)
 .debug_info    0x000000000001f470      0x164 /usr/lib/gcc/arm-none-eabi/4.9.3/armv7e-m/fpu/libgcc.a(bpabi.o)
 .debug_info    0x000000000001f5d4       0xc1 /usr/lib/gcc/arm-none-eabi/4.9.3/armv7e-m/fpu/libgcc.a(_dvmd_tls.o)
 .debug_info    0x000000000001f695      0x5bc /usr/lib/gcc/arm-none-eabi/4.9.3/armv7e-m/fpu/libgcc.a(_divdi3.o)
 .debug_info    0x000000000001fc51      0x57c /usr/lib/gcc/arm-none-eabi/4.9.3/armv7e-m/fpu/libgcc.a(_udivdi3.o)
 .debug_info    0x00000000000201cd      0x735 /usr/lib/gcc/arm-none-eabi/4.9.3/../../../arm-none-eabi/lib/armv7e-m/fpu/libc_nano.a(lib_a-errno.o)

.debug_abbrev   0x0000000000000000     0x586f
 .debug_abbrev  0x0000000000000000      0x315 build/adc.o
 .debug_abbrev  0x0000000000000315      0x1f9 build/power.o
 .debug_abbrev  0x000000000000050e      0x122 build/stm32f3xx_hal_msp.o
 .debug_abbrev  0x0000000000000630      0x278 build/stm32f3xx_hal_uart.o
 .debug_abbrev  0x00000000000008a8      0x2ea build/stm32f3xx_hal_adc_ex.o
 .debug_abbrev  0x0000000000000b92      0x15f build/stm32f3xx_hal_adc.o
 .debug_abbrev  0x0000000000000cf1      0x28c build/stm32f3xx_hal_tim.o
 .debug_abbrev  0x0000000000000f7d      0x200 build/stm32f3xx_hal_gpio.o
 .debug_abbrev  0x000000000000117d      0x1fc build/usart.o
 .debug_abbrev  0x0000000000001379      0x24a build/stm32f3xx_hal_rcc_ex.o
 .debug_abbrev  0x00000000000015c3      0x157 build/gpio.o
 .debug_abbrev  0x000000000000171a      0x2c8 build/stm32f3xx_hal_cortex.o
 .debug_abbrev  0x00000000000019e2      0x200 build/main.o
 .debug_abbrev  0x0000000000001be2      0x142 build/stm32f3xx_it.o
 .debug_abbrev  0x0000000000001d24      0x234 build/stm32f3xx_hal_dma.o
 .debug_abbrev  0x0000000000001f58      0x103 build/system_stm32f3xx.o
 .debug_abbrev  0x000000000000205b      0x122 build/dma.o
 .debug_abbrev  0x000000000000217d      0x274 build/stm32f3xx_hal_tim_ex.o
 .debug_abbrev  0x00000000000023f1      0x253 build/tim.o
 .debug_abbrev  0x0000000000002644      0x309 build/stm32f3xx_hal_rcc.o
 .debug_abbrev  0x000000000000294d      0x1f3 build/stm32f3xx_hal.o
 .debug_abbrev  0x0000000000002b40       0x12 build/startup_stm32f303xe.o
 .debug_abbrev  0x0000000000002b52      0x136 /usr/lib/gcc/arm-none-eabi/4.9.3/../../../arm-none-eabi/lib/armv7e-m/fpu/libc_nano.a(lib_a-impure.o)
 .debug_abbrev  0x0000000000002c88       0xba /usr/lib/gcc/arm-none-eabi/4.9.3/../../../arm-none-eabi/lib/armv7e-m/fpu/libc_nano.a(lib_a-init.o)
 .debug_abbrev  0x0000000000002d42       0x8e /usr/lib/gcc/arm-none-eabi/4.9.3/../../../arm-none-eabi/lib/armv7e-m/fpu/libc_nano.a(lib_a-memset.o)
 .debug_abbrev  0x0000000000002dd0      0x2a2 /usr/lib/gcc/arm-none-eabi/4.9.3/../../../arm-none-eabi/lib/armv7e-m/fpu/libc_nano.a(lib_a-nano-vfprintf_float.o)
 .debug_abbrev  0x0000000000003072      0x1fb /usr/lib/gcc/arm-none-eabi/4.9.3/../../../arm-none-eabi/lib/armv7e-m/fpu/libc_nano.a(lib_a-nano-vfprintf_i.o)
 .debug_abbrev  0x000000000000326d       0xc8 /usr/lib/gcc/arm-none-eabi/4.9.3/../../../arm-none-eabi/lib/armv7e-m/fpu/libc_nano.a(lib_a-s_fpclassify.o)
 .debug_abbrev  0x0000000000003335      0x1bf /usr/lib/gcc/arm-none-eabi/4.9.3/../../../arm-none-eabi/lib/armv7e-m/fpu/libc_nano.a(lib_a-snprintf.o)
 .debug_abbrev  0x00000000000034f4       0x8c /usr/lib/gcc/arm-none-eabi/4.9.3/../../../arm-none-eabi/lib/armv7e-m/fpu/libc_nano.a(lib_a-strlen.o)
 .debug_abbrev  0x0000000000003580      0x28a /usr/lib/gcc/arm-none-eabi/4.9.3/../../../arm-none-eabi/lib/armv7e-m/fpu/libc_nano.a(lib_a-dtoa.o)
 .debug_abbrev  0x000000000000380a      0x25a /usr/lib/gcc/arm-none-eabi/4.9.3/../../../arm-none-eabi/lib/armv7e-m/fpu/libc_nano.a(lib_a-locale.o)
 .debug_abbrev  0x0000000000003a64      0x19f /usr/lib/gcc/arm-none-eabi/4.9.3/../../../arm-none-eabi/lib/armv7e-m/fpu/libc_nano.a(lib_a-malloc.o)
 .debug_abbrev  0x0000000000003c03       0xab /usr/lib/gcc/arm-none-eabi/4.9.3/../../../arm-none-eabi/lib/armv7e-m/fpu/libc_nano.a(lib_a-memchr.o)
 .debug_abbrev  0x0000000000003cae       0xa4 /usr/lib/gcc/arm-none-eabi/4.9.3/../../../arm-none-eabi/lib/armv7e-m/fpu/libc_nano.a(lib_a-memcpy.o)
 .debug_abbrev  0x0000000000003d52      0x2c7 /usr/lib/gcc/arm-none-eabi/4.9.3/../../../arm-none-eabi/lib/armv7e-m/fpu/libc_nano.a(lib_a-mprec.o)
 .debug_abbrev  0x0000000000004019      0x19e /usr/lib/gcc/arm-none-eabi/4.9.3/../../../arm-none-eabi/lib/armv7e-m/fpu/libc_nano.a(lib_a-nano-callocr.o)
 .debug_abbrev  0x00000000000041b7      0x1b6 /usr/lib/gcc/arm-none-eabi/4.9.3/../../../arm-none-eabi/lib/armv7e-m/fpu/libc_nano.a(lib_a-nano-freer.o)
 .debug_abbrev  0x000000000000436d      0x250 /usr/lib/gcc/arm-none-eabi/4.9.3/../../../arm-none-eabi/lib/armv7e-m/fpu/libc_nano.a(lib_a-nano-mallocr.o)
 .debug_abbrev  0x00000000000045bd      0x278 /usr/lib/gcc/arm-none-eabi/4.9.3/../../../arm-none-eabi/lib/armv7e-m/fpu/libc_nano.a(lib_a-nano-svfprintf.o)
 .debug_abbrev  0x0000000000004835      0x1a2 /usr/lib/gcc/arm-none-eabi/4.9.3/../../../arm-none-eabi/lib/armv7e-m/fpu/libc_nano.a(lib_a-sbrkr.o)
 .debug_abbrev  0x00000000000049d7       0x9c /usr/lib/gcc/arm-none-eabi/4.9.3/../../../arm-none-eabi/lib/armv7e-m/fpu/libc_nano.a(lib_a-memmove.o)
 .debug_abbrev  0x0000000000004a73      0x1cb /usr/lib/gcc/arm-none-eabi/4.9.3/../../../arm-none-eabi/lib/armv7e-m/fpu/libc_nano.a(lib_a-nano-reallocr.o)
 .debug_abbrev  0x0000000000004c3e      0x1f2 /usr/lib/gcc/arm-none-eabi/4.9.3/../../../arm-none-eabi/lib/armv7e-m/fpu/libc_nano.a(lib_a-reent.o)
 .debug_abbrev  0x0000000000004e30      0x161 /usr/lib/gcc/arm-none-eabi/4.9.3/../../../arm-none-eabi/lib/armv7e-m/fpu/libc_nano.a(lib_a-nano-msizer.o)
 .debug_abbrev  0x0000000000004f91      0x13a /usr/lib/gcc/arm-none-eabi/4.9.3/../../../arm-none-eabi/lib/armv7e-m/fpu/libm.a(lib_a-w_sqrt.o)
 .debug_abbrev  0x00000000000050cb      0x118 /usr/lib/gcc/arm-none-eabi/4.9.3/../../../arm-none-eabi/lib/armv7e-m/fpu/libm.a(lib_a-e_sqrt.o)
 .debug_abbrev  0x00000000000051e3       0x4f /usr/lib/gcc/arm-none-eabi/4.9.3/../../../arm-none-eabi/lib/armv7e-m/fpu/libm.a(lib_a-s_lib_ver.o)
 .debug_abbrev  0x0000000000005232       0x9a /usr/lib/gcc/arm-none-eabi/4.9.3/../../../arm-none-eabi/lib/armv7e-m/fpu/libm.a(lib_a-s_matherr.o)
 .debug_abbrev  0x00000000000052cc       0x83 /usr/lib/gcc/arm-none-eabi/4.9.3/../../../arm-none-eabi/lib/armv7e-m/fpu/libnosys.a(sbrk.o)
 .debug_abbrev  0x000000000000534f       0x14 /usr/lib/gcc/arm-none-eabi/4.9.3/armv7e-m/fpu/libgcc.a(_arm_addsubdf3.o)
 .debug_abbrev  0x0000000000005363       0x14 /usr/lib/gcc/arm-none-eabi/4.9.3/armv7e-m/fpu/libgcc.a(_arm_muldivdf3.o)
 .debug_abbrev  0x0000000000005377       0x14 /usr/lib/gcc/arm-none-eabi/4.9.3/armv7e-m/fpu/libgcc.a(_arm_cmpdf2.o)
 .debug_abbrev  0x000000000000538b       0x14 /usr/lib/gcc/arm-none-eabi/4.9.3/armv7e-m/fpu/libgcc.a(_arm_fixdfsi.o)
 .debug_abbrev  0x000000000000539f       0x14 /usr/lib/gcc/arm-none-eabi/4.9.3/armv7e-m/fpu/libgcc.a(_aeabi_ldivmod.o)
 .debug_abbrev  0x00000000000053b3       0xb7 /usr/lib/gcc/arm-none-eabi/4.9.3/armv7e-m/fpu/libgcc.a(bpabi.o)
 .debug_abbrev  0x000000000000546a       0x14 /usr/lib/gcc/arm-none-eabi/4.9.3/armv7e-m/fpu/libgcc.a(_dvmd_tls.o)
 .debug_abbrev  0x000000000000547e      0x169 /usr/lib/gcc/arm-none-eabi/4.9.3/armv7e-m/fpu/libgcc.a(_divdi3.o)
 .debug_abbrev  0x00000000000055e7      0x154 /usr/lib/gcc/arm-none-eabi/4.9.3/armv7e-m/fpu/libgcc.a(_udivdi3.o)
 .debug_abbrev  0x000000000000573b      0x134 /usr/lib/gcc/arm-none-eabi/4.9.3/../../../arm-none-eabi/lib/armv7e-m/fpu/libc_nano.a(lib_a-errno.o)

.debug_loc      0x0000000000000000    0x1499b
 .debug_loc     0x0000000000000000      0x587 build/adc.o
 .debug_loc     0x0000000000000587      0x413 build/power.o
 .debug_loc     0x000000000000099a       0x38 build/stm32f3xx_hal_msp.o
 .debug_loc     0x00000000000009d2     0x1a22 build/stm32f3xx_hal_uart.o
 .debug_loc     0x00000000000023f4     0x219f build/stm32f3xx_hal_adc_ex.o
 .debug_loc     0x0000000000004593      0x1ef build/stm32f3xx_hal_adc.o
 .debug_loc     0x0000000000004782     0x3efa build/stm32f3xx_hal_tim.o
 .debug_loc     0x000000000000867c      0x371 build/stm32f3xx_hal_gpio.o
 .debug_loc     0x00000000000089ed      0x11d build/usart.o
 .debug_loc     0x0000000000008b0a      0xc1f build/stm32f3xx_hal_rcc_ex.o
 .debug_loc     0x0000000000009729       0x38 build/gpio.o
 .debug_loc     0x0000000000009761      0x566 build/stm32f3xx_hal_cortex.o
 .debug_loc     0x0000000000009cc7       0x65 build/main.o
 .debug_loc     0x0000000000009d2c       0xa0 build/stm32f3xx_it.o
 .debug_loc     0x0000000000009dcc      0x787 build/stm32f3xx_hal_dma.o
 .debug_loc     0x000000000000a553      0x103 build/system_stm32f3xx.o
 .debug_loc     0x000000000000a656       0x38 build/dma.o
 .debug_loc     0x000000000000a68e     0x1c7d build/stm32f3xx_hal_tim_ex.o
 .debug_loc     0x000000000000c30b      0x176 build/tim.o
 .debug_loc     0x000000000000c481     0x1000 build/stm32f3xx_hal_rcc.o
 .debug_loc     0x000000000000d481      0x101 build/stm32f3xx_hal.o
 .debug_loc     0x000000000000d582       0x54 /usr/lib/gcc/arm-none-eabi/4.9.3/../../../arm-none-eabi/lib/armv7e-m/fpu/libc_nano.a(lib_a-init.o)
 .debug_loc     0x000000000000d5d6       0x57 /usr/lib/gcc/arm-none-eabi/4.9.3/../../../arm-none-eabi/lib/armv7e-m/fpu/libc_nano.a(lib_a-memset.o)
 .debug_loc     0x000000000000d62d      0x65f /usr/lib/gcc/arm-none-eabi/4.9.3/../../../arm-none-eabi/lib/armv7e-m/fpu/libc_nano.a(lib_a-nano-vfprintf_float.o)
 .debug_loc     0x000000000000dc8c      0x47b /usr/lib/gcc/arm-none-eabi/4.9.3/../../../arm-none-eabi/lib/armv7e-m/fpu/libc_nano.a(lib_a-nano-vfprintf_i.o)
 .debug_loc     0x000000000000e107       0x38 /usr/lib/gcc/arm-none-eabi/4.9.3/../../../arm-none-eabi/lib/armv7e-m/fpu/libc_nano.a(lib_a-s_fpclassify.o)
 .debug_loc     0x000000000000e13f      0x153 /usr/lib/gcc/arm-none-eabi/4.9.3/../../../arm-none-eabi/lib/armv7e-m/fpu/libc_nano.a(lib_a-snprintf.o)
 .debug_loc     0x000000000000e292       0x21 /usr/lib/gcc/arm-none-eabi/4.9.3/../../../arm-none-eabi/lib/armv7e-m/fpu/libc_nano.a(lib_a-strlen.o)
 .debug_loc     0x000000000000e2b3     0x1ba9 /usr/lib/gcc/arm-none-eabi/4.9.3/../../../arm-none-eabi/lib/armv7e-m/fpu/libc_nano.a(lib_a-dtoa.o)
 .debug_loc     0x000000000000fe5c      0x150 /usr/lib/gcc/arm-none-eabi/4.9.3/../../../arm-none-eabi/lib/armv7e-m/fpu/libc_nano.a(lib_a-locale.o)
 .debug_loc     0x000000000000ffac       0x58 /usr/lib/gcc/arm-none-eabi/4.9.3/../../../arm-none-eabi/lib/armv7e-m/fpu/libc_nano.a(lib_a-malloc.o)
 .debug_loc     0x0000000000010004       0xaa /usr/lib/gcc/arm-none-eabi/4.9.3/../../../arm-none-eabi/lib/armv7e-m/fpu/libc_nano.a(lib_a-memchr.o)
 .debug_loc     0x00000000000100ae       0x87 /usr/lib/gcc/arm-none-eabi/4.9.3/../../../arm-none-eabi/lib/armv7e-m/fpu/libc_nano.a(lib_a-memcpy.o)
 .debug_loc     0x0000000000010135     0x18b9 /usr/lib/gcc/arm-none-eabi/4.9.3/../../../arm-none-eabi/lib/armv7e-m/fpu/libc_nano.a(lib_a-mprec.o)
 .debug_loc     0x00000000000119ee       0x81 /usr/lib/gcc/arm-none-eabi/4.9.3/../../../arm-none-eabi/lib/armv7e-m/fpu/libc_nano.a(lib_a-nano-callocr.o)
 .debug_loc     0x0000000000011a6f      0x172 /usr/lib/gcc/arm-none-eabi/4.9.3/../../../arm-none-eabi/lib/armv7e-m/fpu/libc_nano.a(lib_a-nano-freer.o)
 .debug_loc     0x0000000000011be1      0x304 /usr/lib/gcc/arm-none-eabi/4.9.3/../../../arm-none-eabi/lib/armv7e-m/fpu/libc_nano.a(lib_a-nano-mallocr.o)
 .debug_loc     0x0000000000011ee5      0x53f /usr/lib/gcc/arm-none-eabi/4.9.3/../../../arm-none-eabi/lib/armv7e-m/fpu/libc_nano.a(lib_a-nano-svfprintf.o)
 .debug_loc     0x0000000000012424       0x4d /usr/lib/gcc/arm-none-eabi/4.9.3/../../../arm-none-eabi/lib/armv7e-m/fpu/libc_nano.a(lib_a-sbrkr.o)
 .debug_loc     0x0000000000012471       0xde /usr/lib/gcc/arm-none-eabi/4.9.3/../../../arm-none-eabi/lib/armv7e-m/fpu/libc_nano.a(lib_a-memmove.o)
 .debug_loc     0x000000000001254f      0x11b /usr/lib/gcc/arm-none-eabi/4.9.3/../../../arm-none-eabi/lib/armv7e-m/fpu/libc_nano.a(lib_a-nano-reallocr.o)
 .debug_loc     0x000000000001266a       0xfa /usr/lib/gcc/arm-none-eabi/4.9.3/../../../arm-none-eabi/lib/armv7e-m/fpu/libc_nano.a(lib_a-reent.o)
 .debug_loc     0x0000000000012764       0xb5 /usr/lib/gcc/arm-none-eabi/4.9.3/../../../arm-none-eabi/lib/armv7e-m/fpu/libc_nano.a(lib_a-nano-msizer.o)
 .debug_loc     0x0000000000012819       0xd2 /usr/lib/gcc/arm-none-eabi/4.9.3/../../../arm-none-eabi/lib/armv7e-m/fpu/libm.a(lib_a-w_sqrt.o)
 .debug_loc     0x00000000000128eb      0x48f /usr/lib/gcc/arm-none-eabi/4.9.3/../../../arm-none-eabi/lib/armv7e-m/fpu/libm.a(lib_a-e_sqrt.o)
 .debug_loc     0x0000000000012d7a       0x21 /usr/lib/gcc/arm-none-eabi/4.9.3/../../../arm-none-eabi/lib/armv7e-m/fpu/libm.a(lib_a-s_matherr.o)
 .debug_loc     0x0000000000012d9b       0x21 /usr/lib/gcc/arm-none-eabi/4.9.3/../../../arm-none-eabi/lib/armv7e-m/fpu/libnosys.a(sbrk.o)
 .debug_loc     0x0000000000012dbc       0xa0 /usr/lib/gcc/arm-none-eabi/4.9.3/armv7e-m/fpu/libgcc.a(bpabi.o)
 .debug_loc     0x0000000000012e5c      0xdef /usr/lib/gcc/arm-none-eabi/4.9.3/armv7e-m/fpu/libgcc.a(_divdi3.o)
 .debug_loc     0x0000000000013c4b      0xd50 /usr/lib/gcc/arm-none-eabi/4.9.3/armv7e-m/fpu/libgcc.a(_udivdi3.o)

.debug_aranges  0x0000000000000000     0x1430
 .debug_aranges
                0x0000000000000000       0x80 build/adc.o
 .debug_aranges
                0x0000000000000080       0x38 build/power.o
 .debug_aranges
                0x00000000000000b8       0x20 build/stm32f3xx_hal_msp.o
 .debug_aranges
                0x00000000000000d8      0x1f0 build/stm32f3xx_hal_uart.o
 .debug_aranges
                0x00000000000002c8      0x168 build/stm32f3xx_hal_adc_ex.o
 .debug_aranges
                0x0000000000000430       0xc8 build/stm32f3xx_hal_adc.o
 .debug_aranges
                0x00000000000004f8      0x378 build/stm32f3xx_hal_tim.o
 .debug_aranges
                0x0000000000000870       0x58 build/stm32f3xx_hal_gpio.o
 .debug_aranges
                0x00000000000008c8       0x38 build/usart.o
 .debug_aranges
                0x0000000000000900       0x38 build/stm32f3xx_hal_rcc_ex.o
 .debug_aranges
                0x0000000000000938       0x20 build/gpio.o
 .debug_aranges
                0x0000000000000958       0xa8 build/stm32f3xx_hal_cortex.o
 .debug_aranges
                0x0000000000000a00       0x30 build/main.o
 .debug_aranges
                0x0000000000000a30       0x40 build/stm32f3xx_it.o
 .debug_aranges
                0x0000000000000a70       0x88 build/stm32f3xx_hal_dma.o
 .debug_aranges
                0x0000000000000af8       0x28 build/system_stm32f3xx.o
 .debug_aranges
                0x0000000000000b20       0x20 build/dma.o
 .debug_aranges
                0x0000000000000b40      0x178 build/stm32f3xx_hal_tim_ex.o
 .debug_aranges
                0x0000000000000cb8       0x40 build/tim.o
 .debug_aranges
                0x0000000000000cf8       0x88 build/stm32f3xx_hal_rcc.o
 .debug_aranges
                0x0000000000000d80       0xc8 build/stm32f3xx_hal.o
 .debug_aranges
                0x0000000000000e48       0x28 build/startup_stm32f303xe.o
 .debug_aranges
                0x0000000000000e70       0x18 /usr/lib/gcc/arm-none-eabi/4.9.3/../../../arm-none-eabi/lib/armv7e-m/fpu/libc_nano.a(lib_a-impure.o)
 .debug_aranges
                0x0000000000000e88       0x20 /usr/lib/gcc/arm-none-eabi/4.9.3/../../../arm-none-eabi/lib/armv7e-m/fpu/libc_nano.a(lib_a-init.o)
 .debug_aranges
                0x0000000000000ea8       0x20 /usr/lib/gcc/arm-none-eabi/4.9.3/../../../arm-none-eabi/lib/armv7e-m/fpu/libc_nano.a(lib_a-memset.o)
 .debug_aranges
                0x0000000000000ec8       0x30 /usr/lib/gcc/arm-none-eabi/4.9.3/../../../arm-none-eabi/lib/armv7e-m/fpu/libc_nano.a(lib_a-nano-vfprintf_float.o)
 .debug_aranges
                0x0000000000000ef8       0x28 /usr/lib/gcc/arm-none-eabi/4.9.3/../../../arm-none-eabi/lib/armv7e-m/fpu/libc_nano.a(lib_a-nano-vfprintf_i.o)
 .debug_aranges
                0x0000000000000f20       0x20 /usr/lib/gcc/arm-none-eabi/4.9.3/../../../arm-none-eabi/lib/armv7e-m/fpu/libc_nano.a(lib_a-s_fpclassify.o)
 .debug_aranges
                0x0000000000000f40       0x28 /usr/lib/gcc/arm-none-eabi/4.9.3/../../../arm-none-eabi/lib/armv7e-m/fpu/libc_nano.a(lib_a-snprintf.o)
 .debug_aranges
                0x0000000000000f68       0x20 /usr/lib/gcc/arm-none-eabi/4.9.3/../../../arm-none-eabi/lib/armv7e-m/fpu/libc_nano.a(lib_a-strlen.o)
 .debug_aranges
                0x0000000000000f88       0x28 /usr/lib/gcc/arm-none-eabi/4.9.3/../../../arm-none-eabi/lib/armv7e-m/fpu/libc_nano.a(lib_a-dtoa.o)
 .debug_aranges
                0x0000000000000fb0       0x58 /usr/lib/gcc/arm-none-eabi/4.9.3/../../../arm-none-eabi/lib/armv7e-m/fpu/libc_nano.a(lib_a-locale.o)
 .debug_aranges
                0x0000000000001008       0x28 /usr/lib/gcc/arm-none-eabi/4.9.3/../../../arm-none-eabi/lib/armv7e-m/fpu/libc_nano.a(lib_a-malloc.o)
 .debug_aranges
                0x0000000000001030       0x20 /usr/lib/gcc/arm-none-eabi/4.9.3/../../../arm-none-eabi/lib/armv7e-m/fpu/libc_nano.a(lib_a-memchr.o)
 .debug_aranges
                0x0000000000001050       0x20 /usr/lib/gcc/arm-none-eabi/4.9.3/../../../arm-none-eabi/lib/armv7e-m/fpu/libc_nano.a(lib_a-memcpy.o)
 .debug_aranges
                0x0000000000001070       0xb0 /usr/lib/gcc/arm-none-eabi/4.9.3/../../../arm-none-eabi/lib/armv7e-m/fpu/libc_nano.a(lib_a-mprec.o)
 .debug_aranges
                0x0000000000001120       0x20 /usr/lib/gcc/arm-none-eabi/4.9.3/../../../arm-none-eabi/lib/armv7e-m/fpu/libc_nano.a(lib_a-nano-callocr.o)
 .debug_aranges
                0x0000000000001140       0x20 /usr/lib/gcc/arm-none-eabi/4.9.3/../../../arm-none-eabi/lib/armv7e-m/fpu/libc_nano.a(lib_a-nano-freer.o)
 .debug_aranges
                0x0000000000001160       0x20 /usr/lib/gcc/arm-none-eabi/4.9.3/../../../arm-none-eabi/lib/armv7e-m/fpu/libc_nano.a(lib_a-nano-mallocr.o)
 .debug_aranges
                0x0000000000001180       0x30 /usr/lib/gcc/arm-none-eabi/4.9.3/../../../arm-none-eabi/lib/armv7e-m/fpu/libc_nano.a(lib_a-nano-svfprintf.o)
 .debug_aranges
                0x00000000000011b0       0x20 /usr/lib/gcc/arm-none-eabi/4.9.3/../../../arm-none-eabi/lib/armv7e-m/fpu/libc_nano.a(lib_a-sbrkr.o)
 .debug_aranges
                0x00000000000011d0       0x20 /usr/lib/gcc/arm-none-eabi/4.9.3/../../../arm-none-eabi/lib/armv7e-m/fpu/libc_nano.a(lib_a-memmove.o)
 .debug_aranges
                0x00000000000011f0       0x20 /usr/lib/gcc/arm-none-eabi/4.9.3/../../../arm-none-eabi/lib/armv7e-m/fpu/libc_nano.a(lib_a-nano-reallocr.o)
 .debug_aranges
                0x0000000000001210       0x28 /usr/lib/gcc/arm-none-eabi/4.9.3/../../../arm-none-eabi/lib/armv7e-m/fpu/libc_nano.a(lib_a-reent.o)
 .debug_aranges
                0x0000000000001238       0x20 /usr/lib/gcc/arm-none-eabi/4.9.3/../../../arm-none-eabi/lib/armv7e-m/fpu/libc_nano.a(lib_a-nano-msizer.o)
 .debug_aranges
                0x0000000000001258       0x20 /usr/lib/gcc/arm-none-eabi/4.9.3/../../../arm-none-eabi/lib/armv7e-m/fpu/libm.a(lib_a-w_sqrt.o)
 .debug_aranges
                0x0000000000001278       0x20 /usr/lib/gcc/arm-none-eabi/4.9.3/../../../arm-none-eabi/lib/armv7e-m/fpu/libm.a(lib_a-e_sqrt.o)
 .debug_aranges
                0x0000000000001298       0x18 /usr/lib/gcc/arm-none-eabi/4.9.3/../../../arm-none-eabi/lib/armv7e-m/fpu/libm.a(lib_a-s_lib_ver.o)
 .debug_aranges
                0x00000000000012b0       0x20 /usr/lib/gcc/arm-none-eabi/4.9.3/../../../arm-none-eabi/lib/armv7e-m/fpu/libm.a(lib_a-s_matherr.o)
 .debug_aranges
                0x00000000000012d0       0x20 /usr/lib/gcc/arm-none-eabi/4.9.3/../../../arm-none-eabi/lib/armv7e-m/fpu/libnosys.a(sbrk.o)
 .debug_aranges
                0x00000000000012f0       0x20 /usr/lib/gcc/arm-none-eabi/4.9.3/armv7e-m/fpu/libgcc.a(_arm_addsubdf3.o)
 .debug_aranges
                0x0000000000001310       0x20 /usr/lib/gcc/arm-none-eabi/4.9.3/armv7e-m/fpu/libgcc.a(_arm_muldivdf3.o)
 .debug_aranges
                0x0000000000001330       0x20 /usr/lib/gcc/arm-none-eabi/4.9.3/armv7e-m/fpu/libgcc.a(_arm_cmpdf2.o)
 .debug_aranges
                0x0000000000001350       0x20 /usr/lib/gcc/arm-none-eabi/4.9.3/armv7e-m/fpu/libgcc.a(_arm_fixdfsi.o)
 .debug_aranges
                0x0000000000001370       0x20 /usr/lib/gcc/arm-none-eabi/4.9.3/armv7e-m/fpu/libgcc.a(_aeabi_ldivmod.o)
 .debug_aranges
                0x0000000000001390       0x20 /usr/lib/gcc/arm-none-eabi/4.9.3/armv7e-m/fpu/libgcc.a(bpabi.o)
 .debug_aranges
                0x00000000000013b0       0x20 /usr/lib/gcc/arm-none-eabi/4.9.3/armv7e-m/fpu/libgcc.a(_dvmd_tls.o)
 .debug_aranges
                0x00000000000013d0       0x20 /usr/lib/gcc/arm-none-eabi/4.9.3/armv7e-m/fpu/libgcc.a(_divdi3.o)
 .debug_aranges
                0x00000000000013f0       0x20 /usr/lib/gcc/arm-none-eabi/4.9.3/armv7e-m/fpu/libgcc.a(_udivdi3.o)
 .debug_aranges
                0x0000000000001410       0x20 /usr/lib/gcc/arm-none-eabi/4.9.3/../../../arm-none-eabi/lib/armv7e-m/fpu/libc_nano.a(lib_a-errno.o)

.debug_ranges   0x0000000000000000     0x13d0
 .debug_ranges  0x0000000000000000      0x130 build/adc.o
 .debug_ranges  0x0000000000000130       0x40 build/power.o
 .debug_ranges  0x0000000000000170       0x10 build/stm32f3xx_hal_msp.o
 .debug_ranges  0x0000000000000180      0x1e0 build/stm32f3xx_hal_uart.o
 .debug_ranges  0x0000000000000360      0x158 build/stm32f3xx_hal_adc_ex.o
 .debug_ranges  0x00000000000004b8       0xb8 build/stm32f3xx_hal_adc.o
 .debug_ranges  0x0000000000000570      0x368 build/stm32f3xx_hal_tim.o
 .debug_ranges  0x00000000000008d8       0x48 build/stm32f3xx_hal_gpio.o
 .debug_ranges  0x0000000000000920       0x28 build/usart.o
 .debug_ranges  0x0000000000000948       0x40 build/stm32f3xx_hal_rcc_ex.o
 .debug_ranges  0x0000000000000988       0x10 build/gpio.o
 .debug_ranges  0x0000000000000998       0x98 build/stm32f3xx_hal_cortex.o
 .debug_ranges  0x0000000000000a30       0x20 build/main.o
 .debug_ranges  0x0000000000000a50       0x30 build/stm32f3xx_it.o
 .debug_ranges  0x0000000000000a80       0x78 build/stm32f3xx_hal_dma.o
 .debug_ranges  0x0000000000000af8       0x18 build/system_stm32f3xx.o
 .debug_ranges  0x0000000000000b10       0x10 build/dma.o
 .debug_ranges  0x0000000000000b20      0x168 build/stm32f3xx_hal_tim_ex.o
 .debug_ranges  0x0000000000000c88       0x30 build/tim.o
 .debug_ranges  0x0000000000000cb8       0x90 build/stm32f3xx_hal_rcc.o
 .debug_ranges  0x0000000000000d48       0xb8 build/stm32f3xx_hal.o
 .debug_ranges  0x0000000000000e00       0x20 build/startup_stm32f303xe.o
 .debug_ranges  0x0000000000000e20       0x10 /usr/lib/gcc/arm-none-eabi/4.9.3/../../../arm-none-eabi/lib/armv7e-m/fpu/libc_nano.a(lib_a-init.o)
 .debug_ranges  0x0000000000000e30       0x10 /usr/lib/gcc/arm-none-eabi/4.9.3/../../../arm-none-eabi/lib/armv7e-m/fpu/libc_nano.a(lib_a-memset.o)
 .debug_ranges  0x0000000000000e40       0x78 /usr/lib/gcc/arm-none-eabi/4.9.3/../../../arm-none-eabi/lib/armv7e-m/fpu/libc_nano.a(lib_a-nano-vfprintf_float.o)
 .debug_ranges  0x0000000000000eb8       0x60 /usr/lib/gcc/arm-none-eabi/4.9.3/../../../arm-none-eabi/lib/armv7e-m/fpu/libc_nano.a(lib_a-nano-vfprintf_i.o)
 .debug_ranges  0x0000000000000f18       0x10 /usr/lib/gcc/arm-none-eabi/4.9.3/../../../arm-none-eabi/lib/armv7e-m/fpu/libc_nano.a(lib_a-s_fpclassify.o)
 .debug_ranges  0x0000000000000f28       0x18 /usr/lib/gcc/arm-none-eabi/4.9.3/../../../arm-none-eabi/lib/armv7e-m/fpu/libc_nano.a(lib_a-snprintf.o)
 .debug_ranges  0x0000000000000f40       0x10 /usr/lib/gcc/arm-none-eabi/4.9.3/../../../arm-none-eabi/lib/armv7e-m/fpu/libc_nano.a(lib_a-strlen.o)
 .debug_ranges  0x0000000000000f50       0x30 /usr/lib/gcc/arm-none-eabi/4.9.3/../../../arm-none-eabi/lib/armv7e-m/fpu/libc_nano.a(lib_a-dtoa.o)
 .debug_ranges  0x0000000000000f80       0x48 /usr/lib/gcc/arm-none-eabi/4.9.3/../../../arm-none-eabi/lib/armv7e-m/fpu/libc_nano.a(lib_a-locale.o)
 .debug_ranges  0x0000000000000fc8       0x18 /usr/lib/gcc/arm-none-eabi/4.9.3/../../../arm-none-eabi/lib/armv7e-m/fpu/libc_nano.a(lib_a-malloc.o)
 .debug_ranges  0x0000000000000fe0       0x10 /usr/lib/gcc/arm-none-eabi/4.9.3/../../../arm-none-eabi/lib/armv7e-m/fpu/libc_nano.a(lib_a-memchr.o)