Archive member included to satisfy reference by file (symbol)

/usr/lib/gcc/arm-none-eabi/4.9.3/../../../arm-none-eabi/lib/armv7e-m/fpu/libc_nano.a(lib_a-atexit.o)
                              /usr/lib/gcc/arm-none-eabi/4.9.3/../../../arm-none-eabi/lib/armv7e-m/fpu/crt0.o (atexit)
/usr/lib/gcc/arm-none-eabi/4.9.3/../../../arm-none-eabi/lib/armv7e-m/fpu/libc_nano.a(lib_a-exit.o)
                              /usr/lib/gcc/arm-none-eabi/4.9.3/../../../arm-none-eabi/lib/armv7e-m/fpu/crt0.o (exit)
/usr/lib/gcc/arm-none-eabi/4.9.3/../../../arm-none-eabi/lib/armv7e-m/fpu/libc_nano.a(lib_a-fini.o)
                              /usr/lib/gcc/arm-none-eabi/4.9.3/../../../arm-none-eabi/lib/armv7e-m/fpu/crt0.o (__libc_fini_array)
/usr/lib/gcc/arm-none-eabi/4.9.3/../../../arm-none-eabi/lib/armv7e-m/fpu/libc_nano.a(lib_a-impure.o)
                              /usr/lib/gcc/arm-none-eabi/4.9.3/../../../arm-none-eabi/lib/armv7e-m/fpu/libc_nano.a(lib_a-exit.o) (_global_impure_ptr)
/usr/lib/gcc/arm-none-eabi/4.9.3/../../../arm-none-eabi/lib/armv7e-m/fpu/libc_nano.a(lib_a-init.o)
                              /usr/lib/gcc/arm-none-eabi/4.9.3/../../../arm-none-eabi/lib/armv7e-m/fpu/crt0.o (__libc_init_array)
/usr/lib/gcc/arm-none-eabi/4.9.3/../../../arm-none-eabi/lib/armv7e-m/fpu/libc_nano.a(lib_a-memset.o)
                              /usr/lib/gcc/arm-none-eabi/4.9.3/../../../arm-none-eabi/lib/armv7e-m/fpu/crt0.o (memset)
/usr/lib/gcc/arm-none-eabi/4.9.3/../../../arm-none-eabi/lib/armv7e-m/fpu/libc_nano.a(lib_a-nano-vfprintf_float.o)
                              (_printf_float)
/usr/lib/gcc/arm-none-eabi/4.9.3/../../../arm-none-eabi/lib/armv7e-m/fpu/libc_nano.a(lib_a-nano-vfprintf_i.o)
                              /usr/lib/gcc/arm-none-eabi/4.9.3/../../../arm-none-eabi/lib/armv7e-m/fpu/libc_nano.a(lib_a-nano-vfprintf_float.o) (_printf_common)
/usr/lib/gcc/arm-none-eabi/4.9.3/../../../arm-none-eabi/lib/armv7e-m/fpu/libc_nano.a(lib_a-s_fpclassify.o)
                              /usr/lib/gcc/arm-none-eabi/4.9.3/../../../arm-none-eabi/lib/armv7e-m/fpu/libc_nano.a(lib_a-nano-vfprintf_float.o) (__fpclassifyd)
/usr/lib/gcc/arm-none-eabi/4.9.3/../../../arm-none-eabi/lib/armv7e-m/fpu/libc_nano.a(lib_a-snprintf.o)
                              build/adc.o (snprintf)
/usr/lib/gcc/arm-none-eabi/4.9.3/../../../arm-none-eabi/lib/armv7e-m/fpu/libc_nano.a(lib_a-strlen.o)
                              build/usart.o (strlen)
/usr/lib/gcc/arm-none-eabi/4.9.3/../../../arm-none-eabi/lib/armv7e-m/fpu/libc_nano.a(lib_a-__atexit.o)
                              /usr/lib/gcc/arm-none-eabi/4.9.3/../../../arm-none-eabi/lib/armv7e-m/fpu/libc_nano.a(lib_a-atexit.o) (__register_exitproc)
/usr/lib/gcc/arm-none-eabi/4.9.3/../../../arm-none-eabi/lib/armv7e-m/fpu/libc_nano.a(lib_a-__call_atexit.o)
                              /usr/lib/gcc/arm-none-eabi/4.9.3/../../../arm-none-eabi/lib/armv7e-m/fpu/libc_nano.a(lib_a-__atexit.o) (__call_exitprocs)
/usr/lib/gcc/arm-none-eabi/4.9.3/../../../arm-none-eabi/lib/armv7e-m/fpu/libc_nano.a(lib_a-dtoa.o)
                              /usr/lib/gcc/arm-none-eabi/4.9.3/../../../arm-none-eabi/lib/armv7e-m/fpu/libc_nano.a(lib_a-nano-vfprintf_float.o) (_dtoa_r)
/usr/lib/gcc/arm-none-eabi/4.9.3/../../../arm-none-eabi/lib/armv7e-m/fpu/libc_nano.a(lib_a-locale.o)
                              /usr/lib/gcc/arm-none-eabi/4.9.3/../../../arm-none-eabi/lib/armv7e-m/fpu/libc_nano.a(lib_a-nano-vfprintf_float.o) (_localeconv_r)
/usr/lib/gcc/arm-none-eabi/4.9.3/../../../arm-none-eabi/lib/armv7e-m/fpu/libc_nano.a(lib_a-malloc.o)
                              /usr/lib/gcc/arm-none-eabi/4.9.3/../../../arm-none-eabi/lib/armv7e-m/fpu/libc_nano.a(lib_a-dtoa.o) (malloc)
/usr/lib/gcc/arm-none-eabi/4.9.3/../../../arm-none-eabi/lib/armv7e-m/fpu/libc_nano.a(lib_a-memchr.o)
                              /usr/lib/gcc/arm-none-eabi/4.9.3/../../../arm-none-eabi/lib/armv7e-m/fpu/libc_nano.a(lib_a-nano-vfprintf_i.o) (memchr)
/usr/lib/gcc/arm-none-eabi/4.9.3/../../../arm-none-eabi/lib/armv7e-m/fpu/libc_nano.a(lib_a-memcpy.o)
                              /usr/lib/gcc/arm-none-eabi/4.9.3/../../../arm-none-eabi/lib/armv7e-m/fpu/libc_nano.a(lib_a-dtoa.o) (memcpy)
/usr/lib/gcc/arm-none-eabi/4.9.3/../../../arm-none-eabi/lib/armv7e-m/fpu/libc_nano.a(lib_a-mprec.o)
                              /usr/lib/gcc/arm-none-eabi/4.9.3/../../../arm-none-eabi/lib/armv7e-m/fpu/libc_nano.a(lib_a-dtoa.o) (_Balloc)
/usr/lib/gcc/arm-none-eabi/4.9.3/../../../arm-none-eabi/lib/armv7e-m/fpu/libc_nano.a(lib_a-nano-callocr.o)
                              /usr/lib/gcc/arm-none-eabi/4.9.3/../../../arm-none-eabi/lib/armv7e-m/fpu/libc_nano.a(lib_a-mprec.o) (_calloc_r)
/usr/lib/gcc/arm-none-eabi/4.9.3/../../../arm-none-eabi/lib/armv7e-m/fpu/libc_nano.a(lib_a-nano-freer.o)
                              /usr/lib/gcc/arm-none-eabi/4.9.3/../../../arm-none-eabi/lib/armv7e-m/fpu/libc_nano.a(lib_a-malloc.o) (_free_r)
[...]
Memory Configuration

Name             Origin             Length             Attributes
RAM              0x0000000020000000 0x0000000000010000 xrw
CCMRAM           0x0000000010000000 0x0000000000004000 rw
FLASH            0x0000000008000000 0x0000000000080000 xr
*default*        0x0000000000000000 0xffffffffffffffff

Linker script and memory map

LOAD /usr/lib/gcc/arm-none-eabi/4.9.3/armv7e-m/fpu/crti.o
LOAD /usr/lib/gcc/arm-none-eabi/4.9.3/armv7e-m/fpu/crtbegin.o
LOAD /usr/lib/gcc/arm-none-eabi/4.9.3/../../../arm-none-eabi/lib/armv7e-m/fpu/crt0.o
LOAD build/adc.o
LOAD build/power.o
LOAD build/stm32f3xx_hal_msp.o
LOAD build/stm32f3xx_hal_uart.o
LOAD build/stm32f3xx_hal_adc_ex.o
LOAD build/stm32f3xx_hal_adc.o
LOAD build/stm32f3xx_hal_tim.o
LOAD build/stm32f3xx_hal_gpio.o
LOAD build/usart.o
LOAD build/stm32f3xx_hal_rcc_ex.o
LOAD build/gpio.o
LOAD build/stm32f3xx_hal_i2c.o
LOAD build/stm32f3xx_hal_pwr.o
LOAD build/stm32f3xx_hal_flash_ex.o
LOAD build/stm32f3xx_hal_cortex.o
LOAD build/main.o
LOAD build/stm32f3xx_it.o
LOAD build/stm32f3xx_hal_dma.o
LOAD build/system_stm32f3xx.o
LOAD build/dma.o
LOAD build/stm32f3xx_hal_tim_ex.o
LOAD build/tim.o
LOAD build/stm32f3xx_hal_uart_ex.o
LOAD build/stm32f3xx_hal_rcc.o
LOAD build/stm32f3xx_hal_flash.o
LOAD build/stm32f3xx_hal_pwr_ex.o
LOAD build/stm32f3xx_hal.o
LOAD build/stm32f3xx_hal_i2c_ex.o
LOAD build/startup_stm32f303xe.o
LOAD /usr/lib/gcc/arm-none-eabi/4.9.3/../../../arm-none-eabi/lib/armv7e-m/fpu/libc_nano.a
LOAD /usr/lib/gcc/arm-none-eabi/4.9.3/../../../arm-none-eabi/lib/armv7e-m/fpu/libm.a
LOAD /usr/lib/gcc/arm-none-eabi/4.9.3/../../../arm-none-eabi/lib/armv7e-m/fpu/libnosys.a
START GROUP
LOAD /usr/lib/gcc/arm-none-eabi/4.9.3/armv7e-m/fpu/libgcc.a
LOAD /usr/lib/gcc/arm-none-eabi/4.9.3/../../../arm-none-eabi/lib/armv7e-m/fpu/libc_nano.a
END GROUP
START GROUP
LOAD /usr/lib/gcc/arm-none-eabi/4.9.3/armv7e-m/fpu/libgcc.a
LOAD /usr/lib/gcc/arm-none-eabi/4.9.3/../../../arm-none-eabi/lib/armv7e-m/fpu/libc_nano.a
END GROUP
LOAD /usr/lib/gcc/arm-none-eabi/4.9.3/armv7e-m/fpu/crtend.o
LOAD /usr/lib/gcc/arm-none-eabi/4.9.3/armv7e-m/fpu/crtn.o
                0x0000000020010000                _estack = 0x20010000
                0x0000000000000200                _Min_Heap_Size = 0x200
                0x0000000000000400                _Min_Stack_Size = 0x400

.isr_vector     0x0000000008000000      0x194
                0x0000000008000000                . = ALIGN (0x4)
 *(.isr_vector)
 .isr_vector    0x0000000008000000      0x194 build/startup_stm32f303xe.o
                0x0000000008000000                g_pfnVectors
                0x0000000008000194                . = ALIGN (0x4)

.text           0x0000000008000198     0x6b24
                0x0000000008000198                . = ALIGN (0x4)
 *(.text)
 .text          0x0000000008000198       0xa4 /usr/lib/gcc/arm-none-eabi/4.9.3/armv7e-m/fpu/crtbegin.o
 .text          0x000000000800023c      0x370 /usr/lib/gcc/arm-none-eabi/4.9.3/armv7e-m/fpu/libgcc.a(_arm_addsubdf3.o)
                0x000000000800023c                __aeabi_drsub
                0x0000000008000244                __aeabi_dsub
                0x0000000008000244                __subdf3
                0x0000000008000248                __adddf3
                0x0000000008000248                __aeabi_dadd
                0x00000000080004c0                __aeabi_ui2d
                0x00000000080004c0                __floatunsidf
                0x00000000080004e0                __floatsidf
                0x00000000080004e0                __aeabi_i2d
                0x0000000008000504                __extendsfdf2
                0x0000000008000504                __aeabi_f2d
                0x0000000008000540                __aeabi_ul2d
                0x0000000008000540                __floatundidf
                0x0000000008000550                __floatdidf
                0x0000000008000550                __aeabi_l2d
 .text          0x00000000080005ac      0x424 /usr/lib/gcc/arm-none-eabi/4.9.3/armv7e-m/fpu/libgcc.a(_arm_muldivdf3.o)
                0x00000000080005ac                __aeabi_dmul
                0x00000000080005ac                __muldf3
                0x0000000008000800                __aeabi_ddiv
                0x0000000008000800                __divdf3
 .text          0x00000000080009d0      0x110 /usr/lib/gcc/arm-none-eabi/4.9.3/armv7e-m/fpu/libgcc.a(_arm_cmpdf2.o)
                0x00000000080009d0                __gtdf2
                0x00000000080009d0                __gedf2
                0x00000000080009d8                __ltdf2
                0x00000000080009d8                __ledf2
                0x00000000080009e0                __cmpdf2
                0x00000000080009e0                __eqdf2
                0x00000000080009e0                __nedf2
                0x0000000008000a5c                __aeabi_cdrcmple
                0x0000000008000a6c                __aeabi_cdcmple
                0x0000000008000a6c                __aeabi_cdcmpeq
                0x0000000008000a7c                __aeabi_dcmpeq
                0x0000000008000a90                __aeabi_dcmplt
                0x0000000008000aa4                __aeabi_dcmple
                0x0000000008000ab8                __aeabi_dcmpge
                0x0000000008000acc                __aeabi_dcmpgt
 .text          0x0000000008000ae0       0x50 /usr/lib/gcc/arm-none-eabi/4.9.3/armv7e-m/fpu/libgcc.a(_arm_fixdfsi.o)
                0x0000000008000ae0                __fixdfsi
                0x0000000008000ae0                __aeabi_d2iz
 .text          0x0000000008000b30       0xa0 /usr/lib/gcc/arm-none-eabi/4.9.3/armv7e-m/fpu/libgcc.a(_arm_truncdfsf2.o)
                0x0000000008000b30                __aeabi_d2f
                0x0000000008000b30                __truncdfsf2
 *(.text*)
 .text.MX_ADC1_Init
                0x0000000008000bd0       0xb0 build/adc.o
                0x0000000008000bd0                MX_ADC1_Init
 .text.MX_ADC2_Init
                0x0000000008000c80       0x98 build/adc.o
                0x0000000008000c80                MX_ADC2_Init
 .text.MX_ADC3_Init
                0x0000000008000d18       0xb0 build/adc.o
                0x0000000008000d18                MX_ADC3_Init
 .text.MX_ADC4_Init
                0x0000000008000dc8       0x9c build/adc.o
                0x0000000008000dc8                MX_ADC4_Init
 .text.HAL_ADC_MspInit
                0x0000000008000e64      0x24c build/adc.o
                0x0000000008000e64                HAL_ADC_MspInit
 .text.HAL_ADC_ConvHalfCpltCallback
                0x00000000080010b0       0xd0 build/adc.o
                0x00000000080010b0                HAL_ADC_ConvHalfCpltCallback
 .text.HAL_ADC_ConvCpltCallback
                0x0000000008001180       0xd4 build/adc.o
                0x0000000008001180                HAL_ADC_ConvCpltCallback
 .text.calibrate_ADCs
                0x0000000008001254       0x34 build/adc.o
                0x0000000008001254                calibrate_ADCs
 .text.start_ADCs
                0x0000000008001288      0x170 build/adc.o
                0x0000000008001288                start_ADCs
 .text.get_cpu_temp
                0x00000000080013f8       0x28 build/adc.o
                0x00000000080013f8                get_cpu_temp
 .text.get_vdd  0x0000000008001420       0x24 build/adc.o
                0x0000000008001420                get_vdd
 .text.process_VI_pair
                0x0000000008001444       0xe0 build/power.o
                0x0000000008001444                process_VI_pair
 .text.process_power_data
                0x0000000008001524      0x1b4 build/power.o
                0x0000000008001524                process_power_data
 .text.init_power
                0x00000000080016d8        0xc build/power.o
                0x00000000080016d8                init_power
 .text.HAL_MspInit
                0x00000000080016e4       0x7c build/stm32f3xx_hal_msp.o
                0x00000000080016e4                HAL_MspInit
 .text.UART_SetConfig
                0x0000000008001760      0x2a0 build/stm32f3xx_hal_uart.o
                0x0000000008001760                UART_SetConfig
 .text.UART_AdvFeatureConfig
                0x0000000008001a00       0xc8 build/stm32f3xx_hal_uart.o
                0x0000000008001a00                UART_AdvFeatureConfig
 .text.UART_WaitOnFlagUntilTimeout
                0x0000000008001ac8       0x68 build/stm32f3xx_hal_uart.o
                0x0000000008001ac8                UART_WaitOnFlagUntilTimeout
 .text.HAL_UART_Transmit
                0x0000000008001b30       0xd0 build/stm32f3xx_hal_uart.o
                0x0000000008001b30                HAL_UART_Transmit
 .text.UART_CheckIdleState
                0x0000000008001c00       0x6c build/stm32f3xx_hal_uart.o
                0x0000000008001c00                UART_CheckIdleState
 .text.HAL_UART_Init
                0x0000000008001c6c       0x6c build/stm32f3xx_hal_uart.o
                0x0000000008001c6c                HAL_UART_Init
 .text.ADC_Disable
                0x0000000008001cd8       0x8c build/stm32f3xx_hal_adc_ex.o
 .text.ADC_ConversionStop
                0x0000000008001d64       0xdc build/stm32f3xx_hal_adc_ex.o
 .text.ADC_Enable
                0x0000000008001e40       0x84 build/stm32f3xx_hal_adc_ex.o
 .text.ADC_DMAError
                0x0000000008001ec4       0x1c build/stm32f3xx_hal_adc_ex.o
 .text.ADC_DMAHalfConvCplt
                0x0000000008001ee0        0xc build/stm32f3xx_hal_adc_ex.o
 .text.ADC_DMAConvCplt
                0x0000000008001eec       0x4c build/stm32f3xx_hal_adc_ex.o
 .text.HAL_ADC_Init
                0x0000000008001f38      0x2c0 build/stm32f3xx_hal_adc_ex.o
                0x0000000008001f38                HAL_ADC_Init
 .text.HAL_ADC_Start_DMA
                0x00000000080021f8      0x18c build/stm32f3xx_hal_adc_ex.o
                0x00000000080021f8                HAL_ADC_Start_DMA
 .text.HAL_ADC_Stop_DMA
                0x0000000008002384       0x74 build/stm32f3xx_hal_adc_ex.o
                0x0000000008002384                HAL_ADC_Stop_DMA
 .text.HAL_ADCEx_Calibration_Start
                0x00000000080023f8       0x90 build/stm32f3xx_hal_adc_ex.o
                0x00000000080023f8                HAL_ADCEx_Calibration_Start
 .text.HAL_ADC_ConfigChannel
                0x0000000008002488      0x39c build/stm32f3xx_hal_adc_ex.o
                0x0000000008002488                HAL_ADC_ConfigChannel
 .text.HAL_ADCEx_MultiModeConfigChannel
                0x0000000008002824      0x17c build/stm32f3xx_hal_adc_ex.o
                0x0000000008002824                HAL_ADCEx_MultiModeConfigChannel
 .text.HAL_ADC_ErrorCallback
                0x00000000080029a0        0x4 build/stm32f3xx_hal_adc.o
                0x00000000080029a0                HAL_ADC_ErrorCallback
 .text.HAL_TIM_OnePulse_MspInit
                0x00000000080029a4        0x4 build/stm32f3xx_hal_tim.o
                0x00000000080029a4                HAL_TIM_OnePulse_MspInit
 .text.TIM_Base_SetConfig
                0x00000000080029a8       0xd0 build/stm32f3xx_hal_tim.o
                0x00000000080029a8                TIM_Base_SetConfig
 .text.HAL_TIM_PWM_Init
                0x0000000008002a78       0x38 build/stm32f3xx_hal_tim.o
                0x0000000008002a78                HAL_TIM_PWM_Init
 .text.HAL_TIM_OnePulse_Init
                0x0000000008002ab0       0x4c build/stm32f3xx_hal_tim.o
                0x0000000008002ab0                HAL_TIM_OnePulse_Init
 .text.TIM_OC1_SetConfig
                0x0000000008002afc       0xac build/stm32f3xx_hal_tim.o
                0x0000000008002afc                TIM_OC1_SetConfig
 .text.TIM_OC2_SetConfig
                0x0000000008002ba8       0x9c build/stm32f3xx_hal_tim.o
                0x0000000008002ba8                TIM_OC2_SetConfig
 .text.TIM_OC3_SetConfig
                0x0000000008002c44       0x9c build/stm32f3xx_hal_tim.o
                0x0000000008002c44                TIM_OC3_SetConfig
 .text.TIM_OC4_SetConfig
                0x0000000008002ce0       0x74 build/stm32f3xx_hal_tim.o
                0x0000000008002ce0                TIM_OC4_SetConfig
 .text.TIM_CCxChannelCmd
                0x0000000008002d54       0x1c build/stm32f3xx_hal_tim.o
                0x0000000008002d54                TIM_CCxChannelCmd
 .text.HAL_TIM_PWM_Start
                0x0000000008002d70       0x74 build/stm32f3xx_hal_tim.o
                0x0000000008002d70                HAL_TIM_PWM_Start
 .text.HAL_TIM_PWM_Stop
                0x0000000008002de4       0xa0 build/stm32f3xx_hal_tim.o
                0x0000000008002de4                HAL_TIM_PWM_Stop
 .text.HAL_GPIO_Init
                0x0000000008002e84      0x1bc build/stm32f3xx_hal_gpio.o
                0x0000000008002e84                HAL_GPIO_Init
 .text.HAL_GPIO_WritePin
                0x0000000008003040        0xc build/stm32f3xx_hal_gpio.o
                0x0000000008003040                HAL_GPIO_WritePin
 .text.MX_USART2_UART_Init
                0x000000000800304c       0x40 build/usart.o
                0x000000000800304c                MX_USART2_UART_Init
 .text.HAL_UART_MspInit
                0x000000000800308c       0x4c build/usart.o
                0x000000000800308c                HAL_UART_MspInit
 .text.debug_printf
                0x00000000080030d8       0x1c build/usart.o
                0x00000000080030d8                debug_printf
 .text.HAL_RCCEx_PeriphCLKConfig
                0x00000000080030f4      0x300 build/stm32f3xx_hal_rcc_ex.o
                0x00000000080030f4                HAL_RCCEx_PeriphCLKConfig
 .text.MX_GPIO_Init
                0x00000000080033f4       0xfc build/gpio.o
                0x00000000080033f4                MX_GPIO_Init
 .text.HAL_NVIC_SetPriorityGrouping
                0x00000000080034f0       0x24 build/stm32f3xx_hal_cortex.o
                0x00000000080034f0                HAL_NVIC_SetPriorityGrouping
 .text.HAL_NVIC_SetPriority
                0x0000000008003514       0x64 build/stm32f3xx_hal_cortex.o
                0x0000000008003514                HAL_NVIC_SetPriority
 .text.HAL_NVIC_EnableIRQ
                0x0000000008003578       0x18 build/stm32f3xx_hal_cortex.o
                0x0000000008003578                HAL_NVIC_EnableIRQ
 .text.HAL_SYSTICK_Config
                0x0000000008003590       0x2c build/stm32f3xx_hal_cortex.o
                0x0000000008003590                HAL_SYSTICK_Config
 .text.HAL_SYSTICK_CLKSourceConfig
                0x00000000080035bc       0x20 build/stm32f3xx_hal_cortex.o
                0x00000000080035bc                HAL_SYSTICK_CLKSourceConfig
 .text.HAL_SYSTICK_Callback
                0x00000000080035dc        0x4 build/stm32f3xx_hal_cortex.o
                0x00000000080035dc                HAL_SYSTICK_Callback
 .text.HAL_SYSTICK_IRQHandler
                0x00000000080035e0        0x8 build/stm32f3xx_hal_cortex.o
                0x00000000080035e0                HAL_SYSTICK_IRQHandler
 .text._Error_Handler
                0x00000000080035e8        0x4 build/main.o
                0x00000000080035e8                _Error_Handler
 .text.SystemClock_Config
                0x00000000080035ec       0xa4 build/main.o
                0x00000000080035ec                SystemClock_Config
 .text.main     0x0000000008003690       0xd4 build/main.o
                0x0000000008003690                main
 .text.SysTick_Handler
                0x0000000008003764        0xc build/stm32f3xx_it.o
                0x0000000008003764                SysTick_Handler
 .text.DMA1_Channel1_IRQHandler
                0x0000000008003770       0x10 build/stm32f3xx_it.o
                0x0000000008003770                DMA1_Channel1_IRQHandler
 .text.DMA2_Channel1_IRQHandler
                0x0000000008003780       0x10 build/stm32f3xx_it.o
                0x0000000008003780                DMA2_Channel1_IRQHandler
 .text.DMA2_Channel2_IRQHandler
                0x0000000008003790       0x10 build/stm32f3xx_it.o
                0x0000000008003790                DMA2_Channel2_IRQHandler
 .text.DMA2_Channel5_IRQHandler
                0x00000000080037a0       0x10 build/stm32f3xx_it.o
                0x00000000080037a0                DMA2_Channel5_IRQHandler
 .text.DMA_SetConfig
                0x00000000080037b0       0x2c build/stm32f3xx_hal_dma.o
 .text.DMA_CalcBaseAndBitshift
                0x00000000080037dc       0x4c build/stm32f3xx_hal_dma.o
 .text.HAL_DMA_Init
                0x0000000008003828       0x58 build/stm32f3xx_hal_dma.o
                0x0000000008003828                HAL_DMA_Init
 .text.HAL_DMA_Start_IT
                0x0000000008003880       0x74 build/stm32f3xx_hal_dma.o
                0x0000000008003880                HAL_DMA_Start_IT
 .text.HAL_DMA_Abort
                0x00000000080038f4       0x30 build/stm32f3xx_hal_dma.o
                0x00000000080038f4                HAL_DMA_Abort
 .text.HAL_DMA_IRQHandler
                0x0000000008003924       0xb0 build/stm32f3xx_hal_dma.o
                0x0000000008003924                HAL_DMA_IRQHandler
 .text.SystemInit
                0x00000000080039d4       0x68 build/system_stm32f3xx.o
                0x00000000080039d4                SystemInit
 .text.MX_DMA_Init
                0x0000000008003a3c       0x74 build/dma.o
                0x0000000008003a3c                MX_DMA_Init
 .text.TIM_OC5_SetConfig
                0x0000000008003ab0       0x70 build/stm32f3xx_hal_tim_ex.o
 .text.TIM_OC6_SetConfig
                0x0000000008003b20       0x74 build/stm32f3xx_hal_tim_ex.o
 .text.HAL_TIM_PWM_ConfigChannel
                0x0000000008003b94      0x138 build/stm32f3xx_hal_tim_ex.o
                0x0000000008003b94                HAL_TIM_PWM_ConfigChannel
 .text.HAL_TIMEx_MasterConfigSynchronization
                0x0000000008003ccc       0x60 build/stm32f3xx_hal_tim_ex.o
                0x0000000008003ccc                HAL_TIMEx_MasterConfigSynchronization
 .text.HAL_TIMEx_ConfigBreakDeadTime
                0x0000000008003d2c       0x98 build/stm32f3xx_hal_tim_ex.o
                0x0000000008003d2c                HAL_TIMEx_ConfigBreakDeadTime
 .text.HAL_TIM_PWM_MspInit
                0x0000000008003dc4       0x28 build/tim.o
                0x0000000008003dc4                HAL_TIM_PWM_MspInit
 .text.HAL_TIM_MspPostInit
                0x0000000008003dec       0x38 build/tim.o
                0x0000000008003dec                HAL_TIM_MspPostInit
 .text.MX_TIM8_Init
                0x0000000008003e24       0xcc build/tim.o
                0x0000000008003e24                MX_TIM8_Init
 .text.pulse_tim8_ch2
                0x0000000008003ef0       0x28 build/tim.o
                0x0000000008003ef0                pulse_tim8_ch2
 .text.HAL_RCC_OscConfig
                0x0000000008003f18      0x624 build/stm32f3xx_hal_rcc.o
                0x0000000008003f18                HAL_RCC_OscConfig
 .text.HAL_RCC_GetSysClockFreq
                0x000000000800453c       0x70 build/stm32f3xx_hal_rcc.o
                0x000000000800453c                HAL_RCC_GetSysClockFreq
 .text.HAL_RCC_ClockConfig
                0x00000000080045ac      0x1e0 build/stm32f3xx_hal_rcc.o
                0x00000000080045ac                HAL_RCC_ClockConfig
 .text.HAL_RCC_GetHCLKFreq
                0x000000000800478c        0xc build/stm32f3xx_hal_rcc.o
                0x000000000800478c                HAL_RCC_GetHCLKFreq
 .text.HAL_RCC_GetPCLK1Freq
                0x0000000008004798       0x2c build/stm32f3xx_hal_rcc.o
                0x0000000008004798                HAL_RCC_GetPCLK1Freq
 .text.HAL_RCC_GetPCLK2Freq
                0x00000000080047c4       0x2c build/stm32f3xx_hal_rcc.o
                0x00000000080047c4                HAL_RCC_GetPCLK2Freq
 .text.HAL_InitTick
                0x00000000080047f0       0x2c build/stm32f3xx_hal.o
                0x00000000080047f0                HAL_InitTick
 .text.HAL_Init
                0x000000000800481c       0x24 build/stm32f3xx_hal.o
                0x000000000800481c                HAL_Init
 .text.HAL_IncTick
                0x0000000008004840       0x10 build/stm32f3xx_hal.o
                0x0000000008004840                HAL_IncTick
 .text.HAL_GetTick
                0x0000000008004850        0xc build/stm32f3xx_hal.o
                0x0000000008004850                HAL_GetTick
 .text.HAL_Delay
                0x000000000800485c       0x24 build/stm32f3xx_hal.o
                0x000000000800485c                HAL_Delay
 .text.Reset_Handler
                0x0000000008004880       0x50 build/startup_stm32f303xe.o
                0x0000000008004880                Reset_Handler
 .text.Default_Handler
                0x00000000080048d0        0x2 build/startup_stm32f303xe.o
                0x00000000080048d0                RTC_Alarm_IRQHandler
                0x00000000080048d0                TIM8_TRG_COM_IRQHandler
                0x00000000080048d0                TIM8_CC_IRQHandler
                0x00000000080048d0                DebugMon_Handler
                0x00000000080048d0                SPI4_IRQHandler
                0x00000000080048d0                TIM1_CC_IRQHandler
                0x00000000080048d0                HardFault_Handler
                0x00000000080048d0                USB_HP_IRQHandler
                0x00000000080048d0                PVD_IRQHandler
                0x00000000080048d0                TAMP_STAMP_IRQHandler
                0x00000000080048d0                PendSV_Handler
                0x00000000080048d0                NMI_Handler
                0x00000000080048d0                EXTI3_IRQHandler
                0x00000000080048d0                I2C3_ER_IRQHandler
                0x00000000080048d0                USB_HP_CAN_TX_IRQHandler
                0x00000000080048d0                EXTI0_IRQHandler
                0x00000000080048d0                I2C2_EV_IRQHandler
                0x00000000080048d0                FPU_IRQHandler
                0x00000000080048d0                TIM1_UP_TIM16_IRQHandler
                0x00000000080048d0                UsageFault_Handler
                0x00000000080048d0                ADC1_2_IRQHandler
                0x00000000080048d0                SPI1_IRQHandler
                0x00000000080048d0                CAN_SCE_IRQHandler
                0x00000000080048d0                TIM6_DAC_IRQHandler
                0x00000000080048d0                TIM8_UP_IRQHandler
                0x00000000080048d0                DMA1_Channel4_IRQHandler
                0x00000000080048d0                TIM20_TRG_COM_IRQHandler
                0x00000000080048d0                USART3_IRQHandler
                0x00000000080048d0                DMA1_Channel7_IRQHandler
                0x00000000080048d0                UART5_IRQHandler
                0x00000000080048d0                ADC3_IRQHandler
                0x00000000080048d0                TIM4_IRQHandler
                0x00000000080048d0                CAN_RX1_IRQHandler
                0x00000000080048d0                I2C1_EV_IRQHandler
                0x00000000080048d0                DMA1_Channel6_IRQHandler
                0x00000000080048d0                UART4_IRQHandler
                0x00000000080048d0                DMA2_Channel4_IRQHandler
                0x00000000080048d0                TIM3_IRQHandler
                0x00000000080048d0                RCC_IRQHandler
                0x00000000080048d0                TIM20_UP_IRQHandler
                0x00000000080048d0                Default_Handler
                0x00000000080048d0                USBWakeUp_RMP_IRQHandler
                0x00000000080048d0                EXTI15_10_IRQHandler
                0x00000000080048d0                TIM7_IRQHandler
                0x00000000080048d0                I2C3_EV_IRQHandler
                0x00000000080048d0                EXTI9_5_IRQHandler
                0x00000000080048d0                RTC_WKUP_IRQHandler
                0x00000000080048d0                SPI2_IRQHandler
                0x00000000080048d0                USB_LP_CAN_RX0_IRQHandler
                0x00000000080048d0                MemManage_Handler
                0x00000000080048d0                SVC_Handler
                0x00000000080048d0                DMA1_Channel5_IRQHandler
                0x00000000080048d0                USB_LP_IRQHandler
                0x00000000080048d0                EXTI4_IRQHandler
                0x00000000080048d0                TIM1_TRG_COM_TIM17_IRQHandler
                0x00000000080048d0                DMA1_Channel3_IRQHandler
                0x00000000080048d0                ADC4_IRQHandler
                0x00000000080048d0                WWDG_IRQHandler
                0x00000000080048d0                TIM2_IRQHandler
                0x00000000080048d0                COMP7_IRQHandler
                0x00000000080048d0                COMP1_2_3_IRQHandler
                0x00000000080048d0                EXTI1_IRQHandler
                0x00000000080048d0                USART2_IRQHandler
                0x00000000080048d0                COMP4_5_6_IRQHandler
                0x00000000080048d0                TIM20_BRK_IRQHandler
                0x00000000080048d0                I2C2_ER_IRQHandler
                0x00000000080048d0                DMA1_Channel2_IRQHandler
                0x00000000080048d0                TIM8_BRK_IRQHandler
                0x00000000080048d0                FLASH_IRQHandler
                0x00000000080048d0                TIM20_CC_IRQHandler
                0x00000000080048d0                BusFault_Handler
                0x00000000080048d0                USART1_IRQHandler
                0x00000000080048d0                SPI3_IRQHandler
                0x00000000080048d0                I2C1_ER_IRQHandler
                0x00000000080048d0                FMC_IRQHandler
                0x00000000080048d0                USBWakeUp_IRQHandler
                0x00000000080048d0                DMA2_Channel3_IRQHandler
                0x00000000080048d0                EXTI2_TSC_IRQHandler
                0x00000000080048d0                TIM1_BRK_TIM15_IRQHandler
 *fill*         0x00000000080048d2        0x2 
 .text.__libc_init_array
                0x00000000080048d4       0x4c /usr/lib/gcc/arm-none-eabi/4.9.3/../../../arm-none-eabi/lib/armv7e-m/fpu/libc_nano.a(lib_a-init.o)
                0x00000000080048d4                __libc_init_array
 .text.memset   0x0000000008004920       0x10 /usr/lib/gcc/arm-none-eabi/4.9.3/../../../arm-none-eabi/lib/armv7e-m/fpu/libc_nano.a(lib_a-memset.o)
                0x0000000008004920                memset
 .text.__cvt    0x0000000008004930       0xc4 /usr/lib/gcc/arm-none-eabi/4.9.3/../../../arm-none-eabi/lib/armv7e-m/fpu/libc_nano.a(lib_a-nano-vfprintf_float.o)
                0x0000000008004930                __cvt
 .text.__exponent
                0x00000000080049f4       0x60 /usr/lib/gcc/arm-none-eabi/4.9.3/../../../arm-none-eabi/lib/armv7e-m/fpu/libc_nano.a(lib_a-nano-vfprintf_float.o)
                0x00000000080049f4                __exponent
 .text._printf_float
                0x0000000008004a54      0x47c /usr/lib/gcc/arm-none-eabi/4.9.3/../../../arm-none-eabi/lib/armv7e-m/fpu/libc_nano.a(lib_a-nano-vfprintf_float.o)
                0x0000000008004a54                _printf_float
 .text._printf_common
                0x0000000008004ed0       0xea /usr/lib/gcc/arm-none-eabi/4.9.3/../../../arm-none-eabi/lib/armv7e-m/fpu/libc_nano.a(lib_a-nano-vfprintf_i.o)
                0x0000000008004ed0                _printf_common
 *fill*         0x0000000008004fba        0x2 
 .text._printf_i
                0x0000000008004fbc      0x240 /usr/lib/gcc/arm-none-eabi/4.9.3/../../../arm-none-eabi/lib/armv7e-m/fpu/libc_nano.a(lib_a-nano-vfprintf_i.o)
                0x0000000008004fbc                _printf_i
 .text.__fpclassifyd
                0x00000000080051fc       0x58 /usr/lib/gcc/arm-none-eabi/4.9.3/../../../arm-none-eabi/lib/armv7e-m/fpu/libc_nano.a(lib_a-s_fpclassify.o)
                0x00000000080051fc                __fpclassifyd
 .text.snprintf
                0x0000000008005254       0x64 /usr/lib/gcc/arm-none-eabi/4.9.3/../../../arm-none-eabi/lib/armv7e-m/fpu/libc_nano.a(lib_a-snprintf.o)
                0x0000000008005254                snprintf
                0x0000000008005254                sniprintf
 .text.strlen   0x00000000080052b8       0x10 /usr/lib/gcc/arm-none-eabi/4.9.3/../../../arm-none-eabi/lib/armv7e-m/fpu/libc_nano.a(lib_a-strlen.o)
                0x00000000080052b8                strlen
 .text.quorem   0x00000000080052c8      0x11a /usr/lib/gcc/arm-none-eabi/4.9.3/../../../arm-none-eabi/lib/armv7e-m/fpu/libc_nano.a(lib_a-dtoa.o)
 *fill*         0x00000000080053e2        0x6 
 .text._dtoa_r  0x00000000080053e8      0xb80 /usr/lib/gcc/arm-none-eabi/4.9.3/../../../arm-none-eabi/lib/armv7e-m/fpu/libc_nano.a(lib_a-dtoa.o)
                0x00000000080053e8                _dtoa_r
 .text._localeconv_r
                0x0000000008005f68        0x8 /usr/lib/gcc/arm-none-eabi/4.9.3/../../../arm-none-eabi/lib/armv7e-m/fpu/libc_nano.a(lib_a-locale.o)
                0x0000000008005f68                _localeconv_r
 .text.malloc   0x0000000008005f70       0x10 /usr/lib/gcc/arm-none-eabi/4.9.3/../../../arm-none-eabi/lib/armv7e-m/fpu/libc_nano.a(lib_a-malloc.o)
                0x0000000008005f70                malloc
 .text.memchr   0x0000000008005f80       0x1e /usr/lib/gcc/arm-none-eabi/4.9.3/../../../arm-none-eabi/lib/armv7e-m/fpu/libc_nano.a(lib_a-memchr.o)
                0x0000000008005f80                memchr
 .text.memcpy   0x0000000008005f9e       0x16 /usr/lib/gcc/arm-none-eabi/4.9.3/../../../arm-none-eabi/lib/armv7e-m/fpu/libc_nano.a(lib_a-memcpy.o)
                0x0000000008005f9e                memcpy
 .text._Balloc  0x0000000008005fb4       0x6a /usr/lib/gcc/arm-none-eabi/4.9.3/../../../arm-none-eabi/lib/armv7e-m/fpu/libc_nano.a(lib_a-mprec.o)
                0x0000000008005fb4                _Balloc
 .text._Bfree   0x000000000800601e       0x2e /usr/lib/gcc/arm-none-eabi/4.9.3/../../../arm-none-eabi/lib/armv7e-m/fpu/libc_nano.a(lib_a-mprec.o)
                0x000000000800601e                _Bfree
 .text.__multadd
                0x000000000800604c       0x7c /usr/lib/gcc/arm-none-eabi/4.9.3/../../../arm-none-eabi/lib/armv7e-m/fpu/libc_nano.a(lib_a-mprec.o)
                0x000000000800604c                __multadd
 .text.__hi0bits
                0x00000000080060c8       0x40 /usr/lib/gcc/arm-none-eabi/4.9.3/../../../arm-none-eabi/lib/armv7e-m/fpu/libc_nano.a(lib_a-mprec.o)
                0x00000000080060c8                __hi0bits
 .text.__lo0bits
                0x0000000008006108       0x5a /usr/lib/gcc/arm-none-eabi/4.9.3/../../../arm-none-eabi/lib/armv7e-m/fpu/libc_nano.a(lib_a-mprec.o)
                0x0000000008006108                __lo0bits
 .text.__i2b    0x0000000008006162       0x12 /usr/lib/gcc/arm-none-eabi/4.9.3/../../../arm-none-eabi/lib/armv7e-m/fpu/libc_nano.a(lib_a-mprec.o)
                0x0000000008006162                __i2b
 .text.__multiply
                0x0000000008006174      0x122 /usr/lib/gcc/arm-none-eabi/4.9.3/../../../arm-none-eabi/lib/armv7e-m/fpu/libc_nano.a(lib_a-mprec.o)
                0x0000000008006174                __multiply
 *fill*         0x0000000008006296        0x2 
 .text.__pow5mult
                0x0000000008006298       0x9c /usr/lib/gcc/arm-none-eabi/4.9.3/../../../arm-none-eabi/lib/armv7e-m/fpu/libc_nano.a(lib_a-mprec.o)
                0x0000000008006298                __pow5mult
 .text.__lshift
                0x0000000008006334       0xa6 /usr/lib/gcc/arm-none-eabi/4.9.3/../../../arm-none-eabi/lib/armv7e-m/fpu/libc_nano.a(lib_a-mprec.o)
                0x0000000008006334                __lshift
 .text.__mcmp   0x00000000080063da       0x38 /usr/lib/gcc/arm-none-eabi/4.9.3/../../../arm-none-eabi/lib/armv7e-m/fpu/libc_nano.a(lib_a-mprec.o)
                0x00000000080063da                __mcmp
 .text.__mdiff  0x0000000008006412       0xbe /usr/lib/gcc/arm-none-eabi/4.9.3/../../../arm-none-eabi/lib/armv7e-m/fpu/libc_nano.a(lib_a-mprec.o)
                0x0000000008006412                __mdiff
 .text.__d2b    0x00000000080064d0       0xa4 /usr/lib/gcc/arm-none-eabi/4.9.3/../../../arm-none-eabi/lib/armv7e-m/fpu/libc_nano.a(lib_a-mprec.o)
                0x00000000080064d0                __d2b
 .text._calloc_r
                0x0000000008006574       0x1c /usr/lib/gcc/arm-none-eabi/4.9.3/../../../arm-none-eabi/lib/armv7e-m/fpu/libc_nano.a(lib_a-nano-callocr.o)
                0x0000000008006574                _calloc_r
 .text._free_r  0x0000000008006590       0x88 /usr/lib/gcc/arm-none-eabi/4.9.3/../../../arm-none-eabi/lib/armv7e-m/fpu/libc_nano.a(lib_a-nano-freer.o)
                0x0000000008006590                _free_r
 .text._malloc_r
                0x0000000008006618       0xac /usr/lib/gcc/arm-none-eabi/4.9.3/../../../arm-none-eabi/lib/armv7e-m/fpu/libc_nano.a(lib_a-nano-mallocr.o)
                0x0000000008006618                _malloc_r
 .text.__ssputs_r
                0x00000000080066c4       0xb2 /usr/lib/gcc/arm-none-eabi/4.9.3/../../../arm-none-eabi/lib/armv7e-m/fpu/libc_nano.a(lib_a-nano-svfprintf.o)
                0x00000000080066c4                __ssputs_r
 *fill*         0x0000000008006776        0x2 
 .text._svfprintf_r
                0x0000000008006778      0x1e4 /usr/lib/gcc/arm-none-eabi/4.9.3/../../../arm-none-eabi/lib/armv7e-m/fpu/libc_nano.a(lib_a-nano-svfprintf.o)
                0x0000000008006778                _svfprintf_r
                0x0000000008006778                _svfiprintf_r
 .text._sbrk_r  0x000000000800695c       0x20 /usr/lib/gcc/arm-none-eabi/4.9.3/../../../arm-none-eabi/lib/armv7e-m/fpu/libc_nano.a(lib_a-sbrkr.o)
                0x000000000800695c                _sbrk_r
 .text.memmove  0x000000000800697c       0x36 /usr/lib/gcc/arm-none-eabi/4.9.3/../../../arm-none-eabi/lib/armv7e-m/fpu/libc_nano.a(lib_a-memmove.o)
                0x000000000800697c                memmove
 .text._realloc_r
                0x00000000080069b2       0x4c /usr/lib/gcc/arm-none-eabi/4.9.3/../../../arm-none-eabi/lib/armv7e-m/fpu/libc_nano.a(lib_a-nano-reallocr.o)
                0x00000000080069b2                _realloc_r
 .text._malloc_usable_size_r
                0x00000000080069fe       0x14 /usr/lib/gcc/arm-none-eabi/4.9.3/../../../arm-none-eabi/lib/armv7e-m/fpu/libc_nano.a(lib_a-nano-msizer.o)
                0x00000000080069fe                _malloc_usable_size_r
 *fill*         0x0000000008006a12        0x2 
 .text.sqrt     0x0000000008006a14       0xbc /usr/lib/gcc/arm-none-eabi/4.9.3/../../../arm-none-eabi/lib/armv7e-m/fpu/libm.a(lib_a-w_sqrt.o)
                0x0000000008006a14                sqrt
 .text.__ieee754_sqrt
                0x0000000008006ad0      0x1a8 /usr/lib/gcc/arm-none-eabi/4.9.3/../../../arm-none-eabi/lib/armv7e-m/fpu/libm.a(lib_a-e_sqrt.o)
                0x0000000008006ad0                __ieee754_sqrt
 .text.matherr  0x0000000008006c78        0x4 /usr/lib/gcc/arm-none-eabi/4.9.3/../../../arm-none-eabi/lib/armv7e-m/fpu/libm.a(lib_a-s_matherr.o)
                0x0000000008006c78                matherr
 .text._sbrk    0x0000000008006c7c       0x1c /usr/lib/gcc/arm-none-eabi/4.9.3/../../../arm-none-eabi/lib/armv7e-m/fpu/libnosys.a(sbrk.o)
                0x0000000008006c7c                _sbrk
 .text.__errno  0x0000000008006c98        0xc /usr/lib/gcc/arm-none-eabi/4.9.3/../../../arm-none-eabi/lib/armv7e-m/fpu/libc_nano.a(lib_a-errno.o)
                0x0000000008006c98                __errno
 *(.glue_7)
 .glue_7        0x0000000008006ca4        0x0 linker stubs
 *(.glue_7t)
 .glue_7t       0x0000000008006ca4        0x0 linker stubs
 *(.eh_frame)
 .eh_frame      0x0000000008006ca4        0x0 /usr/lib/gcc/arm-none-eabi/4.9.3/armv7e-m/fpu/crtbegin.o
 *(.init)
 .init          0x0000000008006ca4        0x4 /usr/lib/gcc/arm-none-eabi/4.9.3/armv7e-m/fpu/crti.o
                0x0000000008006ca4                _init
 .init          0x0000000008006ca8        0x8 /usr/lib/gcc/arm-none-eabi/4.9.3/armv7e-m/fpu/crtn.o
 *(.fini)
 .fini          0x0000000008006cb0        0x4 /usr/lib/gcc/arm-none-eabi/4.9.3/armv7e-m/fpu/crti.o
                0x0000000008006cb0                _fini
 .fini          0x0000000008006cb4        0x8 /usr/lib/gcc/arm-none-eabi/4.9.3/armv7e-m/fpu/crtn.o
                0x0000000008006cbc                . = ALIGN (0x4)
                0x0000000008006cbc                _etext = .

.vfp11_veneer   0x0000000008006cbc        0x0
 .vfp11_veneer  0x0000000008006cbc        0x0 linker stubs

.v4_bx          0x0000000008006cbc        0x0
 .v4_bx         0x0000000008006cbc        0x0 linker stubs

.iplt           0x0000000008006cbc        0x0
 .iplt          0x0000000008006cbc        0x0 /usr/lib/gcc/arm-none-eabi/4.9.3/armv7e-m/fpu/crtbegin.o

.rodata         0x0000000008006cc0      0x2c8
                0x0000000008006cc0                . = ALIGN (0x4)
 *(.rodata)
 *(.rodata*)
 .rodata.str1.4
                0x0000000008006cc0       0x5a build/adc.o
 *fill*         0x0000000008006d1a        0x2 
 .rodata.str1.4
                0x0000000008006d1c       0x40 build/power.o
 .rodata.ICAL   0x0000000008006d5c       0x10 build/power.o
                0x0000000008006d5c                ICAL
 .rodata.str1.4
                0x0000000008006d6c        0xc build/usart.o
 .rodata.str1.4
                0x0000000008006d78       0x63 build/main.o
 *fill*         0x0000000008006ddb        0x1 
 .rodata.AHBPrescTable
                0x0000000008006ddc       0x10 build/system_stm32f3xx.o
                0x0000000008006ddc                AHBPrescTable
 .rodata.APBPrescTable
                0x0000000008006dec        0x8 build/system_stm32f3xx.o
                0x0000000008006dec                APBPrescTable
 .rodata.str1.4
                0x0000000008006df4        0xa build/tim.o
 *fill*         0x0000000008006dfe        0x2 
 .rodata.aPredivFactorTable
                0x0000000008006e00       0x10 build/stm32f3xx_hal_rcc.o
                0x0000000008006e00                aPredivFactorTable
 .rodata.aPLLMULFactorTable
                0x0000000008006e10       0x10 build/stm32f3xx_hal_rcc.o
                0x0000000008006e10                aPLLMULFactorTable
 .rodata.str1.1
                0x0000000008006e20        0x2 /usr/lib/gcc/arm-none-eabi/4.9.3/../../../arm-none-eabi/lib/armv7e-m/fpu/libc_nano.a(lib_a-impure.o)
 .rodata.str1.1
                0x0000000008006e22       0x12 /usr/lib/gcc/arm-none-eabi/4.9.3/../../../arm-none-eabi/lib/armv7e-m/fpu/libc_nano.a(lib_a-nano-vfprintf_float.o)
 .rodata.str1.1
                0x0000000008006e34       0x22 /usr/lib/gcc/arm-none-eabi/4.9.3/../../../arm-none-eabi/lib/armv7e-m/fpu/libc_nano.a(lib_a-nano-vfprintf_i.o)
 .rodata.str1.1
                0x0000000008006e56        0xd /usr/lib/gcc/arm-none-eabi/4.9.3/../../../arm-none-eabi/lib/armv7e-m/fpu/libc_nano.a(lib_a-dtoa.o)
                                          0xf (size before relaxing)
 .rodata.str1.1
                0x0000000008006e63        0x8 /usr/lib/gcc/arm-none-eabi/4.9.3/../../../arm-none-eabi/lib/armv7e-m/fpu/libc_nano.a(lib_a-locale.o)
                                          0xb (size before relaxing)
 *fill*         0x0000000008006e6b        0x5 
 .rodata.__mprec_tens
                0x0000000008006e70       0xc8 /usr/lib/gcc/arm-none-eabi/4.9.3/../../../arm-none-eabi/lib/armv7e-m/fpu/libc_nano.a(lib_a-mprec.o)
                0x0000000008006e70                __mprec_tens
 .rodata.__mprec_bigtens
                0x0000000008006f38       0x28 /usr/lib/gcc/arm-none-eabi/4.9.3/../../../arm-none-eabi/lib/armv7e-m/fpu/libc_nano.a(lib_a-mprec.o)
                0x0000000008006f38                __mprec_bigtens
 .rodata.p05.5314
                0x0000000008006f60        0xc /usr/lib/gcc/arm-none-eabi/4.9.3/../../../arm-none-eabi/lib/armv7e-m/fpu/libc_nano.a(lib_a-mprec.o)
 .rodata.str1.1
                0x0000000008006f6c       0x11 /usr/lib/gcc/arm-none-eabi/4.9.3/../../../arm-none-eabi/lib/armv7e-m/fpu/libc_nano.a(lib_a-nano-svfprintf.o)
 *fill*         0x0000000008006f7d        0x3 
 .rodata.str1.4
                0x0000000008006f80        0x8 /usr/lib/gcc/arm-none-eabi/4.9.3/../../../arm-none-eabi/lib/armv7e-m/fpu/libm.a(lib_a-w_sqrt.o)
                0x0000000008006f88                . = ALIGN (0x4)

.rel.dyn        0x0000000008006f88        0x0
 .rel.iplt      0x0000000008006f88        0x0 /usr/lib/gcc/arm-none-eabi/4.9.3/armv7e-m/fpu/crtbegin.o

.ARM.extab
 *(.ARM.extab* .gnu.linkonce.armextab.*)

.ARM            0x0000000008006f88        0x0
                0x0000000008006f88                __exidx_start = .
 *(.ARM.exidx*)
                0x0000000008006f88                __exidx_end = .

.preinit_array  0x0000000008006f88        0x0
                0x0000000008006f88                PROVIDE (__preinit_array_start, .)
 *(.preinit_array*)
                0x0000000008006f88                PROVIDE (__preinit_array_end, .)

.init_array     0x0000000008006f88        0x4
                0x0000000008006f88                PROVIDE (__init_array_start, .)
 *(SORT(.init_array.*))
 *(.init_array*)
 .init_array    0x0000000008006f88        0x4 /usr/lib/gcc/arm-none-eabi/4.9.3/armv7e-m/fpu/crtbegin.o
                0x0000000008006f8c                PROVIDE (__init_array_end, .)

.fini_array     0x0000000008006f8c        0x4
                0x0000000008006f8c                PROVIDE (__fini_array_start, .)
 *(SORT(.fini_array.*))
 *(.fini_array*)
 .fini_array    0x0000000008006f8c        0x4 /usr/lib/gcc/arm-none-eabi/4.9.3/armv7e-m/fpu/crtbegin.o
                0x0000000008006f90                PROVIDE (__fini_array_end, .)
                0x0000000008006f90                _sidata = LOADADDR (.data)

.data           0x0000000020000000       0xa4 load address 0x0000000008006f90
                0x0000000020000000                . = ALIGN (0x4)
                0x0000000020000000                _sdata = .
 *(.data)
 *(.data*)
 .data.SystemCoreClock
                0x0000000020000000        0x4 build/system_stm32f3xx.o
                0x0000000020000000                SystemCoreClock
 .data.impure_data
                0x0000000020000004       0x60 /usr/lib/gcc/arm-none-eabi/4.9.3/../../../arm-none-eabi/lib/armv7e-m/fpu/libc_nano.a(lib_a-impure.o)
 .data._impure_ptr
                0x0000000020000064        0x4 /usr/lib/gcc/arm-none-eabi/4.9.3/../../../arm-none-eabi/lib/armv7e-m/fpu/libc_nano.a(lib_a-impure.o)
                0x0000000020000064                _impure_ptr
 .data.lconv    0x0000000020000068       0x38 /usr/lib/gcc/arm-none-eabi/4.9.3/../../../arm-none-eabi/lib/armv7e-m/fpu/libc_nano.a(lib_a-locale.o)
 .data.__fdlib_version
                0x00000000200000a0        0x1 /usr/lib/gcc/arm-none-eabi/4.9.3/../../../arm-none-eabi/lib/armv7e-m/fpu/libm.a(lib_a-s_lib_ver.o)
                0x00000000200000a0                __fdlib_version
                0x00000000200000a4                . = ALIGN (0x4)
 *fill*         0x00000000200000a1        0x3 
                0x00000000200000a4                _edata = .
                0x0000000008007034                _siccmram = LOADADDR (.ccmram)

.jcr            0x00000000200000a4        0x0 load address 0x0000000008007034
 .jcr           0x00000000200000a4        0x0 /usr/lib/gcc/arm-none-eabi/4.9.3/armv7e-m/fpu/crtbegin.o

.tm_clone_table
                0x00000000200000a4        0x0 load address 0x0000000008007034
 .tm_clone_table
                0x00000000200000a4        0x0 /usr/lib/gcc/arm-none-eabi/4.9.3/armv7e-m/fpu/crtbegin.o
 .tm_clone_table
                0x00000000200000a4        0x0 /usr/lib/gcc/arm-none-eabi/4.9.3/armv7e-m/fpu/crtend.o

.igot.plt       0x00000000200000a4        0x0 load address 0x0000000008007034
 .igot.plt      0x00000000200000a4        0x0 /usr/lib/gcc/arm-none-eabi/4.9.3/armv7e-m/fpu/crtbegin.o

.ccmram         0x0000000010000000        0x0 load address 0x0000000008007034
                0x0000000010000000                . = ALIGN (0x4)
                0x0000000010000000                _sccmram = .
 *(.ccmram)
 *(.ccmram*)
                0x0000000010000000                . = ALIGN (0x4)
                0x0000000010000000                _eccmram = .
                0x0000000010000000                . = ALIGN (0x4)

.bss            0x00000000200000a4     0x1114
                0x00000000200000a4                _sbss = .
                0x00000000200000a4                __bss_start__ = _sbss
 *(.bss)
 .bss           0x00000000200000a4       0x1c /usr/lib/gcc/arm-none-eabi/4.9.3/armv7e-m/fpu/crtbegin.o
 *(.bss*)
 .bss.HAL_RCC_ADC12_CLK_ENABLED
                0x00000000200000c0        0x4 build/adc.o
 .bss.HAL_RCC_ADC34_CLK_ENABLED
                0x00000000200000c4        0x4 build/adc.o
 .bss.isr_index
                0x00000000200000c8        0x4 build/adc.o
 .bss.adc_dma_buff
                0x00000000200000cc      0xc80 build/adc.o
 .bss.vol_power_stats
                0x0000000020000d4c       0x70 build/power.o
 .bss.intvl_power_stats
                0x0000000020000dbc       0x70 build/power.o
 .bss.last_readout
                0x0000000020000e2c        0x4 build/main.o
 .bss.__malloc_sbrk_start
                0x0000000020000e30        0x4 /usr/lib/gcc/arm-none-eabi/4.9.3/../../../arm-none-eabi/lib/armv7e-m/fpu/libc_nano.a(lib_a-nano-mallocr.o)
                0x0000000020000e30                __malloc_sbrk_start
 .bss.__malloc_free_list
                0x0000000020000e34        0x4 /usr/lib/gcc/arm-none-eabi/4.9.3/../../../arm-none-eabi/lib/armv7e-m/fpu/libc_nano.a(lib_a-nano-mallocr.o)
                0x0000000020000e34                __malloc_free_list
 .bss.heap_end.4079
                0x0000000020000e38        0x4 /usr/lib/gcc/arm-none-eabi/4.9.3/../../../arm-none-eabi/lib/armv7e-m/fpu/libnosys.a(sbrk.o)
 *(COMMON)
 COMMON         0x0000000020000e3c      0x260 build/adc.o
                0x0000000020000e3c                hdma_adc4
                0x0000000020000e80                hadc2
                0x0000000020000ed4                hdma_adc3
                0x0000000020000f18                hadc1
                0x0000000020000f6c                hadc3
                0x0000000020000fc0                hdma_adc1
                0x0000000020001004                hadc4
                0x0000000020001058                hdma_adc2
 COMMON         0x000000002000109c       0x70 build/usart.o
                0x000000002000109c                huart2
 COMMON         0x000000002000110c       0x64 build/main.o
                0x000000002000110c                log_buffer
 COMMON         0x0000000020001170       0x40 build/tim.o
                0x0000000020001170                htim8
 COMMON         0x00000000200011b0        0x4 build/stm32f3xx_hal.o
                0x00000000200011b0                uwTick
 COMMON         0x00000000200011b4        0x4 /usr/lib/gcc/arm-none-eabi/4.9.3/../../../arm-none-eabi/lib/armv7e-m/fpu/libc_nano.a(lib_a-reent.o)
                0x00000000200011b4                errno
                0x00000000200011b8                . = ALIGN (0x4)
                0x00000000200011b8                _ebss = .
                0x00000000200011b8                __bss_end__ = _ebss

._user_heap_stack
                0x00000000200011b8      0x600
                0x00000000200011b8                . = ALIGN (0x8)
                0x00000000200011b8                PROVIDE (end, .)
                [!provide]                        PROVIDE (_end, .)
                0x00000000200013b8                . = (. + _Min_Heap_Size)
 *fill*         0x00000000200011b8      0x200 
                0x00000000200017b8                . = (. + _Min_Stack_Size)
 *fill*         0x00000000200013b8      0x400 
                0x00000000200017b8                . = ALIGN (0x8)

/DISCARD/
 libc.a(*)
 libm.a(*)
 libgcc.a(*)

.ARM.attributes
                0x0000000000000000       0x30
 *(.ARM.attributes)
 .ARM.attributes
                0x0000000000000000       0x22 /usr/lib/gcc/arm-none-eabi/4.9.3/armv7e-m/fpu/crti.o
 .ARM.attributes
                0x0000000000000022       0x34 /usr/lib/gcc/arm-none-eabi/4.9.3/armv7e-m/fpu/crtbegin.o
 .ARM.attributes
                0x0000000000000056       0x39 build/adc.o
 .ARM.attributes
                0x000000000000008f       0x39 build/power.o
 .ARM.attributes
                0x00000000000000c8       0x39 build/stm32f3xx_hal_msp.o
 .ARM.attributes
                0x0000000000000101       0x39 build/stm32f3xx_hal_uart.o
 .ARM.attributes
                0x000000000000013a       0x39 build/stm32f3xx_hal_adc_ex.o
 .ARM.attributes
                0x0000000000000173       0x39 build/stm32f3xx_hal_adc.o
 .ARM.attributes
                0x00000000000001ac       0x39 build/stm32f3xx_hal_tim.o
 .ARM.attributes
                0x00000000000001e5       0x39 build/stm32f3xx_hal_gpio.o
 .ARM.attributes
                0x000000000000021e       0x39 build/usart.o
 .ARM.attributes
                0x0000000000000257       0x39 build/stm32f3xx_hal_rcc_ex.o
 .ARM.attributes
                0x0000000000000290       0x39 build/gpio.o
 .ARM.attributes
                0x00000000000002c9       0x39 build/stm32f3xx_hal_cortex.o
 .ARM.attributes
                0x0000000000000302       0x39 build/main.o
 .ARM.attributes
                0x000000000000033b       0x39 build/stm32f3xx_it.o
 .ARM.attributes
                0x0000000000000374       0x39 build/stm32f3xx_hal_dma.o
 .ARM.attributes
                0x00000000000003ad       0x39 build/system_stm32f3xx.o
 .ARM.attributes
                0x00000000000003e6       0x39 build/dma.o
 .ARM.attributes
                0x000000000000041f       0x39 build/stm32f3xx_hal_tim_ex.o
 .ARM.attributes
                0x0000000000000458       0x39 build/tim.o
 .ARM.attributes
                0x0000000000000491       0x39 build/stm32f3xx_hal_rcc.o
 .ARM.attributes
                0x00000000000004ca       0x39 build/stm32f3xx_hal.o
 .ARM.attributes
                0x0000000000000503       0x21 build/startup_stm32f303xe.o
 .ARM.attributes
                0x0000000000000524       0x34 /usr/lib/gcc/arm-none-eabi/4.9.3/../../../arm-none-eabi/lib/armv7e-m/fpu/libc_nano.a(lib_a-impure.o)
 .ARM.attributes
                0x0000000000000558       0x34 /usr/lib/gcc/arm-none-eabi/4.9.3/../../../arm-none-eabi/lib/armv7e-m/fpu/libc_nano.a(lib_a-init.o)
 .ARM.attributes
                0x000000000000058c       0x34 /usr/lib/gcc/arm-none-eabi/4.9.3/../../../arm-none-eabi/lib/armv7e-m/fpu/libc_nano.a(lib_a-memset.o)
 .ARM.attributes
                0x00000000000005c0       0x34 /usr/lib/gcc/arm-none-eabi/4.9.3/../../../arm-none-eabi/lib/armv7e-m/fpu/libc_nano.a(lib_a-nano-vfprintf_float.o)
 .ARM.attributes
                0x00000000000005f4       0x34 /usr/lib/gcc/arm-none-eabi/4.9.3/../../../arm-none-eabi/lib/armv7e-m/fpu/libc_nano.a(lib_a-nano-vfprintf_i.o)
 .ARM.attributes
                0x0000000000000628       0x34 /usr/lib/gcc/arm-none-eabi/4.9.3/../../../arm-none-eabi/lib/armv7e-m/fpu/libc_nano.a(lib_a-s_fpclassify.o)
 .ARM.attributes
                0x000000000000065c       0x34 /usr/lib/gcc/arm-none-eabi/4.9.3/../../../arm-none-eabi/lib/armv7e-m/fpu/libc_nano.a(lib_a-snprintf.o)
 .ARM.attributes
                0x0000000000000690       0x34 /usr/lib/gcc/arm-none-eabi/4.9.3/../../../arm-none-eabi/lib/armv7e-m/fpu/libc_nano.a(lib_a-strlen.o)
 .ARM.attributes
                0x00000000000006c4       0x34 /usr/lib/gcc/arm-none-eabi/4.9.3/../../../arm-none-eabi/lib/armv7e-m/fpu/libc_nano.a(lib_a-dtoa.o)
 .ARM.attributes
                0x00000000000006f8       0x34 /usr/lib/gcc/arm-none-eabi/4.9.3/../../../arm-none-eabi/lib/armv7e-m/fpu/libc_nano.a(lib_a-locale.o)
 .ARM.attributes
                0x000000000000072c       0x34 /usr/lib/gcc/arm-none-eabi/4.9.3/../../../arm-none-eabi/lib/armv7e-m/fpu/libc_nano.a(lib_a-malloc.o)
 .ARM.attributes
                0x0000000000000760       0x34 /usr/lib/gcc/arm-none-eabi/4.9.3/../../../arm-none-eabi/lib/armv7e-m/fpu/libc_nano.a(lib_a-memchr.o)
 .ARM.attributes
                0x0000000000000794       0x34 /usr/lib/gcc/arm-none-eabi/4.9.3/../../../arm-none-eabi/lib/armv7e-m/fpu/libc_nano.a(lib_a-memcpy.o)
 .ARM.attributes
                0x00000000000007c8       0x34 /usr/lib/gcc/arm-none-eabi/4.9.3/../../../arm-none-eabi/lib/armv7e-m/fpu/libc_nano.a(lib_a-mprec.o)
 .ARM.attributes
                0x00000000000007fc       0x34 /usr/lib/gcc/arm-none-eabi/4.9.3/../../../arm-none-eabi/lib/armv7e-m/fpu/libc_nano.a(lib_a-nano-callocr.o)
 .ARM.attributes
                0x0000000000000830       0x34 /usr/lib/gcc/arm-none-eabi/4.9.3/../../../arm-none-eabi/lib/armv7e-m/fpu/libc_nano.a(lib_a-nano-freer.o)
 .ARM.attributes
                0x0000000000000864       0x34 /usr/lib/gcc/arm-none-eabi/4.9.3/../../../arm-none-eabi/lib/armv7e-m/fpu/libc_nano.a(lib_a-nano-mallocr.o)
 .ARM.attributes
                0x0000000000000898       0x34 /usr/lib/gcc/arm-none-eabi/4.9.3/../../../arm-none-eabi/lib/armv7e-m/fpu/libc_nano.a(lib_a-nano-svfprintf.o)
 .ARM.attributes
                0x00000000000008cc       0x34 /usr/lib/gcc/arm-none-eabi/4.9.3/../../../arm-none-eabi/lib/armv7e-m/fpu/libc_nano.a(lib_a-sbrkr.o)
 .ARM.attributes
                0x0000000000000900       0x34 /usr/lib/gcc/arm-none-eabi/4.9.3/../../../arm-none-eabi/lib/armv7e-m/fpu/libc_nano.a(lib_a-memmove.o)
 .ARM.attributes
                0x0000000000000934       0x34 /usr/lib/gcc/arm-none-eabi/4.9.3/../../../arm-none-eabi/lib/armv7e-m/fpu/libc_nano.a(lib_a-nano-reallocr.o)
 .ARM.attributes
                0x0000000000000968       0x34 /usr/lib/gcc/arm-none-eabi/4.9.3/../../../arm-none-eabi/lib/armv7e-m/fpu/libc_nano.a(lib_a-reent.o)
 .ARM.attributes
                0x000000000000099c       0x34 /usr/lib/gcc/arm-none-eabi/4.9.3/../../../arm-none-eabi/lib/armv7e-m/fpu/libc_nano.a(lib_a-nano-msizer.o)
 .ARM.attributes
                0x00000000000009d0       0x34 /usr/lib/gcc/arm-none-eabi/4.9.3/../../../arm-none-eabi/lib/armv7e-m/fpu/libm.a(lib_a-w_sqrt.o)
 .ARM.attributes
                0x0000000000000a04       0x34 /usr/lib/gcc/arm-none-eabi/4.9.3/../../../arm-none-eabi/lib/armv7e-m/fpu/libm.a(lib_a-e_sqrt.o)
 .ARM.attributes
                0x0000000000000a38       0x34 /usr/lib/gcc/arm-none-eabi/4.9.3/../../../arm-none-eabi/lib/armv7e-m/fpu/libm.a(lib_a-s_lib_ver.o)
 .ARM.attributes
                0x0000000000000a6c       0x34 /usr/lib/gcc/arm-none-eabi/4.9.3/../../../arm-none-eabi/lib/armv7e-m/fpu/libm.a(lib_a-s_matherr.o)
 .ARM.attributes
                0x0000000000000aa0       0x34 /usr/lib/gcc/arm-none-eabi/4.9.3/../../../arm-none-eabi/lib/armv7e-m/fpu/libnosys.a(sbrk.o)
 .ARM.attributes
                0x0000000000000ad4       0x22 /usr/lib/gcc/arm-none-eabi/4.9.3/armv7e-m/fpu/libgcc.a(_arm_addsubdf3.o)
 .ARM.attributes
                0x0000000000000af6       0x22 /usr/lib/gcc/arm-none-eabi/4.9.3/armv7e-m/fpu/libgcc.a(_arm_muldivdf3.o)
 .ARM.attributes
                0x0000000000000b18       0x22 /usr/lib/gcc/arm-none-eabi/4.9.3/armv7e-m/fpu/libgcc.a(_arm_cmpdf2.o)
 .ARM.attributes
                0x0000000000000b3a       0x22 /usr/lib/gcc/arm-none-eabi/4.9.3/armv7e-m/fpu/libgcc.a(_arm_fixdfsi.o)
 .ARM.attributes
                0x0000000000000b5c       0x22 /usr/lib/gcc/arm-none-eabi/4.9.3/armv7e-m/fpu/libgcc.a(_arm_truncdfsf2.o)
 .ARM.attributes
                0x0000000000000b7e       0x34 /usr/lib/gcc/arm-none-eabi/4.9.3/../../../arm-none-eabi/lib/armv7e-m/fpu/libc_nano.a(lib_a-errno.o)
 .ARM.attributes
                0x0000000000000bb2       0x34 /usr/lib/gcc/arm-none-eabi/4.9.3/armv7e-m/fpu/crtend.o
 .ARM.attributes
                0x0000000000000be6       0x22 /usr/lib/gcc/arm-none-eabi/4.9.3/armv7e-m/fpu/crtn.o
OUTPUT(build/emonTxshield.elf elf32-littlearm)

.comment        0x0000000000000000       0x70
 .comment       0x0000000000000000       0x38 /usr/lib/gcc/arm-none-eabi/4.9.3/armv7e-m/fpu/crtbegin.o
                                         0x39 (size before relaxing)
 .comment       0x0000000000000038       0x39 build/adc.o
 .comment       0x0000000000000038       0x39 build/power.o
 .comment       0x0000000000000038       0x39 build/stm32f3xx_hal_msp.o
 .comment       0x0000000000000038       0x39 build/stm32f3xx_hal_uart.o
 .comment       0x0000000000000038       0x39 build/stm32f3xx_hal_adc_ex.o
 .comment       0x0000000000000038       0x39 build/stm32f3xx_hal_adc.o
 .comment       0x0000000000000038       0x39 build/stm32f3xx_hal_tim.o
 .comment       0x0000000000000038       0x39 build/stm32f3xx_hal_gpio.o
 .comment       0x0000000000000038       0x39 build/usart.o
 .comment       0x0000000000000038       0x39 build/stm32f3xx_hal_rcc_ex.o
 .comment       0x0000000000000038       0x39 build/gpio.o
 .comment       0x0000000000000038       0x39 build/stm32f3xx_hal_cortex.o
 .comment       0x0000000000000038       0x39 build/main.o
 .comment       0x0000000000000038       0x39 build/stm32f3xx_it.o
 .comment       0x0000000000000038       0x39 build/stm32f3xx_hal_dma.o
 .comment       0x0000000000000038       0x39 build/system_stm32f3xx.o
 .comment       0x0000000000000038       0x39 build/dma.o
 .comment       0x0000000000000038       0x39 build/stm32f3xx_hal_tim_ex.o
 .comment       0x0000000000000038       0x39 build/tim.o
 .comment       0x0000000000000038       0x39 build/stm32f3xx_hal_rcc.o
 .comment       0x0000000000000038       0x39 build/stm32f3xx_hal.o
 .comment       0x0000000000000038       0x38 /usr/lib/gcc/arm-none-eabi/4.9.3/../../../arm-none-eabi/lib/armv7e-m/fpu/libc_nano.a(lib_a-impure.o)
                                         0x39 (size before relaxing)
 .comment       0x0000000000000070       0x39 /usr/lib/gcc/arm-none-eabi/4.9.3/../../../arm-none-eabi/lib/armv7e-m/fpu/libc_nano.a(lib_a-init.o)
 .comment       0x0000000000000070       0x39 /usr/lib/gcc/arm-none-eabi/4.9.3/../../../arm-none-eabi/lib/armv7e-m/fpu/libc_nano.a(lib_a-memset.o)
 .comment       0x0000000000000070       0x39 /usr/lib/gcc/arm-none-eabi/4.9.3/../../../arm-none-eabi/lib/armv7e-m/fpu/libc_nano.a(lib_a-nano-vfprintf_float.o)
 .comment       0x0000000000000070       0x39 /usr/lib/gcc/arm-none-eabi/4.9.3/../../../arm-none-eabi/lib/armv7e-m/fpu/libc_nano.a(lib_a-nano-vfprintf_i.o)
 .comment       0x0000000000000070       0x39 /usr/lib/gcc/arm-none-eabi/4.9.3/../../../arm-none-eabi/lib/armv7e-m/fpu/libc_nano.a(lib_a-s_fpclassify.o)
 .comment       0x0000000000000070       0x39 /usr/lib/gcc/arm-none-eabi/4.9.3/../../../arm-none-eabi/lib/armv7e-m/fpu/libc_nano.a(lib_a-snprintf.o)
 .comment       0x0000000000000070       0x39 /usr/lib/gcc/arm-none-eabi/4.9.3/../../../arm-none-eabi/lib/armv7e-m/fpu/libc_nano.a(lib_a-strlen.o)
 .comment       0x0000000000000070       0x39 /usr/lib/gcc/arm-none-eabi/4.9.3/../../../arm-none-eabi/lib/armv7e-m/fpu/libc_nano.a(lib_a-dtoa.o)
 .comment       0x0000000000000070       0x39 /usr/lib/gcc/arm-none-eabi/4.9.3/../../../arm-none-eabi/lib/armv7e-m/fpu/libc_nano.a(lib_a-locale.o)
 .comment       0x0000000000000070       0x39 /usr/lib/gcc/arm-none-eabi/4.9.3/../../../arm-none-eabi/lib/armv7e-m/fpu/libc_nano.a(lib_a-malloc.o)
 .comment       0x0000000000000070       0x39 /usr/lib/gcc/arm-none-eabi/4.9.3/../../../arm-none-eabi/lib/armv7e-m/fpu/libc_nano.a(lib_a-memchr.o)
 .comment       0x0000000000000070       0x39 /usr/lib/gcc/arm-none-eabi/4.9.3/../../../arm-none-eabi/lib/armv7e-m/fpu/libc_nano.a(lib_a-memcpy.o)
 .comment       0x0000000000000070       0x39 /usr/lib/gcc/arm-none-eabi/4.9.3/../../../arm-none-eabi/lib/armv7e-m/fpu/libc_nano.a(lib_a-mprec.o)
 .comment       0x0000000000000070       0x39 /usr/lib/gcc/arm-none-eabi/4.9.3/../../../arm-none-eabi/lib/armv7e-m/fpu/libc_nano.a(lib_a-nano-callocr.o)
 .comment       0x0000000000000070       0x39 /usr/lib/gcc/arm-none-eabi/4.9.3/../../../arm-none-eabi/lib/armv7e-m/fpu/libc_nano.a(lib_a-nano-freer.o)
 .comment       0x0000000000000070       0x39 /usr/lib/gcc/arm-none-eabi/4.9.3/../../../arm-none-eabi/lib/armv7e-m/fpu/libc_nano.a(lib_a-nano-mallocr.o)
 .comment       0x0000000000000070       0x39 /usr/lib/gcc/arm-none-eabi/4.9.3/../../../arm-none-eabi/lib/armv7e-m/fpu/libc_nano.a(lib_a-nano-svfprintf.o)
 .comment       0x0000000000000070       0x39 /usr/lib/gcc/arm-none-eabi/4.9.3/../../../arm-none-eabi/lib/armv7e-m/fpu/libc_nano.a(lib_a-sbrkr.o)
 .comment       0x0000000000000070       0x39 /usr/lib/gcc/arm-none-eabi/4.9.3/../../../arm-none-eabi/lib/armv7e-m/fpu/libc_nano.a(lib_a-memmove.o)
 .comment       0x0000000000000070       0x39 /usr/lib/gcc/arm-none-eabi/4.9.3/../../../arm-none-eabi/lib/armv7e-m/fpu/libc_nano.a(lib_a-nano-reallocr.o)
 .comment       0x0000000000000070       0x39 /usr/lib/gcc/arm-none-eabi/4.9.3/../../../arm-none-eabi/lib/armv7e-m/fpu/libc_nano.a(lib_a-reent.o)
 .comment       0x0000000000000070       0x39 /usr/lib/gcc/arm-none-eabi/4.9.3/../../../arm-none-eabi/lib/armv7e-m/fpu/libc_nano.a(lib_a-nano-msizer.o)
 .comment       0x0000000000000070       0x39 /usr/lib/gcc/arm-none-eabi/4.9.3/../../../arm-none-eabi/lib/armv7e-m/fpu/libm.a(lib_a-w_sqrt.o)
 .comment       0x0000000000000070       0x39 /usr/lib/gcc/arm-none-eabi/4.9.3/../../../arm-none-eabi/lib/armv7e-m/fpu/libm.a(lib_a-e_sqrt.o)
 .comment       0x0000000000000070       0x39 /usr/lib/gcc/arm-none-eabi/4.9.3/../../../arm-none-eabi/lib/armv7e-m/fpu/libm.a(lib_a-s_lib_ver.o)
 .comment       0x0000000000000070       0x39 /usr/lib/gcc/arm-none-eabi/4.9.3/../../../arm-none-eabi/lib/armv7e-m/fpu/libm.a(lib_a-s_matherr.o)
 .comment       0x0000000000000070       0x39 /usr/lib/gcc/arm-none-eabi/4.9.3/../../../arm-none-eabi/lib/armv7e-m/fpu/libnosys.a(sbrk.o)
 .comment       0x0000000000000070       0x39 /usr/lib/gcc/arm-none-eabi/4.9.3/../../../arm-none-eabi/lib/armv7e-m/fpu/libc_nano.a(lib_a-errno.o)
 .comment       0x0000000000000070       0x39 /usr/lib/gcc/arm-none-eabi/4.9.3/armv7e-m/fpu/crtend.o

.debug_info     0x0000000000000000    0x1f4fd
 .debug_info    0x0000000000000000     0x1980 build/adc.o
 .debug_info    0x0000000000001980      0x4b5 build/power.o
 .debug_info    0x0000000000001e35      0x4f6 build/stm32f3xx_hal_msp.o
 .debug_info    0x000000000000232b     0x1b64 build/stm32f3xx_hal_uart.o
 .debug_info    0x0000000000003e8f     0x1c66 build/stm32f3xx_hal_adc_ex.o
 .debug_info    0x0000000000005af5      0xc13 build/stm32f3xx_hal_adc.o
 .debug_info    0x0000000000006708     0x3285 build/stm32f3xx_hal_tim.o
 .debug_info    0x000000000000998d      0x7af build/stm32f3xx_hal_gpio.o
 .debug_info    0x000000000000a13c      0xac8 build/usart.o
 .debug_info    0x000000000000ac04      0x82f build/stm32f3xx_hal_rcc_ex.o
 .debug_info    0x000000000000b433      0x4a5 build/gpio.o
 .debug_info    0x000000000000b8d8      0xf6f build/stm32f3xx_hal_cortex.o
 .debug_info    0x000000000000c847      0xb49 build/main.o
 .debug_info    0x000000000000d390      0x40e build/stm32f3xx_it.o
 .debug_info    0x000000000000d79e      0x850 build/stm32f3xx_hal_dma.o
 .debug_info    0x000000000000dfee      0x435 build/system_stm32f3xx.o
 .debug_info    0x000000000000e423      0x4f3 build/dma.o
 .debug_info    0x000000000000e916     0x1885 build/stm32f3xx_hal_tim_ex.o
 .debug_info    0x000000000001019b      0xe20 build/tim.o
 .debug_info    0x0000000000010fbb     0x14ec build/stm32f3xx_hal_rcc.o
 .debug_info    0x00000000000124a7      0x84e build/stm32f3xx_hal.o
 .debug_info    0x0000000000012cf5       0x66 build/startup_stm32f303xe.o
 .debug_info    0x0000000000012d5b      0x7d3 /usr/lib/gcc/arm-none-eabi/4.9.3/../../../arm-none-eabi/lib/armv7e-m/fpu/libc_nano.a(lib_a-impure.o)
 .debug_info    0x000000000001352e      0x105 /usr/lib/gcc/arm-none-eabi/4.9.3/../../../arm-none-eabi/lib/armv7e-m/fpu/libc_nano.a(lib_a-init.o)
 .debug_info    0x0000000000013633       0xd3 /usr/lib/gcc/arm-none-eabi/4.9.3/../../../arm-none-eabi/lib/armv7e-m/fpu/libc_nano.a(lib_a-memset.o)
 .debug_info    0x0000000000013706     0x10da /usr/lib/gcc/arm-none-eabi/4.9.3/../../../arm-none-eabi/lib/armv7e-m/fpu/libc_nano.a(lib_a-nano-vfprintf_float.o)
 .debug_info    0x00000000000147e0      0xb5b /usr/lib/gcc/arm-none-eabi/4.9.3/../../../arm-none-eabi/lib/armv7e-m/fpu/libc_nano.a(lib_a-nano-vfprintf_i.o)
 .debug_info    0x000000000001533b      0x143 /usr/lib/gcc/arm-none-eabi/4.9.3/../../../arm-none-eabi/lib/armv7e-m/fpu/libc_nano.a(lib_a-s_fpclassify.o)
 .debug_info    0x000000000001547e      0x8cb /usr/lib/gcc/arm-none-eabi/4.9.3/../../../arm-none-eabi/lib/armv7e-m/fpu/libc_nano.a(lib_a-snprintf.o)
 .debug_info    0x0000000000015d49       0xcd /usr/lib/gcc/arm-none-eabi/4.9.3/../../../arm-none-eabi/lib/armv7e-m/fpu/libc_nano.a(lib_a-strlen.o)
 .debug_info    0x0000000000015e16     0x11e2 /usr/lib/gcc/arm-none-eabi/4.9.3/../../../arm-none-eabi/lib/armv7e-m/fpu/libc_nano.a(lib_a-dtoa.o)
 .debug_info    0x0000000000016ff8      0xad2 /usr/lib/gcc/arm-none-eabi/4.9.3/../../../arm-none-eabi/lib/armv7e-m/fpu/libc_nano.a(lib_a-locale.o)
 .debug_info    0x0000000000017aca      0x7c1 /usr/lib/gcc/arm-none-eabi/4.9.3/../../../arm-none-eabi/lib/armv7e-m/fpu/libc_nano.a(lib_a-malloc.o)
 .debug_info    0x000000000001828b       0xf8 /usr/lib/gcc/arm-none-eabi/4.9.3/../../../arm-none-eabi/lib/armv7e-m/fpu/libc_nano.a(lib_a-memchr.o)
 .debug_info    0x0000000000018383      0x104 /usr/lib/gcc/arm-none-eabi/4.9.3/../../../arm-none-eabi/lib/armv7e-m/fpu/libc_nano.a(lib_a-memcpy.o)
 .debug_info    0x0000000000018487     0x15af /usr/lib/gcc/arm-none-eabi/4.9.3/../../../arm-none-eabi/lib/armv7e-m/fpu/libc_nano.a(lib_a-mprec.o)
 .debug_info    0x0000000000019a36      0x7e8 /usr/lib/gcc/arm-none-eabi/4.9.3/../../../arm-none-eabi/lib/armv7e-m/fpu/libc_nano.a(lib_a-nano-callocr.o)
 .debug_info    0x000000000001a21e      0x81a /usr/lib/gcc/arm-none-eabi/4.9.3/../../../arm-none-eabi/lib/armv7e-m/fpu/libc_nano.a(lib_a-nano-freer.o)
 .debug_info    0x000000000001aa38      0x8fb /usr/lib/gcc/arm-none-eabi/4.9.3/../../../arm-none-eabi/lib/armv7e-m/fpu/libc_nano.a(lib_a-nano-mallocr.o)
 .debug_info    0x000000000001b333      0xdf4 /usr/lib/gcc/arm-none-eabi/4.9.3/../../../arm-none-eabi/lib/armv7e-m/fpu/libc_nano.a(lib_a-nano-svfprintf.o)
 .debug_info    0x000000000001c127      0x7a0 /usr/lib/gcc/arm-none-eabi/4.9.3/../../../arm-none-eabi/lib/armv7e-m/fpu/libc_nano.a(lib_a-sbrkr.o)
 .debug_info    0x000000000001c8c7      0x102 /usr/lib/gcc/arm-none-eabi/4.9.3/../../../arm-none-eabi/lib/armv7e-m/fpu/libc_nano.a(lib_a-memmove.o)
 .debug_info    0x000000000001c9c9      0x8b5 /usr/lib/gcc/arm-none-eabi/4.9.3/../../../arm-none-eabi/lib/armv7e-m/fpu/libc_nano.a(lib_a-nano-reallocr.o)
 .debug_info    0x000000000001d27e      0x8fb /usr/lib/gcc/arm-none-eabi/4.9.3/../../../arm-none-eabi/lib/armv7e-m/fpu/libc_nano.a(lib_a-reent.o)
 .debug_info    0x000000000001db79      0x7b9 /usr/lib/gcc/arm-none-eabi/4.9.3/../../../arm-none-eabi/lib/armv7e-m/fpu/libc_nano.a(lib_a-nano-msizer.o)
 .debug_info    0x000000000001e332      0x21b /usr/lib/gcc/arm-none-eabi/4.9.3/../../../arm-none-eabi/lib/armv7e-m/fpu/libm.a(lib_a-w_sqrt.o)
 .debug_info    0x000000000001e54d      0x231 /usr/lib/gcc/arm-none-eabi/4.9.3/../../../arm-none-eabi/lib/armv7e-m/fpu/libm.a(lib_a-e_sqrt.o)
 .debug_info    0x000000000001e77e       0xbe /usr/lib/gcc/arm-none-eabi/4.9.3/../../../arm-none-eabi/lib/armv7e-m/fpu/libm.a(lib_a-s_lib_ver.o)
 .debug_info    0x000000000001e83c      0x129 /usr/lib/gcc/arm-none-eabi/4.9.3/../../../arm-none-eabi/lib/armv7e-m/fpu/libm.a(lib_a-s_matherr.o)
 .debug_info    0x000000000001e965       0x99 /usr/lib/gcc/arm-none-eabi/4.9.3/../../../arm-none-eabi/lib/armv7e-m/fpu/libnosys.a(sbrk.o)
 .debug_info    0x000000000001e9fe       0xc2 /usr/lib/gcc/arm-none-eabi/4.9.3/armv7e-m/fpu/libgcc.a(_arm_addsubdf3.o)
 .debug_info    0x000000000001eac0       0xc2 /usr/lib/gcc/arm-none-eabi/4.9.3/armv7e-m/fpu/libgcc.a(_arm_muldivdf3.o)
 .debug_info    0x000000000001eb82       0xc2 /usr/lib/gcc/arm-none-eabi/4.9.3/armv7e-m/fpu/libgcc.a(_arm_cmpdf2.o)
 .debug_info    0x000000000001ec44       0xc2 /usr/lib/gcc/arm-none-eabi/4.9.3/armv7e-m/fpu/libgcc.a(_arm_fixdfsi.o)
 .debug_info    0x000000000001ed06       0xc2 /usr/lib/gcc/arm-none-eabi/4.9.3/armv7e-m/fpu/libgcc.a(_arm_truncdfsf2.o)
 .debug_info    0x000000000001edc8      0x735 /usr/lib/gcc/arm-none-eabi/4.9.3/../../../arm-none-eabi/lib/armv7e-m/fpu/libc_nano.a(lib_a-errno.o)

.debug_abbrev   0x0000000000000000     0x54b7
 .debug_abbrev  0x0000000000000000      0x306 build/adc.o
 .debug_abbrev  0x0000000000000306      0x1d8 build/power.o
 .debug_abbrev  0x00000000000004de      0x122 build/stm32f3xx_hal_msp.o
 .debug_abbrev  0x0000000000000600      0x278 build/stm32f3xx_hal_uart.o
 .debug_abbrev  0x0000000000000878      0x2ea build/stm32f3xx_hal_adc_ex.o
 .debug_abbrev  0x0000000000000b62      0x15f build/stm32f3xx_hal_adc.o
 .debug_abbrev  0x0000000000000cc1      0x28c build/stm32f3xx_hal_tim.o
 .debug_abbrev  0x0000000000000f4d      0x200 build/stm32f3xx_hal_gpio.o
 .debug_abbrev  0x000000000000114d      0x1fc build/usart.o
 .debug_abbrev  0x0000000000001349      0x24a build/stm32f3xx_hal_rcc_ex.o
 .debug_abbrev  0x0000000000001593      0x157 build/gpio.o
 .debug_abbrev  0x00000000000016ea      0x2c8 build/stm32f3xx_hal_cortex.o
 .debug_abbrev  0x00000000000019b2      0x200 build/main.o
 .debug_abbrev  0x0000000000001bb2      0x142 build/stm32f3xx_it.o
 .debug_abbrev  0x0000000000001cf4      0x234 build/stm32f3xx_hal_dma.o
 .debug_abbrev  0x0000000000001f28      0x103 build/system_stm32f3xx.o
 .debug_abbrev  0x000000000000202b      0x122 build/dma.o
 .debug_abbrev  0x000000000000214d      0x274 build/stm32f3xx_hal_tim_ex.o
 .debug_abbrev  0x00000000000023c1      0x253 build/tim.o
 .debug_abbrev  0x0000000000002614      0x309 build/stm32f3xx_hal_rcc.o
 .debug_abbrev  0x000000000000291d      0x1f3 build/stm32f3xx_hal.o
 .debug_abbrev  0x0000000000002b10       0x12 build/startup_stm32f303xe.o
 .debug_abbrev  0x0000000000002b22      0x136 /usr/lib/gcc/arm-none-eabi/4.9.3/../../../arm-none-eabi/lib/armv7e-m/fpu/libc_nano.a(lib_a-impure.o)
 .debug_abbrev  0x0000000000002c58       0xba /usr/lib/gcc/arm-none-eabi/4.9.3/../../../arm-none-eabi/lib/armv7e-m/fpu/libc_nano.a(lib_a-init.o)
 .debug_abbrev  0x0000000000002d12       0x8e /usr/lib/gcc/arm-none-eabi/4.9.3/../../../arm-none-eabi/lib/armv7e-m/fpu/libc_nano.a(lib_a-memset.o)
 .debug_abbrev  0x0000000000002da0      0x2a2 /usr/lib/gcc/arm-none-eabi/4.9.3/../../../arm-none-eabi/lib/armv7e-m/fpu/libc_nano.a(lib_a-nano-vfprintf_float.o)
 .debug_abbrev  0x0000000000003042      0x1fb /usr/lib/gcc/arm-none-eabi/4.9.3/../../../arm-none-eabi/lib/armv7e-m/fpu/libc_nano.a(lib_a-nano-vfprintf_i.o)
 .debug_abbrev  0x000000000000323d       0xc8 /usr/lib/gcc/arm-none-eabi/4.9.3/../../../arm-none-eabi/lib/armv7e-m/fpu/libc_nano.a(lib_a-s_fpclassify.o)
 .debug_abbrev  0x0000000000003305      0x1bf /usr/lib/gcc/arm-none-eabi/4.9.3/../../../arm-none-eabi/lib/armv7e-m/fpu/libc_nano.a(lib_a-snprintf.o)
 .debug_abbrev  0x00000000000034c4       0x8c /usr/lib/gcc/arm-none-eabi/4.9.3/../../../arm-none-eabi/lib/armv7e-m/fpu/libc_nano.a(lib_a-strlen.o)
 .debug_abbrev  0x0000000000003550      0x28a /usr/lib/gcc/arm-none-eabi/4.9.3/../../../arm-none-eabi/lib/armv7e-m/fpu/libc_nano.a(lib_a-dtoa.o)
 .debug_abbrev  0x00000000000037da      0x25a /usr/lib/gcc/arm-none-eabi/4.9.3/../../../arm-none-eabi/lib/armv7e-m/fpu/libc_nano.a(lib_a-locale.o)
 .debug_abbrev  0x0000000000003a34      0x19f /usr/lib/gcc/arm-none-eabi/4.9.3/../../../arm-none-eabi/lib/armv7e-m/fpu/libc_nano.a(lib_a-malloc.o)
 .debug_abbrev  0x0000000000003bd3       0xab /usr/lib/gcc/arm-none-eabi/4.9.3/../../../arm-none-eabi/lib/armv7e-m/fpu/libc_nano.a(lib_a-memchr.o)
 .debug_abbrev  0x0000000000003c7e       0xa4 /usr/lib/gcc/arm-none-eabi/4.9.3/../../../arm-none-eabi/lib/armv7e-m/fpu/libc_nano.a(lib_a-memcpy.o)
 .debug_abbrev  0x0000000000003d22      0x2c7 /usr/lib/gcc/arm-none-eabi/4.9.3/../../../arm-none-eabi/lib/armv7e-m/fpu/libc_nano.a(lib_a-mprec.o)
 .debug_abbrev  0x0000000000003fe9      0x19e /usr/lib/gcc/arm-none-eabi/4.9.3/../../../arm-none-eabi/lib/armv7e-m/fpu/libc_nano.a(lib_a-nano-callocr.o)
 .debug_abbrev  0x0000000000004187      0x1b6 /usr/lib/gcc/arm-none-eabi/4.9.3/../../../arm-none-eabi/lib/armv7e-m/fpu/libc_nano.a(lib_a-nano-freer.o)
 .debug_abbrev  0x000000000000433d      0x250 /usr/lib/gcc/arm-none-eabi/4.9.3/../../../arm-none-eabi/lib/armv7e-m/fpu/libc_nano.a(lib_a-nano-mallocr.o)
 .debug_abbrev  0x000000000000458d      0x278 /usr/lib/gcc/arm-none-eabi/4.9.3/../../../arm-none-eabi/lib/armv7e-m/fpu/libc_nano.a(lib_a-nano-svfprintf.o)
 .debug_abbrev  0x0000000000004805      0x1a2 /usr/lib/gcc/arm-none-eabi/4.9.3/../../../arm-none-eabi/lib/armv7e-m/fpu/libc_nano.a(lib_a-sbrkr.o)
 .debug_abbrev  0x00000000000049a7       0x9c /usr/lib/gcc/arm-none-eabi/4.9.3/../../../arm-none-eabi/lib/armv7e-m/fpu/libc_nano.a(lib_a-memmove.o)
 .debug_abbrev  0x0000000000004a43      0x1cb /usr/lib/gcc/arm-none-eabi/4.9.3/../../../arm-none-eabi/lib/armv7e-m/fpu/libc_nano.a(lib_a-nano-reallocr.o)
 .debug_abbrev  0x0000000000004c0e      0x1f2 /usr/lib/gcc/arm-none-eabi/4.9.3/../../../arm-none-eabi/lib/armv7e-m/fpu/libc_nano.a(lib_a-reent.o)
 .debug_abbrev  0x0000000000004e00      0x161 /usr/lib/gcc/arm-none-eabi/4.9.3/../../../arm-none-eabi/lib/armv7e-m/fpu/libc_nano.a(lib_a-nano-msizer.o)
 .debug_abbrev  0x0000000000004f61      0x13a /usr/lib/gcc/arm-none-eabi/4.9.3/../../../arm-none-eabi/lib/armv7e-m/fpu/libm.a(lib_a-w_sqrt.o)
 .debug_abbrev  0x000000000000509b      0x118 /usr/lib/gcc/arm-none-eabi/4.9.3/../../../arm-none-eabi/lib/armv7e-m/fpu/libm.a(lib_a-e_sqrt.o)
 .debug_abbrev  0x00000000000051b3       0x4f /usr/lib/gcc/arm-none-eabi/4.9.3/../../../arm-none-eabi/lib/armv7e-m/fpu/libm.a(lib_a-s_lib_ver.o)
 .debug_abbrev  0x0000000000005202       0x9a /usr/lib/gcc/arm-none-eabi/4.9.3/../../../arm-none-eabi/lib/armv7e-m/fpu/libm.a(lib_a-s_matherr.o)
 .debug_abbrev  0x000000000000529c       0x83 /usr/lib/gcc/arm-none-eabi/4.9.3/../../../arm-none-eabi/lib/armv7e-m/fpu/libnosys.a(sbrk.o)
 .debug_abbrev  0x000000000000531f       0x14 /usr/lib/gcc/arm-none-eabi/4.9.3/armv7e-m/fpu/libgcc.a(_arm_addsubdf3.o)
 .debug_abbrev  0x0000000000005333       0x14 /usr/lib/gcc/arm-none-eabi/4.9.3/armv7e-m/fpu/libgcc.a(_arm_muldivdf3.o)
 .debug_abbrev  0x0000000000005347       0x14 /usr/lib/gcc/arm-none-eabi/4.9.3/armv7e-m/fpu/libgcc.a(_arm_cmpdf2.o)
 .debug_abbrev  0x000000000000535b       0x14 /usr/lib/gcc/arm-none-eabi/4.9.3/armv7e-m/fpu/libgcc.a(_arm_fixdfsi.o)
 .debug_abbrev  0x000000000000536f       0x14 /usr/lib/gcc/arm-none-eabi/4.9.3/armv7e-m/fpu/libgcc.a(_arm_truncdfsf2.o)
 .debug_abbrev  0x0000000000005383      0x134 /usr/lib/gcc/arm-none-eabi/4.9.3/../../../arm-none-eabi/lib/armv7e-m/fpu/libc_nano.a(lib_a-errno.o)

.debug_loc      0x0000000000000000    0x12b7b
 .debug_loc     0x0000000000000000      0x41a build/adc.o
 .debug_loc     0x000000000000041a      0x33f build/power.o
 .debug_loc     0x0000000000000759       0x38 build/stm32f3xx_hal_msp.o
 .debug_loc     0x0000000000000791     0x1a22 build/stm32f3xx_hal_uart.o
 .debug_loc     0x00000000000021b3     0x219f build/stm32f3xx_hal_adc_ex.o
 .debug_loc     0x0000000000004352      0x1ef build/stm32f3xx_hal_adc.o
 .debug_loc     0x0000000000004541     0x3efa build/stm32f3xx_hal_tim.o
 .debug_loc     0x000000000000843b      0x371 build/stm32f3xx_hal_gpio.o
 .debug_loc     0x00000000000087ac      0x11d build/usart.o
 .debug_loc     0x00000000000088c9      0xc1f build/stm32f3xx_hal_rcc_ex.o
 .debug_loc     0x00000000000094e8       0x38 build/gpio.o
 .debug_loc     0x0000000000009520      0x566 build/stm32f3xx_hal_cortex.o
 .debug_loc     0x0000000000009a86       0x65 build/main.o
 .debug_loc     0x0000000000009aeb       0xa0 build/stm32f3xx_it.o
 .debug_loc     0x0000000000009b8b      0x787 build/stm32f3xx_hal_dma.o
 .debug_loc     0x000000000000a312      0x103 build/system_stm32f3xx.o
 .debug_loc     0x000000000000a415       0x38 build/dma.o
 .debug_loc     0x000000000000a44d     0x1c7d build/stm32f3xx_hal_tim_ex.o
 .debug_loc     0x000000000000c0ca      0x176 build/tim.o
 .debug_loc     0x000000000000c240     0x1000 build/stm32f3xx_hal_rcc.o
 .debug_loc     0x000000000000d240      0x101 build/stm32f3xx_hal.o
 .debug_loc     0x000000000000d341       0x54 /usr/lib/gcc/arm-none-eabi/4.9.3/../../../arm-none-eabi/lib/armv7e-m/fpu/libc_nano.a(lib_a-init.o)
 .debug_loc     0x000000000000d395       0x57 /usr/lib/gcc/arm-none-eabi/4.9.3/../../../arm-none-eabi/lib/armv7e-m/fpu/libc_nano.a(lib_a-memset.o)
 .debug_loc     0x000000000000d3ec      0x65f /usr/lib/gcc/arm-none-eabi/4.9.3/../../../arm-none-eabi/lib/armv7e-m/fpu/libc_nano.a(lib_a-nano-vfprintf_float.o)
 .debug_loc     0x000000000000da4b      0x47b /usr/lib/gcc/arm-none-eabi/4.9.3/../../../arm-none-eabi/lib/armv7e-m/fpu/libc_nano.a(lib_a-nano-vfprintf_i.o)
 .debug_loc     0x000000000000dec6       0x38 /usr/lib/gcc/arm-none-eabi/4.9.3/../../../arm-none-eabi/lib/armv7e-m/fpu/libc_nano.a(lib_a-s_fpclassify.o)
 .debug_loc     0x000000000000defe      0x153 /usr/lib/gcc/arm-none-eabi/4.9.3/../../../arm-none-eabi/lib/armv7e-m/fpu/libc_nano.a(lib_a-snprintf.o)
 .debug_loc     0x000000000000e051       0x21 /usr/lib/gcc/arm-none-eabi/4.9.3/../../../arm-none-eabi/lib/armv7e-m/fpu/libc_nano.a(lib_a-strlen.o)
 .debug_loc     0x000000000000e072     0x1ba9 /usr/lib/gcc/arm-none-eabi/4.9.3/../../../arm-none-eabi/lib/armv7e-m/fpu/libc_nano.a(lib_a-dtoa.o)
 .debug_loc     0x000000000000fc1b      0x150 /usr/lib/gcc/arm-none-eabi/4.9.3/../../../arm-none-eabi/lib/armv7e-m/fpu/libc_nano.a(lib_a-locale.o)
 .debug_loc     0x000000000000fd6b       0x58 /usr/lib/gcc/arm-none-eabi/4.9.3/../../../arm-none-eabi/lib/armv7e-m/fpu/libc_nano.a(lib_a-malloc.o)
 .debug_loc     0x000000000000fdc3       0xaa /usr/lib/gcc/arm-none-eabi/4.9.3/../../../arm-none-eabi/lib/armv7e-m/fpu/libc_nano.a(lib_a-memchr.o)
 .debug_loc     0x000000000000fe6d       0x87 /usr/lib/gcc/arm-none-eabi/4.9.3/../../../arm-none-eabi/lib/armv7e-m/fpu/libc_nano.a(lib_a-memcpy.o)
 .debug_loc     0x000000000000fef4     0x18b9 /usr/lib/gcc/arm-none-eabi/4.9.3/../../../arm-none-eabi/lib/armv7e-m/fpu/libc_nano.a(lib_a-mprec.o)
 .debug_loc     0x00000000000117ad       0x81 /usr/lib/gcc/arm-none-eabi/4.9.3/../../../arm-none-eabi/lib/armv7e-m/fpu/libc_nano.a(lib_a-nano-callocr.o)
 .debug_loc     0x000000000001182e      0x172 /usr/lib/gcc/arm-none-eabi/4.9.3/../../../arm-none-eabi/lib/armv7e-m/fpu/libc_nano.a(lib_a-nano-freer.o)
 .debug_loc     0x00000000000119a0      0x304 /usr/lib/gcc/arm-none-eabi/4.9.3/../../../arm-none-eabi/lib/armv7e-m/fpu/libc_nano.a(lib_a-nano-mallocr.o)
 .debug_loc     0x0000000000011ca4      0x53f /usr/lib/gcc/arm-none-eabi/4.9.3/../../../arm-none-eabi/lib/armv7e-m/fpu/libc_nano.a(lib_a-nano-svfprintf.o)
 .debug_loc     0x00000000000121e3       0x4d /usr/lib/gcc/arm-none-eabi/4.9.3/../../../arm-none-eabi/lib/armv7e-m/fpu/libc_nano.a(lib_a-sbrkr.o)
 .debug_loc     0x0000000000012230       0xde /usr/lib/gcc/arm-none-eabi/4.9.3/../../../arm-none-eabi/lib/armv7e-m/fpu/libc_nano.a(lib_a-memmove.o)
 .debug_loc     0x000000000001230e      0x11b /usr/lib/gcc/arm-none-eabi/4.9.3/../../../arm-none-eabi/lib/armv7e-m/fpu/libc_nano.a(lib_a-nano-reallocr.o)
 .debug_loc     0x0000000000012429       0xfa /usr/lib/gcc/arm-none-eabi/4.9.3/../../../arm-none-eabi/lib/armv7e-m/fpu/libc_nano.a(lib_a-reent.o)
 .debug_loc     0x0000000000012523       0xb5 /usr/lib/gcc/arm-none-eabi/4.9.3/../../../arm-none-eabi/lib/armv7e-m/fpu/libc_nano.a(lib_a-nano-msizer.o)
 .debug_loc     0x00000000000125d8       0xd2 /usr/lib/gcc/arm-none-eabi/4.9.3/../../../arm-none-eabi/lib/armv7e-m/fpu/libm.a(lib_a-w_sqrt.o)
 .debug_loc     0x00000000000126aa      0x48f /usr/lib/gcc/arm-none-eabi/4.9.3/../../../arm-none-eabi/lib/armv7e-m/fpu/libm.a(lib_a-e_sqrt.o)
 .debug_loc     0x0000000000012b39       0x21 /usr/lib/gcc/arm-none-eabi/4.9.3/../../../arm-none-eabi/lib/armv7e-m/fpu/libm.a(lib_a-s_matherr.o)
 .debug_loc     0x0000000000012b5a       0x21 /usr/lib/gcc/arm-none-eabi/4.9.3/../../../arm-none-eabi/lib/armv7e-m/fpu/libnosys.a(sbrk.o)

.debug_aranges  0x0000000000000000     0x13a8
 .debug_aranges
                0x0000000000000000       0x80 build/adc.o
 .debug_aranges
                0x0000000000000080       0x30 build/power.o
 .debug_aranges
                0x00000000000000b0       0x20 build/stm32f3xx_hal_msp.o
 .debug_aranges
                0x00000000000000d0      0x1f0 build/stm32f3xx_hal_uart.o
 .debug_aranges
                0x00000000000002c0      0x168 build/stm32f3xx_hal_adc_ex.o
 .debug_aranges
                0x0000000000000428       0xc8 build/stm32f3xx_hal_adc.o
 .debug_aranges
                0x00000000000004f0      0x378 build/stm32f3xx_hal_tim.o
 .debug_aranges
                0x0000000000000868       0x58 build/stm32f3xx_hal_gpio.o
 .debug_aranges
                0x00000000000008c0       0x38 build/usart.o
 .debug_aranges
                0x00000000000008f8       0x38 build/stm32f3xx_hal_rcc_ex.o
 .debug_aranges
                0x0000000000000930       0x20 build/gpio.o
 .debug_aranges
                0x0000000000000950       0xa8 build/stm32f3xx_hal_cortex.o
 .debug_aranges
                0x00000000000009f8       0x30 build/main.o
 .debug_aranges
                0x0000000000000a28       0x40 build/stm32f3xx_it.o
 .debug_aranges
                0x0000000000000a68       0x88 build/stm32f3xx_hal_dma.o
 .debug_aranges
                0x0000000000000af0       0x28 build/system_stm32f3xx.o
 .debug_aranges
                0x0000000000000b18       0x20 build/dma.o
 .debug_aranges
                0x0000000000000b38      0x178 build/stm32f3xx_hal_tim_ex.o
 .debug_aranges
                0x0000000000000cb0       0x40 build/tim.o
 .debug_aranges
                0x0000000000000cf0       0x88 build/stm32f3xx_hal_rcc.o
 .debug_aranges
                0x0000000000000d78       0xc8 build/stm32f3xx_hal.o
 .debug_aranges
                0x0000000000000e40       0x28 build/startup_stm32f303xe.o
 .debug_aranges
                0x0000000000000e68       0x18 /usr/lib/gcc/arm-none-eabi/4.9.3/../../../arm-none-eabi/lib/armv7e-m/fpu/libc_nano.a(lib_a-impure.o)
 .debug_aranges
                0x0000000000000e80       0x20 /usr/lib/gcc/arm-none-eabi/4.9.3/../../../arm-none-eabi/lib/armv7e-m/fpu/libc_nano.a(lib_a-init.o)
 .debug_aranges
                0x0000000000000ea0       0x20 /usr/lib/gcc/arm-none-eabi/4.9.3/../../../arm-none-eabi/lib/armv7e-m/fpu/libc_nano.a(lib_a-memset.o)
 .debug_aranges
                0x0000000000000ec0       0x30 /usr/lib/gcc/arm-none-eabi/4.9.3/../../../arm-none-eabi/lib/armv7e-m/fpu/libc_nano.a(lib_a-nano-vfprintf_float.o)
 .debug_aranges
                0x0000000000000ef0       0x28 /usr/lib/gcc/arm-none-eabi/4.9.3/../../../arm-none-eabi/lib/armv7e-m/fpu/libc_nano.a(lib_a-nano-vfprintf_i.o)
 .debug_aranges
                0x0000000000000f18       0x20 /usr/lib/gcc/arm-none-eabi/4.9.3/../../../arm-none-eabi/lib/armv7e-m/fpu/libc_nano.a(lib_a-s_fpclassify.o)
 .debug_aranges
                0x0000000000000f38       0x28 /usr/lib/gcc/arm-none-eabi/4.9.3/../../../arm-none-eabi/lib/armv7e-m/fpu/libc_nano.a(lib_a-snprintf.o)
 .debug_aranges
                0x0000000000000f60       0x20 /usr/lib/gcc/arm-none-eabi/4.9.3/../../../arm-none-eabi/lib/armv7e-m/fpu/libc_nano.a(lib_a-strlen.o)
 .debug_aranges
                0x0000000000000f80       0x28 /usr/lib/gcc/arm-none-eabi/4.9.3/../../../arm-none-eabi/lib/armv7e-m/fpu/libc_nano.a(lib_a-dtoa.o)
 .debug_aranges
                0x0000000000000fa8       0x58 /usr/lib/gcc/arm-none-eabi/4.9.3/../../../arm-none-eabi/lib/armv7e-m/fpu/libc_nano.a(lib_a-locale.o)
 .debug_aranges
                0x0000000000001000       0x28 /usr/lib/gcc/arm-none-eabi/4.9.3/../../../arm-none-eabi/lib/armv7e-m/fpu/libc_nano.a(lib_a-malloc.o)
 .debug_aranges
                0x0000000000001028       0x20 /usr/lib/gcc/arm-none-eabi/4.9.3/../../../arm-none-eabi/lib/armv7e-m/fpu/libc_nano.a(lib_a-memchr.o)
 .debug_aranges
                0x0000000000001048       0x20 /usr/lib/gcc/arm-none-eabi/4.9.3/../../../arm-none-eabi/lib/armv7e-m/fpu/libc_nano.a(lib_a-memcpy.o)
 .debug_aranges
                0x0000000000001068       0xb0 /usr/lib/gcc/arm-none-eabi/4.9.3/../../../arm-none-eabi/lib/armv7e-m/fpu/libc_nano.a(lib_a-mprec.o)
 .debug_aranges
                0x0000000000001118       0x20 /usr/lib/gcc/arm-none-eabi/4.9.3/../../../arm-none-eabi/lib/armv7e-m/fpu/libc_nano.a(lib_a-nano-callocr.o)
 .debug_aranges
                0x0000000000001138       0x20 /usr/lib/gcc/arm-none-eabi/4.9.3/../../../arm-none-eabi/lib/armv7e-m/fpu/libc_nano.a(lib_a-nano-freer.o)
 .debug_aranges
                0x0000000000001158       0x20 /usr/lib/gcc/arm-none-eabi/4.9.3/../../../arm-none-eabi/lib/armv7e-m/fpu/libc_nano.a(lib_a-nano-mallocr.o)
 .debug_aranges
                0x0000000000001178       0x30 /usr/lib/gcc/arm-none-eabi/4.9.3/../../../arm-none-eabi/lib/armv7e-m/fpu/libc_nano.a(lib_a-nano-svfprintf.o)
 .debug_aranges
                0x00000000000011a8       0x20 /usr/lib/gcc/arm-none-eabi/4.9.3/../../../arm-none-eabi/lib/armv7e-m/fpu/libc_nano.a(lib_a-sbrkr.o)
 .debug_aranges
                0x00000000000011c8       0x20 /usr/lib/gcc/arm-none-eabi/4.9.3/../../../arm-none-eabi/lib/armv7e-m/fpu/libc_nano.a(lib_a-memmove.o)
 .debug_aranges
                0x00000000000011e8       0x20 /usr/lib/gcc/arm-none-eabi/4.9.3/../../../arm-none-eabi/lib/armv7e-m/fpu/libc_nano.a(lib_a-nano-reallocr.o)
 .debug_aranges
                0x0000000000001208       0x28 /usr/lib/gcc/arm-none-eabi/4.9.3/../../../arm-none-eabi/lib/armv7e-m/fpu/libc_nano.a(lib_a-reent.o)
 .debug_aranges
                0x0000000000001230       0x20 /usr/lib/gcc/arm-none-eabi/4.9.3/../../../arm-none-eabi/lib/armv7e-m/fpu/libc_nano.a(lib_a-nano-msizer.o)
 .debug_aranges
                0x0000000000001250       0x20 /usr/lib/gcc/arm-none-eabi/4.9.3/../../../arm-none-eabi/lib/armv7e-m/fpu/libm.a(lib_a-w_sqrt.o)
 .debug_aranges
                0x0000000000001270       0x20 /usr/lib/gcc/arm-none-eabi/4.9.3/../../../arm-none-eabi/lib/armv7e-m/fpu/libm.a(lib_a-e_sqrt.o)
 .debug_aranges
                0x0000000000001290       0x18 /usr/lib/gcc/arm-none-eabi/4.9.3/../../../arm-none-eabi/lib/armv7e-m/fpu/libm.a(lib_a-s_lib_ver.o)
 .debug_aranges
                0x00000000000012a8       0x20 /usr/lib/gcc/arm-none-eabi/4.9.3/../../../arm-none-eabi/lib/armv7e-m/fpu/libm.a(lib_a-s_matherr.o)
 .debug_aranges
                0x00000000000012c8       0x20 /usr/lib/gcc/arm-none-eabi/4.9.3/../../../arm-none-eabi/lib/armv7e-m/fpu/libnosys.a(sbrk.o)
 .debug_aranges
                0x00000000000012e8       0x20 /usr/lib/gcc/arm-none-eabi/4.9.3/armv7e-m/fpu/libgcc.a(_arm_addsubdf3.o)
 .debug_aranges
                0x0000000000001308       0x20 /usr/lib/gcc/arm-none-eabi/4.9.3/armv7e-m/fpu/libgcc.a(_arm_muldivdf3.o)
 .debug_aranges
                0x0000000000001328       0x20 /usr/lib/gcc/arm-none-eabi/4.9.3/armv7e-m/fpu/libgcc.a(_arm_cmpdf2.o)
 .debug_aranges
                0x0000000000001348       0x20 /usr/lib/gcc/arm-none-eabi/4.9.3/armv7e-m/fpu/libgcc.a(_arm_fixdfsi.o)
 .debug_aranges
                0x0000000000001368       0x20 /usr/lib/gcc/arm-none-eabi/4.9.3/armv7e-m/fpu/libgcc.a(_arm_truncdfsf2.o)
 .debug_aranges
                0x0000000000001388       0x20 /usr/lib/gcc/arm-none-eabi/4.9.3/../../../arm-none-eabi/lib/armv7e-m/fpu/libc_nano.a(lib_a-errno.o)

.debug_ranges   0x0000000000000000     0x1160
 .debug_ranges  0x0000000000000000       0x70 build/adc.o
 .debug_ranges  0x0000000000000070       0x38 build/power.o
 .debug_ranges  0x00000000000000a8       0x10 build/stm32f3xx_hal_msp.o
 .debug_ranges  0x00000000000000b8      0x1e0 build/stm32f3xx_hal_uart.o
 .debug_ranges  0x0000000000000298      0x158 build/stm32f3xx_hal_adc_ex.o
 .debug_ranges  0x00000000000003f0       0xb8 build/stm32f3xx_hal_adc.o
 .debug_ranges  0x00000000000004a8      0x368 build/stm32f3xx_hal_tim.o
 .debug_ranges  0x0000000000000810       0x48 build/stm32f3xx_hal_gpio.o
 .debug_ranges  0x0000000000000858       0x28 build/usart.o
 .debug_ranges  0x0000000000000880       0x40 build/stm32f3xx_hal_rcc_ex.o
 .debug_ranges  0x00000000000008c0       0x10 build/gpio.o
 .debug_ranges  0x00000000000008d0       0x98 build/stm32f3xx_hal_cortex.o
 .debug_ranges  0x0000000000000968       0x20 build/main.o
 .debug_ranges  0x0000000000000988       0x30 build/stm32f3xx_it.o
 .debug_ranges  0x00000000000009b8       0x78 build/stm32f3xx_hal_dma.o
 .debug_ranges  0x0000000000000a30       0x18 build/system_stm32f3xx.o
 .debug_ranges  0x0000000000000a48       0x10 build/dma.o
 .debug_ranges  0x0000000000000a58      0x168 build/stm32f3xx_hal_tim_ex.o
 .debug_ranges  0x0000000000000bc0       0x30 build/tim.o
 .debug_ranges  0x0000000000000bf0       0x90 build/stm32f3xx_hal_rcc.o
 .debug_ranges  0x0000000000000c80       0xb8 build/stm32f3xx_hal.o
 .debug_ranges  0x0000000000000d38       0x20 build/startup_stm32f303xe.o
 .debug_ranges  0x0000000000000d58       0x10 /usr/lib/gcc/arm-none-eabi/4.9.3/../../../arm-none-eabi/lib/armv7e-m/fpu/libc_nano.a(lib_a-init.o)
 .debug_ranges  0x0000000000000d68       0x10 /usr/lib/gcc/arm-none-eabi/4.9.3/../../../arm-none-eabi/lib/armv7e-m/fpu/libc_nano.a(lib_a-memset.o)
 .debug_ranges  0x0000000000000d78       0x78 /usr/lib/gcc/arm-none-eabi/4.9.3/../../../arm-none-eabi/lib/armv7e-m/fpu/libc_nano.a(lib_a-nano-vfprintf_float.o)
 .debug_ranges  0x0000000000000df0       0x60 /usr/lib/gcc/arm-none-eabi/4.9.3/../../../arm-none-eabi/lib/armv7e-m/fpu/libc_nano.a(lib_a-nano-vfprintf_i.o)
 .debug_ranges  0x0000000000000e50       0x10 /usr/lib/gcc/arm-none-eabi/4.9.3/../../../arm-none-eabi/lib/armv7e-m/fpu/libc_nano.a(lib_a-s_fpclassify.o)
 .debug_ranges  0x0000000000000e60       0x18 /usr/lib/gcc/arm-none-eabi/4.9.3/../../../arm-none-eabi/lib/armv7e-m/fpu/libc_nano.a(lib_a-snprintf.o)
 .debug_ranges  0x0000000000000e78       0x10 /usr/lib/gcc/arm-none-eabi/4.9.3/../../../arm-none-eabi/lib/armv7e-m/fpu/libc_nano.a(lib_a-strlen.o)
 .debug_ranges  0x0000000000000e88       0x30 /usr/lib/gcc/arm-none-eabi/4.9.3/../../../arm-none-eabi/lib/armv7e-m/fpu/libc_nano.a(lib_a-dtoa.o)
 .debug_ranges  0x0000000000000eb8       0x48 /usr/lib/gcc/arm-none-eabi/4.9.3/../../../arm-none-eabi/lib/armv7e-m/fpu/libc_nano.a(lib_a-locale.o)
 .debug_ranges  0x0000000000000f00       0x18 /usr/lib/gcc/arm-none-eabi/4.9.3/../../../arm-none-eabi/lib/armv7e-m/fpu/libc_nano.a(lib_a-malloc.o)
 .debug_ranges  0x0000000000000f18       0x10 /usr/lib/gcc/arm-none-eabi/4.9.3/../../../arm-none-eabi/lib/armv7e-m/fpu/libc_nano.a(lib_a-memchr.o)
 .debug_ranges  0x0000000000000f28       0x10 /usr/lib/gcc/arm-none-eabi/4.9.3/../../../arm-none-eabi/lib/armv7e-m/fpu/libc_nano.a(lib_a-memcpy.o)
 .debug_ranges  0x0000000000000f38       0xd0 /usr/lib/gcc/arm-none-eabi/4.9.3/../../../arm-none-eabi/lib/armv7e-m/fpu/libc_nano.a(lib_a-mprec.o)
 .debug_ranges  0x0000000000001008       0x10 /usr/lib/gcc/arm-none-eabi/4.9.3/../../../arm-none-eabi/lib/armv7e-m/fpu/libc_nano.a(lib_a-nano-callocr.o)
 .debug_ranges  0x0000000000001018       0x28 /usr/lib/gcc/arm-none-eabi/4.9.3/../../../arm-none-eabi/lib/armv7e-m/fpu/libc_nano.a(lib_a-nano-freer.o)
 .debug_ranges  0x0000000000001040       0x28 /usr/lib/gcc/arm-none-eabi/4.9.3/../../../arm-none-eabi/lib/armv7e-m/fpu/libc_nano.a(lib_a-nano-mallocr.o)
 .debug_ranges  0x0000000000001068       0x50 /usr/lib/gcc/arm-none-eabi/4.9.3/../../../arm-none-eabi/lib/armv7e-m/fpu/libc_nano.a(lib_a-nano-svfprintf.o)
 .debug_ranges  0x00000000000010b8       0x10 /usr/lib/gcc/arm-none-eabi/4.9.3/../../../arm-none-eabi/lib/armv7e-m/fpu/libc_nano.a(lib_a-sbrkr.o)
 .debug_ranges  0x00000000000010c8       0x10 /usr/lib/gcc/arm-none-eabi/4.9.3/../../../arm-none-eabi/lib/armv7e-m/fpu/libc_nano.a(lib_a-memmove.o)
 .debug_ranges  0x00000000000010d8       0x10 /usr/lib/gcc/arm-none-eabi/4.9.3/../../../arm-none-eabi/lib/armv7e-m/fpu/libc_nano.a(lib_a-nano-reallocr.o)
 .debug_ranges  0x00000000000010e8       0x18 /usr/lib/gcc/arm-none-eabi/4.9.3/../../../arm-none-eabi/lib/armv7e-m/fpu/libc_nano.a(lib_a-reent.o)
 .debug_ranges  0x0000000000001100       0x10 /usr/lib/gcc/arm-none-eabi/4.9.3/../../../arm-none-eabi/lib/armv7e-m/fpu/libc_nano.a(lib_a-nano-msizer.o)
 .debug_ranges  0x0000000000001110       0x10 /usr/lib/gcc/arm-none-eabi/4.9.3/../../../arm-none-eabi/lib/armv7e-m/fpu/libm.a(lib_a-w_sqrt.o)
 .debug_ranges  0x0000000000001120       0x10 /usr/lib/gcc/arm-none-eabi/4.9.3/../../../arm-none-eabi/lib/armv7e-m/fpu/libm.a(lib_a-e_sqrt.o)
 .debug_ranges  0x0000000000001130       0x10 /usr/lib/gcc/arm-none-eabi/4.9.3/../../../arm-none-eabi/lib/armv7e-m/fpu/libm.a(lib_a-s_matherr.o)
 .debug_ranges  0x0000000000001140       0x10 /usr/lib/gcc/arm-none-eabi/4.9.3/../../../arm-none-eabi/lib/armv7e-m/fpu/libnosys.a(sbrk.o)
 .debug_ranges  0x0000000000001150       0x10 /usr/lib/gcc/arm-none-eabi/4.9.3/../../../arm-none-eabi/lib/armv7e-m/fpu/libc_nano.a(lib_a-errno.o)

.debug_line     0x0000000000000000     0xa1a3
 .debug_line    0x0000000000000000      0x42d build/adc.o
 .debug_line    0x000000000000042d      0x1b3 build/power.o
 .debug_line    0x00000000000005e0      0x140 build/stm32f3xx_hal_msp.o
 .debug_line    0x0000000000000720      0xbf6 build/stm32f3xx_hal_uart.o
 .debug_line    0x0000000000001316     0x1322 build/stm32f3xx_hal_adc_ex.o
 .debug_line    0x0000000000002638      0x311 build/stm32f3xx_hal_adc.o
 .debug_line    0x0000000000002949     0x1345 build/stm32f3xx_hal_tim.o
 .debug_line    0x0000000000003c8e      0x2c3 build/stm32f3xx_hal_gpio.o
 .debug_line    0x0000000000003f51      0x21e build/usart.o
 .debug_line    0x000000000000416f      0x4d5 build/stm32f3xx_hal_rcc_ex.o
 .debug_line    0x0000000000004644      0x147 build/gpio.o
 .debug_line    0x000000000000478b      0x350 build/stm32f3xx_hal_cortex.o
 .debug_line    0x0000000000004adb      0x286 build/main.o
 .debug_line    0x0000000000004d61      0x1b8 build/stm32f3xx_it.o
 .debug_line    0x0000000000004f19      0x3b1 build/stm32f3xx_hal_dma.o
 .debug_line    0x00000000000052ca      0x127 build/system_stm32f3xx.o
 .debug_line    0x00000000000053f1      0x133 build/dma.o
 .debug_line    0x0000000000005524      0x8e0 build/stm32f3xx_hal_tim_ex.o
 .debug_line    0x0000000000005e04      0x22f build/tim.o
 .debug_line    0x0000000000006033      0x676 build/stm32f3xx_hal_rcc.o
 .debug_line    0x00000000000066a9      0x2fb build/stm32f3xx_hal.o
 .debug_line    0x00000000000069a4       0x74 build/startup_stm32f303xe.o
 .debug_line    0x0000000000006a18       0xf4 /usr/lib/gcc/arm-none-eabi/4.9.3/../../../arm-none-eabi/lib/armv7e-m/fpu/libc_nano.a(lib_a-impure.o)