Archive member included to satisfy reference by file (symbol)

/usr/lib/gcc/arm-none-eabi/5.4.1/../../../arm-none-eabi/lib/armv7e-m/fpu/libc_nano.a(lib_a-atexit.o)
                              /usr/lib/gcc/arm-none-eabi/5.4.1/../../../arm-none-eabi/lib/armv7e-m/fpu/crt0.o (atexit)
/usr/lib/gcc/arm-none-eabi/5.4.1/../../../arm-none-eabi/lib/armv7e-m/fpu/libc_nano.a(lib_a-exit.o)
                              /usr/lib/gcc/arm-none-eabi/5.4.1/../../../arm-none-eabi/lib/armv7e-m/fpu/crt0.o (exit)
/usr/lib/gcc/arm-none-eabi/5.4.1/../../../arm-none-eabi/lib/armv7e-m/fpu/libc_nano.a(lib_a-fini.o)
                              /usr/lib/gcc/arm-none-eabi/5.4.1/../../../arm-none-eabi/lib/armv7e-m/fpu/crt0.o (__libc_fini_array)
/usr/lib/gcc/arm-none-eabi/5.4.1/../../../arm-none-eabi/lib/armv7e-m/fpu/libc_nano.a(lib_a-impure.o)
                              /usr/lib/gcc/arm-none-eabi/5.4.1/../../../arm-none-eabi/lib/armv7e-m/fpu/libc_nano.a(lib_a-exit.o) (_global_impure_ptr)
/usr/lib/gcc/arm-none-eabi/5.4.1/../../../arm-none-eabi/lib/armv7e-m/fpu/libc_nano.a(lib_a-init.o)
                              /usr/lib/gcc/arm-none-eabi/5.4.1/../../../arm-none-eabi/lib/armv7e-m/fpu/crt0.o (__libc_init_array)
/usr/lib/gcc/arm-none-eabi/5.4.1/../../../arm-none-eabi/lib/armv7e-m/fpu/libc_nano.a(lib_a-memset.o)
                              /usr/lib/gcc/arm-none-eabi/5.4.1/../../../arm-none-eabi/lib/armv7e-m/fpu/crt0.o (memset)
/usr/lib/gcc/arm-none-eabi/5.4.1/../../../arm-none-eabi/lib/armv7e-m/fpu/libc_nano.a(lib_a-__atexit.o)
                              /usr/lib/gcc/arm-none-eabi/5.4.1/../../../arm-none-eabi/lib/armv7e-m/fpu/libc_nano.a(lib_a-atexit.o) (__register_exitproc)
/usr/lib/gcc/arm-none-eabi/5.4.1/../../../arm-none-eabi/lib/armv7e-m/fpu/libc_nano.a(lib_a-__call_atexit.o)
                              /usr/lib/gcc/arm-none-eabi/5.4.1/../../../arm-none-eabi/lib/armv7e-m/fpu/libc_nano.a(lib_a-__atexit.o) (__call_exitprocs)
/usr/lib/gcc/arm-none-eabi/5.4.1/../../../arm-none-eabi/lib/armv7e-m/fpu/libnosys.a(_exit.o)
                              /usr/lib/gcc/arm-none-eabi/5.4.1/../../../arm-none-eabi/lib/armv7e-m/fpu/libc_nano.a(lib_a-exit.o) (_exit)

Allocating common symbols
Common symbol       size              file

hadc2               0x54              build/adc.o
uwTick              0x4               build/stm32f3xx_hal.o
pFlash              0x20              build/stm32f3xx_hal_flash.o
huart2              0x70              build/usart.o
hdma_adc2           0x44              build/adc.o

Discarded input sections

 .text          0x00000000        0x0 /usr/lib/gcc/arm-none-eabi/5.4.1/armv7e-m/fpu/crti.o
 .data          0x00000000        0x0 /usr/lib/gcc/arm-none-eabi/5.4.1/armv7e-m/fpu/crti.o
 .bss           0x00000000        0x0 /usr/lib/gcc/arm-none-eabi/5.4.1/armv7e-m/fpu/crti.o
 .data          0x00000000        0x4 /usr/lib/gcc/arm-none-eabi/5.4.1/armv7e-m/fpu/crtbegin.o
 .text          0x00000000       0x68 /usr/lib/gcc/arm-none-eabi/5.4.1/../../../arm-none-eabi/lib/armv7e-m/fpu/crt0.o
 .data          0x00000000        0x0 /usr/lib/gcc/arm-none-eabi/5.4.1/../../../arm-none-eabi/lib/armv7e-m/fpu/crt0.o
 .bss           0x00000000        0x0 /usr/lib/gcc/arm-none-eabi/5.4.1/../../../arm-none-eabi/lib/armv7e-m/fpu/crt0.o
 .ARM.extab     0x00000000        0x0 /usr/lib/gcc/arm-none-eabi/5.4.1/../../../arm-none-eabi/lib/armv7e-m/fpu/crt0.o
 .ARM.exidx     0x00000000        0x8 /usr/lib/gcc/arm-none-eabi/5.4.1/../../../arm-none-eabi/lib/armv7e-m/fpu/crt0.o
 .debug_line    0x00000000       0x7e /usr/lib/gcc/arm-none-eabi/5.4.1/../../../arm-none-eabi/lib/armv7e-m/fpu/crt0.o
 .debug_info    0x00000000       0xa5 /usr/lib/gcc/arm-none-eabi/5.4.1/../../../arm-none-eabi/lib/armv7e-m/fpu/crt0.o
 .debug_abbrev  0x00000000       0x14 /usr/lib/gcc/arm-none-eabi/5.4.1/../../../arm-none-eabi/lib/armv7e-m/fpu/crt0.o
 .debug_aranges
                0x00000000       0x20 /usr/lib/gcc/arm-none-eabi/5.4.1/../../../arm-none-eabi/lib/armv7e-m/fpu/crt0.o
 .ARM.attributes
                0x00000000       0x20 /usr/lib/gcc/arm-none-eabi/5.4.1/../../../arm-none-eabi/lib/armv7e-m/fpu/crt0.o
 .text          0x00000000        0x0 build/stm32f3xx_hal_uart.o
 .data          0x00000000        0x0 build/stm32f3xx_hal_uart.o
 .bss           0x00000000        0x0 build/stm32f3xx_hal_uart.o
 .text.UART_EndTxTransfer
                0x00000000       0x14 build/stm32f3xx_hal_uart.o
 .text.UART_EndRxTransfer
                0x00000000       0x1c build/stm32f3xx_hal_uart.o
 .text.HAL_UART_MspInit
                0x00000000        0x4 build/stm32f3xx_hal_uart.o
 .text.HAL_UART_MspDeInit
                0x00000000        0x4 build/stm32f3xx_hal_uart.o
 .text.HAL_UART_DeInit
                0x00000000       0x40 build/stm32f3xx_hal_uart.o
 .text.HAL_UART_Transmit_IT
                0x00000000       0x4c build/stm32f3xx_hal_uart.o
 .text.HAL_UART_Receive_IT
                0x00000000       0xac build/stm32f3xx_hal_uart.o
 .text.HAL_UART_Transmit_DMA
[...]
Memory Configuration

Name             Origin             Length             Attributes
RAM              0x20000000         0x00010000         xrw
CCMRAM           0x10000000         0x00004000         rw
FLASH            0x08000000         0x00080000         xr
*default*        0x00000000         0xffffffff

Linker script and memory map

LOAD /usr/lib/gcc/arm-none-eabi/5.4.1/armv7e-m/fpu/crti.o
LOAD /usr/lib/gcc/arm-none-eabi/5.4.1/armv7e-m/fpu/crtbegin.o
LOAD /usr/lib/gcc/arm-none-eabi/5.4.1/../../../arm-none-eabi/lib/armv7e-m/fpu/crt0.o
LOAD build/stm32f3xx_hal_uart.o
LOAD build/main.o
LOAD build/stm32f3xx_hal.o
LOAD build/stm32f3xx_hal_pwr_ex.o
LOAD build/stm32f3xx_hal_i2c_ex.o
LOAD build/stm32f3xx_hal_cortex.o
LOAD build/stm32f3xx_hal_msp.o
LOAD build/stm32f3xx_hal_pwr.o
LOAD build/stm32f3xx_hal_flash.o
LOAD build/stm32f3xx_hal_tim.o
LOAD build/stm32f3xx_it.o
LOAD build/stm32f3xx_hal_flash_ex.o
LOAD build/stm32f3xx_hal_uart_ex.o
LOAD build/stm32f3xx_hal_dma.o
LOAD build/stm32f3xx_hal_rcc.o
LOAD build/stm32f3xx_hal_rcc_ex.o
LOAD build/stm32f3xx_hal_gpio.o
LOAD build/stm32f3xx_hal_i2c.o
LOAD build/system_stm32f3xx.o
LOAD build/stm32f3xx_hal_tim_ex.o
LOAD build/usart.o
LOAD build/gpio.o
LOAD build/stm32f3xx_hal_adc.o
LOAD build/stm32f3xx_hal_adc_ex.o
LOAD build/adc.o
LOAD build/dma.o
LOAD build/startup_stm32f303xe.o
LOAD /usr/lib/gcc/arm-none-eabi/5.4.1/../../../arm-none-eabi/lib/armv7e-m/fpu/libc_nano.a
LOAD /usr/lib/gcc/arm-none-eabi/5.4.1/../../../arm-none-eabi/lib/armv7e-m/fpu/libm.a
LOAD /usr/lib/gcc/arm-none-eabi/5.4.1/../../../arm-none-eabi/lib/armv7e-m/fpu/libnosys.a
START GROUP
LOAD /usr/lib/gcc/arm-none-eabi/5.4.1/armv7e-m/fpu/libgcc.a
LOAD /usr/lib/gcc/arm-none-eabi/5.4.1/../../../arm-none-eabi/lib/armv7e-m/fpu/libc_nano.a
END GROUP
START GROUP
LOAD /usr/lib/gcc/arm-none-eabi/5.4.1/armv7e-m/fpu/libgcc.a
LOAD /usr/lib/gcc/arm-none-eabi/5.4.1/../../../arm-none-eabi/lib/armv7e-m/fpu/libc_nano.a
END GROUP
LOAD /usr/lib/gcc/arm-none-eabi/5.4.1/armv7e-m/fpu/crtend.o
LOAD /usr/lib/gcc/arm-none-eabi/5.4.1/armv7e-m/fpu/crtn.o
                0x20010000                _estack = 0x20010000
                0x00000200                _Min_Heap_Size = 0x200
                0x00000400                _Min_Stack_Size = 0x400

.isr_vector     0x08000000      0x194
                0x08000000                . = ALIGN (0x4)
 *(.isr_vector)
 .isr_vector    0x08000000      0x194 build/startup_stm32f303xe.o
                0x08000000                g_pfnVectors
                0x08000194                . = ALIGN (0x4)

.text           0x08000194     0x2304
                0x08000194                . = ALIGN (0x4)
 *(.text)
 .text          0x08000194       0xa4 /usr/lib/gcc/arm-none-eabi/5.4.1/armv7e-m/fpu/crtbegin.o
 .text          0x08000238       0x50 /usr/lib/gcc/arm-none-eabi/5.4.1/../../../arm-none-eabi/lib/armv7e-m/fpu/libc_nano.a(lib_a-init.o)
                0x08000238                __libc_init_array
 *(.text*)
 .text.UART_SetConfig
                0x08000288      0x2a0 build/stm32f3xx_hal_uart.o
                0x08000288                UART_SetConfig
 .text.UART_AdvFeatureConfig
                0x08000528       0xc8 build/stm32f3xx_hal_uart.o
                0x08000528                UART_AdvFeatureConfig
 .text.UART_WaitOnFlagUntilTimeout
                0x080005f0       0x68 build/stm32f3xx_hal_uart.o
                0x080005f0                UART_WaitOnFlagUntilTimeout
 .text.UART_CheckIdleState
                0x08000658       0x6c build/stm32f3xx_hal_uart.o
                0x08000658                UART_CheckIdleState
 .text.HAL_UART_Init
                0x080006c4       0x6c build/stm32f3xx_hal_uart.o
                0x080006c4                HAL_UART_Init
 .text._Error_Handler
                0x08000730        0x4 build/main.o
                0x08000730                _Error_Handler
 .text.SystemClock_Config
                0x08000734       0xa4 build/main.o
                0x08000734                SystemClock_Config
 .text.main     0x080007d8       0x1c build/main.o
                0x080007d8                main
 .text.HAL_InitTick
                0x080007f4       0x2c build/stm32f3xx_hal.o
                0x080007f4                HAL_InitTick
 .text.HAL_Init
                0x08000820       0x24 build/stm32f3xx_hal.o
                0x08000820                HAL_Init
 .text.HAL_IncTick
                0x08000844       0x10 build/stm32f3xx_hal.o
                0x08000844                HAL_IncTick
 .text.HAL_GetTick
                0x08000854        0xc build/stm32f3xx_hal.o
                0x08000854                HAL_GetTick
 .text.HAL_NVIC_SetPriorityGrouping
                0x08000860       0x24 build/stm32f3xx_hal_cortex.o
                0x08000860                HAL_NVIC_SetPriorityGrouping
 .text.HAL_NVIC_SetPriority
                0x08000884       0x64 build/stm32f3xx_hal_cortex.o
                0x08000884                HAL_NVIC_SetPriority
 .text.HAL_NVIC_EnableIRQ
                0x080008e8       0x18 build/stm32f3xx_hal_cortex.o
                0x080008e8                HAL_NVIC_EnableIRQ
 .text.HAL_SYSTICK_Config
                0x08000900       0x2c build/stm32f3xx_hal_cortex.o
                0x08000900                HAL_SYSTICK_Config
 .text.HAL_SYSTICK_CLKSourceConfig
                0x0800092c       0x20 build/stm32f3xx_hal_cortex.o
                0x0800092c                HAL_SYSTICK_CLKSourceConfig
 .text.HAL_SYSTICK_Callback
                0x0800094c        0x4 build/stm32f3xx_hal_cortex.o
                0x0800094c                HAL_SYSTICK_Callback
 .text.HAL_SYSTICK_IRQHandler
                0x08000950        0x8 build/stm32f3xx_hal_cortex.o
                0x08000950                HAL_SYSTICK_IRQHandler
 .text.HAL_MspInit
                0x08000958       0x7c build/stm32f3xx_hal_msp.o
                0x08000958                HAL_MspInit
 .text.SysTick_Handler
                0x080009d4        0xc build/stm32f3xx_it.o
                0x080009d4                SysTick_Handler
 .text.DMA2_Channel1_IRQHandler
                0x080009e0       0x10 build/stm32f3xx_it.o
                0x080009e0                DMA2_Channel1_IRQHandler
 .text.DMA_CalcBaseAndBitshift
                0x080009f0       0x4c build/stm32f3xx_hal_dma.o
 .text.HAL_DMA_Init
                0x08000a3c       0x58 build/stm32f3xx_hal_dma.o
                0x08000a3c                HAL_DMA_Init
 .text.HAL_DMA_IRQHandler
                0x08000a94       0xb4 build/stm32f3xx_hal_dma.o
                0x08000a94                HAL_DMA_IRQHandler
 .text.HAL_RCC_OscConfig
                0x08000b48      0x628 build/stm32f3xx_hal_rcc.o
                0x08000b48                HAL_RCC_OscConfig
 .text.HAL_RCC_GetSysClockFreq
                0x08001170       0x70 build/stm32f3xx_hal_rcc.o
                0x08001170                HAL_RCC_GetSysClockFreq
 .text.HAL_RCC_ClockConfig
                0x080011e0      0x1e4 build/stm32f3xx_hal_rcc.o
                0x080011e0                HAL_RCC_ClockConfig
 .text.HAL_RCC_GetHCLKFreq
                0x080013c4        0xc build/stm32f3xx_hal_rcc.o
                0x080013c4                HAL_RCC_GetHCLKFreq
 .text.HAL_RCC_GetPCLK1Freq
                0x080013d0       0x30 build/stm32f3xx_hal_rcc.o
                0x080013d0                HAL_RCC_GetPCLK1Freq
 .text.HAL_RCC_GetPCLK2Freq
                0x08001400       0x30 build/stm32f3xx_hal_rcc.o
                0x08001400                HAL_RCC_GetPCLK2Freq
 .text.HAL_RCCEx_PeriphCLKConfig
                0x08001430      0x300 build/stm32f3xx_hal_rcc_ex.o
                0x08001430                HAL_RCCEx_PeriphCLKConfig
 .text.HAL_GPIO_Init
                0x08001730      0x1ac build/stm32f3xx_hal_gpio.o
                0x08001730                HAL_GPIO_Init
 .text.HAL_GPIO_WritePin
                0x080018dc        0xc build/stm32f3xx_hal_gpio.o
                0x080018dc                HAL_GPIO_WritePin
 .text.SystemInit
                0x080018e8       0x68 build/system_stm32f3xx.o
                0x080018e8                SystemInit
 .text.MX_USART2_UART_Init
                0x08001950       0x40 build/usart.o
                0x08001950                MX_USART2_UART_Init
 .text.HAL_UART_MspInit
                0x08001990       0x4c build/usart.o
                0x08001990                HAL_UART_MspInit
 .text.MX_GPIO_Init
                0x080019dc       0x98 build/gpio.o
                0x080019dc                MX_GPIO_Init
 .text.ADC_Disable
                0x08001a74       0x8c build/stm32f3xx_hal_adc_ex.o
 .text.HAL_ADC_Init
                0x08001b00      0x2c0 build/stm32f3xx_hal_adc_ex.o
                0x08001b00                HAL_ADC_Init
 .text.HAL_ADC_ConfigChannel
                0x08001dc0      0x3a8 build/stm32f3xx_hal_adc_ex.o
                0x08001dc0                HAL_ADC_ConfigChannel
 .text.MX_ADC2_Init
                0x08002168      0x1d8 build/adc.o
                0x08002168                MX_ADC2_Init
 .text.HAL_ADC_MspInit
                0x08002340       0xb8 build/adc.o
                0x08002340                HAL_ADC_MspInit
 .text.MX_DMA_Init
                0x080023f8       0x34 build/dma.o
                0x080023f8                MX_DMA_Init
 .text.Reset_Handler
                0x0800242c       0x50 build/startup_stm32f303xe.o
                0x0800242c                Reset_Handler
 .text.Default_Handler
                0x0800247c        0x2 build/startup_stm32f303xe.o
                0x0800247c                RTC_Alarm_IRQHandler
                0x0800247c                TIM8_TRG_COM_IRQHandler
                0x0800247c                TIM8_CC_IRQHandler
                0x0800247c                DebugMon_Handler
                0x0800247c                SPI4_IRQHandler
                0x0800247c                TIM1_CC_IRQHandler
                0x0800247c                HardFault_Handler
                0x0800247c                USB_HP_IRQHandler
                0x0800247c                PVD_IRQHandler
                0x0800247c                TAMP_STAMP_IRQHandler
                0x0800247c                PendSV_Handler
                0x0800247c                NMI_Handler
                0x0800247c                EXTI3_IRQHandler
                0x0800247c                I2C3_ER_IRQHandler
                0x0800247c                USB_HP_CAN_TX_IRQHandler
                0x0800247c                EXTI0_IRQHandler
                0x0800247c                I2C2_EV_IRQHandler
                0x0800247c                FPU_IRQHandler
                0x0800247c                TIM1_UP_TIM16_IRQHandler
                0x0800247c                UsageFault_Handler
                0x0800247c                ADC1_2_IRQHandler
                0x0800247c                SPI1_IRQHandler
                0x0800247c                CAN_SCE_IRQHandler
                0x0800247c                TIM6_DAC_IRQHandler
                0x0800247c                TIM8_UP_IRQHandler
                0x0800247c                DMA2_Channel2_IRQHandler
                0x0800247c                DMA1_Channel4_IRQHandler
                0x0800247c                TIM20_TRG_COM_IRQHandler
                0x0800247c                USART3_IRQHandler
                0x0800247c                DMA1_Channel7_IRQHandler
                0x0800247c                UART5_IRQHandler
                0x0800247c                ADC3_IRQHandler
                0x0800247c                TIM4_IRQHandler
                0x0800247c                CAN_RX1_IRQHandler
                0x0800247c                I2C1_EV_IRQHandler
                0x0800247c                DMA1_Channel6_IRQHandler
                0x0800247c                UART4_IRQHandler
                0x0800247c                DMA2_Channel4_IRQHandler
                0x0800247c                TIM3_IRQHandler
                0x0800247c                RCC_IRQHandler
                0x0800247c                TIM20_UP_IRQHandler
                0x0800247c                DMA1_Channel1_IRQHandler
                0x0800247c                Default_Handler
                0x0800247c                USBWakeUp_RMP_IRQHandler
                0x0800247c                EXTI15_10_IRQHandler
                0x0800247c                TIM7_IRQHandler
                0x0800247c                I2C3_EV_IRQHandler
                0x0800247c                EXTI9_5_IRQHandler
                0x0800247c                RTC_WKUP_IRQHandler
                0x0800247c                SPI2_IRQHandler
                0x0800247c                USB_LP_CAN_RX0_IRQHandler
                0x0800247c                MemManage_Handler
                0x0800247c                SVC_Handler
                0x0800247c                DMA2_Channel5_IRQHandler
                0x0800247c                DMA1_Channel5_IRQHandler
                0x0800247c                USB_LP_IRQHandler
                0x0800247c                EXTI4_IRQHandler
                0x0800247c                TIM1_TRG_COM_TIM17_IRQHandler
                0x0800247c                DMA1_Channel3_IRQHandler
                0x0800247c                ADC4_IRQHandler
                0x0800247c                WWDG_IRQHandler
                0x0800247c                TIM2_IRQHandler
                0x0800247c                COMP7_IRQHandler
                0x0800247c                COMP1_2_3_IRQHandler
                0x0800247c                EXTI1_IRQHandler
                0x0800247c                USART2_IRQHandler
                0x0800247c                COMP4_5_6_IRQHandler
                0x0800247c                TIM20_BRK_IRQHandler
                0x0800247c                I2C2_ER_IRQHandler
                0x0800247c                DMA1_Channel2_IRQHandler
                0x0800247c                TIM8_BRK_IRQHandler
                0x0800247c                FLASH_IRQHandler
                0x0800247c                TIM20_CC_IRQHandler
                0x0800247c                BusFault_Handler
                0x0800247c                USART1_IRQHandler
                0x0800247c                SPI3_IRQHandler
                0x0800247c                I2C1_ER_IRQHandler
                0x0800247c                FMC_IRQHandler
                0x0800247c                USBWakeUp_IRQHandler
                0x0800247c                DMA2_Channel3_IRQHandler
                0x0800247c                EXTI2_TSC_IRQHandler
                0x0800247c                TIM1_BRK_TIM15_IRQHandler
 *(.glue_7)
 .glue_7        0x0800247e        0x0 linker stubs
 *(.glue_7t)
 .glue_7t       0x0800247e        0x0 linker stubs
 *(.eh_frame)
 *fill*         0x0800247e        0x2 
 .eh_frame      0x08002480        0x0 /usr/lib/gcc/arm-none-eabi/5.4.1/armv7e-m/fpu/crtbegin.o
 *(.init)
 .init          0x08002480        0x4 /usr/lib/gcc/arm-none-eabi/5.4.1/armv7e-m/fpu/crti.o
                0x08002480                _init
 .init          0x08002484        0x8 /usr/lib/gcc/arm-none-eabi/5.4.1/armv7e-m/fpu/crtn.o
 *(.fini)
 .fini          0x0800248c        0x4 /usr/lib/gcc/arm-none-eabi/5.4.1/armv7e-m/fpu/crti.o
                0x0800248c                _fini
 .fini          0x08002490        0x8 /usr/lib/gcc/arm-none-eabi/5.4.1/armv7e-m/fpu/crtn.o
                0x08002498                . = ALIGN (0x4)
                0x08002498                _etext = .

.vfp11_veneer   0x08002498        0x0
 .vfp11_veneer  0x08002498        0x0 linker stubs

.v4_bx          0x08002498        0x0
 .v4_bx         0x08002498        0x0 linker stubs

.iplt           0x08002498        0x0
 .iplt          0x08002498        0x0 /usr/lib/gcc/arm-none-eabi/5.4.1/armv7e-m/fpu/crtbegin.o

.rodata         0x08002498       0x5c
                0x08002498                . = ALIGN (0x4)
 *(.rodata)
 *(.rodata*)
 .rodata.str1.4
                0x08002498        0xb build/main.o
 *fill*         0x080024a3        0x1 
 .rodata.aPredivFactorTable
                0x080024a4       0x10 build/stm32f3xx_hal_rcc.o
                0x080024a4                aPredivFactorTable
 .rodata.aPLLMULFactorTable
                0x080024b4       0x10 build/stm32f3xx_hal_rcc.o
                0x080024b4                aPLLMULFactorTable
 .rodata.AHBPrescTable
                0x080024c4       0x10 build/system_stm32f3xx.o
                0x080024c4                AHBPrescTable
 .rodata.APBPrescTable
                0x080024d4        0x8 build/system_stm32f3xx.o
                0x080024d4                APBPrescTable
 .rodata.str1.4
                0x080024dc        0xc build/usart.o
 .rodata.str1.4
                0x080024e8        0xc build/adc.o
                                  0xa (size before relaxing)
                0x080024f4                . = ALIGN (0x4)

.rel.dyn        0x080024f4        0x0
 .rel.iplt      0x080024f4        0x0 /usr/lib/gcc/arm-none-eabi/5.4.1/armv7e-m/fpu/crtbegin.o

.ARM.extab
 *(.ARM.extab* .gnu.linkonce.armextab.*)

.ARM            0x080024f4        0x0
                0x080024f4                __exidx_start = .
 *(.ARM.exidx*)
                0x080024f4                __exidx_end = .

.preinit_array  0x080024f4        0x0
                0x080024f4                PROVIDE (__preinit_array_start, .)
 *(.preinit_array*)
                0x080024f4                PROVIDE (__preinit_array_end, .)

.init_array     0x080024f4        0x4
                0x080024f4                PROVIDE (__init_array_start, .)
 *(SORT(.init_array.*))
 *(.init_array*)
 .init_array    0x080024f4        0x4 /usr/lib/gcc/arm-none-eabi/5.4.1/armv7e-m/fpu/crtbegin.o
                0x080024f8                PROVIDE (__init_array_end, .)

.fini_array     0x080024f8        0x4
                0x080024f8                PROVIDE (__fini_array_start, .)
 *(SORT(.fini_array.*))
 *(.fini_array*)
 .fini_array    0x080024f8        0x4 /usr/lib/gcc/arm-none-eabi/5.4.1/armv7e-m/fpu/crtbegin.o
                0x080024fc                PROVIDE (__fini_array_end, .)
                0x080024fc                _sidata = LOADADDR (.data)

.data           0x20000000        0x4 load address 0x080024fc
                0x20000000                . = ALIGN (0x4)
                0x20000000                _sdata = .
 *(.data)
 *(.data*)
 .data.SystemCoreClock
                0x20000000        0x4 build/system_stm32f3xx.o
                0x20000000                SystemCoreClock
                0x20000004                . = ALIGN (0x4)
                0x20000004                _edata = .
                0x08002500                _siccmram = LOADADDR (.ccmram)

.jcr            0x20000004        0x0 load address 0x08002500
 .jcr           0x20000004        0x0 /usr/lib/gcc/arm-none-eabi/5.4.1/armv7e-m/fpu/crtbegin.o

.tm_clone_table
                0x20000004        0x0 load address 0x08002500
 .tm_clone_table
                0x20000004        0x0 /usr/lib/gcc/arm-none-eabi/5.4.1/armv7e-m/fpu/crtbegin.o
 .tm_clone_table
                0x20000004        0x0 /usr/lib/gcc/arm-none-eabi/5.4.1/armv7e-m/fpu/crtend.o

.igot.plt       0x20000004        0x0 load address 0x08002500
 .igot.plt      0x20000004        0x0 /usr/lib/gcc/arm-none-eabi/5.4.1/armv7e-m/fpu/crtbegin.o

.ccmram         0x10000000        0x0 load address 0x08002500
                0x10000000                . = ALIGN (0x4)
                0x10000000                _sccmram = .
 *(.ccmram)
 *(.ccmram*)
                0x10000000                . = ALIGN (0x4)
                0x10000000                _eccmram = .
                0x10000000                . = ALIGN (0x4)

.bss            0x20000004      0x128
                0x20000004                _sbss = .
                0x20000004                __bss_start__ = _sbss
 *(.bss)
 .bss           0x20000004       0x1c /usr/lib/gcc/arm-none-eabi/5.4.1/armv7e-m/fpu/crtbegin.o
 *(.bss*)
 *(COMMON)
 COMMON         0x20000020        0x4 build/stm32f3xx_hal.o
                0x20000020                uwTick
 COMMON         0x20000024       0x70 build/usart.o
                0x20000024                huart2
 COMMON         0x20000094       0x98 build/adc.o
                0x20000094                hadc2
                0x200000e8                hdma_adc2
                0x2000012c                . = ALIGN (0x4)
                0x2000012c                _ebss = .
                0x2000012c                __bss_end__ = _ebss

._user_heap_stack
                0x2000012c      0x604
                0x20000130                . = ALIGN (0x8)
 *fill*         0x2000012c        0x4 
                [!provide]                PROVIDE (end, .)
                [!provide]                PROVIDE (_end, .)
                0x20000330                . = (. + _Min_Heap_Size)
 *fill*         0x20000130      0x200 
                0x20000730                . = (. + _Min_Stack_Size)
 *fill*         0x20000330      0x400 
                0x20000730                . = ALIGN (0x8)

/DISCARD/
 libc.a(*)
 libm.a(*)
 libgcc.a(*)

.ARM.attributes
                0x00000000       0x30
 *(.ARM.attributes)
 .ARM.attributes
                0x00000000       0x22 /usr/lib/gcc/arm-none-eabi/5.4.1/armv7e-m/fpu/crti.o
 .ARM.attributes
                0x00000022       0x34 /usr/lib/gcc/arm-none-eabi/5.4.1/armv7e-m/fpu/crtbegin.o
 .ARM.attributes
                0x00000056       0x39 build/stm32f3xx_hal_uart.o
 .ARM.attributes
                0x0000008f       0x39 build/main.o
 .ARM.attributes
                0x000000c8       0x39 build/stm32f3xx_hal.o
 .ARM.attributes
                0x00000101       0x39 build/stm32f3xx_hal_cortex.o
 .ARM.attributes
                0x0000013a       0x39 build/stm32f3xx_hal_msp.o
 .ARM.attributes
                0x00000173       0x39 build/stm32f3xx_it.o
 .ARM.attributes
                0x000001ac       0x39 build/stm32f3xx_hal_dma.o
 .ARM.attributes
                0x000001e5       0x39 build/stm32f3xx_hal_rcc.o
 .ARM.attributes
                0x0000021e       0x39 build/stm32f3xx_hal_rcc_ex.o
 .ARM.attributes
                0x00000257       0x39 build/stm32f3xx_hal_gpio.o
 .ARM.attributes
                0x00000290       0x39 build/system_stm32f3xx.o
 .ARM.attributes
                0x000002c9       0x39 build/usart.o
 .ARM.attributes
                0x00000302       0x39 build/gpio.o
 .ARM.attributes
                0x0000033b       0x39 build/stm32f3xx_hal_adc_ex.o
 .ARM.attributes
                0x00000374       0x39 build/adc.o
 .ARM.attributes
                0x000003ad       0x39 build/dma.o
 .ARM.attributes
                0x000003e6       0x21 build/startup_stm32f303xe.o
 .ARM.attributes
                0x00000407       0x34 /usr/lib/gcc/arm-none-eabi/5.4.1/../../../arm-none-eabi/lib/armv7e-m/fpu/libc_nano.a(lib_a-init.o)
 .ARM.attributes
                0x0000043b       0x34 /usr/lib/gcc/arm-none-eabi/5.4.1/armv7e-m/fpu/crtend.o
 .ARM.attributes
                0x0000046f       0x22 /usr/lib/gcc/arm-none-eabi/5.4.1/armv7e-m/fpu/crtn.o
OUTPUT(build/stm32test1.elf elf32-littlearm)

.comment        0x00000000       0x2b
 .comment       0x00000000       0x2b /usr/lib/gcc/arm-none-eabi/5.4.1/armv7e-m/fpu/crtbegin.o
                                 0x2c (size before relaxing)
 .comment       0x0000002b       0x2c build/stm32f3xx_hal_uart.o
 .comment       0x0000002b       0x2c build/main.o
 .comment       0x0000002b       0x2c build/stm32f3xx_hal.o
 .comment       0x0000002b       0x2c build/stm32f3xx_hal_cortex.o
 .comment       0x0000002b       0x2c build/stm32f3xx_hal_msp.o
 .comment       0x0000002b       0x2c build/stm32f3xx_it.o
 .comment       0x0000002b       0x2c build/stm32f3xx_hal_dma.o
 .comment       0x0000002b       0x2c build/stm32f3xx_hal_rcc.o
 .comment       0x0000002b       0x2c build/stm32f3xx_hal_rcc_ex.o
 .comment       0x0000002b       0x2c build/stm32f3xx_hal_gpio.o
 .comment       0x0000002b       0x2c build/system_stm32f3xx.o
 .comment       0x0000002b       0x2c build/usart.o
 .comment       0x0000002b       0x2c build/gpio.o
 .comment       0x0000002b       0x2c build/stm32f3xx_hal_adc_ex.o
 .comment       0x0000002b       0x2c build/adc.o
 .comment       0x0000002b       0x2c build/dma.o
 .comment       0x0000002b       0x2c /usr/lib/gcc/arm-none-eabi/5.4.1/../../../arm-none-eabi/lib/armv7e-m/fpu/libc_nano.a(lib_a-init.o)
 .comment       0x0000002b       0x2c /usr/lib/gcc/arm-none-eabi/5.4.1/armv7e-m/fpu/crtend.o

.debug_info     0x00000000     0xb269
 .debug_info    0x00000000     0x1b43 build/stm32f3xx_hal_uart.o
 .debug_info    0x00001b43      0x7c8 build/main.o
 .debug_info    0x0000230b      0x81e build/stm32f3xx_hal.o
 .debug_info    0x00002b29      0xf7a build/stm32f3xx_hal_cortex.o
 .debug_info    0x00003aa3      0x4cd build/stm32f3xx_hal_msp.o
 .debug_info    0x00003f70      0x380 build/stm32f3xx_it.o
 .debug_info    0x000042f0      0x867 build/stm32f3xx_hal_dma.o
 .debug_info    0x00004b57     0x1458 build/stm32f3xx_hal_rcc.o
 .debug_info    0x00005faf      0x81f build/stm32f3xx_hal_rcc_ex.o
 .debug_info    0x000067ce      0x7bb build/stm32f3xx_hal_gpio.o
 .debug_info    0x00006f89      0x44f build/system_stm32f3xx.o
 .debug_info    0x000073d8      0x9dc build/usart.o
 .debug_info    0x00007db4      0x3ed build/gpio.o
 .debug_info    0x000081a1     0x1c2e build/stm32f3xx_hal_adc_ex.o
 .debug_info    0x00009dcf      0xf19 build/adc.o
 .debug_info    0x0000ace8      0x41a build/dma.o
 .debug_info    0x0000b102       0x57 build/startup_stm32f303xe.o
 .debug_info    0x0000b159      0x110 /usr/lib/gcc/arm-none-eabi/5.4.1/../../../arm-none-eabi/lib/armv7e-m/fpu/libc_nano.a(lib_a-init.o)

.debug_abbrev   0x00000000     0x1e95
 .debug_abbrev  0x00000000      0x265 build/stm32f3xx_hal_uart.o
 .debug_abbrev  0x00000265      0x17a build/main.o
 .debug_abbrev  0x000003df      0x1d0 build/stm32f3xx_hal.o
 .debug_abbrev  0x000005af      0x2f7 build/stm32f3xx_hal_cortex.o
 .debug_abbrev  0x000008a6      0x114 build/stm32f3xx_hal_msp.o
 .debug_abbrev  0x000009ba      0x134 build/stm32f3xx_it.o
 .debug_abbrev  0x00000aee      0x235 build/stm32f3xx_hal_dma.o
 .debug_abbrev  0x00000d23      0x2b9 build/stm32f3xx_hal_rcc.o
 .debug_abbrev  0x00000fdc      0x242 build/stm32f3xx_hal_rcc_ex.o
 .debug_abbrev  0x0000121e      0x202 build/stm32f3xx_hal_gpio.o
 .debug_abbrev  0x00001420      0x103 build/system_stm32f3xx.o
 .debug_abbrev  0x00001523      0x1a9 build/usart.o
 .debug_abbrev  0x000016cc      0x148 build/gpio.o
 .debug_abbrev  0x00001814      0x2c4 build/stm32f3xx_hal_adc_ex.o
 .debug_abbrev  0x00001ad8      0x1dd build/adc.o
 .debug_abbrev  0x00001cb5      0x114 build/dma.o
 .debug_abbrev  0x00001dc9       0x12 build/startup_stm32f303xe.o
 .debug_abbrev  0x00001ddb       0xba /usr/lib/gcc/arm-none-eabi/5.4.1/../../../arm-none-eabi/lib/armv7e-m/fpu/libc_nano.a(lib_a-init.o)

.debug_loc      0x00000000     0x681e
 .debug_loc     0x00000000     0x1a3a build/stm32f3xx_hal_uart.o
 .debug_loc     0x00001a3a       0x59 build/main.o
 .debug_loc     0x00001a93      0x101 build/stm32f3xx_hal.o
 .debug_loc     0x00001b94      0x5c0 build/stm32f3xx_hal_cortex.o
 .debug_loc     0x00002154       0x38 build/stm32f3xx_hal_msp.o
 .debug_loc     0x0000218c       0x40 build/stm32f3xx_it.o
 .debug_loc     0x000021cc      0x77c build/stm32f3xx_hal_dma.o
 .debug_loc     0x00002948      0xaa5 build/stm32f3xx_hal_rcc.o
 .debug_loc     0x000033ed      0xb49 build/stm32f3xx_hal_rcc_ex.o
 .debug_loc     0x00003f36      0x398 build/stm32f3xx_hal_gpio.o
 .debug_loc     0x000042ce       0xfe build/system_stm32f3xx.o
 .debug_loc     0x000043cc       0xd1 build/usart.o
 .debug_loc     0x0000449d       0x38 build/gpio.o
 .debug_loc     0x000044d5     0x2169 build/stm32f3xx_hal_adc_ex.o
 .debug_loc     0x0000663e       0xfa build/adc.o
 .debug_loc     0x00006738       0x38 build/dma.o
 .debug_loc     0x00006770       0xae /usr/lib/gcc/arm-none-eabi/5.4.1/../../../arm-none-eabi/lib/armv7e-m/fpu/libc_nano.a(lib_a-init.o)

.debug_aranges  0x00000000      0x7f0
 .debug_aranges
                0x00000000      0x1f0 build/stm32f3xx_hal_uart.o
 .debug_aranges
                0x000001f0       0x30 build/main.o
 .debug_aranges
                0x00000220       0xc8 build/stm32f3xx_hal.o
 .debug_aranges
                0x000002e8       0xa8 build/stm32f3xx_hal_cortex.o
 .debug_aranges
                0x00000390       0x20 build/stm32f3xx_hal_msp.o
 .debug_aranges
                0x000003b0       0x28 build/stm32f3xx_it.o
 .debug_aranges
                0x000003d8       0x88 build/stm32f3xx_hal_dma.o
 .debug_aranges
                0x00000460       0x88 build/stm32f3xx_hal_rcc.o
 .debug_aranges
                0x000004e8       0x38 build/stm32f3xx_hal_rcc_ex.o
 .debug_aranges
                0x00000520       0x58 build/stm32f3xx_hal_gpio.o
 .debug_aranges
                0x00000578       0x28 build/system_stm32f3xx.o
 .debug_aranges
                0x000005a0       0x30 build/usart.o
 .debug_aranges
                0x000005d0       0x20 build/gpio.o
 .debug_aranges
                0x000005f0      0x168 build/stm32f3xx_hal_adc_ex.o
 .debug_aranges
                0x00000758       0x30 build/adc.o
 .debug_aranges
                0x00000788       0x20 build/dma.o
 .debug_aranges
                0x000007a8       0x28 build/startup_stm32f303xe.o
 .debug_aranges
                0x000007d0       0x20 /usr/lib/gcc/arm-none-eabi/5.4.1/../../../arm-none-eabi/lib/armv7e-m/fpu/libc_nano.a(lib_a-init.o)

.debug_ranges   0x00000000      0x6f8
 .debug_ranges  0x00000000      0x1e0 build/stm32f3xx_hal_uart.o
 .debug_ranges  0x000001e0       0x20 build/main.o
 .debug_ranges  0x00000200       0xb8 build/stm32f3xx_hal.o
 .debug_ranges  0x000002b8       0x98 build/stm32f3xx_hal_cortex.o
 .debug_ranges  0x00000350       0x10 build/stm32f3xx_hal_msp.o
 .debug_ranges  0x00000360       0x18 build/stm32f3xx_it.o
 .debug_ranges  0x00000378       0x78 build/stm32f3xx_hal_dma.o
 .debug_ranges  0x000003f0       0x90 build/stm32f3xx_hal_rcc.o
 .debug_ranges  0x00000480       0x40 build/stm32f3xx_hal_rcc_ex.o
 .debug_ranges  0x000004c0       0x48 build/stm32f3xx_hal_gpio.o
 .debug_ranges  0x00000508       0x18 build/system_stm32f3xx.o
 .debug_ranges  0x00000520       0x20 build/usart.o
 .debug_ranges  0x00000540       0x10 build/gpio.o
 .debug_ranges  0x00000550      0x158 build/stm32f3xx_hal_adc_ex.o
 .debug_ranges  0x000006a8       0x20 build/adc.o
 .debug_ranges  0x000006c8       0x10 build/dma.o
 .debug_ranges  0x000006d8       0x20 build/startup_stm32f303xe.o

.debug_line     0x00000000     0x44a6
 .debug_line    0x00000000      0xbf6 build/stm32f3xx_hal_uart.o
 .debug_line    0x00000bf6      0x1f0 build/main.o
 .debug_line    0x00000de6      0x2fb build/stm32f3xx_hal.o
 .debug_line    0x000010e1      0x34f build/stm32f3xx_hal_cortex.o
 .debug_line    0x00001430      0x140 build/stm32f3xx_hal_msp.o
 .debug_line    0x00001570      0x185 build/stm32f3xx_it.o
 .debug_line    0x000016f5      0x3af build/stm32f3xx_hal_dma.o
 .debug_line    0x00001aa4      0x675 build/stm32f3xx_hal_rcc.o
 .debug_line    0x00002119      0x4d5 build/stm32f3xx_hal_rcc_ex.o
 .debug_line    0x000025ee      0x2c3 build/stm32f3xx_hal_gpio.o
 .debug_line    0x000028b1      0x127 build/system_stm32f3xx.o
 .debug_line    0x000029d8      0x1b8 build/usart.o
 .debug_line    0x00002b90      0x136 build/gpio.o
 .debug_line    0x00002cc6     0x134e build/stm32f3xx_hal_adc_ex.o
 .debug_line    0x00004014      0x23a build/adc.o
 .debug_line    0x0000424e      0x12c build/dma.o
 .debug_line    0x0000437a       0x74 build/startup_stm32f303xe.o
 .debug_line    0x000043ee       0xb8 /usr/lib/gcc/arm-none-eabi/5.4.1/../../../arm-none-eabi/lib/armv7e-m/fpu/libc_nano.a(lib_a-init.o)

.debug_str      0x00000000     0x2f15
 .debug_str     0x00000000      0xd55 build/stm32f3xx_hal_uart.o
                                0xe28 (size before relaxing)
 .debug_str     0x00000d55      0x893 build/main.o
                                0xa2f (size before relaxing)
 .debug_str     0x000015e8      0x24f build/stm32f3xx_hal.o
                                0x93f (size before relaxing)
 .debug_str     0x00001837      0x3c0 build/stm32f3xx_hal_cortex.o
                                0xb94 (size before relaxing)
 .debug_str     0x00001bf7       0x18 build/stm32f3xx_hal_msp.o
                                0x6c3 (size before relaxing)
 .debug_str     0x00001c0f       0x59 build/stm32f3xx_it.o
                                0x3c9 (size before relaxing)
 .debug_str     0x00001c68      0x202 build/stm32f3xx_hal_dma.o
                                0x609 (size before relaxing)
 .debug_str     0x00001e6a      0x204 build/stm32f3xx_hal_rcc.o
                                0x637 (size before relaxing)
 .debug_str     0x0000206e       0xc5 build/stm32f3xx_hal_rcc_ex.o
                                0x5af (size before relaxing)
 .debug_str     0x00002133      0x1c3 build/stm32f3xx_hal_gpio.o
                                0x49a (size before relaxing)
 .debug_str     0x000022f6       0x4d build/system_stm32f3xx.o
                                0x2bc (size before relaxing)
 .debug_str     0x00002343       0x2e build/usart.o
                                0x76d (size before relaxing)
 .debug_str     0x00002371        0xb build/gpio.o
                                0x2a5 (size before relaxing)
 .debug_str     0x0000237c      0x9c6 build/stm32f3xx_hal_adc_ex.o
                                0xecc (size before relaxing)
 .debug_str     0x00002d42       0x1a build/adc.o
                                0x7af (size before relaxing)
 .debug_str     0x00002d5c        0xa build/dma.o
                                0x6ab (size before relaxing)
 .debug_str     0x00002d66      0x1af /usr/lib/gcc/arm-none-eabi/5.4.1/../../../arm-none-eabi/lib/armv7e-m/fpu/libc_nano.a(lib_a-init.o)
                                0x241 (size before relaxing)

.debug_frame    0x00000000     0x15cc
 .debug_frame   0x00000000      0x624 build/stm32f3xx_hal_uart.o
 .debug_frame   0x00000624       0x5c build/main.o
 .debug_frame   0x00000680      0x1a8 build/stm32f3xx_hal.o
 .debug_frame   0x00000828      0x164 build/stm32f3xx_hal_cortex.o
 .debug_frame   0x0000098c       0x2c build/stm32f3xx_hal_msp.o
 .debug_frame   0x000009b8       0x48 build/stm32f3xx_it.o
 .debug_frame   0x00000a00      0x18c build/stm32f3xx_hal_dma.o
 .debug_frame   0x00000b8c      0x154 build/stm32f3xx_hal_rcc.o
 .debug_frame   0x00000ce0       0x84 build/stm32f3xx_hal_rcc_ex.o
 .debug_frame   0x00000d64       0xd4 build/stm32f3xx_hal_gpio.o
 .debug_frame   0x00000e38       0x30 build/system_stm32f3xx.o
 .debug_frame   0x00000e68       0x6c build/usart.o
 .debug_frame   0x00000ed4       0x30 build/gpio.o
 .debug_frame   0x00000f04      0x5ec build/stm32f3xx_hal_adc_ex.o
 .debug_frame   0x000014f0       0x84 build/adc.o
 .debug_frame   0x00001574       0x2c build/dma.o
 .debug_frame   0x000015a0       0x2c /usr/lib/gcc/arm-none-eabi/5.4.1/../../../arm-none-eabi/lib/armv7e-m/fpu/libc_nano.a(lib_a-init.o)

Cross Reference Table

Symbol                                            File
ADC1_2_IRQHandler                                 build/startup_stm32f303xe.o
ADC3_IRQHandler                                   build/startup_stm32f303xe.o
ADC4_IRQHandler                                   build/startup_stm32f303xe.o
AHBPrescTable                                     build/system_stm32f3xx.o
                                                  build/stm32f3xx_hal_rcc.o
APBPrescTable                                     build/system_stm32f3xx.o
                                                  build/stm32f3xx_hal_rcc.o
BusFault_Handler                                  build/startup_stm32f303xe.o
CAN_RX1_IRQHandler                                build/startup_stm32f303xe.o
CAN_SCE_IRQHandler                                build/startup_stm32f303xe.o
COMP1_2_3_IRQHandler                              build/startup_stm32f303xe.o
COMP4_5_6_IRQHandler                              build/startup_stm32f303xe.o
COMP7_IRQHandler                                  build/startup_stm32f303xe.o
DMA1_Channel1_IRQHandler                          build/startup_stm32f303xe.o
DMA1_Channel2_IRQHandler                          build/startup_stm32f303xe.o
DMA1_Channel3_IRQHandler                          build/startup_stm32f303xe.o
DMA1_Channel4_IRQHandler                          build/startup_stm32f303xe.o
DMA1_Channel5_IRQHandler                          build/startup_stm32f303xe.o
DMA1_Channel6_IRQHandler                          build/startup_stm32f303xe.o
DMA1_Channel7_IRQHandler                          build/startup_stm32f303xe.o
DMA2_Channel1_IRQHandler                          build/stm32f3xx_it.o
DMA2_Channel2_IRQHandler                          build/startup_stm32f303xe.o
DMA2_Channel3_IRQHandler                          build/startup_stm32f303xe.o
DMA2_Channel4_IRQHandler                          build/startup_stm32f303xe.o
DMA2_Channel5_IRQHandler                          build/startup_stm32f303xe.o
DebugMon_Handler                                  build/startup_stm32f303xe.o
Default_Handler                                   build/startup_stm32f303xe.o
EXTI0_IRQHandler                                  build/startup_stm32f303xe.o
EXTI15_10_IRQHandler                              build/startup_stm32f303xe.o
EXTI1_IRQHandler                                  build/startup_stm32f303xe.o
EXTI2_TSC_IRQHandler                              build/startup_stm32f303xe.o
EXTI3_IRQHandler                                  build/startup_stm32f303xe.o
EXTI4_IRQHandler                                  build/startup_stm32f303xe.o
EXTI9_5_IRQHandler                                build/startup_stm32f303xe.o
FLASH_IRQHandler                                  build/startup_stm32f303xe.o
FLASH_PageErase                                   build/stm32f3xx_hal_flash_ex.o
                                                  build/stm32f3xx_hal_flash.o
FLASH_WaitForLastOperation                        build/stm32f3xx_hal_flash.o
                                                  build/stm32f3xx_hal_flash_ex.o
FMC_IRQHandler                                    build/startup_stm32f303xe.o
FPU_IRQHandler                                    build/startup_stm32f303xe.o
HAL_ADCEx_Calibration_GetValue                    build/stm32f3xx_hal_adc_ex.o
HAL_ADCEx_Calibration_SetValue                    build/stm32f3xx_hal_adc_ex.o
HAL_ADCEx_Calibration_Start                       build/stm32f3xx_hal_adc_ex.o
HAL_ADCEx_InjectedConfigChannel                   build/stm32f3xx_hal_adc_ex.o
HAL_ADCEx_InjectedConvCpltCallback                build/stm32f3xx_hal_adc_ex.o
HAL_ADCEx_InjectedGetValue                        build/stm32f3xx_hal_adc_ex.o
HAL_ADCEx_InjectedPollForConversion               build/stm32f3xx_hal_adc_ex.o
HAL_ADCEx_InjectedQueueOverflowCallback           build/stm32f3xx_hal_adc_ex.o
HAL_ADCEx_InjectedStart                           build/stm32f3xx_hal_adc_ex.o
HAL_ADCEx_InjectedStart_IT                        build/stm32f3xx_hal_adc_ex.o
HAL_ADCEx_InjectedStop                            build/stm32f3xx_hal_adc_ex.o
HAL_ADCEx_InjectedStop_IT                         build/stm32f3xx_hal_adc_ex.o
HAL_ADCEx_LevelOutOfWindow2Callback               build/stm32f3xx_hal_adc_ex.o
HAL_ADCEx_LevelOutOfWindow3Callback               build/stm32f3xx_hal_adc_ex.o
HAL_ADCEx_MultiModeConfigChannel                  build/stm32f3xx_hal_adc_ex.o
HAL_ADCEx_MultiModeGetValue                       build/stm32f3xx_hal_adc_ex.o
HAL_ADCEx_MultiModeStart_DMA                      build/stm32f3xx_hal_adc_ex.o
HAL_ADCEx_MultiModeStop_DMA                       build/stm32f3xx_hal_adc_ex.o
HAL_ADCEx_RegularMultiModeStop_DMA                build/stm32f3xx_hal_adc_ex.o
HAL_ADCEx_RegularStop                             build/stm32f3xx_hal_adc_ex.o
HAL_ADCEx_RegularStop_DMA                         build/stm32f3xx_hal_adc_ex.o
HAL_ADCEx_RegularStop_IT                          build/stm32f3xx_hal_adc_ex.o
HAL_ADC_AnalogWDGConfig                           build/stm32f3xx_hal_adc_ex.o
                                                  build/stm32f3xx_hal_adc.o
HAL_ADC_ConfigChannel                             build/stm32f3xx_hal_adc_ex.o
                                                  build/stm32f3xx_hal_adc.o
                                                  build/adc.o
HAL_ADC_ConvCpltCallback                          build/stm32f3xx_hal_adc.o
                                                  build/stm32f3xx_hal_adc_ex.o
HAL_ADC_ConvHalfCpltCallback                      build/stm32f3xx_hal_adc.o
                                                  build/stm32f3xx_hal_adc_ex.o
HAL_ADC_DeInit                                    build/stm32f3xx_hal_adc_ex.o
                                                  build/stm32f3xx_hal_adc.o
HAL_ADC_ErrorCallback                             build/stm32f3xx_hal_adc.o
                                                  build/stm32f3xx_hal_adc_ex.o
HAL_ADC_GetError                                  build/stm32f3xx_hal_adc.o
HAL_ADC_GetState                                  build/stm32f3xx_hal_adc.o
HAL_ADC_GetValue                                  build/stm32f3xx_hal_adc_ex.o
                                                  build/stm32f3xx_hal_adc.o
HAL_ADC_IRQHandler                                build/stm32f3xx_hal_adc_ex.o
                                                  build/stm32f3xx_hal_adc.o
HAL_ADC_Init                                      build/stm32f3xx_hal_adc_ex.o
                                                  build/stm32f3xx_hal_adc.o
                                                  build/adc.o
HAL_ADC_LevelOutOfWindowCallback                  build/stm32f3xx_hal_adc.o
                                                  build/stm32f3xx_hal_adc_ex.o
HAL_ADC_MspDeInit                                 build/adc.o
                                                  build/stm32f3xx_hal_adc.o
                                                  build/stm32f3xx_hal_adc_ex.o
HAL_ADC_MspInit                                   build/adc.o
                                                  build/stm32f3xx_hal_adc.o
                                                  build/stm32f3xx_hal_adc_ex.o
HAL_ADC_PollForConversion                         build/stm32f3xx_hal_adc_ex.o
                                                  build/stm32f3xx_hal_adc.o
HAL_ADC_PollForEvent                              build/stm32f3xx_hal_adc_ex.o
                                                  build/stm32f3xx_hal_adc.o
HAL_ADC_Start                                     build/stm32f3xx_hal_adc_ex.o
                                                  build/stm32f3xx_hal_adc.o
HAL_ADC_Start_DMA                                 build/stm32f3xx_hal_adc_ex.o
                                                  build/stm32f3xx_hal_adc.o
HAL_ADC_Start_IT                                  build/stm32f3xx_hal_adc_ex.o
                                                  build/stm32f3xx_hal_adc.o
HAL_ADC_Stop                                      build/stm32f3xx_hal_adc_ex.o
                                                  build/stm32f3xx_hal_adc.o
HAL_ADC_Stop_DMA                                  build/stm32f3xx_hal_adc_ex.o
                                                  build/stm32f3xx_hal_adc.o
HAL_ADC_Stop_IT                                   build/stm32f3xx_hal_adc_ex.o
                                                  build/stm32f3xx_hal_adc.o
HAL_DBGMCU_DisableDBGSleepMode                    build/stm32f3xx_hal.o
HAL_DBGMCU_DisableDBGStandbyMode                  build/stm32f3xx_hal.o
HAL_DBGMCU_DisableDBGStopMode                     build/stm32f3xx_hal.o
HAL_DBGMCU_EnableDBGSleepMode                     build/stm32f3xx_hal.o
HAL_DBGMCU_EnableDBGStandbyMode                   build/stm32f3xx_hal.o
HAL_DBGMCU_EnableDBGStopMode                      build/stm32f3xx_hal.o
HAL_DMA_Abort                                     build/stm32f3xx_hal_dma.o
                                                  build/stm32f3xx_hal_adc_ex.o
                                                  build/stm32f3xx_hal_uart.o
HAL_DMA_Abort_IT                                  build/stm32f3xx_hal_dma.o
                                                  build/stm32f3xx_hal_i2c.o
                                                  build/stm32f3xx_hal_uart.o
HAL_DMA_DeInit                                    build/stm32f3xx_hal_dma.o
                                                  build/adc.o
HAL_DMA_GetError                                  build/stm32f3xx_hal_dma.o
HAL_DMA_GetState                                  build/stm32f3xx_hal_dma.o
HAL_DMA_IRQHandler                                build/stm32f3xx_hal_dma.o
                                                  build/stm32f3xx_it.o
HAL_DMA_Init                                      build/stm32f3xx_hal_dma.o
                                                  build/adc.o
HAL_DMA_PollForTransfer                           build/stm32f3xx_hal_dma.o
HAL_DMA_RegisterCallback                          build/stm32f3xx_hal_dma.o
HAL_DMA_Start                                     build/stm32f3xx_hal_dma.o
HAL_DMA_Start_IT                                  build/stm32f3xx_hal_dma.o
                                                  build/stm32f3xx_hal_adc_ex.o
                                                  build/stm32f3xx_hal_i2c.o
                                                  build/stm32f3xx_hal_uart.o
HAL_DMA_UnRegisterCallback                        build/stm32f3xx_hal_dma.o
HAL_DeInit                                        build/stm32f3xx_hal.o
HAL_Delay                                         build/stm32f3xx_hal.o
HAL_FLASHEx_Erase                                 build/stm32f3xx_hal_flash_ex.o
HAL_FLASHEx_Erase_IT                              build/stm32f3xx_hal_flash_ex.o
HAL_FLASHEx_OBErase                               build/stm32f3xx_hal_flash_ex.o
HAL_FLASHEx_OBGetConfig                           build/stm32f3xx_hal_flash_ex.o
HAL_FLASHEx_OBGetUserData                         build/stm32f3xx_hal_flash_ex.o
HAL_FLASHEx_OBProgram                             build/stm32f3xx_hal_flash_ex.o
HAL_FLASH_EndOfOperationCallback                  build/stm32f3xx_hal_flash.o
HAL_FLASH_GetError                                build/stm32f3xx_hal_flash.o
HAL_FLASH_IRQHandler                              build/stm32f3xx_hal_flash.o
HAL_FLASH_Lock                                    build/stm32f3xx_hal_flash.o
HAL_FLASH_OB_Launch                               build/stm32f3xx_hal_flash.o
HAL_FLASH_OB_Lock                                 build/stm32f3xx_hal_flash.o
HAL_FLASH_OB_Unlock                               build/stm32f3xx_hal_flash.o
HAL_FLASH_OperationErrorCallback                  build/stm32f3xx_hal_flash.o
HAL_FLASH_Program                                 build/stm32f3xx_hal_flash.o
HAL_FLASH_Program_IT                              build/stm32f3xx_hal_flash.o
HAL_FLASH_Unlock                                  build/stm32f3xx_hal_flash.o
HAL_GPIO_DeInit                                   build/stm32f3xx_hal_gpio.o
                                                  build/adc.o
                                                  build/usart.o
HAL_GPIO_EXTI_Callback                            build/stm32f3xx_hal_gpio.o
HAL_GPIO_EXTI_IRQHandler                          build/stm32f3xx_hal_gpio.o
HAL_GPIO_Init                                     build/stm32f3xx_hal_gpio.o
                                                  build/adc.o
                                                  build/gpio.o
                                                  build/usart.o
                                                  build/stm32f3xx_hal_rcc.o
HAL_GPIO_LockPin                                  build/stm32f3xx_hal_gpio.o
HAL_GPIO_ReadPin                                  build/stm32f3xx_hal_gpio.o
HAL_GPIO_TogglePin                                build/stm32f3xx_hal_gpio.o
HAL_GPIO_WritePin                                 build/stm32f3xx_hal_gpio.o
                                                  build/gpio.o
HAL_GetDEVID                                      build/stm32f3xx_hal.o
HAL_GetHalVersion                                 build/stm32f3xx_hal.o
HAL_GetREVID                                      build/stm32f3xx_hal.o
HAL_GetTick                                       build/stm32f3xx_hal.o
                                                  build/stm32f3xx_hal_adc_ex.o
                                                  build/stm32f3xx_hal_i2c.o
                                                  build/stm32f3xx_hal_rcc_ex.o
                                                  build/stm32f3xx_hal_rcc.o
                                                  build/stm32f3xx_hal_dma.o
                                                  build/stm32f3xx_hal_uart_ex.o
                                                  build/stm32f3xx_hal_flash.o
                                                  build/stm32f3xx_hal_uart.o
HAL_GetUIDw0                                      build/stm32f3xx_hal.o
HAL_GetUIDw1                                      build/stm32f3xx_hal.o
HAL_GetUIDw2                                      build/stm32f3xx_hal.o
HAL_HalfDuplex_EnableReceiver                     build/stm32f3xx_hal_uart.o
HAL_HalfDuplex_EnableTransmitter                  build/stm32f3xx_hal_uart.o
HAL_HalfDuplex_Init                               build/stm32f3xx_hal_uart.o
HAL_I2CEx_ConfigAnalogFilter                      build/stm32f3xx_hal_i2c_ex.o
HAL_I2CEx_ConfigDigitalFilter                     build/stm32f3xx_hal_i2c_ex.o
HAL_I2CEx_DisableFastModePlus                     build/stm32f3xx_hal_i2c_ex.o
HAL_I2CEx_DisableWakeUp                           build/stm32f3xx_hal_i2c_ex.o
HAL_I2CEx_EnableFastModePlus                      build/stm32f3xx_hal_i2c_ex.o
HAL_I2CEx_EnableWakeUp                            build/stm32f3xx_hal_i2c_ex.o
HAL_I2C_AbortCpltCallback                         build/stm32f3xx_hal_i2c.o
HAL_I2C_AddrCallback                              build/stm32f3xx_hal_i2c.o
HAL_I2C_DeInit                                    build/stm32f3xx_hal_i2c.o
HAL_I2C_DisableListen_IT                          build/stm32f3xx_hal_i2c.o
HAL_I2C_ER_IRQHandler                             build/stm32f3xx_hal_i2c.o
HAL_I2C_EV_IRQHandler                             build/stm32f3xx_hal_i2c.o
HAL_I2C_EnableListen_IT                           build/stm32f3xx_hal_i2c.o
HAL_I2C_ErrorCallback                             build/stm32f3xx_hal_i2c.o
HAL_I2C_GetError                                  build/stm32f3xx_hal_i2c.o
HAL_I2C_GetMode                                   build/stm32f3xx_hal_i2c.o
HAL_I2C_GetState                                  build/stm32f3xx_hal_i2c.o
HAL_I2C_Init                                      build/stm32f3xx_hal_i2c.o
HAL_I2C_IsDeviceReady                             build/stm32f3xx_hal_i2c.o
HAL_I2C_ListenCpltCallback                        build/stm32f3xx_hal_i2c.o
HAL_I2C_MasterRxCpltCallback                      build/stm32f3xx_hal_i2c.o
HAL_I2C_MasterTxCpltCallback                      build/stm32f3xx_hal_i2c.o
HAL_I2C_Master_Abort_IT                           build/stm32f3xx_hal_i2c.o
HAL_I2C_Master_Receive                            build/stm32f3xx_hal_i2c.o
HAL_I2C_Master_Receive_DMA                        build/stm32f3xx_hal_i2c.o
HAL_I2C_Master_Receive_IT                         build/stm32f3xx_hal_i2c.o
HAL_I2C_Master_Sequential_Receive_IT              build/stm32f3xx_hal_i2c.o
HAL_I2C_Master_Sequential_Transmit_IT             build/stm32f3xx_hal_i2c.o
HAL_I2C_Master_Transmit                           build/stm32f3xx_hal_i2c.o
HAL_I2C_Master_Transmit_DMA                       build/stm32f3xx_hal_i2c.o
HAL_I2C_Master_Transmit_IT                        build/stm32f3xx_hal_i2c.o
HAL_I2C_MemRxCpltCallback                         build/stm32f3xx_hal_i2c.o
HAL_I2C_MemTxCpltCallback                         build/stm32f3xx_hal_i2c.o
HAL_I2C_Mem_Read                                  build/stm32f3xx_hal_i2c.o
HAL_I2C_Mem_Read_DMA                              build/stm32f3xx_hal_i2c.o
HAL_I2C_Mem_Read_IT                               build/stm32f3xx_hal_i2c.o
HAL_I2C_Mem_Write                                 build/stm32f3xx_hal_i2c.o
HAL_I2C_Mem_Write_DMA                             build/stm32f3xx_hal_i2c.o
HAL_I2C_Mem_Write_IT                              build/stm32f3xx_hal_i2c.o
HAL_I2C_MspDeInit                                 build/stm32f3xx_hal_i2c.o
HAL_I2C_MspInit                                   build/stm32f3xx_hal_i2c.o
HAL_I2C_SlaveRxCpltCallback                       build/stm32f3xx_hal_i2c.o
HAL_I2C_SlaveTxCpltCallback                       build/stm32f3xx_hal_i2c.o
HAL_I2C_Slave_Receive                             build/stm32f3xx_hal_i2c.o
HAL_I2C_Slave_Receive_DMA                         build/stm32f3xx_hal_i2c.o
HAL_I2C_Slave_Receive_IT                          build/stm32f3xx_hal_i2c.o
HAL_I2C_Slave_Sequential_Receive_IT               build/stm32f3xx_hal_i2c.o
HAL_I2C_Slave_Sequential_Transmit_IT              build/stm32f3xx_hal_i2c.o
HAL_I2C_Slave_Transmit                            build/stm32f3xx_hal_i2c.o
HAL_I2C_Slave_Transmit_DMA                        build/stm32f3xx_hal_i2c.o
HAL_I2C_Slave_Transmit_IT                         build/stm32f3xx_hal_i2c.o
HAL_IncTick                                       build/stm32f3xx_hal.o
                                                  build/stm32f3xx_it.o
HAL_Init                                          build/stm32f3xx_hal.o
                                                  build/main.o
HAL_InitTick                                      build/stm32f3xx_hal.o
                                                  build/stm32f3xx_hal_rcc.o
HAL_LIN_Init                                      build/stm32f3xx_hal_uart.o
HAL_LIN_SendBreak                                 build/stm32f3xx_hal_uart.o
HAL_MPU_ConfigRegion                              build/stm32f3xx_hal_cortex.o
HAL_MPU_Disable                                   build/stm32f3xx_hal_cortex.o
HAL_MPU_Enable                                    build/stm32f3xx_hal_cortex.o
HAL_MspDeInit                                     build/stm32f3xx_hal.o
HAL_MspInit                                       build/stm32f3xx_hal_msp.o
                                                  build/stm32f3xx_hal.o
HAL_MultiProcessorEx_AddressLength_Set            build/stm32f3xx_hal_uart_ex.o
HAL_MultiProcessor_DisableMuteMode                build/stm32f3xx_hal_uart.o
HAL_MultiProcessor_EnableMuteMode                 build/stm32f3xx_hal_uart.o
HAL_MultiProcessor_EnterMuteMode                  build/stm32f3xx_hal_uart.o
HAL_MultiProcessor_Init                           build/stm32f3xx_hal_uart.o
HAL_NVIC_ClearPendingIRQ                          build/stm32f3xx_hal_cortex.o
HAL_NVIC_DisableIRQ                               build/stm32f3xx_hal_cortex.o
HAL_NVIC_EnableIRQ                                build/stm32f3xx_hal_cortex.o
                                                  build/dma.o
HAL_NVIC_GetActive                                build/stm32f3xx_hal_cortex.o
HAL_NVIC_GetPendingIRQ                            build/stm32f3xx_hal_cortex.o
HAL_NVIC_GetPriority                              build/stm32f3xx_hal_cortex.o
HAL_NVIC_GetPriorityGrouping                      build/stm32f3xx_hal_cortex.o
HAL_NVIC_SetPendingIRQ                            build/stm32f3xx_hal_cortex.o
HAL_NVIC_SetPriority                              build/stm32f3xx_hal_cortex.o
                                                  build/dma.o
                                                  build/stm32f3xx_hal_msp.o
                                                  build/stm32f3xx_hal.o
                                                  build/main.o
HAL_NVIC_SetPriorityGrouping                      build/stm32f3xx_hal_cortex.o
                                                  build/stm32f3xx_hal_msp.o
                                                  build/stm32f3xx_hal.o
HAL_NVIC_SystemReset                              build/stm32f3xx_hal_cortex.o
HAL_PWR_ConfigPVD                                 build/stm32f3xx_hal_pwr_ex.o
HAL_PWR_DeInit                                    build/stm32f3xx_hal_pwr.o
HAL_PWR_DisableBkUpAccess                         build/stm32f3xx_hal_pwr.o
HAL_PWR_DisablePVD                                build/stm32f3xx_hal_pwr_ex.o
HAL_PWR_DisableSEVOnPend                          build/stm32f3xx_hal_pwr.o
HAL_PWR_DisableSleepOnExit                        build/stm32f3xx_hal_pwr.o
HAL_PWR_DisableWakeUpPin                          build/stm32f3xx_hal_pwr.o
HAL_PWR_EnableBkUpAccess                          build/stm32f3xx_hal_pwr.o
HAL_PWR_EnablePVD                                 build/stm32f3xx_hal_pwr_ex.o
HAL_PWR_EnableSEVOnPend                           build/stm32f3xx_hal_pwr.o
HAL_PWR_EnableSleepOnExit                         build/stm32f3xx_hal_pwr.o
HAL_PWR_EnableWakeUpPin                           build/stm32f3xx_hal_pwr.o
HAL_PWR_EnterSLEEPMode                            build/stm32f3xx_hal_pwr.o
HAL_PWR_EnterSTANDBYMode                          build/stm32f3xx_hal_pwr.o
HAL_PWR_EnterSTOPMode                             build/stm32f3xx_hal_pwr.o
HAL_PWR_PVDCallback                               build/stm32f3xx_hal_pwr_ex.o
HAL_PWR_PVD_IRQHandler                            build/stm32f3xx_hal_pwr_ex.o
HAL_RCCEx_GetPeriphCLKConfig                      build/stm32f3xx_hal_rcc_ex.o
HAL_RCCEx_GetPeriphCLKFreq                        build/stm32f3xx_hal_rcc_ex.o
HAL_RCCEx_PeriphCLKConfig                         build/stm32f3xx_hal_rcc_ex.o
                                                  build/main.o
HAL_RCC_CSSCallback                               build/stm32f3xx_hal_rcc.o
HAL_RCC_ClockConfig                               build/stm32f3xx_hal_rcc.o
                                                  build/main.o
HAL_RCC_DeInit                                    build/stm32f3xx_hal_rcc.o
HAL_RCC_DisableCSS                                build/stm32f3xx_hal_rcc.o
HAL_RCC_EnableCSS                                 build/stm32f3xx_hal_rcc.o
HAL_RCC_GetClockConfig                            build/stm32f3xx_hal_rcc.o
HAL_RCC_GetHCLKFreq                               build/stm32f3xx_hal_rcc.o
                                                  build/main.o
HAL_RCC_GetOscConfig                              build/stm32f3xx_hal_rcc.o
HAL_RCC_GetPCLK1Freq                              build/stm32f3xx_hal_rcc.o
                                                  build/stm32f3xx_hal_rcc_ex.o
                                                  build/stm32f3xx_hal_uart.o
HAL_RCC_GetPCLK2Freq                              build/stm32f3xx_hal_rcc.o
                                                  build/stm32f3xx_hal_rcc_ex.o
                                                  build/stm32f3xx_hal_uart.o
HAL_RCC_GetSysClockFreq                           build/stm32f3xx_hal_rcc.o
                                                  build/stm32f3xx_hal_rcc_ex.o
                                                  build/stm32f3xx_hal_uart.o
HAL_RCC_MCOConfig                                 build/stm32f3xx_hal_rcc.o
HAL_RCC_NMI_IRQHandler                            build/stm32f3xx_hal_rcc.o
HAL_RCC_OscConfig                                 build/stm32f3xx_hal_rcc.o
                                                  build/main.o
HAL_RS485Ex_Init                                  build/stm32f3xx_hal_uart_ex.o
HAL_ResumeTick                                    build/stm32f3xx_hal.o
HAL_SYSTICK_CLKSourceConfig                       build/stm32f3xx_hal_cortex.o
                                                  build/main.o
HAL_SYSTICK_Callback                              build/stm32f3xx_hal_cortex.o
HAL_SYSTICK_Config                                build/stm32f3xx_hal_cortex.o
                                                  build/stm32f3xx_hal.o
                                                  build/main.o
HAL_SYSTICK_IRQHandler                            build/stm32f3xx_hal_cortex.o
                                                  build/stm32f3xx_it.o
HAL_SuspendTick                                   build/stm32f3xx_hal.o
HAL_UARTEx_DisableStopMode                        build/stm32f3xx_hal_uart_ex.o
HAL_UARTEx_EnableStopMode                         build/stm32f3xx_hal_uart_ex.o
HAL_UARTEx_StopModeWakeUpSourceConfig             build/stm32f3xx_hal_uart_ex.o
HAL_UARTEx_WakeupCallback                         build/stm32f3xx_hal_uart_ex.o
                                                  build/stm32f3xx_hal_uart.o
HAL_UART_Abort                                    build/stm32f3xx_hal_uart.o
HAL_UART_AbortCpltCallback                        build/stm32f3xx_hal_uart.o
HAL_UART_AbortReceive                             build/stm32f3xx_hal_uart.o
HAL_UART_AbortReceiveCpltCallback                 build/stm32f3xx_hal_uart.o
HAL_UART_AbortReceive_IT                          build/stm32f3xx_hal_uart.o
HAL_UART_AbortTransmit                            build/stm32f3xx_hal_uart.o
HAL_UART_AbortTransmitCpltCallback                build/stm32f3xx_hal_uart.o
HAL_UART_AbortTransmit_IT                         build/stm32f3xx_hal_uart.o
HAL_UART_Abort_IT                                 build/stm32f3xx_hal_uart.o
HAL_UART_DMAPause                                 build/stm32f3xx_hal_uart.o
HAL_UART_DMAResume                                build/stm32f3xx_hal_uart.o
HAL_UART_DMAStop                                  build/stm32f3xx_hal_uart.o
HAL_UART_DeInit                                   build/stm32f3xx_hal_uart.o
HAL_UART_ErrorCallback                            build/stm32f3xx_hal_uart.o
HAL_UART_GetError                                 build/stm32f3xx_hal_uart.o
HAL_UART_GetState                                 build/stm32f3xx_hal_uart.o
HAL_UART_IRQHandler                               build/stm32f3xx_hal_uart.o
HAL_UART_Init                                     build/stm32f3xx_hal_uart.o
                                                  build/usart.o
HAL_UART_MspDeInit                                build/usart.o
                                                  build/stm32f3xx_hal_uart.o
HAL_UART_MspInit                                  build/usart.o
                                                  build/stm32f3xx_hal_uart.o
                                                  build/stm32f3xx_hal_uart_ex.o
HAL_UART_Receive                                  build/stm32f3xx_hal_uart.o
HAL_UART_Receive_DMA                              build/stm32f3xx_hal_uart.o
HAL_UART_Receive_IT                               build/stm32f3xx_hal_uart.o
HAL_UART_RxCpltCallback                           build/stm32f3xx_hal_uart.o
HAL_UART_RxHalfCpltCallback                       build/stm32f3xx_hal_uart.o
HAL_UART_Transmit                                 build/stm32f3xx_hal_uart.o
HAL_UART_Transmit_DMA                             build/stm32f3xx_hal_uart.o
HAL_UART_Transmit_IT                              build/stm32f3xx_hal_uart.o
HAL_UART_TxCpltCallback                           build/stm32f3xx_hal_uart.o
HAL_UART_TxHalfCpltCallback                       build/stm32f3xx_hal_uart.o
HardFault_Handler                                 build/startup_stm32f303xe.o
I2C1_ER_IRQHandler                                build/startup_stm32f303xe.o
I2C1_EV_IRQHandler                                build/startup_stm32f303xe.o
I2C2_ER_IRQHandler                                build/startup_stm32f303xe.o
I2C2_EV_IRQHandler                                build/startup_stm32f303xe.o
I2C3_ER_IRQHandler                                build/startup_stm32f303xe.o
I2C3_EV_IRQHandler                                build/startup_stm32f303xe.o
MX_ADC2_Init                                      build/adc.o
                                                  build/main.o
MX_DMA_Init                                       build/dma.o
                                                  build/main.o
MX_GPIO_Init                                      build/gpio.o
                                                  build/main.o
MX_USART2_UART_Init                               build/usart.o
                                                  build/main.o
MemManage_Handler                                 build/startup_stm32f303xe.o
NMI_Handler                                       build/startup_stm32f303xe.o
PVD_IRQHandler                                    build/startup_stm32f303xe.o
PendSV_Handler                                    build/startup_stm32f303xe.o
RCC_IRQHandler                                    build/startup_stm32f303xe.o
RTC_Alarm_IRQHandler                              build/startup_stm32f303xe.o
RTC_WKUP_IRQHandler                               build/startup_stm32f303xe.o
Reset_Handler                                     build/startup_stm32f303xe.o
SPI1_IRQHandler                                   build/startup_stm32f303xe.o
SPI2_IRQHandler                                   build/startup_stm32f303xe.o
SPI3_IRQHandler                                   build/startup_stm32f303xe.o
SPI4_IRQHandler                                   build/startup_stm32f303xe.o
SVC_Handler                                       build/startup_stm32f303xe.o
SysTick_Handler                                   build/stm32f3xx_it.o
SystemClock_Config                                build/main.o
SystemCoreClock                                   build/system_stm32f3xx.o
                                                  build/stm32f3xx_hal_adc_ex.o
                                                  build/stm32f3xx_hal_rcc_ex.o
                                                  build/stm32f3xx_hal_rcc.o
                                                  build/stm32f3xx_hal.o
SystemCoreClockUpdate                             build/system_stm32f3xx.o
SystemInit                                        build/system_stm32f3xx.o
                                                  build/startup_stm32f303xe.o
TAMP_STAMP_IRQHandler                             build/startup_stm32f303xe.o
TIM1_BRK_TIM15_IRQHandler                         build/startup_stm32f303xe.o
TIM1_CC_IRQHandler                                build/startup_stm32f303xe.o
TIM1_TRG_COM_TIM17_IRQHandler                     build/startup_stm32f303xe.o
TIM1_UP_TIM16_IRQHandler                          build/startup_stm32f303xe.o
TIM20_BRK_IRQHandler                              build/startup_stm32f303xe.o
TIM20_CC_IRQHandler                               build/startup_stm32f303xe.o
TIM20_TRG_COM_IRQHandler                          build/startup_stm32f303xe.o
TIM20_UP_IRQHandler                               build/startup_stm32f303xe.o
TIM2_IRQHandler                                   build/startup_stm32f303xe.o
TIM3_IRQHandler                                   build/startup_stm32f303xe.o
TIM4_IRQHandler                                   build/startup_stm32f303xe.o
TIM6_DAC_IRQHandler                               build/startup_stm32f303xe.o
TIM7_IRQHandler                                   build/startup_stm32f303xe.o
TIM8_BRK_IRQHandler                               build/startup_stm32f303xe.o
TIM8_CC_IRQHandler                                build/startup_stm32f303xe.o
TIM8_TRG_COM_IRQHandler                           build/startup_stm32f303xe.o
TIM8_UP_IRQHandler                                build/startup_stm32f303xe.o
UART4_IRQHandler                                  build/startup_stm32f303xe.o
UART5_IRQHandler                                  build/startup_stm32f303xe.o
UART_AdvFeatureConfig                             build/stm32f3xx_hal_uart.o
                                                  build/stm32f3xx_hal_uart_ex.o
UART_CheckIdleState                               build/stm32f3xx_hal_uart.o
                                                  build/stm32f3xx_hal_uart_ex.o
UART_EndTransmit_IT                               build/stm32f3xx_hal_uart.o
UART_Receive_IT                                   build/stm32f3xx_hal_uart.o
UART_SetConfig                                    build/stm32f3xx_hal_uart.o
                                                  build/stm32f3xx_hal_uart_ex.o
UART_Transmit_IT                                  build/stm32f3xx_hal_uart.o
UART_WaitOnFlagUntilTimeout                       build/stm32f3xx_hal_uart.o
                                                  build/stm32f3xx_hal_uart_ex.o
UART_Wakeup_AddressConfig                         build/stm32f3xx_hal_uart.o
                                                  build/stm32f3xx_hal_uart_ex.o
USART1_IRQHandler                                 build/startup_stm32f303xe.o
USART2_IRQHandler                                 build/startup_stm32f303xe.o
USART3_IRQHandler                                 build/startup_stm32f303xe.o
USBWakeUp_IRQHandler                              build/startup_stm32f303xe.o
USBWakeUp_RMP_IRQHandler                          build/startup_stm32f303xe.o
USB_HP_CAN_TX_IRQHandler                          build/startup_stm32f303xe.o
USB_HP_IRQHandler                                 build/startup_stm32f303xe.o
USB_LP_CAN_RX0_IRQHandler                         build/startup_stm32f303xe.o
USB_LP_IRQHandler                                 build/startup_stm32f303xe.o
UsageFault_Handler                                build/startup_stm32f303xe.o
WWDG_IRQHandler                                   build/startup_stm32f303xe.o
_Error_Handler                                    build/main.o
                                                  build/adc.o
                                                  build/usart.o
_ITM_deregisterTMCloneTable                       /usr/lib/gcc/arm-none-eabi/5.4.1/armv7e-m/fpu/crtbegin.o
_ITM_registerTMCloneTable                         /usr/lib/gcc/arm-none-eabi/5.4.1/armv7e-m/fpu/crtbegin.o
_Jv_RegisterClasses                               /usr/lib/gcc/arm-none-eabi/5.4.1/armv7e-m/fpu/crtbegin.o
__TMC_END__                                       /usr/lib/gcc/arm-none-eabi/5.4.1/armv7e-m/fpu/crtend.o
                                                  /usr/lib/gcc/arm-none-eabi/5.4.1/armv7e-m/fpu/crtbegin.o
__atexit_dummy                                    /usr/lib/gcc/arm-none-eabi/5.4.1/../../../arm-none-eabi/lib/armv7e-m/fpu/libc_nano.a(lib_a-__atexit.o)
__bss_end__                                       /usr/lib/gcc/arm-none-eabi/5.4.1/../../../arm-none-eabi/lib/armv7e-m/fpu/crt0.o
__bss_start__                                     /usr/lib/gcc/arm-none-eabi/5.4.1/../../../arm-none-eabi/lib/armv7e-m/fpu/crt0.o
__call_exitprocs                                  /usr/lib/gcc/arm-none-eabi/5.4.1/../../../arm-none-eabi/lib/armv7e-m/fpu/libc_nano.a(lib_a-__call_atexit.o)
                                                  /usr/lib/gcc/arm-none-eabi/5.4.1/../../../arm-none-eabi/lib/armv7e-m/fpu/libc_nano.a(lib_a-__atexit.o)
                                                  /usr/lib/gcc/arm-none-eabi/5.4.1/../../../arm-none-eabi/lib/armv7e-m/fpu/libc_nano.a(lib_a-exit.o)
__deregister_frame_info                           /usr/lib/gcc/arm-none-eabi/5.4.1/armv7e-m/fpu/crtbegin.o
__dso_handle                                      /usr/lib/gcc/arm-none-eabi/5.4.1/armv7e-m/fpu/crtbegin.o
__fini_array_end                                  /usr/lib/gcc/arm-none-eabi/5.4.1/../../../arm-none-eabi/lib/armv7e-m/fpu/libc_nano.a(lib_a-fini.o)
__fini_array_start                                /usr/lib/gcc/arm-none-eabi/5.4.1/../../../arm-none-eabi/lib/armv7e-m/fpu/libc_nano.a(lib_a-fini.o)
__init_array_end                                  /usr/lib/gcc/arm-none-eabi/5.4.1/../../../arm-none-eabi/lib/armv7e-m/fpu/libc_nano.a(lib_a-init.o)
__init_array_start                                /usr/lib/gcc/arm-none-eabi/5.4.1/../../../arm-none-eabi/lib/armv7e-m/fpu/libc_nano.a(lib_a-init.o)
__libc_fini_array                                 /usr/lib/gcc/arm-none-eabi/5.4.1/../../../arm-none-eabi/lib/armv7e-m/fpu/libc_nano.a(lib_a-fini.o)
                                                  /usr/lib/gcc/arm-none-eabi/5.4.1/../../../arm-none-eabi/lib/armv7e-m/fpu/crt0.o
__libc_init_array                                 /usr/lib/gcc/arm-none-eabi/5.4.1/../../../arm-none-eabi/lib/armv7e-m/fpu/libc_nano.a(lib_a-init.o)
                                                  build/startup_stm32f303xe.o
                                                  /usr/lib/gcc/arm-none-eabi/5.4.1/../../../arm-none-eabi/lib/armv7e-m/fpu/crt0.o
__on_exit_args                                    /usr/lib/gcc/arm-none-eabi/5.4.1/../../../arm-none-eabi/lib/armv7e-m/fpu/libc_nano.a(lib_a-__atexit.o)
__preinit_array_end                               /usr/lib/gcc/arm-none-eabi/5.4.1/../../../arm-none-eabi/lib/armv7e-m/fpu/libc_nano.a(lib_a-init.o)
__preinit_array_start                             /usr/lib/gcc/arm-none-eabi/5.4.1/../../../arm-none-eabi/lib/armv7e-m/fpu/libc_nano.a(lib_a-init.o)
__register_exitproc                               /usr/lib/gcc/arm-none-eabi/5.4.1/../../../arm-none-eabi/lib/armv7e-m/fpu/libc_nano.a(lib_a-__atexit.o)
                                                  /usr/lib/gcc/arm-none-eabi/5.4.1/../../../arm-none-eabi/lib/armv7e-m/fpu/libc_nano.a(lib_a-atexit.o)
__register_frame_info                             /usr/lib/gcc/arm-none-eabi/5.4.1/armv7e-m/fpu/crtbegin.o
__sf_fake_stderr                                  /usr/lib/gcc/arm-none-eabi/5.4.1/../../../arm-none-eabi/lib/armv7e-m/fpu/libc_nano.a(lib_a-impure.o)
__sf_fake_stdin                                   /usr/lib/gcc/arm-none-eabi/5.4.1/../../../arm-none-eabi/lib/armv7e-m/fpu/libc_nano.a(lib_a-impure.o)
__sf_fake_stdout                                  /usr/lib/gcc/arm-none-eabi/5.4.1/../../../arm-none-eabi/lib/armv7e-m/fpu/libc_nano.a(lib_a-impure.o)
__stack                                           /usr/lib/gcc/arm-none-eabi/5.4.1/../../../arm-none-eabi/lib/armv7e-m/fpu/crt0.o
_ebss                                             build/startup_stm32f303xe.o
_edata                                            build/startup_stm32f303xe.o
_estack                                           build/startup_stm32f303xe.o
_exit                                             /usr/lib/gcc/arm-none-eabi/5.4.1/../../../arm-none-eabi/lib/armv7e-m/fpu/libnosys.a(_exit.o)
                                                  /usr/lib/gcc/arm-none-eabi/5.4.1/../../../arm-none-eabi/lib/armv7e-m/fpu/libc_nano.a(lib_a-exit.o)
_fini                                             /usr/lib/gcc/arm-none-eabi/5.4.1/armv7e-m/fpu/crti.o
                                                  /usr/lib/gcc/arm-none-eabi/5.4.1/../../../arm-none-eabi/lib/armv7e-m/fpu/libc_nano.a(lib_a-fini.o)
_global_atexit                                    /usr/lib/gcc/arm-none-eabi/5.4.1/../../../arm-none-eabi/lib/armv7e-m/fpu/libc_nano.a(lib_a-__call_atexit.o)
                                                  /usr/lib/gcc/arm-none-eabi/5.4.1/../../../arm-none-eabi/lib/armv7e-m/fpu/libc_nano.a(lib_a-__atexit.o)
_global_impure_ptr                                /usr/lib/gcc/arm-none-eabi/5.4.1/../../../arm-none-eabi/lib/armv7e-m/fpu/libc_nano.a(lib_a-impure.o)
                                                  /usr/lib/gcc/arm-none-eabi/5.4.1/../../../arm-none-eabi/lib/armv7e-m/fpu/libc_nano.a(lib_a-exit.o)
_impure_ptr                                       /usr/lib/gcc/arm-none-eabi/5.4.1/../../../arm-none-eabi/lib/armv7e-m/fpu/libc_nano.a(lib_a-impure.o)
_init                                             /usr/lib/gcc/arm-none-eabi/5.4.1/armv7e-m/fpu/crti.o
                                                  /usr/lib/gcc/arm-none-eabi/5.4.1/../../../arm-none-eabi/lib/armv7e-m/fpu/libc_nano.a(lib_a-init.o)
_mainCRTStartup                                   /usr/lib/gcc/arm-none-eabi/5.4.1/../../../arm-none-eabi/lib/armv7e-m/fpu/crt0.o
_sbss                                             build/startup_stm32f303xe.o
_sdata                                            build/startup_stm32f303xe.o
_sidata                                           build/startup_stm32f303xe.o
_start                                            /usr/lib/gcc/arm-none-eabi/5.4.1/../../../arm-none-eabi/lib/armv7e-m/fpu/crt0.o
aPLLMULFactorTable                                build/stm32f3xx_hal_rcc.o
aPredivFactorTable                                build/stm32f3xx_hal_rcc.o
atexit                                            /usr/lib/gcc/arm-none-eabi/5.4.1/../../../arm-none-eabi/lib/armv7e-m/fpu/libc_nano.a(lib_a-atexit.o)
                                                  /usr/lib/gcc/arm-none-eabi/5.4.1/../../../arm-none-eabi/lib/armv7e-m/fpu/crt0.o
exit                                              /usr/lib/gcc/arm-none-eabi/5.4.1/../../../arm-none-eabi/lib/armv7e-m/fpu/libc_nano.a(lib_a-exit.o)
                                                  /usr/lib/gcc/arm-none-eabi/5.4.1/../../../arm-none-eabi/lib/armv7e-m/fpu/crt0.o
free                                              /usr/lib/gcc/arm-none-eabi/5.4.1/../../../arm-none-eabi/lib/armv7e-m/fpu/libc_nano.a(lib_a-__call_atexit.o)
g_pfnVectors                                      build/startup_stm32f303xe.o
hadc2                                             build/adc.o
hardware_init_hook                                /usr/lib/gcc/arm-none-eabi/5.4.1/../../../arm-none-eabi/lib/armv7e-m/fpu/crt0.o
hdma_adc2                                         build/adc.o
                                                  build/stm32f3xx_it.o
huart2                                            build/usart.o
main                                              build/main.o
                                                  build/startup_stm32f303xe.o
                                                  /usr/lib/gcc/arm-none-eabi/5.4.1/../../../arm-none-eabi/lib/armv7e-m/fpu/crt0.o
malloc                                            /usr/lib/gcc/arm-none-eabi/5.4.1/../../../arm-none-eabi/lib/armv7e-m/fpu/libc_nano.a(lib_a-__atexit.o)
memset                                            /usr/lib/gcc/arm-none-eabi/5.4.1/../../../arm-none-eabi/lib/armv7e-m/fpu/libc_nano.a(lib_a-memset.o)
                                                  /usr/lib/gcc/arm-none-eabi/5.4.1/../../../arm-none-eabi/lib/armv7e-m/fpu/crt0.o
pFlash                                            build/stm32f3xx_hal_flash.o
                                                  build/stm32f3xx_hal_flash_ex.o
software_init_hook                                /usr/lib/gcc/arm-none-eabi/5.4.1/../../../arm-none-eabi/lib/armv7e-m/fpu/crt0.o
uwTick                                            build/stm32f3xx_hal.o
